I/OMXCodec(  303): OMXCodec::read : mch : 2, DDPoutput : 2
I/OMXCodec(  303): OMXCodec::read : mch : 2, DDPoutput : 2
I/OMXCodec(  303): OMXCodec::read : mch : 2, DDPoutput : 2
I/OMXCodec(  303): OMXCodec::read : mch : 2, DDPoutput : 2
I/OMXCodec(  303): OMXCodec::read : mch : 2, DDPoutput : 2
I/OMXCodec(  303): OMXCodec::read : mch : 2, DDPoutput : 2
I/OMXCodec(  303): OMXCodec::read : mch : 2, DDPoutput : 2
I/OMXCodec(  303): OMXCodec::read : mch : 2, DDPoutput : 2
I/OMXCodec(  303): OMXCodec::read : mch : 2, DDPoutput : 2
I/OMXCodec(  303): OMXCodec::read : mch : 2, DDPoutput : 2
I/OMXCodec(  303): OMXCodec::read : mch : 2, DDPoutput : 2
I/OMXCodec(  303): OMXCodec::read : mch : 2, DDPoutput : 2
I/OMXCodec(  303): OMXCodec::read : mch : 2, DDPoutput : 2
I/OMXCodec(  303): OMXCodec::read : mch : 2, DDPoutput : 2
I/OMXCodec(  303): OMXCodec::read : mch : 2, DDPoutput : 2
I/OMXCodec(  303): OMXCodec::read : mch : 2, DDPoutput : 2
I/OMXCodec(  303): OMXCodec::read : mch : 2, DDPoutput : 2
I/OMXCodec(  303): OMXCodec::read : mch : 2, DDPoutput : 2
I/OMXCodec(  303): OMXCodec::read : mch : 2, DDPoutput : 2
I/OMXCodec(  303): OMXCodec::read : mch : 2, DDPoutput : 2
I/OMXCodec(  303): OMXCodec::read : mch : 2, DDPoutput : 2
I/OMXCodec(  303): OMXCodec::read : mch : 2, DDPoutput : 2
I/OMXCodec(  303): OMXCodec::read : mch : 2, DDPoutput : 2
I/OMXCodec(  303): OMXCodec::read : mch : 2, DDPoutput : 2
I/OMXCodec(  303): OMXCodec::read : mch : 2, DDPoutput : 2
I/OMXCodec(  303): OMXCodec::read : mch : 2, DDPoutput : 2
I/OMXCodec(  303): OMXCodec::read : mch : 2, DDPoutput : 2
I/OMXCodec(  303): OMXCodec::read : mch : 2, DDPoutput : 2
I/OMXCodec(  303): OMXCodec::read : mch : 2, DDPoutput : 2
I/OMXCodec(  303): OMXCodec::read : mch : 2, DDPoutput : 2
I/OMXCodec(  303): OMXCodec::read : mch : 2, DDPoutput : 2
I/OMXCodec(  303): OMXCodec::read : mch : 2, DDPoutput : 2
I/OMXCodec(  303): OMXCodec::read : mch : 2, DDPoutput : 2
I/OMXCodec(  303): OMXCodec::read : mch : 2, DDPoutput : 2
I/OMXCodec(  303): OMXCodec::read : mch : 2, DDPoutput : 2
I/OMXCodec(  303): OMXCodec::read : mch : 2, DDPoutput : 2
I/OMXCodec(  303): OMXCodec::read : mch : 2, DDPoutput : 2
I/OMXCodec(  303): OMXCodec::read : mch : 2, DDPoutput : 2
I/OMXCodec(  303): OMXCodec::read : mch : 2, DDPoutput : 2
I/OMXCodec(  303): OMXCodec::read : mch : 2, DDPoutput : 2
I/OMXCodec(  303): OMXCodec::read : mch : 2, DDPoutput : 2
I/OMXCodec(  303): OMXCodec::read : mch : 2, DDPoutput : 2
I/OMXCodec(  303): OMXCodec::read : mch : 2, DDPoutput : 2
I/OMXCodec(  303): OMXCodec::read : mch : 2, DDPoutput : 2
I/OMXCodec(  303): OMXCodec::read : mch : 2, DDPoutput : 2
I/OMXCodec(  303): OMXCodec::read : mch : 2, DDPoutput : 2
I/OMXCodec(  303): OMXCodec::read : mch : 2, DDPoutput : 2
I/OMXCodec(  303): OMXCodec::read : mch : 2, DDPoutput : 2
I/OMXCodec(  303): OMXCodec::read : mch : 2, DDPoutput : 2
I/OMXCodec(  303): OMXCodec::read : mch : 2, DDPoutput : 2
I/OMXCodec(  303): OMXCodec::read : mch : 2, DDPoutput : 2
I/OMXCodec(  303): OMXCodec::read : mch : 2, DDPoutput : 2
I/OMXCodec(  303): OMXCodec::read : mch : 2, DDPoutput : 2
I/OMXCodec(  303): OMXCodec::read : mch : 2, DDPoutput : 2
I/OMXCodec(  303): OMXCodec::read : mch : 2, DDPoutput : 2
I/OMXCodec(  303): OMXCodec::read : mch : 2, DDPoutput : 2
I/OMXCodec(  303): OMXCodec::read : mch : 2, DDPoutput : 2
I/OMXCodec(  303): OMXCodec::read : mch : 2, DDPoutput : 2
I/OMXCodec(  303): OMXCodec::read : mch : 2, DDPoutput : 2
I/OMXCodec(  303): OMXCodec::read : mch : 2, DDPoutput : 2
I/OMXCodec(  303): OMXCodec::read : mch : 2, DDPoutput : 2
I/OMXCodec(  303): OMXCodec::read : mch : 2, DDPoutput : 2
I/OMXCodec(  303): OMXCodec::read : mch : 2, DDPoutput : 2
I/OMXCodec(  303): OMXCodec::read : mch : 2, DDPoutput : 2
I/OMXCodec(  303): OMXCodec::read : mch : 2, DDPoutput : 2
I/OMXCodec(  303): OMXCodec::read : mch : 2, DDPoutput : 2
I/OMXCodec(  303): OMXCodec::read : mch : 2, DDPoutput : 2
I/OMXCodec(  303): OMXCodec::read : mch : 2, DDPoutput : 2
I/OMXCodec(  303): OMXCodec::read : mch : 2, DDPoutput : 2
I/OMXCodec(  303): OMXCodec::read : mch : 2, DDPoutput : 2
I/OMXCodec(  303): OMXCodec::read : mch : 2, DDPoutput : 2
I/OMXCodec(  303): OMXCodec::read : mch : 2, DDPoutput : 2
I/OMXCodec(  303): OMXCodec::read : mch : 2, DDPoutput : 2
I/OMXCodec(  303): OMXCodec::read : mch : 2, DDPoutput : 2
I/OMXCodec(  303): OMXCodec::read : mch : 2, DDPoutput : 2
I/OMXCodec(  303): OMXCodec::read : mch : 2, DDPoutput : 2
I/OMXCodec(  303): OMXCodec::read : mch : 2, DDPoutput : 2
I/OMXCodec(  303): OMXCodec::read : mch : 2, DDPoutput : 2
I/OMXCodec(  303): OMXCodec::read : mch : 2, DDPoutput : 2
I/OMXCodec(  303): OMXCodec::read : mch : 2, DDPoutput : 2
I/OMXCodec(  303): OMXCodec::read : mch : 2, DDPoutput : 2
I/OMXCodec(  303): OMXCodec::read : mch : 2, DDPoutput : 2
I/OMXCodec(  303): OMXCodec::read : mch : 2, DDPoutput : 2
I/OMXCodec(  303): OMXCodec::read : mch : 2, DDPoutput : 2
I/OMXCodec(  303): OMXCodec::read : mch : 2, DDPoutput : 2
I/OMXCodec(  303): OMXCodec::read : mch : 2, DDPoutput : 2
I/OMXCodec(  303): OMXCodec::read : mch : 2, DDPoutput : 2
I/OMXCodec(  303): OMXCodec::read : mch : 2, DDPoutput : 2
E/mm-camera-c2d_client(  285): c2d_interface_create: idx = 0 handle = 256
E/mm-camera(  285): mctl_pp_acquire_c2d:pipe open fds=73 74
I/OMXCodec(  303): OMXCodec::read : mch : 2, DDPoutput : 2
I/OMXCodec(  303): OMXCodec::read : mch : 2, DDPoutput : 2
I/OMXCodec(  303): OMXCodec::read : mch : 2, DDPoutput : 2
I/OMXCodec(  303): OMXCodec::read : mch : 2, DDPoutput : 2
I/OMXCodec(  303): OMXCodec::read : mch : 2, DDPoutput : 2
I/OMXCodec(  303): OMXCodec::read : mch : 2, DDPoutput : 2
I/OMXCodec(  303): OMXCodec::read : mch : 2, DDPoutput : 2
I/OMXCodec(  303): OMXCodec::read : mch : 2, DDPoutput : 2
I/OMXCodec(  303): OMXCodec::read : mch : 2, DDPoutput : 2
I/OMXCodec(  303): OMXCodec::read : mch : 2, DDPoutput : 2
I/OMXCodec(  303): OMXCodec::read : mch : 2, DDPoutput : 2
I/OMXCodec(  303): OMXCodec::read : mch : 2, DDPoutput : 2
E/mm-camera-mct-pp-src(  285): mctl_pp_src_streamon Enable frame divert from kernel 
E/mm-camera(  285): camera_plugin_client_isp_timing_notify_to_plugin: timing event 3
E/mm--camera_config_v2(  285): config_update_inst_handles Updated the inst handles as 81830083, 81818000, 81810081, 81810081, 0 
E/mm-camera(  285): sensor_client_set_params: cmd type: 12
I/OMXCodec(  303): OMXCodec::read : mch : 2, DDPoutput : 2
I/OMXCodec(  303): OMXCodec::read : mch : 2, DDPoutput : 2
I/OMXCodec(  303): OMXCodec::read : mch : 2, DDPoutput : 2
I/OMXCodec(  303): OMXCodec::read : mch : 2, DDPoutput : 2
I/OMXCodec(  303): OMXCodec::read : mch : 2, DDPoutput : 2
I/OMXCodec(  303): OMXCodec::read : mch : 2, DDPoutput : 2
I/OMXCodec(  303): OMXCodec::read : mch : 2, DDPoutput : 2
I/OMXCodec(  303): OMXCodec::read : mch : 2, DDPoutput : 2
I/OMXCodec(  303): OMXCodec::read : mch : 2, DDPoutput : 2
I/OMXCodec(  303): OMXCodec::read : mch : 2, DDPoutput : 2
I/OMXCodec(  303): OMXCodec::read : mch : 2, DDPoutput : 2
I/OMXCodec(  303): OMXCodec::read : mch : 2, DDPoutput : 2
I/OMXCodec(  303): OMXCodec::read : mch : 2, DDPoutput : 2
I/OMXCodec(  303): OMXCodec::read : mch : 2, DDPoutput : 2
I/OMXCodec(  303): OMXCodec::read : mch : 2, DDPoutput : 2
I/OMXCodec(  303): OMXCodec::read : mch : 2, DDPoutput : 2
I/OMXCodec(  303): OMXCodec::read : mch : 2, DDPoutput : 2
I/OMXCodec(  303): OMXCodec::read : mch : 2, DDPoutput : 2
I/OMXCodec(  303): OMXCodec::read : mch : 2, DDPoutput : 2
I/OMXCodec(  303): OMXCodec::read : mch : 2, DDPoutput : 2
I/OMXCodec(  303): OMXCodec::read : mch : 2, DDPoutput : 2
I/OMXCodec(  303): OMXCodec::read : mch : 2, DDPoutput : 2
I/OMXCodec(  303): OMXCodec::read : mch : 2, DDPoutput : 2
I/OMXCodec(  303): OMXCodec::read : mch : 2, DDPoutput : 2
I/OMXCodec(  303): OMXCodec::read : mch : 2, DDPoutput : 2
I/OMXCodec(  303): OMXCodec::read : mch : 2, DDPoutput : 2
I/OMXCodec(  303): OMXCodec::read : mch : 2, DDPoutput : 2
I/OMXCodec(  303): OMXCodec::read : mch : 2, DDPoutput : 2
I/OMXCodec(  303): OMXCodec::read : mch : 2, DDPoutput : 2
I/OMXCodec(  303): OMXCodec::read : mch : 2, DDPoutput : 2
I/OMXCodec(  303): OMXCodec::read : mch : 2, DDPoutput : 2
I/OMXCodec(  303): OMXCodec::read : mch : 2, DDPoutput : 2
I/OMXCodec(  303): OMXCodec::read : mch : 2, DDPoutput : 2
I/OMXCodec(  303): OMXCodec::read : mch : 2, DDPoutput : 2
I/OMXCodec(  303): OMXCodec::read : mch : 2, DDPoutput : 2
I/OMXCodec(  303): OMXCodec::read : mch : 2, DDPoutput : 2
I/OMXCodec(  303): OMXCodec::read : mch : 2, DDPoutput : 2
I/OMXCodec(  303): OMXCodec::read : mch : 2, DDPoutput : 2
I/OMXCodec(  303): OMXCodec::read : mch : 2, DDPoutput : 2
I/OMXCodec(  303): OMXCodec::read : mch : 2, DDPoutput : 2
I/OMXCodec(  303): OMXCodec::read : mch : 2, DDPoutput : 2
I/OMXCodec(  303): OMXCodec::read : mch : 2, DDPoutput : 2
I/OMXCodec(  303): OMXCodec::read : mch : 2, DDPoutput : 2
I/OMXCodec(  303): OMXCodec::read : mch : 2, DDPoutput : 2
I/OMXCodec(  303): OMXCodec::read : mch : 2, DDPoutput : 2
I/OMXCodec(  303): OMXCodec::read : mch : 2, DDPoutput : 2
I/OMXCodec(  303): OMXCodec::read : mch : 2, DDPoutput : 2
I/OMXCodec(  303): OMXCodec::read : mch : 2, DDPoutput : 2
I/OMXCodec(  303): OMXCodec::read : mch : 2, DDPoutput : 2
I/OMXCodec(  303): OMXCodec::read : mch : 2, DDPoutput : 2
I/OMXCodec(  303): OMXCodec::read : mch : 2, DDPoutput : 2
I/OMXCodec(  303): OMXCodec::read : mch : 2, DDPoutput : 2
I/OMXCodec(  303): OMXCodec::read : mch : 2, DDPoutput : 2
I/OMXCodec(  303): OMXCodec::read : mch : 2, DDPoutput : 2
I/OMXCodec(  303): OMXCodec::read : mch : 2, DDPoutput : 2
I/OMXCodec(  303): OMXCodec::read : mch : 2, DDPoutput : 2
I/OMXCodec(  303): OMXCodec::read : mch : 2, DDPoutput : 2
I/OMXCodec(  303): OMXCodec::read : mch : 2, DDPoutput : 2
I/OMXCodec(  303): OMXCodec::read : mch : 2, DDPoutput : 2
I/OMXCodec(  303): OMXCodec::read : mch : 2, DDPoutput : 2
I/OMXCodec(  303): OMXCodec::read : mch : 2, DDPoutput : 2
I/OMXCodec(  303): OMXCodec::read : mch : 2, DDPoutput : 2
I/OMXCodec(  303): OMXCodec::read : mch : 2, DDPoutput : 2
I/OMXCodec(  303): OMXCodec::read : mch : 2, DDPoutput : 2
I/OMXCodec(  303): OMXCodec::read : mch : 2, DDPoutput : 2
I/OMXCodec(  303): OMXCodec::read : mch : 2, DDPoutput : 2
I/OMXCodec(  303): OMXCodec::read : mch : 2, DDPoutput : 2
I/OMXCodec(  303): OMXCodec::read : mch : 2, DDPoutput : 2
I/OMXCodec(  303): OMXCodec::read : mch : 2, DDPoutput : 2
I/OMXCodec(  303): OMXCodec::read : mch : 2, DDPoutput : 2
I/OMXCodec(  303): OMXCodec::read : mch : 2, DDPoutput : 2
I/OMXCodec(  303): OMXCodec::read : mch : 2, DDPoutput : 2
I/OMXCodec(  303): OMXCodec::read : mch : 2, DDPoutput : 2
I/OMXCodec(  303): OMXCodec::read : mch : 2, DDPoutput : 2
I/OMXCodec(  303): OMXCodec::read : mch : 2, DDPoutput : 2
I/OMXCodec(  303): OMXCodec::read : mch : 2, DDPoutput : 2
I/OMXCodec(  303): OMXCodec::read : mch : 2, DDPoutput : 2
I/OMXCodec(  303): OMXCodec::read : mch : 2, DDPoutput : 2
I/OMXCodec(  303): OMXCodec::read : mch : 2, DDPoutput : 2
I/OMXCodec(  303): OMXCodec::read : mch : 2, DDPoutput : 2
I/OMXCodec(  303): OMXCodec::read : mch : 2, DDPoutput : 2
I/OMXCodec(  303): OMXCodec::read : mch : 2, DDPoutput : 2
I/OMXCodec(  303): OMXCodec::read : mch : 2, DDPoutput : 2
I/OMXCodec(  303): OMXCodec::read : mch : 2, DDPoutput : 2
I/OMXCodec(  303): OMXCodec::read : mch : 2, DDPoutput : 2
I/OMXCodec(  303): OMXCodec::read : mch : 2, DDPoutput : 2
I/OMXCodec(  303): OMXCodec::read : mch : 2, DDPoutput : 2
I/OMXCodec(  303): OMXCodec::read : mch : 2, DDPoutput : 2
I/OMXCodec(  303): OMXCodec::read : mch : 2, DDPoutput : 2
I/OMXCodec(  303): OMXCodec::read : mch : 2, DDPoutput : 2
I/OMXCodec(  303): OMXCodec::read : mch : 2, DDPoutput : 2
I/OMXCodec(  303): OMXCodec::read : mch : 2, DDPoutput : 2
I/OMXCodec(  303): OMXCodec::read : mch : 2, DDPoutput : 2
I/OMXCodec(  303): OMXCodec::read : mch : 2, DDPoutput : 2
I/OMXCodec(  303): OMXCodec::read : mch : 2, DDPoutput : 2
I/OMXCodec(  303): OMXCodec::read : mch : 2, DDPoutput : 2
I/OMXCodec(  303): OMXCodec::read : mch : 2, DDPoutput : 2
I/OMXCodec(  303): OMXCodec::read : mch : 2, DDPoutput : 2
I/OMXCodec(  303): OMXCodec::read : mch : 2, DDPoutput : 2
I/OMXCodec(  303): OMXCodec::read : mch : 2, DDPoutput : 2
I/OMXCodec(  303): OMXCodec::read : mch : 2, DDPoutput : 2
I/OMXCodec(  303): OMXCodec::read : mch : 2, DDPoutput : 2
I/OMXCodec(  303): OMXCodec::read : mch : 2, DDPoutput : 2
I/OMXCodec(  303): OMXCodec::read : mch : 2, DDPoutput : 2
I/OMXCodec(  303): OMXCodec::read : mch : 2, DDPoutput : 2
I/OMXCodec(  303): OMXCodec::read : mch : 2, DDPoutput : 2
I/OMXCodec(  303): OMXCodec::read : mch : 2, DDPoutput : 2
I/OMXCodec(  303): OMXCodec::read : mch : 2, DDPoutput : 2
I/OMXCodec(  303): OMXCodec::read : mch : 2, DDPoutput : 2
I/OMXCodec(  303): OMXCodec::read : mch : 2, DDPoutput : 2
I/OMXCodec(  303): OMXCodec::read : mch : 2, DDPoutput : 2
I/OMXCodec(  303): OMXCodec::read : mch : 2, DDPoutput : 2
E/mm-camera(  285): sensor_client_set_params: cmd type: 0
I/OMXCodec(  303): OMXCodec::read : mch : 2, DDPoutput : 2
E/mm-camera(  285): sensor_client_set_params: cmd type: 3
E/mm-camera(  285): sensor_load_chromatix: libchromatix_s5k6b2yx_video.so: 30
I/OMXCodec(  303): OMXCodec::read : mch : 2, DDPoutput : 2
I/OMXCodec(  303): OMXCodec::read : mch : 2, DDPoutput : 2
I/OMXCodec(  303): OMXCodec::read : mch : 2, DDPoutput : 2
I/OMXCodec(  303): OMXCodec::read : mch : 2, DDPoutput : 2
I/OMXCodec(  303): OMXCodec::read : mch : 2, DDPoutput : 2
I/OMXCodec(  303): OMXCodec::read : mch : 2, DDPoutput : 2
I/OMXCodec(  303): OMXCodec::read : mch : 2, DDPoutput : 2
I/OMXCodec(  303): OMXCodec::read : mch : 2, DDPoutput : 2
I/OMXCodec(  303): OMXCodec::read : mch : 2, DDPoutput : 2
I/OMXCodec(  303): OMXCodec::read : mch : 2, DDPoutput : 2
I/OMXCodec(  303): OMXCodec::read : mch : 2, DDPoutput : 2
I/OMXCodec(  303): OMXCodec::read : mch : 2, DDPoutput : 2
I/OMXCodec(  303): OMXCodec::read : mch : 2, DDPoutput : 2
I/OMXCodec(  303): OMXCodec::read : mch : 2, DDPoutput : 2
I/OMXCodec(  303): OMXCodec::read : mch : 2, DDPoutput : 2
I/OMXCodec(  303): OMXCodec::read : mch : 2, DDPoutput : 2
I/OMXCodec(  303): OMXCodec::read : mch : 2, DDPoutput : 2
I/OMXCodec(  303): OMXCodec::read : mch : 2, DDPoutput : 2
I/OMXCodec(  303): OMXCodec::read : mch : 2, DDPoutput : 2
I/OMXCodec(  303): OMXCodec::read : mch : 2, DDPoutput : 2
I/OMXCodec(  303): OMXCodec::read : mch : 2, DDPoutput : 2
I/OMXCodec(  303): OMXCodec::read : mch : 2, DDPoutput : 2
I/OMXCodec(  303): OMXCodec::read : mch : 2, DDPoutput : 2
E/mm-camera(  285): camif_client_set_params: camif has associated with obj mask 0x1
E/mm-camera(  285): vfe_process: op_mode : 4
E/mm-camera(  285): vfe_config_mode: VideoCFg config 17ffffff
E/mm-camera(  285): vfe_operation_config: format 2
E/mm-camera(  285): vfe_operation_config:vfe_op_mode=4
E/mm-camera(  285): vfe_set_bestshot: Bestshot mode not changed
E/mm-camera(  285): axi_vfe_config: wm0: ub_offset 0 ub_size 239
E/mm-camera(  285): axi_vfe_config: wm1: ub_offset 240 ub_size 119
E/mm-camera(  285): axi_vfe_config: wm2: ub_offset 360 ub_size 319
E/mm-camera(  285): axi_vfe_config: wm3: ub_offset 680 ub_size 119
E/mm-camera(  285): axi_vfe_config: wm4: ub_offset 800 ub_size 159
E/mm-camera(  285): axi_vfe_config: wm5: ub_offset 0 ub_size 0
E/mm-camera(  285): axi_vfe_config: wm6: ub_offset 0 ub_size 0
I/OMXCodec(  303): OMXCodec::read : mch : 2, DDPoutput : 2
E/mm-camera(  285): sensor_client_set_params: cmd type: 1
I/OMXCodec(  303): OMXCodec::read : mch : 2, DDPoutput : 2
I/OMXCodec(  303): OMXCodec::read : mch : 2, DDPoutput : 2
I/OMXCodec(  303): OMXCodec::read : mch : 2, DDPoutput : 2
E/mm-camera(  285): sensor_client_set_params: cmd type: 11
I/OMXCodec(  303): OMXCodec::read : mch : 2, DDPoutput : 2
I/OMXCodec(  303): OMXCodec::read : mch : 2, DDPoutput : 2
I/OMXCodec(  303): OMXCodec::read : mch : 2, DDPoutput : 2
I/OMXCodec(  303): OMXCodec::read : mch : 2, DDPoutput : 2
I/OMXCodec(  303): OMXCodec::read : mch : 2, DDPoutput : 2
I/OMXCodec(  303): OMXCodec::read : mch : 2, DDPoutput : 2
I/OMXCodec(  303): OMXCodec::read : mch : 2, DDPoutput : 2
I/OMXCodec(  303): OMXCodec::read : mch : 2, DDPoutput : 2
I/OMXCodec(  303): OMXCodec::read : mch : 2, DDPoutput : 2
I/OMXCodec(  303): OMXCodec::read : mch : 2, DDPoutput : 2
I/OMXCodec(  303): OMXCodec::read : mch : 2, DDPoutput : 2
I/OMXCodec(  303): OMXCodec::read : mch : 2, DDPoutput : 2
I/OMXCodec(  303): OMXCodec::read : mch : 2, DDPoutput : 2
I/OMXCodec(  303): OMXCodec::read : mch : 2, DDPoutput : 2
I/OMXCodec(  303): OMXCodec::read : mch : 2, DDPoutput : 2
I/OMXCodec(  303): OMXCodec::read : mch : 2, DDPoutput : 2
I/OMXCodec(  303): OMXCodec::read : mch : 2, DDPoutput : 2
I/OMXCodec(  303): OMXCodec::read : mch : 2, DDPoutput : 2
I/OMXCodec(  303): OMXCodec::read : mch : 2, DDPoutput : 2
I/OMXCodec(  303): OMXCodec::read : mch : 2, DDPoutput : 2
I/OMXCodec(  303): OMXCodec::read : mch : 2, DDPoutput : 2
I/OMXCodec(  303): OMXCodec::read : mch : 2, DDPoutput : 2
I/OMXCodec(  303): OMXCodec::read : mch : 2, DDPoutput : 2
I/OMXCodec(  303): OMXCodec::read : mch : 2, DDPoutput : 2
I/OMXCodec(  303): OMXCodec::read : mch : 2, DDPoutput : 2
I/OMXCodec(  303): OMXCodec::read : mch : 2, DDPoutput : 2
I/OMXCodec(  303): OMXCodec::read : mch : 2, DDPoutput : 2
I/OMXCodec(  303): OMXCodec::read : mch : 2, DDPoutput : 2
I/OMXCodec(  303): OMXCodec::read : mch : 2, DDPoutput : 2
I/OMXCodec(  303): OMXCodec::read : mch : 2, DDPoutput : 2
I/OMXCodec(  303): OMXCodec::read : mch : 2, DDPoutput : 2
I/OMXCodec(  303): OMXCodec::read : mch : 2, DDPoutput : 2
I/OMXCodec(  303): OMXCodec::read : mch : 2, DDPoutput : 2
I/OMXCodec(  303): OMXCodec::read : mch : 2, DDPoutput : 2
I/OMXCodec(  303): OMXCodec::read : mch : 2, DDPoutput : 2
I/OMXCodec(  303): OMXCodec::read : mch : 2, DDPoutput : 2
I/OMXCodec(  303): OMXCodec::read : mch : 2, DDPoutput : 2
I/OMXCodec(  303): OMXCodec::read : mch : 2, DDPoutput : 2
I/OMXCodec(  303): OMXCodec::read : mch : 2, DDPoutput : 2
I/OMXCodec(  303): OMXCodec::read : mch : 2, DDPoutput : 2
I/OMXCodec(  303): OMXCodec::read : mch : 2, DDPoutput : 2
I/OMXCodec(  303): OMXCodec::read : mch : 2, DDPoutput : 2
I/OMXCodec(  303): OMXCodec::read : mch : 2, DDPoutput : 2
I/OMXCodec(  303): OMXCodec::read : mch : 2, DDPoutput : 2
I/OMXCodec(  303): OMXCodec::read : mch : 2, DDPoutput : 2
I/OMXCodec(  303): OMXCodec::read : mch : 2, DDPoutput : 2
I/OMXCodec(  303): OMXCodec::read : mch : 2, DDPoutput : 2
I/OMXCodec(  303): OMXCodec::read : mch : 2, DDPoutput : 2
I/OMXCodec(  303): OMXCodec::read : mch : 2, DDPoutput : 2
I/OMXCodec(  303): OMXCodec::read : mch : 2, DDPoutput : 2
I/OMXCodec(  303): OMXCodec::read : mch : 2, DDPoutput : 2
I/OMXCodec(  303): OMXCodec::read : mch : 2, DDPoutput : 2
I/OMXCodec(  303): OMXCodec::read : mch : 2, DDPoutput : 2
I/OMXCodec(  303): OMXCodec::read : mch : 2, DDPoutput : 2
I/OMXCodec(  303): OMXCodec::read : mch : 2, DDPoutput : 2
I/OMXCodec(  303): OMXCodec::read : mch : 2, DDPoutput : 2
I/OMXCodec(  303): OMXCodec::read : mch : 2, DDPoutput : 2
I/OMXCodec(  303): OMXCodec::read : mch : 2, DDPoutput : 2
I/OMXCodec(  303): OMXCodec::read : mch : 2, DDPoutput : 2
I/OMXCodec(  303): OMXCodec::read : mch : 2, DDPoutput : 2
I/OMXCodec(  303): OMXCodec::read : mch : 2, DDPoutput : 2
I/OMXCodec(  303): OMXCodec::read : mch : 2, DDPoutput : 2
I/OMXCodec(  303): OMXCodec::read : mch : 2, DDPoutput : 2
I/OMXCodec(  303): OMXCodec::read : mch : 2, DDPoutput : 2
I/OMXCodec(  303): OMXCodec::read : mch : 2, DDPoutput : 2
I/OMXCodec(  303): OMXCodec::read : mch : 2, DDPoutput : 2
I/OMXCodec(  303): OMXCodec::read : mch : 2, DDPoutput : 2
I/OMXCodec(  303): OMXCodec::read : mch : 2, DDPoutput : 2
I/OMXCodec(  303): OMXCodec::read : mch : 2, DDPoutput : 2
I/OMXCodec(  303): OMXCodec::read : mch : 2, DDPoutput : 2
I/OMXCodec(  303): OMXCodec::read : mch : 2, DDPoutput : 2
I/OMXCodec(  303): OMXCodec::read : mch : 2, DDPoutput : 2
I/OMXCodec(  303): OMXCodec::read : mch : 2, DDPoutput : 2
I/OMXCodec(  303): OMXCodec::read : mch : 2, DDPoutput : 2
I/OMXCodec(  303): OMXCodec::read : mch : 2, DDPoutput : 2
I/OMXCodec(  303): OMXCodec::read : mch : 2, DDPoutput : 2
I/OMXCodec(  303): OMXCodec::read : mch : 2, DDPoutput : 2
I/OMXCodec(  303): OMXCodec::read : mch : 2, DDPoutput : 2
I/OMXCodec(  303): OMXCodec::read : mch : 2, DDPoutput : 2
I/OMXCodec(  303): OMXCodec::read : mch : 2, DDPoutput : 2
I/OMXCodec(  303): OMXCodec::read : mch : 2, DDPoutput : 2
I/OMXCodec(  303): OMXCodec::read : mch : 2, DDPoutput : 2
I/OMXCodec(  303): OMXCodec::read : mch : 2, DDPoutput : 2
I/OMXCodec(  303): OMXCodec::read : mch : 2, DDPoutput : 2
I/OMXCodec(  303): OMXCodec::read : mch : 2, DDPoutput : 2
I/OMXCodec(  303): OMXCodec::read : mch : 2, DDPoutput : 2
I/OMXCodec(  303): OMXCodec::read : mch : 2, DDPoutput : 2
I/OMXCodec(  303): OMXCodec::read : mch : 2, DDPoutput : 2
I/OMXCodec(  303): OMXCodec::read : mch : 2, DDPoutput : 2
I/OMXCodec(  303): OMXCodec::read : mch : 2, DDPoutput : 2
I/OMXCodec(  303): OMXCodec::read : mch : 2, DDPoutput : 2
I/OMXCodec(  303): OMXCodec::read : mch : 2, DDPoutput : 2
I/OMXCodec(  303): OMXCodec::read : mch : 2, DDPoutput : 2
I/OMXCodec(  303): OMXCodec::read : mch : 2, DDPoutput : 2
I/OMXCodec(  303): OMXCodec::read : mch : 2, DDPoutput : 2
I/OMXCodec(  303): OMXCodec::read : mch : 2, DDPoutput : 2
I/OMXCodec(  303): OMXCodec::read : mch : 2, DDPoutput : 2
I/OMXCodec(  303): OMXCodec::read : mch : 2, DDPoutput : 2
I/OMXCodec(  303): OMXCodec::read : mch : 2, DDPoutput : 2
I/OMXCodec(  303): OMXCodec::read : mch : 2, DDPoutput : 2
I/OMXCodec(  303): OMXCodec::read : mch : 2, DDPoutput : 2
I/OMXCodec(  303): OMXCodec::read : mch : 2, DDPoutput : 2
I/OMXCodec(  303): OMXCodec::read : mch : 2, DDPoutput : 2
I/OMXCodec(  303): OMXCodec::read : mch : 2, DDPoutput : 2
I/OMXCodec(  303): OMXCodec::read : mch : 2, DDPoutput : 2
I/OMXCodec(  303): OMXCodec::read : mch : 2, DDPoutput : 2
I/OMXCodec(  303): OMXCodec::read : mch : 2, DDPoutput : 2
I/OMXCodec(  303): OMXCodec::read : mch : 2, DDPoutput : 2
I/OMXCodec(  303): OMXCodec::read : mch : 2, DDPoutput : 2
I/OMXCodec(  303): OMXCodec::read : mch : 2, DDPoutput : 2
I/OMXCodec(  303): OMXCodec::read : mch : 2, DDPoutput : 2
I/OMXCodec(  303): OMXCodec::read : mch : 2, DDPoutput : 2
I/OMXCodec(  303): OMXCodec::read : mch : 2, DDPoutput : 2
I/OMXCodec(  303): OMXCodec::read : mch : 2, DDPoutput : 2
I/OMXCodec(  303): OMXCodec::read : mch : 2, DDPoutput : 2
I/OMXCodec(  303): OMXCodec::read : mch : 2, DDPoutput : 2
I/OMXCodec(  303): OMXCodec::read : mch : 2, DDPoutput : 2
I/OMXCodec(  303): OMXCodec::read : mch : 2, DDPoutput : 2
I/OMXCodec(  303): OMXCodec::read : mch : 2, DDPoutput : 2
I/OMXCodec(  303): OMXCodec::read : mch : 2, DDPoutput : 2
I/OMXCodec(  303): OMXCodec::read : mch : 2, DDPoutput : 2
I/OMXCodec(  303): OMXCodec::read : mch : 2, DDPoutput : 2
I/OMXCodec(  303): OMXCodec::read : mch : 2, DDPoutput : 2
I/OMXCodec(  303): OMXCodec::read : mch : 2, DDPoutput : 2
I/OMXCodec(  303): OMXCodec::read : mch : 2, DDPoutput : 2
I/OMXCodec(  303): OMXCodec::read : mch : 2, DDPoutput : 2
I/OMXCodec(  303): OMXCodec::read : mch : 2, DDPoutput : 2
I/OMXCodec(  303): OMXCodec::read : mch : 2, DDPoutput : 2
I/OMXCodec(  303): OMXCodec::read : mch : 2, DDPoutput : 2
I/OMXCodec(  303): OMXCodec::read : mch : 2, DDPoutput : 2
I/OMXCodec(  303): OMXCodec::read : mch : 2, DDPoutput : 2
E/mm-camera(  285): camera_plugin_client_isp_timing_notify_to_plugin: timing event 5
I/OMXCodec(  303): OMXCodec::read : mch : 2, DDPoutput : 2
I/OMXCodec(  303): OMXCodec::read : mch : 2, DDPoutput : 2
I/OMXCodec(  303): OMXCodec::read : mch : 2, DDPoutput : 2
I/OMXCodec(  303): OMXCodec::read : mch : 2, DDPoutput : 2
I/OMXCodec(  303): OMXCodec::read : mch : 2, DDPoutput : 2
I/OMXCodec(  303): OMXCodec::read : mch : 2, DDPoutput : 2
I/OMXCodec(  303): OMXCodec::read : mch : 2, DDPoutput : 2
I/OMXCodec(  303): OMXCodec::read : mch : 2, DDPoutput : 2
I/OMXCodec(  303): OMXCodec::read : mch : 2, DDPoutput : 2
I/OMXCodec(  303): OMXCodec::read : mch : 2, DDPoutput : 2
I/OMXCodec(  303): OMXCodec::read : mch : 2, DDPoutput : 2
I/OMXCodec(  303): OMXCodec::read : mch : 2, DDPoutput : 2
I/OMXCodec(  303): OMXCodec::read : mch : 2, DDPoutput : 2
I/OMXCodec(  303): OMXCodec::read : mch : 2, DDPoutput : 2
I/OMXCodec(  303): OMXCodec::read : mch : 2, DDPoutput : 2
I/OMXCodec(  303): OMXCodec::read : mch : 2, DDPoutput : 2
I/OMXCodec(  303): OMXCodec::read : mch : 2, DDPoutput : 2
I/OMXCodec(  303): OMXCodec::read : mch : 2, DDPoutput : 2
I/OMXCodec(  303): OMXCodec::read : mch : 2, DDPoutput : 2
I/OMXCodec(  303): OMXCodec::read : mch : 2, DDPoutput : 2
I/OMXCodec(  303): OMXCodec::read : mch : 2, DDPoutput : 2
I/OMXCodec(  303): OMXCodec::read : mch : 2, DDPoutput : 2
I/OMXCodec(  303): OMXCodec::read : mch : 2, DDPoutput : 2
D/QCameraStream(  303): streamOn: X, mActive = 1, mInit = 1, streamid = 715264, image_mode = 0 rc = 0
I/QCameraHWI(  303): startPreview2: X (success)
I/QCameraHWI(  303): startPreview set_gamma_thread
E/mm-camera-intf(  303): mm_camera_cmd_thread: cmd_type : 1
E/QCameraHWI(  303): processCtrlEvent: MM_CAMERA_CTRL_EVT_HDR_DONE is 5
I/QCameraHWI(  303): startPreview: X (success)
I/QCameraHWI(  303): set_gamma_thread: E
I/OMXCodec(  303): OMXCodec::read : mch : 2, DDPoutput : 2
I/OMXCodec(  303): OMXCodec::read : mch : 2, DDPoutput : 2
I/OMXCodec(  303): OMXCodec::read : mch : 2, DDPoutput : 2
I/QCameraHWI(  303): set_gamma_thread : gamma mode (0)
I/OMXCodec(  303): OMXCodec::read : mch : 2, DDPoutput : 2
I/OMXCodec(  303): OMXCodec::read : mch : 2, DDPoutput : 2
I/OMXCodec(  303): OMXCodec::read : mch : 2, DDPoutput : 2
I/OMXCodec(  303): OMXCodec::read : mch : 2, DDPoutput : 2
I/OMXCodec(  303): OMXCodec::read : mch : 2, DDPoutput : 2
I/OMXCodec(  303): OMXCodec::read : mch : 2, DDPoutput : 2
I/OMXCodec(  303): OMXCodec::read : mch : 2, DDPoutput : 2
I/OMXCodec(  303): OMXCodec::read : mch : 2, DDPoutput : 2
I/OMXCodec(  303): OMXCodec::read : mch : 2, DDPoutput : 2
I/OMXCodec(  303): OMXCodec::read : mch : 2, DDPoutput : 2
I/OMXCodec(  303): OMXCodec::read : mch : 2, DDPoutput : 2
I/QCameraHWI(  303): set_gamma_thread: X
I/OMXCodec(  303): OMXCodec::read : mch : 2, DDPoutput : 2
I/OMXCodec(  303): OMXCodec::read : mch : 2, DDPoutput : 2
I/OMXCodec(  303): OMXCodec::read : mch : 2, DDPoutput : 2
I/OMXCodec(  303): OMXCodec::read : mch : 2, DDPoutput : 2
I/OMXCodec(  303): OMXCodec::read : mch : 2, DDPoutput : 2
I/OMXCodec(  303): OMXCodec::read : mch : 2, DDPoutput : 2
I/OMXCodec(  303): OMXCodec::read : mch : 2, DDPoutput : 2
I/OMXCodec(  303): OMXCodec::read : mch : 2, DDPoutput : 2
I/OMXCodec(  303): OMXCodec::read : mch : 2, DDPoutput : 2
I/OMXCodec(  303): OMXCodec::read : mch : 2, DDPoutput : 2
I/OMXCodec(  303): OMXCodec::read : mch : 2, DDPoutput : 2
I/OMXCodec(  303): OMXCodec::read : mch : 2, DDPoutput : 2
I/OMXCodec(  303): OMXCodec::read : mch : 2, DDPoutput : 2
I/OMXCodec(  303): OMXCodec::read : mch : 2, DDPoutput : 2
I/OMXCodec(  303): OMXCodec::read : mch : 2, DDPoutput : 2
I/OMXCodec(  303): OMXCodec::read : mch : 2, DDPoutput : 2
I/OMXCodec(  303): OMXCodec::read : mch : 2, DDPoutput : 2
I/OMXCodec(  303): OMXCodec::read : mch : 2, DDPoutput : 2
I/OMXCodec(  303): OMXCodec::read : mch : 2, DDPoutput : 2
I/OMXCodec(  303): OMXCodec::read : mch : 2, DDPoutput : 2
I/OMXCodec(  303): OMXCodec::read : mch : 2, DDPoutput : 2
I/OMXCodec(  303): OMXCodec::read : mch : 2, DDPoutput : 2
I/OMXCodec(  303): OMXCodec::read : mch : 2, DDPoutput : 2
I/OMXCodec(  303): OMXCodec::read : mch : 2, DDPoutput : 2
E/mm-camera(  285): sensor_client_set_params: cmd type: 1
I/OMXCodec(  303): OMXCodec::read : mch : 2, DDPoutput : 2
I/OMXCodec(  303): OMXCodec::read : mch : 2, DDPoutput : 2
I/OMXCodec(  303): OMXCodec::read : mch : 2, DDPoutput : 2
I/OMXCodec(  303): OMXCodec::read : mch : 2, DDPoutput : 2
I/OMXCodec(  303): OMXCodec::read : mch : 2, DDPoutput : 2
I/OMXCodec(  303): OMXCodec::read : mch : 2, DDPoutput : 2
I/OMXCodec(  303): OMXCodec::read : mch : 2, DDPoutput : 2
I/OMXCodec(  303): OMXCodec::read : mch : 2, DDPoutput : 2
I/OMXCodec(  303): OMXCodec::read : mch : 2, DDPoutput : 2
E/mm-camera(  285): DO NOT DISTURB frameprocESSING IF MODULES are not ENABLED
I/OMXCodec(  303): OMXCodec::read : mch : 2, DDPoutput : 2
I/OMXCodec(  303): OMXCodec::read : mch : 2, DDPoutput : 2
E/mm-camera-intf(  303): mm_camera_cmd_thread: cmd_type : 0
I/OMXCodec(  303): OMXCodec::read : mch : 2, DDPoutput : 2
D/QCameraStream(  303): start MM_CAMERA_PREVIEW Callback
E/QCameraHWI_Preview(  303): [JAY] frame_skip_count = 6
I/OMXCodec(  303): OMXCodec::read : mch : 2, DDPoutput : 2
I/OMXCodec(  303): OMXCodec::read : mch : 2, DDPoutput : 2
I/OMXCodec(  303): OMXCodec::read : mch : 2, DDPoutput : 2
I/OMXCodec(  303): OMXCodec::read : mch : 2, DDPoutput : 2
I/OMXCodec(  303): OMXCodec::read : mch : 2, DDPoutput : 2
I/OMXCodec(  303): OMXCodec::read : mch : 2, DDPoutput : 2
I/OMXCodec(  303): OMXCodec::read : mch : 2, DDPoutput : 2
I/OMXCodec(  303): OMXCodec::read : mch : 2, DDPoutput : 2
I/OMXCodec(  303): OMXCodec::read : mch : 2, DDPoutput : 2
I/OMXCodec(  303): OMXCodec::read : mch : 2, DDPoutput : 2
I/OMXCodec(  303): OMXCodec::read : mch : 2, DDPoutput : 2
I/OMXCodec(  303): OMXCodec::read : mch : 2, DDPoutput : 2
I/OMXCodec(  303): OMXCodec::read : mch : 2, DDPoutput : 2
I/OMXCodec(  303): OMXCodec::read : mch : 2, DDPoutput : 2
I/OMXCodec(  303): OMXCodec::read : mch : 2, DDPoutput : 2
I/OMXCodec(  303): OMXCodec::read : mch : 2, DDPoutput : 2
I/OMXCodec(  303): OMXCodec::read : mch : 2, DDPoutput : 2
I/OMXCodec(  303): OMXCodec::read : mch : 2, DDPoutput : 2
I/OMXCodec(  303): OMXCodec::read : mch : 2, DDPoutput : 2
I/OMXCodec(  303): OMXCodec::read : mch : 2, DDPoutput : 2
I/OMXCodec(  303): OMXCodec::read : mch : 2, DDPoutput : 2
I/OMXCodec(  303): OMXCodec::read : mch : 2, DDPoutput : 2
I/QCameraHWI(  303): processCtrlEvent: MM_CAMERA_CTRL_EVT_ZOOM_DONE
I/QCameraHWI(  303): zoomEvent: state:2 E
I/QCameraHWI(  303): handleZoomEventForPreview: E
I/QCameraHWI(  303): handleZoomEventForPreview: Fetching crop info
E/QualcommCamera(  303): Qint android::start_preview(camera_device*): X
I/QCameraHWI(  303): handleZoomEventForPreview: Crop info received: 0, 0, 1920, 1080 
I/QCameraHWI(  303): handleZoomEventForPreview: Done setting crop
I/QCameraHWI(  303): handleZoomEventForPreview: Currrent zoom :0
I/QCameraHWI(  303): handleZoomEventForPreview: X
E/QCameraHWI(  303): isZSLMode, isZSLMode = 0
I/QCameraHWI(  303): zoomEvent: X
I/QCameraHWI(  303):  App_cb Notify 0x0, datacb=0x0
I/OMXCodec(  303): OMXCodec::read : mch : 2, DDPoutput : 2
D/Camera2 ( 6411): setmDNIeUIMode : 4
I/OMXCodec(  303): OMXCodec::read : mch : 2, DDPoutput : 2
I/OMXCodec(  303): OMXCodec::read : mch : 2, DDPoutput : 2
I/OMXCodec(  303): OMXCodec::read : mch : 2, DDPoutput : 2
I/OMXCodec(  303): OMXCodec::read : mch : 2, DDPoutput : 2
I/OMXCodec(  303): OMXCodec::read : mch : 2, DDPoutput : 2
I/OMXCodec(  303): OMXCodec::read : mch : 2, DDPoutput : 2
I/OMXCodec(  303): OMXCodec::read : mch : 2, DDPoutput : 2
I/OMXCodec(  303): OMXCodec::read : mch : 2, DDPoutput : 2
I/OMXCodec(  303): OMXCodec::read : mch : 2, DDPoutput : 2
I/OMXCodec(  303): OMXCodec::read : mch : 2, DDPoutput : 2
I/OMXCodec(  303): OMXCodec::read : mch : 2, DDPoutput : 2
I/OMXCodec(  303): OMXCodec::read : mch : 2, DDPoutput : 2
I/OMXCodec(  303): OMXCodec::read : mch : 2, DDPoutput : 2
I/OMXCodec(  303): OMXCodec::read : mch : 2, DDPoutput : 2
I/OMXCodec(  303): OMXCodec::read : mch : 2, DDPoutput : 2
I/OMXCodec(  303): OMXCodec::read : mch : 2, DDPoutput : 2
I/OMXCodec(  303): OMXCodec::read : mch : 2, DDPoutput : 2
I/OMXCodec(  303): OMXCodec::read : mch : 2, DDPoutput : 2
I/OMXCodec(  303): OMXCodec::read : mch : 2, DDPoutput : 2
I/OMXCodec(  303): OMXCodec::read : mch : 2, DDPoutput : 2
I/OMXCodec(  303): OMXCodec::read : mch : 2, DDPoutput : 2
I/OMXCodec(  303): OMXCodec::read : mch : 2, DDPoutput : 2
I/OMXCodec(  303): OMXCodec::read : mch : 2, DDPoutput : 2
I/OMXCodec(  303): OMXCodec::read : mch : 2, DDPoutput : 2
I/OMXCodec(  303): OMXCodec::read : mch : 2, DDPoutput : 2
I/OMXCodec(  303): OMXCodec::read : mch : 2, DDPoutput : 2
I/OMXCodec(  303): OMXCodec::read : mch : 2, DDPoutput : 2
I/OMXCodec(  303): OMXCodec::read : mch : 2, DDPoutput : 2
I/OMXCodec(  303): OMXCodec::read : mch : 2, DDPoutput : 2
I/OMXCodec(  303): OMXCodec::read : mch : 2, DDPoutput : 2
I/OMXCodec(  303): OMXCodec::read : mch : 2, DDPoutput : 2
I/OMXCodec(  303): OMXCodec::read : mch : 2, DDPoutput : 2
I/OMXCodec(  303): OMXCodec::read : mch : 2, DDPoutput : 2
I/OMXCodec(  303): OMXCodec::read : mch : 2, DDPoutput : 2
I/OMXCodec(  303): OMXCodec::read : mch : 2, DDPoutput : 2
I/OMXCodec(  303): OMXCodec::read : mch : 2, DDPoutput : 2
I/OMXCodec(  303): OMXCodec::read : mch : 2, DDPoutput : 2
I/OMXCodec(  303): OMXCodec::read : mch : 2, DDPoutput : 2
I/OMXCodec(  303): OMXCodec::read : mch : 2, DDPoutput : 2
I/OMXCodec(  303): OMXCodec::read : mch : 2, DDPoutput : 2
I/OMXCodec(  303): OMXCodec::read : mch : 2, DDPoutput : 2
I/OMXCodec(  303): OMXCodec::read : mch : 2, DDPoutput : 2
I/OMXCodec(  303): OMXCodec::read : mch : 2, DDPoutput : 2
E/mm-camera(  285): sensor_client_set_params: cmd type: 1
I/OMXCodec(  303): OMXCodec::read : mch : 2, DDPoutput : 2
I/OMXCodec(  303): OMXCodec::read : mch : 2, DDPoutput : 2
I/OMXCodec(  303): OMXCodec::read : mch : 2, DDPoutput : 2
I/OMXCodec(  303): OMXCodec::read : mch : 2, DDPoutput : 2
I/OMXCodec(  303): OMXCodec::read : mch : 2, DDPoutput : 2
I/OMXCodec(  303): OMXCodec::read : mch : 2, DDPoutput : 2
I/OMXCodec(  303): OMXCodec::read : mch : 2, DDPoutput : 2
I/OMXCodec(  303): OMXCodec::read : mch : 2, DDPoutput : 2
E/mm-camera(  285): DO NOT DISTURB frameprocESSING IF MODULES are not ENABLED
I/OMXCodec(  303): OMXCodec::read : mch : 2, DDPoutput : 2
E/mm-camera-intf(  303): mm_camera_cmd_thread: cmd_type : 0
E/QCameraHWI_Preview(  303): [JAY] frame_skip_count = 5
I/OMXCodec(  303): OMXCodec::read : mch : 2, DDPoutput : 2
I/OMXCodec(  303): OMXCodec::read : mch : 2, DDPoutput : 2
I/OMXCodec(  303): OMXCodec::read : mch : 2, DDPoutput : 2
I/OMXCodec(  303): OMXCodec::read : mch : 2, DDPoutput : 2
I/OMXCodec(  303): OMXCodec::read : mch : 2, DDPoutput : 2
I/OMXCodec(  303): OMXCodec::read : mch : 2, DDPoutput : 2
I/OMXCodec(  303): OMXCodec::read : mch : 2, DDPoutput : 2
I/OMXCodec(  303): OMXCodec::read : mch : 2, DDPoutput : 2
I/OMXCodec(  303): OMXCodec::read : mch : 2, DDPoutput : 2
I/OMXCodec(  303): OMXCodec::read : mch : 2, DDPoutput : 2
I/OMXCodec(  303): OMXCodec::read : mch : 2, DDPoutput : 2
I/OMXCodec(  303): OMXCodec::read : mch : 2, DDPoutput : 2
I/OMXCodec(  303): OMXCodec::read : mch : 2, DDPoutput : 2
I/OMXCodec(  303): OMXCodec::read : mch : 2, DDPoutput : 2
I/OMXCodec(  303): OMXCodec::read : mch : 2, DDPoutput : 2
I/OMXCodec(  303): OMXCodec::read : mch : 2, DDPoutput : 2
I/OMXCodec(  303): OMXCodec::read : mch : 2, DDPoutput : 2
I/OMXCodec(  303): OMXCodec::read : mch : 2, DDPoutput : 2
I/OMXCodec(  303): OMXCodec::read : mch : 2, DDPoutput : 2
I/OMXCodec(  303): OMXCodec::read : mch : 2, DDPoutput : 2
I/OMXCodec(  303): OMXCodec::read : mch : 2, DDPoutput : 2
I/OMXCodec(  303): OMXCodec::read : mch : 2, DDPoutput : 2
I/OMXCodec(  303): OMXCodec::read : mch : 2, DDPoutput : 2
I/OMXCodec(  303): OMXCodec::read : mch : 2, DDPoutput : 2
I/OMXCodec(  303): OMXCodec::read : mch : 2, DDPoutput : 2
I/OMXCodec(  303): OMXCodec::read : mch : 2, DDPoutput : 2
I/OMXCodec(  303): OMXCodec::read : mch : 2, DDPoutput : 2
I/OMXCodec(  303): OMXCodec::read : mch : 2, DDPoutput : 2
I/OMXCodec(  303): OMXCodec::read : mch : 2, DDPoutput : 2
I/OMXCodec(  303): OMXCodec::read : mch : 2, DDPoutput : 2
I/OMXCodec(  303): OMXCodec::read : mch : 2, DDPoutput : 2
I/OMXCodec(  303): OMXCodec::read : mch : 2, DDPoutput : 2
I/OMXCodec(  303): OMXCodec::read : mch : 2, DDPoutput : 2
I/OMXCodec(  303): OMXCodec::read : mch : 2, DDPoutput : 2
I/OMXCodec(  303): OMXCodec::read : mch : 2, DDPoutput : 2
I/OMXCodec(  303): OMXCodec::read : mch : 2, DDPoutput : 2
I/OMXCodec(  303): OMXCodec::read : mch : 2, DDPoutput : 2
I/OMXCodec(  303): OMXCodec::read : mch : 2, DDPoutput : 2
I/OMXCodec(  303): OMXCodec::read : mch : 2, DDPoutput : 2
I/OMXCodec(  303): OMXCodec::read : mch : 2, DDPoutput : 2
I/OMXCodec(  303): OMXCodec::read : mch : 2, DDPoutput : 2
I/OMXCodec(  303): OMXCodec::read : mch : 2, DDPoutput : 2
I/OMXCodec(  303): OMXCodec::read : mch : 2, DDPoutput : 2
I/OMXCodec(  303): OMXCodec::read : mch : 2, DDPoutput : 2
I/OMXCodec(  303): OMXCodec::read : mch : 2, DDPoutput : 2
I/OMXCodec(  303): OMXCodec::read : mch : 2, DDPoutput : 2
I/OMXCodec(  303): OMXCodec::read : mch : 2, DDPoutput : 2
I/OMXCodec(  303): OMXCodec::read : mch : 2, DDPoutput : 2
I/OMXCodec(  303): OMXCodec::read : mch : 2, DDPoutput : 2
I/OMXCodec(  303): OMXCodec::read : mch : 2, DDPoutput : 2
I/OMXCodec(  303): OMXCodec::read : mch : 2, DDPoutput : 2
I/OMXCodec(  303): OMXCodec::read : mch : 2, DDPoutput : 2
I/OMXCodec(  303): OMXCodec::read : mch : 2, DDPoutput : 2
I/OMXCodec(  303): OMXCodec::read : mch : 2, DDPoutput : 2
I/OMXCodec(  303): OMXCodec::read : mch : 2, DDPoutput : 2
I/OMXCodec(  303): OMXCodec::read : mch : 2, DDPoutput : 2
I/OMXCodec(  303): OMXCodec::read : mch : 2, DDPoutput : 2
I/OMXCodec(  303): OMXCodec::read : mch : 2, DDPoutput : 2
I/OMXCodec(  303): OMXCodec::read : mch : 2, DDPoutput : 2
I/OMXCodec(  303): OMXCodec::read : mch : 2, DDPoutput : 2
I/OMXCodec(  303): OMXCodec::read : mch : 2, DDPoutput : 2
I/OMXCodec(  303): OMXCodec::read : mch : 2, DDPoutput : 2
I/OMXCodec(  303): OMXCodec::read : mch : 2, DDPoutput : 2
I/OMXCodec(  303): OMXCodec::read : mch : 2, DDPoutput : 2
I/OMXCodec(  303): OMXCodec::read : mch : 2, DDPoutput : 2
I/OMXCodec(  303): OMXCodec::read : mch : 2, DDPoutput : 2
I/OMXCodec(  303): OMXCodec::read : mch : 2, DDPoutput : 2
I/OMXCodec(  303): OMXCodec::read : mch : 2, DDPoutput : 2
I/OMXCodec(  303): OMXCodec::read : mch : 2, DDPoutput : 2
I/OMXCodec(  303): OMXCodec::read : mch : 2, DDPoutput : 2
I/OMXCodec(  303): OMXCodec::read : mch : 2, DDPoutput : 2
I/OMXCodec(  303): OMXCodec::read : mch : 2, DDPoutput : 2
I/OMXCodec(  303): OMXCodec::read : mch : 2, DDPoutput : 2
I/OMXCodec(  303): OMXCodec::read : mch : 2, DDPoutput : 2
I/OMXCodec(  303): OMXCodec::read : mch : 2, DDPoutput : 2
I/OMXCodec(  303): OMXCodec::read : mch : 2, DDPoutput : 2
I/OMXCodec(  303): OMXCodec::read : mch : 2, DDPoutput : 2
I/OMXCodec(  303): OMXCodec::read : mch : 2, DDPoutput : 2
I/OMXCodec(  303): OMXCodec::read : mch : 2, DDPoutput : 2
I/OMXCodec(  303): OMXCodec::read : mch : 2, DDPoutput : 2
I/OMXCodec(  303): OMXCodec::read : mch : 2, DDPoutput : 2
I/OMXCodec(  303): OMXCodec::read : mch : 2, DDPoutput : 2
I/OMXCodec(  303): OMXCodec::read : mch : 2, DDPoutput : 2
I/OMXCodec(  303): OMXCodec::read : mch : 2, DDPoutput : 2
I/OMXCodec(  303): OMXCodec::read : mch : 2, DDPoutput : 2
I/OMXCodec(  303): OMXCodec::read : mch : 2, DDPoutput : 2
E/mm-camera(  285): [LizKK] afd_peak_ctrl_byluma: exp_index 244, exp_tbl_val: 357
I/OMXCodec(  303): OMXCodec::read : mch : 2, DDPoutput : 2
E/mm-camera(  285): afd_multiple_peaks max_peaks 2
E/mm-camera(  285): afd_detect_flicker actual_peaks 2
E/mm-camera(  285): afd_detect_bands: flicker 0
E/mm-camera(  285): afd_algo_run: AFD success, std_width -1, flicker_freq 60
I/OMXCodec(  303): OMXCodec::read : mch : 2, DDPoutput : 2
I/OMXCodec(  303): OMXCodec::read : mch : 2, DDPoutput : 2
E/mm-camera(  285): sensor_client_set_params: cmd type: 1
I/OMXCodec(  303): OMXCodec::read : mch : 2, DDPoutput : 2
I/OMXCodec(  303): OMXCodec::read : mch : 2, DDPoutput : 2
I/OMXCodec(  303): OMXCodec::read : mch : 2, DDPoutput : 2
I/OMXCodec(  303): OMXCodec::read : mch : 2, DDPoutput : 2
I/OMXCodec(  303): OMXCodec::read : mch : 2, DDPoutput : 2
I/OMXCodec(  303): OMXCodec::read : mch : 2, DDPoutput : 2
I/OMXCodec(  303): OMXCodec::read : mch : 2, DDPoutput : 2
I/OMXCodec(  303): OMXCodec::read : mch : 2, DDPoutput : 2
I/OMXCodec(  303): OMXCodec::read : mch : 2, DDPoutput : 2
I/OMXCodec(  303): OMXCodec::read : mch : 2, DDPoutput : 2
E/mm-camera(  285): DO NOT DISTURB frameprocESSING IF MODULES are not ENABLED
I/OMXCodec(  303): OMXCodec::read : mch : 2, DDPoutput : 2
E/mm-camera-intf(  303): mm_camera_cmd_thread: cmd_type : 0
E/QCameraHWI_Preview(  303): [JAY] frame_skip_count = 4
I/OMXCodec(  303): OMXCodec::read : mch : 2, DDPoutput : 2
I/OMXCodec(  303): OMXCodec::read : mch : 2, DDPoutput : 2
I/OMXCodec(  303): OMXCodec::read : mch : 2, DDPoutput : 2
I/OMXCodec(  303): OMXCodec::read : mch : 2, DDPoutput : 2
I/OMXCodec(  303): OMXCodec::read : mch : 2, DDPoutput : 2
I/OMXCodec(  303): OMXCodec::read : mch : 2, DDPoutput : 2
I/OMXCodec(  303): OMXCodec::read : mch : 2, DDPoutput : 2
I/OMXCodec(  303): OMXCodec::read : mch : 2, DDPoutput : 2
I/OMXCodec(  303): OMXCodec::read : mch : 2, DDPoutput : 2
I/OMXCodec(  303): OMXCodec::read : mch : 2, DDPoutput : 2
I/OMXCodec(  303): OMXCodec::read : mch : 2, DDPoutput : 2
I/OMXCodec(  303): OMXCodec::read : mch : 2, DDPoutput : 2
I/OMXCodec(  303): OMXCodec::read : mch : 2, DDPoutput : 2
I/OMXCodec(  303): OMXCodec::read : mch : 2, DDPoutput : 2
I/OMXCodec(  303): OMXCodec::read : mch : 2, DDPoutput : 2
I/OMXCodec(  303): OMXCodec::read : mch : 2, DDPoutput : 2
I/OMXCodec(  303): OMXCodec::read : mch : 2, DDPoutput : 2
I/OMXCodec(  303): OMXCodec::read : mch : 2, DDPoutput : 2
I/OMXCodec(  303): OMXCodec::read : mch : 2, DDPoutput : 2
I/OMXCodec(  303): OMXCodec::read : mch : 2, DDPoutput : 2
I/OMXCodec(  303): OMXCodec::read : mch : 2, DDPoutput : 2
I/OMXCodec(  303): OMXCodec::read : mch : 2, DDPoutput : 2
I/OMXCodec(  303): OMXCodec::read : mch : 2, DDPoutput : 2
I/OMXCodec(  303): OMXCodec::read : mch : 2, DDPoutput : 2
I/OMXCodec(  303): OMXCodec::read : mch : 2, DDPoutput : 2
I/OMXCodec(  303): OMXCodec::read : mch : 2, DDPoutput : 2
I/OMXCodec(  303): OMXCodec::read : mch : 2, DDPoutput : 2
I/OMXCodec(  303): OMXCodec::read : mch : 2, DDPoutput : 2
I/OMXCodec(  303): OMXCodec::read : mch : 2, DDPoutput : 2
I/OMXCodec(  303): OMXCodec::read : mch : 2, DDPoutput : 2
I/OMXCodec(  303): OMXCodec::read : mch : 2, DDPoutput : 2
I/OMXCodec(  303): OMXCodec::read : mch : 2, DDPoutput : 2
I/OMXCodec(  303): OMXCodec::read : mch : 2, DDPoutput : 2
I/OMXCodec(  303): OMXCodec::read : mch : 2, DDPoutput : 2
I/OMXCodec(  303): OMXCodec::read : mch : 2, DDPoutput : 2
I/OMXCodec(  303): OMXCodec::read : mch : 2, DDPoutput : 2
I/OMXCodec(  303): OMXCodec::read : mch : 2, DDPoutput : 2
I/OMXCodec(  303): OMXCodec::read : mch : 2, DDPoutput : 2
I/OMXCodec(  303): OMXCodec::read : mch : 2, DDPoutput : 2
I/OMXCodec(  303): OMXCodec::read : mch : 2, DDPoutput : 2
I/OMXCodec(  303): OMXCodec::read : mch : 2, DDPoutput : 2
I/OMXCodec(  303): OMXCodec::read : mch : 2, DDPoutput : 2
I/OMXCodec(  303): OMXCodec::read : mch : 2, DDPoutput : 2
I/OMXCodec(  303): OMXCodec::read : mch : 2, DDPoutput : 2
I/OMXCodec(  303): OMXCodec::read : mch : 2, DDPoutput : 2
I/OMXCodec(  303): OMXCodec::read : mch : 2, DDPoutput : 2
I/OMXCodec(  303): OMXCodec::read : mch : 2, DDPoutput : 2
I/OMXCodec(  303): OMXCodec::read : mch : 2, DDPoutput : 2
V/TwGLContext( 6411): onOrientationChanged - ORIENTATION_UNKNOWN
I/OMXCodec(  303): OMXCodec::read : mch : 2, DDPoutput : 2
I/OMXCodec(  303): OMXCodec::read : mch : 2, DDPoutput : 2
I/Choreographer( 6411): Skipped 31 frames!  The application may be doing too much work on its main thread.
I/OMXCodec(  303): OMXCodec::read : mch : 2, DDPoutput : 2
I/OMXCodec(  303): OMXCodec::read : mch : 2, DDPoutput : 2
I/OMXCodec(  303): OMXCodec::read : mch : 2, DDPoutput : 2
I/OMXCodec(  303): OMXCodec::read : mch : 2, DDPoutput : 2
I/OMXCodec(  303): OMXCodec::read : mch : 2, DDPoutput : 2
I/OMXCodec(  303): OMXCodec::read : mch : 2, DDPoutput : 2
I/OMXCodec(  303): OMXCodec::read : mch : 2, DDPoutput : 2
I/OMXCodec(  303): OMXCodec::read : mch : 2, DDPoutput : 2
I/OMXCodec(  303): OMXCodec::read : mch : 2, DDPoutput : 2
I/OMXCodec(  303): OMXCodec::read : mch : 2, DDPoutput : 2
I/OMXCodec(  303): OMXCodec::read : mch : 2, DDPoutput : 2
I/OMXCodec(  303): OMXCodec::read : mch : 2, DDPoutput : 2
I/OMXCodec(  303): OMXCodec::read : mch : 2, DDPoutput : 2
I/OMXCodec(  303): OMXCodec::read : mch : 2, DDPoutput : 2
I/OMXCodec(  303): OMXCodec::read : mch : 2, DDPoutput : 2
I/OMXCodec(  303): OMXCodec::read : mch : 2, DDPoutput : 2
I/OMXCodec(  303): OMXCodec::read : mch : 2, DDPoutput : 2
I/OMXCodec(  303): OMXCodec::read : mch : 2, DDPoutput : 2
V/CeRequestQueue( 6411): completeRequest
D/CeRequestQueue( 6411): [101 102 ]
V/CeRequestQueue( 6411): startFirstRequest
I/OMXCodec(  303): OMXCodec::read : mch : 2, DDPoutput : 2
I/MediaFocusControl(  862):  AudioFocus  requestAudioFocus() from android.media.AudioManager$1a6e6935com.sec.android.app.camera.Camera$173$390f21ca hint:1
I/OMXCodec(  303): OMXCodec::read : mch : 2, DDPoutput : 2
I/OMXCodec(  303): OMXCodec::read : mch : 2, DDPoutput : 2
V/CameraSettings( 6411): getDefaultFlashMode: 0
I/OMXCodec(  303): OMXCodec::read : mch : 2, DDPoutput : 2
I/OMXCodec(  303): OMXCodec::read : mch : 2, DDPoutput : 2
I/OMXCodec(  303): OMXCodec::read : mch : 2, DDPoutput : 2
I/OMXCodec(  303): OMXCodec::read : mch : 2, DDPoutput : 2
I/OMXCodec(  303): OMXCodec::read : mch : 2, DDPoutput : 2
I/OMXCodec(  303): OMXCodec::read : mch : 2, DDPoutput : 2
I/OMXCodec(  303): OMXCodec::read : mch : 2, DDPoutput : 2
I/OMXCodec(  303): OMXCodec::read : mch : 2, DDPoutput : 2
I/OMXCodec(  303): OMXCodec::read : mch : 2, DDPoutput : 2
I/OMXCodec(  303): OMXCodec::read : mch : 2, DDPoutput : 2
I/OMXCodec(  303): OMXCodec::read : mch : 2, DDPoutput : 2
I/OMXCodec(  303): OMXCodec::read : mch : 2, DDPoutput : 2
I/OMXCodec(  303): OMXCodec::read : mch : 2, DDPoutput : 2
I/OMXCodec(  303): OMXCodec::read : mch : 2, DDPoutput : 2
I/OMXCodec(  303): OMXCodec::read : mch : 2, DDPoutput : 2
I/OMXCodec(  303): OMXCodec::read : mch : 2, DDPoutput : 2
E/mm-camera(  285): sensor_client_set_params: cmd type: 1
I/OMXCodec(  303): OMXCodec::read : mch : 2, DDPoutput : 2
I/OMXCodec(  303): OMXCodec::read : mch : 2, DDPoutput : 2
I/OMXCodec(  303): OMXCodec::read : mch : 2, DDPoutput : 2
I/OMXCodec(  303): OMXCodec::read : mch : 2, DDPoutput : 2
I/OMXCodec(  303): OMXCodec::read : mch : 2, DDPoutput : 2
I/OMXCodec(  303): OMXCodec::read : mch : 2, DDPoutput : 2
I/OMXCodec(  303): OMXCodec::read : mch : 2, DDPoutput : 2
E/mm-camera(  285): DO NOT DISTURB frameprocESSING IF MODULES are not ENABLED
E/mm-camera-intf(  303): mm_camera_cmd_thread: cmd_type : 0
E/QCameraHWI_Preview(  303): [JAY] frame_skip_count = 3
I/OMXCodec(  303): OMXCodec::read : mch : 2, DDPoutput : 2
I/OMXCodec(  303): OMXCodec::read : mch : 2, DDPoutput : 2
I/OMXCodec(  303): OMXCodec::read : mch : 2, DDPoutput : 2
I/OMXCodec(  303): OMXCodec::read : mch : 2, DDPoutput : 2
I/OMXCodec(  303): OMXCodec::read : mch : 2, DDPoutput : 2
I/OMXCodec(  303): OMXCodec::read : mch : 2, DDPoutput : 2
I/OMXCodec(  303): OMXCodec::read : mch : 2, DDPoutput : 2
I/OMXCodec(  303): OMXCodec::read : mch : 2, DDPoutput : 2
I/OMXCodec(  303): OMXCodec::read : mch : 2, DDPoutput : 2
I/OMXCodec(  303): OMXCodec::read : mch : 2, DDPoutput : 2
I/OMXCodec(  303): OMXCodec::read : mch : 2, DDPoutput : 2
I/OMXCodec(  303): OMXCodec::read : mch : 2, DDPoutput : 2
I/OMXCodec(  303): OMXCodec::read : mch : 2, DDPoutput : 2
I/OMXCodec(  303): OMXCodec::read : mch : 2, DDPoutput : 2
I/OMXCodec(  303): OMXCodec::read : mch : 2, DDPoutput : 2
I/OMXCodec(  303): OMXCodec::read : mch : 2, DDPoutput : 2
I/OMXCodec(  303): OMXCodec::read : mch : 2, DDPoutput : 2
I/OMXCodec(  303): OMXCodec::read : mch : 2, DDPoutput : 2
I/OMXCodec(  303): [OMX.google.vorbis.decoder] End Of Stream
I/OMXCodec(  303): OMXCodec::read : mch : 2, DDPoutput : 2
V/SecMediaRecorderJNI( 6411): setup
V/MediaPlayerService(  303): Create new media recorder client from pid 6411
I/OMXCodec(  303): OMXCodec::read : mch : 2, DDPoutput : 2
D/SecCameraCoreManager(  303): recordingEnabled
E/QualcommCamera(  303): Qint android::recording_enabled(camera_device*): E
I/QCameraHWI(  303): recordingEnabled: (0)
V/SecMediaRecorderJNI( 6411): process_sec_media_recorder_call
V/SecMediaRecorderJNI( 6411): setAudioSource(5)
I/OMXCodec(  303): OMXCodec::read : mch : 2, DDPoutput : 2
I/OMXCodec(  303): OMXCodec::read : mch : 2, DDPoutput : 2
V/SecMediaRecorderJNI( 6411): process_sec_media_recorder_call
I/OMXCodec(  303): OMXCodec::read : mch : 2, DDPoutput : 2
V/AwesomePlayer(  303): postAudioEOS delayUs (0)
V/AwesomePlayer(  303): onCheckAudioStatus
I/AudioPlayer(  303): fillBuffer() delay (347656) us > 100000 us, fillBuffer internal return (231659) old(1535333117264), new(1535333464920), return(1535333696579), request_size (1048576) - return size (719012)
V/AwesomePlayer(  303): onCheckAudioStatus() set AUDIO_AT_EOS flag
