D/TP/MmsProvider( 2672): Query uri=content://mms/2883/addr, match=13, calling pid = 8122
E/mm-camera(  285): sensor_client_set_params: cmd type: 1
I/OMXCodec(  303): OMXCodec::read : mch : 2, DDPoutput : 2
E/mm-camera(  285): DO NOT DISTURB frameprocESSING IF MODULES are not ENABLED
E/mm-camera(  285): mctl_pp_release_c2d:pipe release fds=73 74
I/OMXCodec(  303): OMXCodec::read : mch : 2, DDPoutput : 2
I/OMXCodec(  303): OMXCodec::read : mch : 2, DDPoutput : 2
E/mm-camera-intf(  303): 
E/mm-camera-intf(  303): mm_camera_cmd_thread_stop: enqueue cmd_type : 3
E/mm-camera-intf(  303): mm_camera_cmd_thread: cmd_type : 3
E/mm-camera-intf(  303): mm_camera_cmd_thread:191, exited
E/mm-camera(  285): cam_mctl_thread: Woke up Socket fd
E/mm-camera(  285): mctl_divert_socket_recvmsg: Receieved msg_type=1
E/mm-camera(  285): cam_mctl_thread: Woke up Socket fd
E/mm-camera(  285): mctl_divert_socket_recvmsg: Receieved msg_type=1
E/mm-camera(  285): cam_mctl_thread: Woke up Socket fd
E/mm-camera(  285): mctl_divert_socket_recvmsg: Receieved msg_type=1
E/mm-camera(  285): cam_mctl_thread: Woke up Socket fd
E/mm-camera(  285): mctl_divert_socket_recvmsg: Receieved msg_type=1
E/mm-camera(  285): cam_mctl_thread: Woke up Socket fd
E/mm-camera(  285): mctl_divert_socket_recvmsg: Receieved msg_type=1
E/mm-camera(  285): cam_mctl_thread: Woke up Socket fd
E/mm-camera(  285): mctl_divert_socket_recvmsg: Receieved msg_type=1
E/mm-camera(  285): cam_mctl_thread: Woke up Socket fd
E/mm-camera(  285): mctl_divert_socket_recvmsg: Receieved msg_type=1
E/mm-camera(  285): cam_mctl_thread: Woke up Socket fd
E/mm-camera(  285): mctl_divert_socket_recvmsg: Receieved msg_type=1
E/mm-camera(  285): cam_mctl_thread: Woke up Socket fd
E/mm-camera(  285): mctl_divert_socket_recvmsg: Receieved msg_type=1
E/mm-camera(  285): cam_mctl_thread: Woke up Socket fd
E/mm-camera(  285): mctl_divert_socket_recvmsg: Receieved msg_type=1
E/mm-camera(  285): cam_mctl_thread: Woke up Socket fd
E/mm-camera(  285): mctl_divert_socket_recvmsg: Receieved msg_type=1
E/QCameraHWI(  303): putBuf: E
I/QCameraHWI_Preview(  303):  putBufferToSurface : E 
D/QCameraHWI_Preview(  303): putBufferToSurface: cancel_buffer: hdl =0xa27171a0
D/QCameraHWI_Preview(  303):  put buffer 0 successfully
D/QCameraHWI_Preview(  303): putBufferToSurface: cancel_buffer: hdl =0xa2717ba0
D/QCameraHWI_Preview(  303):  put buffer 1 successfully
D/QCameraHWI_Preview(  303):  put buffer 2 successfully
D/QCameraHWI_Preview(  303):  put buffer 3 successfully
D/QCameraHWI_Preview(  303):  put buffer 4 successfully
D/QCameraHWI_Preview(  303):  put buffer 5 successfully
D/QCameraHWI_Preview(  303):  put buffer 6 successfully
D/QCameraHWI_Preview(  303):  put buffer 7 successfully
D/QCameraHWI_Preview(  303): putBufferToSurface: cancel_buffer: hdl =0xad94b3d0
D/QCameraHWI_Preview(  303):  put buffer 8 successfully
D/QCameraHWI_Preview(  303): putBufferToSurface: cancel_buffer: hdl =0xa1744880
D/QCameraHWI_Preview(  303):  put buffer 9 successfully
D/QCameraHWI_Preview(  303): putBufferToSurface: cancel_buffer: hdl =0xb216b0b0
D/QCameraHWI_Preview(  303):  put buffer 10 successfully
I/QCameraHWI_Preview(  303):  putBufferToSurface : X 
E/QCameraHWI(  303): putBuf: X
D/QCameraStream(  303): streamOff: X, mActive = 0, mInit = 1, streamid = 715264, image_mode = 0
D/QCameraStream(  303): streamOff: mActive = 0, streamid = 0, image_mode = 2
E/QCameraStream(  303): streamOff: Stream:0 is not active
E/QCameraHWI(  303): isZSLMode, isZSLMode = 0
D/QCameraStream(  303): deinitStream: E, mActive = 0, mInit = 0, streamid = 0, image_mode = 2
D/QCameraStream(  303): deinitStream: E, mActive = 0, mInit = 1, streamid = 715521, image_mode = 1
D/QCameraStream(  303): deinitStream: X, mActive = 0, mInit = 0, streamid = 0, image_mode = 1
D/QCameraStream(  303): deinitStream: E, mActive = 0, mInit = 1, streamid = 715264, image_mode = 0
D/QCameraStream(  303): deinitStream: X, mActive = 0, mInit = 0, streamid = 0, image_mode = 0
I/QCameraHWI(  303): stopPreviewInternal: X
I/art     ( 8122): Explicit concurrent mark sweep GC freed 9237(416KB) AllocSpace objects, 1(16KB) LOS objects, 24% free, 18MB/24MB, paused 1.342ms total 70.648ms
D/TP/MmsProvider( 2672): Query uri=content://mms/2881/addr, match=13, calling pid = 8122
I/QCameraHWI(  303): stopPreview: X, mPreviewState = 0
I/SecCamera-JNI-Java( 6411): stopPreview
D/SecCameraCoreManager(  303): disableMsgType: 0x10
E/QualcommCamera(  303): Qvoid android::disable_msg_type(camera_device*, int32_t): E
I/QCameraHWI(  303): disableMsgType: E
I/QCameraHWI(  303): disableMsgType: X, msgType =0x10, mMsgEnabled=0x80d
D/SensorManager( 6411): unregisterListener ::   
D/SecCameraCoreManager(  303): disableMsgType: 0x10
E/QualcommCamera(  303): Qvoid android::disable_msg_type(camera_device*, int32_t): E
I/QCameraHWI(  303): disableMsgType: E
I/QCameraHWI(  303): disableMsgType: X, msgType =0x10, mMsgEnabled=0x80d
I/CameraClient(  303): stopPreview: Disable picture related messages 
D/SecCameraCoreManager(  303): disableMsgType: 0x3c2
E/QualcommCamera(  303): Qvoid android::disable_msg_type(camera_device*, int32_t): E
I/QCameraHWI(  303): disableMsgType: E
I/QCameraHWI(  303): disableMsgType: X, msgType =0x3c2, mMsgEnabled=0x80d
D/SecCameraCoreManager(  303): stopPreview
D/ShotSingle(  303): stopPreview
E/QualcommCamera(  303): Qvoid android::disable_msg_type(camera_device*, int32_t): E
I/QCameraHWI(  303): disableMsgType: E
I/QCameraHWI(  303): disableMsgType: X, msgType =0x3c2, mMsgEnabled=0x80d
V/ShotSingle(  303): stopPreview(1)
E/QualcommCamera(  303): Qvoid android::stop_preview(camera_device*): E
I/QCameraHWI(  303): stopPreview: stopPreview: E
I/OMXCodec(  303): OMXCodec::read : mch : 2, DDPoutput : 2
I/QCameraHWI(  303): stopPreview: X, mPreviewState = 0
I/SecCamera-JNI-Java( 6411): stopPreview
D/SecCameraCoreManager(  303): disableMsgType: 0x10
E/QualcommCamera(  303): Qvoid android::disable_msg_type(camera_device*, int32_t): E
I/QCameraHWI(  303): disableMsgType: E
I/QCameraHWI(  303): disableMsgType: X, msgType =0x10, mMsgEnabled=0x80d
D/SecCameraCoreManager(  303): disableMsgType: 0xffffffff
E/QualcommCamera(  303): Qvoid android::disable_msg_type(camera_device*, int32_t): E
I/QCameraHWI(  303): disableMsgType: E
I/QCameraHWI(  303): disableMsgType: X, msgType =0xffffffff, mMsgEnabled=0x0
D/SecCameraCoreManager(  303): stopPreview
D/ShotSingle(  303): stopPreview
E/QualcommCamera(  303): Qvoid android::disable_msg_type(camera_device*, int32_t): E
I/QCameraHWI(  303): disableMsgType: E
I/QCameraHWI(  303): disableMsgType: X, msgType =0x3c2, mMsgEnabled=0x0
V/ShotSingle(  303): stopPreview(1)
E/QualcommCamera(  303): Qvoid android::stop_preview(camera_device*): E
I/QCameraHWI(  303): stopPreview: stopPreview: E
D/TP/MmsProvider( 2672): Query uri=content://mms/2878/addr, match=13, calling pid = 8122
D/TP/MmsProvider( 2672): Query uri=content://mms/2875/addr, match=13, calling pid = 8122
I/QCameraHWI(  303): stopPreview: X, mPreviewState = 0
D/SecCameraCoreManager(  303): cancelPicture
E/QualcommCamera(  303): Qint android::cancel_picture(camera_device*): E
I/QCameraHWI(  303): cancelPicture: E, mPreviewState = 0
I/QCameraHWI(  303): cancelPicture: X (success)
D/SecCameraCoreManager(  303): release
D/SecCameraCoreManager(  303): virtual void android::SecCameraCoreManager::release(): release IT policy checking thread
E/QualcommCamera(  303): Qvoid android::release(camera_device*): E
I/QCameraHWI(  303): release: E
I/QCameraHWI(  303): release: wait for complete encode callback. time is 0ms
I/QCameraHWI(  303): release set_gamma_thread
I/QCameraHWI(  303): release: X
I/QCameraHWI(  303): set_gamma_thread: E
I/QCameraHWI(  303): set_gamma_thread : gamma mode (1)
D/TP/MmsProvider( 2672): Query uri=content://mms/2871/addr, match=13, calling pid = 8122
D/SecCameraCoreManager(  303): setPreviewWindow
I/QCameraHWI(  303):  setPreviewWindow: E mPreviewState = 0, mStreamDisplay = 0xa1e50000
E/QCameraHWI(  303): setPreviewWindow:Received Setting NULL preview window
E/QCameraHWI(  303): setPreviewWindow: mPreviewWindow = 0x0x0, mStreamDisplay = 0x0xa1e50000
E/QCameraHWI_Preview(  303):  setPreviewWindow: E 
W/QCameraHWI_Preview(  303):  Setting NULL preview window 
I/QCameraHWI(  303):  setPreviewWindow : X, mPreviewState = 0
D/SecCameraCoreManager(  303): SecCameraCoreManager destroyed: pid=303
I/ShotSingle(  303): ShotSingle destroyed: pid=303
I/ShotSingle(  303): Wait for compressed image callback to be done.
I/ShotSingle(  303): Wait done. (0s. 0ms.) with [0, 22]
I/ShotCommon(  303): ShotCommon destroyed: pid=303
D/SecCameraCoreManager(  303): SecCameraCoreManager destroyed: before mHardware.clear()
I/SecCameraCoreManager(  303): Destroying camera 1
E/QualcommCamera(  303): Qint android::close_camera_device(hw_device_t*): device =0xb23f3e80 E
I/QCameraHWI(  303): ~QCameraHardwareInterface: E
I/QCameraHWI(  303): stopPreview: stopPreview: E
D/TP/MmsProvider( 2672): Query uri=content://mms/2866/addr, match=13, calling pid = 8122
I/OMXCodec(  303): OMXCodec::read : mch : 2, DDPoutput : 2
I/OMXCodec(  303): OMXCodec::read : mch : 2, DDPoutput : 2
I/OMXCodec(  303): [OMX.google.vorbis.decoder] End Of Stream
I/QCameraHWI(  303): stopPreview: X, mPreviewState = 0
E/mm-still-omx(  303): mm_jpeg_close: E
E/mm-still-omx(  303): mm_jpeg_close: abort ongoing jobs
E/mm-still-omx(  303): mm_jpeg_close: abort todo jobs
E/mm-still-omx(  303): mm_jpeg_close: abort done jobs in cb threads
E/mm-still-omx(  303): mm_jpeg_close: X
I/mm-still-omx(  303): deinit:E
I/mm-still-omx(  303): jpegStop : E
I/mm-still-omx(  303): jpegStop :X
I/mm-still-omx(  303): releaseOMXBuffers :E
I/mm-still-omx(  303): releaseOMXBuffers :X
I/mm-still-omx(  303): deinit:X
E/mm-still-omx(  303): mm_jpeg_jobmgr_thread: jpeg encoder input queue 1
I/mm-still-omx(  303): release:E
I/mm-still-omx(  303): release:X
D/QCameraHWI(  303): sendCmd: enqueue cmd 6
E/QCameraHWI(  303): enqueue: queue size = 1
D/QCameraHWI(  303): dataNotifyRoutine: get cmd 6
I/QCameraHWI(  303): dataNotifyRoutine: X
D/QCameraHWI(  303): sendCmd: enqueue cmd 6
E/QCameraHWI(  303): enqueue: queue size = 1
D/QCameraHWI(  303): dataProcessRoutine: get cmd 6
I/QCameraHWI(  303): dataProcessRoutine: X
I/QCameraHWI(  303): deInitHistogramBuffers E
I/QCameraHWI(  303): deInitHistogramBuffers Histogram buffers not active. return. 
D/QCameraHWI_Preview(  303): release : BEGIN
E/QCameraHWI_Preview(  303): virtual void android::QCameraStream_preview::release() : Stream not Initalized
D/QCameraHWI_Preview(  303): ~QCameraStream_preview: E
D/QCameraHWI_Preview(  303): ~QCameraStream_preview: X
E/QCameraHWI_Record(  303): virtual void android::QCameraStream_record::release() : Stream not Initalized
D/QCameraHWI_Record(  303): ~QCameraStream_record: BEGIN
D/QCameraHWI_Record(  303): ~QCameraStream_record: END
D/QCameraStream(  303): streamOff: mActive = 0, streamid = 0, image_mode = 2
E/QCameraStream(  303): streamOff: Stream:0 is not active
D/QCameraStream(  303): deinitStream: E, mActive = 0, mInit = 0, streamid = 0, image_mode = 2
D/QCameraStream(  303): streamOff: mActive = 0, streamid = 0, image_mode = 2
E/QCameraStream(  303): streamOff: Stream:0 is not active
D/QCameraStream(  303): deinitStream: E, mActive = 0, mInit = 0, streamid = 0, image_mode = 2
E/mm-camera-intf(  303): 
E/mm-camera-intf(  303): mm_camera_cmd_thread_stop: enqueue cmd_type : 3
E/mm-camera-intf(  303): mm_camera_cmd_thread: cmd_type : 3
E/mm-camera-intf(  303): mm_camera_cmd_thread:191, exited
D/TP/MmsProvider( 2672): Query uri=content://mms/2863/addr, match=13, calling pid = 8122
E/mm-camera-intf(  303): 
E/mm-camera-intf(  303): mm_camera_cmd_thread_stop: enqueue cmd_type : 3
E/mm-camera-intf(  303): mm_camera_cmd_thread: cmd_type : 3
E/mm-camera-intf(  303): mm_camera_cmd_thread:191, exited
E/mm-camera(  285): config_shutdown_pp Camera not in streaming mode. Returning. 
E/mm-camera(  285): sensor_client_set_params: cmd type: 12
D/TP/MmsProvider( 2672): Query uri=content://mms/2861/addr, match=13, calling pid = 8122
D/TP/MmsProvider( 2672): Query uri=content://mms/2859/addr, match=13, calling pid = 8122
D/TP/MmsProvider( 2672): Query uri=content://mms/2857/addr, match=13, calling pid = 8122
I/OMXCodec(  303): OMXCodec::read : mch : 2, DDPoutput : 2
E/mm-camera(  285): vfe_ops_deinit: E
E/mm-camera(  285): mctl_stats_deinit_ops, E p_cfg_ctrl->ion_dev_fd: 13
I/OMXCodec(  303): OMXCodec::read : mch : 2, DDPoutput : 2
I/OMXCodec(  303): OMXCodec::read : mch : 2, DDPoutput : 2
I/art     ( 2672): Explicit concurrent mark sweep GC freed 4549(190KB) AllocSpace objects, 0(0B) LOS objects, 39% free, 19MB/32MB, paused 854us total 46.905ms
D/AbsListView( 8122): Get MotionRecognitionManager
D/TP/MmsProvider( 2672): Query uri=content://mms/2855/addr, match=13, calling pid = 8122
D/TP/MmsProvider( 2672): Query uri=content://mms/2853/addr, match=13, calling pid = 8122
D/TP/MmsProvider( 2672): Query uri=content://mms/2851/addr, match=13, calling pid = 8122
D/MotionRecognitionService(  862):  ssp status : true
D/Mms/ComposeMessageFragment( 8122): [end]    fillCache consume time = 637.542725
D/TP/MmsProvider( 2672): Query uri=content://mms/2849/addr, match=13, calling pid = 8122
D/TP/MmsProvider( 2672): Query uri=content://mms/2846/addr, match=13, calling pid = 8122
I/OMXCodec(  303): OMXCodec::read : mch : 2, DDPoutput : 2
I/QCameraHWI(  303): ~QCameraHardwareInterface: X
D/SecCameraCoreManager(  303): SecCameraCoreManager destroyed: after mHardware.clear()
I/SecExternalDisplayIntents_Java(  862): Intent Recieved ..  -com.sec.android.app.camera.ACTION_STOP_CAMERABroadCast Map value - 4
D/TP/MmsProvider( 2672): Query uri=content://mms/2843/addr, match=13, calling pid = 8122
V/MenuResourceDepot( 6411): clearing : 1
D/SensorManager(  862): unregisterListener ::   
V/MediaPlayer(  303): disconnect
V/MediaPlayerService(  303): disconnect(2792) from pid 6411
V/StagefrightPlayer(  303): reset
V/AwesomePlayer(  303): reset_l()
V/AwesomePlayer(  303): notifyListner_l() msg (8-MEDIA_STOPPED), ext1 (0), ext2 (0)
V/AwesomePlayer(  303): cancelPlayerEvents (keepNotifications=0)
V/AwesomePlayer(  303): mAudioTrackVector clear
V/AwesomePlayer(  303): reset_l() stop AudioSource since AudioPlayer not exist
I/OMXCodec(  303): [OMX.google.vorbis.decoder] stop mState=4
I/OMXCodec(  303): [OMX.google.vorbis.decoder] stop() sendCommand(0x21a7, OMX_CommandStateSet, OMX_StateIdle)
I/OMXCodec(  303): [OMX.google.vorbis.decoder] Now Idle. Component sends idle done Event 
I/OMXCodec(  303): [OMX.google.vorbis.decoder] stopOmxComponent_l() mstate = 1
I/OggExtractor(  303): OggSource::stop() mExtractor ref count = 1
I/OggExtractor(  303): OggSource::~OggSource() mExtractor !mStarted ref count = 1
I/OggExtractor(  303): ~OggSource --
I/OggExtractor(  303): ~OggExtractor ++
I/OggExtractor(  303): ~MyVorbisExtractor ++ 
I/OggExtractor(  303): ~MyVorbisExtractor --
I/OggExtractor(  303): ~OggExtractor --
V/AwesomePlayer(  303): reset_l() mAudioPlayer successfully deleted
I/SecVideoCapture(  303): SecVideoCapture destructor
I/SecVideoCapture(  303): reset
V/AwesomePlayer(  303): mSecCapture clear
I/SecMediaClock(  303): SecMediaClock destructor
V/AwesomePlayer(  303): mSecMediaClock clear
V/StagefrightPlayer(  303): ~StagefrightPlayer
V/StagefrightPlayer(  303): reset
V/AwesomePlayer(  303): reset_l()
V/AwesomePlayer(  303): notifyListner_l() msg (8-MEDIA_STOPPED), ext1 (0), ext2 (0)
V/AwesomePlayer(  303): cancelPlayerEvents (keepNotifications=0)
V/AwesomePlayer(  303): mAudioTrackVector clear
V/AwesomePlayer(  303): reset_l() mAudioPlayer successfully deleted
V/AwesomePlayer(  303): mSecCapture clear
V/AwesomePlayer(  303): mSecMediaClock clear
V/AwesomePlayer(  303): destructor
V/AwesomePlayer(  303): reset_l()
V/AwesomePlayer(  303): notifyListner_l() msg (8-MEDIA_STOPPED), ext1 (0), ext2 (0)
V/AwesomePlayer(  303): cancelPlayerEvents (keepNotifications=0)
V/AwesomePlayer(  303): mAudioTrackVector clear
V/AwesomePlayer(  303): reset_l() mAudioPlayer successfully deleted
V/AwesomePlayer(  303): mSecCapture clear
V/AwesomePlayer(  303): mSecMediaClock clear
V/MediaPlayerService(  303): Client(2792) destructor pid = 6411
V/AudioSink(  303): close
V/AudioSink(  303): --- close
V/MediaPlayerService(  303): disconnect(2792) from pid 6411
V/MediaPlayer(  303): destructor
V/MediaPlayer(  303): disconnect
V/MediaPlayer(  303): disconnect
E/Sensors (  862): Acc old sensor_state 1, new sensor_state : 0 en : 0
V/MediaPlayerService(  303): disconnect(2793) from pid 6411
V/StagefrightPlayer(  303): reset
V/AwesomePlayer(  303): reset_l()
V/AwesomePlayer(  303): notifyListner_l() msg (8-MEDIA_STOPPED), ext1 (0), ext2 (0)
V/AwesomePlayer(  303): cancelPlayerEvents (keepNotifications=0)
V/AwesomePlayer(  303): mAudioTrackVector clear
D/AudioPlayer(  303): reset: mPlaying=0 mReachedEOS=1 useOffload=0
V/AudioSink(  303): stop
V/AudioSink(  303): flush
V/AudioSink(  303): close
V/AudioSink(  303): --- close
I/OMXCodec(  303): [OMX.google.vorbis.decoder] stop mState=4
V/AudioPolicyManager_legacy(  303): releaseOutput() 2
I/OMXCodec(  303): [OMX.google.vorbis.decoder] stop() sendCommand(0x21a8, OMX_CommandStateSet, OMX_StateIdle)
I/OMXCodec(  303): [OMX.google.vorbis.decoder] Now Idle. Component sends idle done Event 
I/OMXCodec(  303): [OMX.google.vorbis.decoder] stopOmxComponent_l() mstate = 1
I/OggExtractor(  303): OggSource::stop() mExtractor ref count = 1
I/OggExtractor(  303): OggSource::~OggSource() mExtractor !mStarted ref count = 1
I/OggExtractor(  303): ~OggSource --
I/OggExtractor(  303): ~OggExtractor ++
I/OggExtractor(  303): ~MyVorbisExtractor ++ 
I/OggExtractor(  303): ~MyVorbisExtractor --
I/OggExtractor(  303): ~OggExtractor --
D/SensorManager( 6411): unregisterListener ::   
D/TP/MmsProvider( 2672): Query uri=content://mms/2841/addr, match=13, calling pid = 8122
D/Camera2 ( 6411): setmDNIeUIMode : 0
I/AudioPlayer(  303): reset out
V/AwesomePlayer(  303): reset_l() mAudioPlayer successfully deleted
I/SecVideoCapture(  303): SecVideoCapture destructor
I/SecVideoCapture(  303): reset
V/AwesomePlayer(  303): mSecCapture clear
I/SecMediaClock(  303): SecMediaClock destructor
V/AwesomePlayer(  303): mSecMediaClock clear
V/StagefrightPlayer(  303): ~StagefrightPlayer
V/StagefrightPlayer(  303): reset
V/AwesomePlayer(  303): reset_l()
V/AwesomePlayer(  303): notifyListner_l() msg (8-MEDIA_STOPPED), ext1 (0), ext2 (0)
V/AwesomePlayer(  303): cancelPlayerEvents (keepNotifications=0)
V/AwesomePlayer(  303): mAudioTrackVector clear
V/AwesomePlayer(  303): reset_l() mAudioPlayer successfully deleted
V/AwesomePlayer(  303): mSecCapture clear
V/AwesomePlayer(  303): mSecMediaClock clear
V/AwesomePlayer(  303): destructor
V/AwesomePlayer(  303): reset_l()
V/AwesomePlayer(  303): notifyListner_l() msg (8-MEDIA_STOPPED), ext1 (0), ext2 (0)
V/AwesomePlayer(  303): cancelPlayerEvents (keepNotifications=0)
V/AwesomePlayer(  303): mAudioTrackVector clear
V/AwesomePlayer(  303): reset_l() mAudioPlayer successfully deleted
V/AwesomePlayer(  303): mSecCapture clear
V/AwesomePlayer(  303): mSecMediaClock clear
V/MediaPlayerService(  303): Client(2793) destructor pid = 6411
V/AudioSink(  303): close
V/AudioSink(  303): --- close
V/MediaPlayerService(  303): disconnect(2793) from pid 6411
V/MediaPlayer(  303): destructor
V/MediaPlayer(  303): disconnect
V/MediaPlayer(  303): disconnect
V/MediaPlayerService(  303): disconnect(2794) from pid 6411
V/StagefrightPlayer(  303): reset
V/AwesomePlayer(  303): reset_l()
V/AwesomePlayer(  303): notifyListner_l() msg (8-MEDIA_STOPPED), ext1 (0), ext2 (0)
V/AwesomePlayer(  303): addBatteryData
V/AwesomePlayer(  303): cancelPlayerEvents (keepNotifications=0)
V/AwesomePlayer(  303): mAudioTrackVector clear
D/AudioPlayer(  303): reset: mPlaying=1 mReachedEOS=0 useOffload=0
V/AudioSink(  303): stop
V/AudioSink(  303): flush
V/AudioSink(  303): close
V/AudioSink(  303): --- close
I/OMXCodec(  303): [OMX.google.vorbis.decoder] stop mState=4
I/OMXCodec(  303): [OMX.google.vorbis.decoder] stop() sendCommand(0x21aa, OMX_CommandStateSet, OMX_StateIdle)
I/OMXCodec(  303): [OMX.google.vorbis.decoder] Now Idle. Component sends idle done Event 
I/OMXCodec(  303): [OMX.google.vorbis.decoder] stopOmxComponent_l() mstate = 1
I/OggExtractor(  303): OggSource::stop() mExtractor ref count = 1
I/OggExtractor(  303): OggSource::~OggSource() mExtractor !mStarted ref count = 1
I/OggExtractor(  303): ~OggSource --
I/OggExtractor(  303): ~OggExtractor ++
I/OggExtractor(  303): ~MyVorbisExtractor ++ 
I/OggExtractor(  303): ~MyVorbisExtractor --
I/OggExtractor(  303): ~OggExtractor --
I/AudioPlayer(  303): reset out
V/AwesomePlayer(  303): reset_l() mAudioPlayer successfully deleted
I/SecVideoCapture(  303): SecVideoCapture destructor
I/SecVideoCapture(  303): reset
V/AwesomePlayer(  303): mSecCapture clear
I/SecMediaClock(  303): SecMediaClock destructor
V/AwesomePlayer(  303): mSecMediaClock clear
V/StagefrightPlayer(  303): ~StagefrightPlayer
V/StagefrightPlayer(  303): reset
V/AwesomePlayer(  303): reset_l()
V/AwesomePlayer(  303): notifyListner_l() msg (8-MEDIA_STOPPED), ext1 (0), ext2 (0)
V/AwesomePlayer(  303): cancelPlayerEvents (keepNotifications=0)
V/AwesomePlayer(  303): mAudioTrackVector clear
D/TP/MmsProvider( 2672): Query uri=content://mms/2838/addr, match=13, calling pid = 8122
V/AwesomePlayer(  303): reset_l() mAudioPlayer successfully deleted
V/AwesomePlayer(  303): mSecCapture clear
V/AwesomePlayer(  303): mSecMediaClock clear
V/AwesomePlayer(  303): destructor
V/AwesomePlayer(  303): reset_l()
V/AwesomePlayer(  303): notifyListner_l() msg (8-MEDIA_STOPPED), ext1 (0), ext2 (0)
V/AwesomePlayer(  303): cancelPlayerEvents (keepNotifications=0)
V/AwesomePlayer(  303): mAudioTrackVector clear
V/AwesomePlayer(  303): reset_l() mAudioPlayer successfully deleted
V/AwesomePlayer(  303): mSecCapture clear
V/AwesomePlayer(  303): mSecMediaClock clear
V/MediaPlayerService(  303): Client(2794) destructor pid = 6411
V/AudioSink(  303): close
V/AudioSink(  303): --- close
V/MediaPlayerService(  303): disconnect(2794) from pid 6411
V/MediaPlayer(  303): destructor
V/MediaPlayer(  303): disconnect
D/TP/MmsProvider( 2672): Query uri=content://mms/2836/addr, match=13, calling pid = 8122
D/TP/MmsProvider( 2672): Query uri=content://mms/2833/addr, match=13, calling pid = 8122
D/TP/MmsProvider( 2672): Query uri=content://mms/2831/addr, match=13, calling pid = 8122
D/TP/MmsProvider( 2672): Query uri=content://mms/2828/addr, match=13, calling pid = 8122
D/TP/MmsProvider( 2672): Query uri=content://mms/2829/addr, match=13, calling pid = 8122
D/TP/MmsProvider( 2672): Query uri=content://mms/2818/addr, match=13, calling pid = 8122
D/PowerManagerService(  862): [api] release WakeLock flags=0xa tag=Camera2 uid=10170 pid=6411 (0x0)
W/ActivityManager(  862): getTasks: caller 10170 does not hold REAL_GET_TASKS; limiting output
I/Camera2 ( 6411): restoreNfcState : mNfcState = 3, mAndroidBeamState = true
W/ActivityManager(  862): getTasks: caller 10170 does not hold REAL_GET_TASKS; limiting output
E/ActivityManager(  862): checkUser: useridlist=null, currentuser=0
E/ActivityManager(  862): checkUser: useridlist=null, currentuser=0
E/ActivityManager(  862): checkUser: useridlist=null, currentuser=0
E/ActivityManager(  862): checkUser: useridlist=null, currentuser=0
E/Zygote  ( 8216): MountEmulatedStorage()
E/Zygote  ( 8216): v2
I/SELinux ( 8216): Function: selinux_compare_spd_ram, SPD-policy is existed. and_ver=SEPF_SAMSUNG-SGH-I337_5.0.1-1 ver=51
I/libpersona( 8216): KNOX_SDCARD checking this for 10170
I/libpersona( 8216): KNOX_SDCARD not a persona
I/SELinux ( 8216): Function: selinux_compare_spd_ram , priority [1] , priority version is VE=SEPF_SAMSUNG-SGH-I337_5.0.1-1_0051
E/SELinux ( 8216): [DEBUG] get_category: variable seinfo: platform sensitivity: NULL, cateogry: NULL
V/CeRequestQueue( 6411): startFirstRequest
D/TP/MmsProvider( 2672): Query uri=content://mms/2816/addr, match=13, calling pid = 8122
I/ActivityManager(  862): Start proc com.sec.android.app.camera:CropImage for activity com.sec.android.app.camera/.CropImage: pid=8216 uid=10170 gids={50170, 9997, 1028, 1015, 3003, 1023} abi=armeabi-v7a
D/PowerManagerService(  862): [api] [s] userActivity : event: 0 flags: 0 (uid: 1000 pid: 862) eventTime = 1535337908
D/PowerManagerService(  862): [api] release WakeLock flags=0x2000000a tag=WindowManager uid=1000 pid=862 (0x0)
D/PowerManagerService(  862): [api] applyWakeLockFlagsOnReleaseLocked : userActivityNoUpdateLocked is called : SCREEN_BRIGHT_WAKE_LOCK        'WindowManager' ON_AFTER_RELEASE (uid=1000, pid=862, ws=WorkSource{10170}) (elapsedTime=6175)
D/TP/MmsProvider( 2672): Query uri=content://mms/2814/addr, match=13, calling pid = 8122
I/art     (  315): Explicit concurrent mark sweep GC freed 8701(370KB) AllocSpace objects, 0(0B) LOS objects, 39% free, 15MB/25MB, paused 335us total 20.019ms
D/TP/MmsProvider( 2672): Query uri=content://mms/2812/addr, match=13, calling pid = 8122
V/WindowOrientationListener(  862): mSContextAutoRotationListener.getProposedRotation, mbResultFaceDectection: false
V/WindowOrientationListener(  862): mSContextAutoRotationListener.getProposedRotation, Rotation: -1
V/WindowOrientationListener(  862): mSContextAutoRotationListener.getProposedRotation, mbResultFaceDectection: false
V/WindowOrientationListener(  862): mSContextAutoRotationListener.getProposedRotation, Rotation: -1
V/WindowManager(  862): rotationForOrientationLw(orient=-1, last=1); user=0 USER_ROTATION_LOCKED sensorRotation=-1 mLidState=-1 mDockMode=0 mHdmiPlugged=false
D/SamsungWindowManager(  862): setRotationLw() : rotation=0
D/CustomFrequencyManagerService(  862): acquireDVFSLockLocked : type : DVFS_MIN_LIMIT  frequency : 1890000  uid : 1000  pid : 862  pkgName : ROTATION_BOOSTER@37
D/InputDispatcher(  862): setInputDispatchMode: enabled=1, frozen=1
I/art     (  315): Explicit concurrent mark sweep GC freed 5(160B) AllocSpace objects, 0(0B) LOS objects, 39% free, 15MB/25MB, paused 244us total 15.441ms
V/AudioPolicyManager_legacy(  303): stopOutput() output 2, stream 7, session 4067
V/AudioPolicyManager_legacy(  303): changeRefCount() stream 7, count 0
V/AudioPolicyManager_legacy(  303): getNewOutputDevice() selected device 0
V/AudioPolicyManager_legacy(  303): setOutputDevice() output 2 device 0000 delayMs 192
V/AudioPolicyManager_legacy(  303): setOutputDevice() prevDevice 0002
V/AudioPolicyManager_legacy(  303): setOutputDevice() setting same device 0000 or null device for output 2
I/art     (  315): Explicit concurrent mark sweep GC freed 5(160B) AllocSpace objects, 0(0B) LOS objects, 39% free, 15MB/25MB, paused 335us total 14.282ms
V/AudioPolicyManager_legacy(  303): releaseOutput() 2
I/ActivityManager(  862): Config changes=480 {0 1.0 310mcc410mnc en_US ldltr sw360dp w360dp h615dp 480dpi nrml long port finger -keyb/v/h -nav/h s.258}
I/InputReader(  862): Reconfiguring input devices.  changes=0x00000004
I/InputReader(  862): Device reconfigured: id=10, name='sec_touchscreen', size 1080x1920, orientation 0, mode 1, display id 0
D/TextEntryState( 7318): State = START
D/ASK_KF  ( 7318): getAllAddOns has 3 add on for com.anysoftkeyboard.keyboards.KeyboardFactory
D/ASK_KF  ( 7318): getAllAddOns will return 3 add on for com.anysoftkeyboard.keyboards.KeyboardFactory
I/ASK_KF  ( 7318): Creating enabled addons list. I have a total of 3 addons
D/ASK_KF  ( 7318): Factory provided addon: keyboard_c7535083-4fe6-49dc-81aa-c5438a1a343a
D/Recents_AlternateRecentsComponent( 2470): reloadHeaderBarLayout is getting called
D/MultiPhoneWindow( 3102): onMultiWindowConfigurationChanged com.android.incallui/com.android.incallui.InCallActivityoldRect=Rect(0, 0 - 1920, 1080)
D/StatusBarManagerService(  862): manageDisableList userId=0 what=0x0 pkg=WindowManager.LayoutParams
D/Recents_TaskViewHeader( 2470): onFinishInflate
D/VolumePanel( 2470): ===== Start onConfigurationChanged =====
D/VolumePanel( 2470): onConfigurationChanged : call updateLayout
D/VolumePanel( 2470): ===== Start updateLayout =====
D/VolumePanel( 2470): updateLayout : lp.width = 951, lp.y = 129
D/ResourcesManager(  862): creating new AssetManager and set to /system/app/Swype/Swype.apk
D/StatusBar-QSPanel( 2470): updateButtonInfo mButtonWidth : 206 mColumns:5 orien: 1 displayWidth:1032
D/KeyguardUpdateMonitor( 2470): updateCMASText( show = false )
W/Settings( 2470): Setting airplane_mode_on has moved from android.provider.Settings.System to android.provider.Settings.Global, returning read-only value.
D/ResourcesManager(  862): creating new AssetManager and set to /system/app/SamsungIME/SamsungIME.apk
D/PanelView( 2470): There is/are notification(s) 
D/PanelView( 2470): onConfigurationChanged
D/PanelView( 2470): mQsDetailviewPanelHeight : 1371
D/StatusBar-QSPanel( 2470): setSingleLine:true
D/StatusBar-QSPanel( 2470): updateButtonInfo mButtonWidth : 206 mColumns:5 orien: 1 displayWidth:1032
D/StatusBar-QSPanel( 2470): setSingleLine height:0
E/SmartFaceService(  862): onReceive: android.intent.action.CONFIGURATION_CHANGED
E/SmartFaceService(  862): mFolderCoverOpened: (true, true) -> true
D/STATUSBAR-QSTileView( 2470): dynamicallyReduceTextSize: 206
D/STATUSBAR-QSTileView( 2470): dynamicallyReduceTextSize: 206
D/STATUSBAR-QSTileView( 2470): dynamicallyReduceTextSize: 206
D/STATUSBAR-QSTileView( 2470): dynamicallyReduceTextSize: 206
D/STATUSBAR-QSTileView( 2470): dynamicallyReduceTextSize: 206
D/GestureService(28998): deviceConditionChangeReceiver: onReceive - android.intent.action.CONFIGURATION_CHANGED
D/TP/MmsProvider( 2672): Query uri=content://mms/2810/addr, match=13, calling pid = 8122
I/QCameraHWI(  303): set_gamma_thread: X
D/STATUSBAR-QSTileView( 2470): dynamicallyReduceTextSize: 206
D/STATUSBAR-QSTileView( 2470): dynamicallyReduceTextSize: 206
D/STATUSBAR-QSTileView( 2470): dynamicallyReduceTextSize: 206
D/STATUSBAR-QSTileView( 2470): dynamicallyReduceTextSize: 206
D/STATUSBAR-QSTileView( 2470): dynamicallyReduceTextSize: 206
D/STATUSBAR-QSTileView( 2470): dynamicallyReduceTextSize: 206
D/STATUSBAR-QSTileView( 2470): dynamicallyReduceTextSize: 206
D/STATUSBAR-QSTileView( 2470): dynamicallyReduceTextSize: 206
D/STATUSBAR-QSTileView( 2470): dynamicallyReduceTextSize: 206
D/STATUSBAR-QSTileView( 2470): dynamicallyReduceTextSize: 206
D/STATUSBAR-QSTileView( 2470): dynamicallyReduceTextSize: 206
D/STATUSBAR-QSTileView( 2470): dynamicallyReduceTextSize: 206
D/STATUSBAR-QSTileView( 2470): dynamicallyReduceTextSize: 206
D/STATUSBAR-QSTileView( 2470): dynamicallyReduceTextSize: 206
D/STATUSBAR-QSTileView( 2470): dynamicallyReduceTextSize: 206
W/ContextImpl(28998): Calling a method in the system process without a qualified user: android.app.ContextImpl.sendStickyBroadcast:1866 android.content.ContextWrapper.sendStickyBroadcast:463 com.samsung.android.app.gestureservice.GestureService.updateStatusBar:826 com.samsung.android.app.gestureservice.GestureService.access$1300:40 com.samsung.android.app.gestureservice.GestureService$2.onReceive:242 
D/ResourcesManager(  862): creating new AssetManager and set to /data/app/com.google.android.googlequicksearchbox-1/base.apk
D/ResourcesManager( 8216): creating new AssetManager and set to /system/app/SamsungCamera2/SamsungCamera2.apk
W/ResourcesManager( 8216): Asset path '/system/framework/secmediarecorder.jar' does not exist or contains no resources.
W/ResourcesManager( 8216): Asset path '/system/framework/sechardware.jar' does not exist or contains no resources.
W/ResourcesManager( 8216): Asset path '/system/framework/sec_feature.jar' does not exist or contains no resources.
W/ResourcesManager( 8216): Asset path '/system/framework/seccamera.jar' does not exist or contains no resources.
W/ResourcesManager( 8216): Asset path '/system/framework/secvision.jar' does not exist or contains no resources.
D/StatusBar.NetworkController( 2470): refreshViews connected={ wifi } level=2 combinedSignalIconId=0x7f02051b/com.android.systemui:drawable/stat_sys_wifi_signal_3 mobileLabel=AT&T wifiLabel="UO Secure"xxxxXXXXxxxxXXXX emergencyOnly=false combinedLabel="UO Secure"xxxxXXXXxxxxXXXX mAirplaneMode=false mDataActivity=3 mPhoneSignalIconId=0x7f020610/com.android.systemui:drawable/tw_stat_sys_5_level_signal_2 mQSPhoneSignalIconId=0x7f02012a/com.android.systemui:drawable/ic_qs_signal_2 mDataDirectionIconId=0x0/(null) mDataSignalIconId=0x7f020610/com.android.systemui:drawable/tw_stat_sys_5_level_signal_2 mDataTypeIconId=0x7f02032e/com.android.systemui:drawable/stat_sys_data_connected_lte_att mQSDataTypeIconId=0x0/(null) mNoSimIconId=0x0/(null) mWifiIconId=0x7f02051b/com.android.systemui:drawable/stat_sys_wifi_signal_3 mQSWifiIconId=0x7f020142/com.android.systemui:drawable/ic_qs_wifi_3 mWifiActivityIconId=0x7f0204ed/com.android.systemui:drawable/stat_sys_signal_in mBluetoothTetherIconId=0x10808cc/android:drawable/stat_sys_tether_bluetooth
D/STATUSBAR-WifiQuickSettingButton( 2470): onWifiSignalChanged enabled=true enabledDesc:"UO Secure"
E/Diag_Lib( 8232):  Diag_LSM_Init: Failed to open handle to diag driver, error = 2
D/ResourcesManager(  862): creating new AssetManager and set to /data/app/com.menny.android.anysoftkeyboard-1/base.apk
W/InputMethodInfo(  862): Duplicated subtype definition found: , voice
D/TP/MmsProvider( 2672): Query uri=content://mms/2808/addr, match=13, calling pid = 8122
D/TP/MmsProvider( 2672): Query uri=content://mms/2805/addr, match=13, calling pid = 8122
D/TP/MmsProvider( 2672): Query uri=content://mms/2778/addr, match=13, calling pid = 8122
D/TP/MmsProvider( 2672): Query uri=content://mms/2775/addr, match=13, calling pid = 8122
D/TP/MmsProvider( 2672): Query uri=content://mms/2773/addr, match=13, calling pid = 8122
D/TP/MmsProvider( 2672): Query uri=content://mms/2770/addr, match=13, calling pid = 8122
D/PanelView( 2470): mClearAll.setVisibility - mIsFullyOpened : false isShade : true mHasNotification : true mIsUpwardFling : false mQsFullyExpanded : true isShadeLocked : false mClearAllVisible : true
D/TP/MmsProvider( 2672): Query uri=content://mms/2767/addr, match=13, calling pid = 8122
D/TP/MmsProvider( 2672): Query uri=content://mms/2765/addr, match=13, calling pid = 8122
D/TP/MmsProvider( 2672): Query uri=content://mms/2763/addr, match=13, calling pid = 8122
D/TP/MmsProvider( 2672): Query uri=content://mms/2761/addr, match=13, calling pid = 8122
D/TP/MmsProvider( 2672): Query uri=content://mms/2759/addr, match=13, calling pid = 8122
D/TP/MmsProvider( 2672): Query uri=content://mms/2757/addr, match=13, calling pid = 8122
D/TP/MmsProvider( 2672): Query uri=content://mms/2755/addr, match=13, calling pid = 8122
D/TP/MmsProvider( 2672): Query uri=content://mms/2752/addr, match=13, calling pid = 8122
D/TP/MmsProvider( 2672): Query uri=content://mms/2750/addr, match=13, calling pid = 8122
D/Activity( 8216): performCreate Call secproduct feature valuefalse
D/Activity( 8216): performCreate Call debug elastic valuetrue
D/skia    ( 8216): --- SkImageDecoder::Factory returned null
D/TP/MmsProvider( 2672): Query uri=content://mms/2748/addr, match=13, calling pid = 8122
V/MediaPlayerService(  303): Create new media retriever from pid 8216
D/TP/MmsProvider( 2672): Query uri=content://mms/2745/addr, match=13, calling pid = 8122
D/TP/MmsProvider( 2672): Query uri=content://mms/2690/addr, match=13, calling pid = 8122
D/TP/MmsProvider( 2672): Query uri=content://mms/2687/addr, match=13, calling pid = 8122
D/TP/MmsProvider( 2672): Query uri=content://mms/2685/addr, match=13, calling pid = 8122
D/TP/MmsProvider( 2672): Query uri=content://mms/2682/addr, match=13, calling pid = 8122
D/TP/MmsProvider( 2672): Query uri=content://mms/2680/addr, match=13, calling pid = 8122
D/TP/MmsProvider( 2672): Query uri=content://mms/2678/addr, match=13, calling pid = 8122
D/TP/MmsProvider( 2672): Query uri=content://mms/2675/addr, match=13, calling pid = 8122
D/TP/MmsProvider( 2672): Query uri=content://mms/2673/addr, match=13, calling pid = 8122
D/TP/MmsProvider( 2672): Query uri=content://mms/2671/addr, match=13, calling pid = 8122
D/TP/MmsProvider( 2672): Query uri=content://mms/2668/addr, match=13, calling pid = 8122
D/TP/MmsProvider( 2672): Query uri=content://mms/2666/addr, match=13, calling pid = 8122
D/TP/MmsProvider( 2672): Query uri=content://mms/2662/addr, match=13, calling pid = 8122
D/TP/MmsProvider( 2672): Query uri=content://mms/2659/addr, match=13, calling pid = 8122
D/TP/MmsProvider( 2672): Query uri=content://mms/2656/addr, match=13, calling pid = 8122
D/TP/MmsProvider( 2672): Query uri=content://mms/2654/addr, match=13, calling pid = 8122
D/TP/MmsProvider( 2672): Query uri=content://mms/2652/addr, match=13, calling pid = 8122
D/TP/MmsProvider( 2672): Query uri=content://mms/2649/addr, match=13, calling pid = 8122
I/art     ( 2672): Explicit concurrent mark sweep GC freed 5391(224KB) AllocSpace objects, 0(0B) LOS objects, 39% free, 19MB/32MB, paused 823us total 35.858ms
D/TP/MmsProvider( 2672): Query uri=content://mms/2650/addr, match=13, calling pid = 8122
D/TP/MmsProvider( 2672): Query uri=content://mms/2646/addr, match=13, calling pid = 8122
D/TP/MmsProvider( 2672): Query uri=content://mms/2642/addr, match=13, calling pid = 8122
D/TP/MmsProvider( 2672): Query uri=content://mms/2640/addr, match=13, calling pid = 8122
D/TP/MmsProvider( 2672): Query uri=content://mms/2638/addr, match=13, calling pid = 8122
D/TP/MmsProvider( 2672): Query uri=content://mms/2633/addr, match=13, calling pid = 8122
D/TP/MmsProvider( 2672): Query uri=content://mms/2635/addr, match=13, calling pid = 8122
D/Mms/BubbleViewCache( 8122): fillCache bubble = 8
D/TP/MmsProvider( 2672): Query uri=content://mms/2634/addr, match=13, calling pid = 8122
D/Mms/MmsApp( 8122): [start]    onConfigurationChanged(), newConfig = {0 1.0 310mcc410mnc en_US ldltr sw360dp w360dp h615dp 480dpi nrml long port finger -keyb/v/h -nav/h s.258} consume time = 589.111328
D/Mms/MmsApp( 8122): [end]    onConfigurationChanged(), newConfig = {0 1.0 310mcc410mnc en_US ldltr sw360dp w360dp h615dp 480dpi nrml long port finger -keyb/v/h -nav/h s.258} consume time = 0.12207
D/TP/MmsProvider( 2672): Query uri=content://mms/2626/addr, match=13, calling pid = 8122
D/TP/MmsProvider( 2672): Query uri=content://mms/2624/addr, match=13, calling pid = 8122
D/skia    ( 8216): --- SkImageDecoder::Factory returned null
D/TP/MmsProvider( 2672): Query uri=content://mms/2622/addr, match=13, calling pid = 8122
D/OpenGLRenderer( 8216): Render dirty regions requested: true
D/TP/MmsProvider( 2672): Query uri=content://mms/2620/addr, match=13, calling pid = 8122
D/ActivityManager(  862): post active user change for 0
D/KnoxTimeoutHandler(  862): postActiveUserChange for user 0
D/TP/MmsProvider( 2672): Query uri=content://mms/2618/addr, match=13, calling pid = 8122
I/SurfaceFlinger(  273): SF.. call setExternalOrientation ret -22, orient=0
I/SecExternalDisplayIntents_Java(  862): Intent Recieved ..  -com.samsung.android.app.camera.RVFBroadCast Map value - 5
D/TP/MmsProvider( 2672): Query uri=content://mms/2616/addr, match=13, calling pid = 8122
D/TP/MmsProvider( 2672): Query uri=content://mms/2613/addr, match=13, calling pid = 8122
V/ActivityManager(  862): Display changed displayId=0
D/TP/MmsProvider( 2672): Query uri=content://mms/2611/addr, match=13, calling pid = 8122
D/TP/MmsProvider( 2672): Query uri=content://mms/2609/addr, match=13, calling pid = 8122
W/Settings(  862): Setting tether_dun_required has moved from android.provider.Settings.System to android.provider.Settings.Global
D/SettingsProvider(  862): name = tether_dun_required
D/AudioService(  862): cameraSoundForced : false mCameraSoundForced : false
D/KnoxTimeoutHandler(  862): handleActiveUserChange for user 0
D/VolumePanel( 2470): updateSliderProgress : progress = -1
V/AudioPolicyManager_legacy(  303): getOutputsForDevice device 0002 -> 0002
I/AudioService(  862): getStreamVolume 2 index 0
D/VolumePanel( 2470): updateSliderProgress : progress = -1
I/AudioService(  862): getStreamVolume 3 index 0
D/PointerIcon(  862): setMouseIconStyle1 pointerType: 1001iconType:101 flag:0
D/PointerIcon(  862): setMouseCustomIcon IconType is same.101
D/PointerIcon(  862): setHoveringSpenIconStyle1 pointerType: 10001iconType:1 flag:0
D/PointerIcon(  862): setHoveringSpenCustomIcon IconType is same.1
I/AudioService(  862): getStreamVolume 3 index 0
D/VolumePanel( 2470): updateSliderProgress : progress = -1
V/AudioPolicyManager_legacy(  303): getOutputsForDevice device 0002 -> 0002
I/AudioService(  862): getStreamVolume 5 index 0
I/Adreno-EGL( 8216): <qeglDrvAPI_eglInitialize:410>: EGL 1.4 QUALCOMM build:  ()
I/Adreno-EGL( 8216): OpenGL ES Shader Compiler Version: E031.25.03.06
I/Adreno-EGL( 8216): Build Date: 01/24/15 Sat
I/Adreno-EGL( 8216): Local Branch: AF11_RB1_AU15
I/Adreno-EGL( 8216): Remote Branch: 
I/Adreno-EGL( 8216): Local Patches: 
I/Adreno-EGL( 8216): Reconstruct Branch: 
D/VolumePanel( 2470): updateSliderProgress : progress = -1
D/TP/MmsProvider( 2672): Query uri=content://mms/2607/addr, match=13, calling pid = 8122
I/AudioService(  862): getStreamVolume 1 index 40
I/OpenGLRenderer( 8216): Initialized EGL, version 1.4
D/TP/MmsProvider( 2672): Query uri=content://mms/2605/addr, match=13, calling pid = 8122
D/TP/MmsProvider( 2672): Query uri=content://mms/2603/addr, match=13, calling pid = 8122
D/TP/MmsProvider( 2672): Query uri=content://mms/2601/addr, match=13, calling pid = 8122
D/TP/MmsProvider( 2672): Query uri=content://mms/2598/addr, match=13, calling pid = 8122
D/OpenGLRenderer( 8216): Enabling debug mode 0
D/TP/MmsProvider( 2672): Query uri=content://mms/2596/addr, match=13, calling pid = 8122
D/TP/MmsProvider( 2672): Query uri=content://mms/2593/addr, match=13, calling pid = 8122
D/TP/MmsProvider( 2672): Query uri=content://mms/2591/addr, match=13, calling pid = 8122
D/TP/MmsProvider( 2672): Query uri=content://mms/2588/addr, match=13, calling pid = 8122
D/TP/MmsProvider( 2672): Query uri=content://mms/2586/addr, match=13, calling pid = 8122
D/TP/MmsProvider( 2672): Query uri=content://mms/2584/addr, match=13, calling pid = 8122
D/TP/MmsProvider( 2672): Query uri=content://mms/2582/addr, match=13, calling pid = 8122
D/InputMethodManagerService(  862): windowGainedFocus mCurrentFocusedUserId - 0 and mSecureKeypadEnabled-false
D/TP/MmsProvider( 2672): Query uri=content://mms/2580/addr, match=13, calling pid = 8122
D/TP/MmsProvider( 2672): Query uri=content://mms/2577/addr, match=13, calling pid = 8122
W/ContextImpl(  862): Calling a method in the system process without a qualified user: android.app.ContextImpl.sendBroadcast:1699 com.android.server.InputMethodManagerService$6.run:2734 java.lang.Thread.run:818 <bottom of call stack> <bottom of call stack> 
I/art     (  862): Explicit concurrent mark sweep GC freed 13390(613KB) AllocSpace objects, 1(16KB) LOS objects, 16% free, 80MB/96MB, paused 3.021ms total 220.855ms
I/Timeline( 8216): Timeline: Activity_idle id: android.os.BinderProxy@1963c98f time:1535338760
W/IInputConnectionWrapper( 6411): showStatusIcon on inactive InputConnection
D/Log     ( 7318): clearBuffers 1
D/Log     ( 7318): clearBuffers 2
D/Log     ( 7318): We are in saveBuffer line 235
D/Log     ( 7318): this is in write to file, LogManager
D/Log     ( 7318): clearBuffers 3
D/TP/MmsProvider( 2672): Query uri=content://mms/2575/addr, match=13, calling pid = 8122
D/GestureService(28998): serviceOnOffReceiver: onReceive - ResponseAxT9Info
V/GestureService(28998): enableService!!!!
E/GestureService(28998): updateFlags started
V/GestureService(28998): ================== GestureService Listener List ==================
E/GestureService(28998): bVertical = false
E/GestureService(28998): bHorizontal = false
E/GestureService(28998): bHorizontalWave = false
D/TP/MmsProvider( 2672): Query uri=content://mms/2572/addr, match=13, calling pid = 8122
W/ContextImpl(28998): Calling a method in the system process without a qualified user: android.app.ContextImpl.sendStickyBroadcast:1866 android.content.ContextWrapper.sendStickyBroadcast:463 com.samsung.android.app.gestureservice.GestureService.updateStatusBar:826 com.samsung.android.app.gestureservice.GestureService.enableService:967 com.samsung.android.app.gestureservice.GestureService.access$1800:40 
I/ActivityManager(  862): Displayed Component not be shown by security: +899ms
I/Timeline(  862): Timeline: Activity_windows_visible id: ActivityRecord{36f89de6 u0 com.sec.android.app.camera/.CropImage t10349} time:1535338783
D/TP/MmsProvider( 2672): Query uri=content://mms/2570/addr, match=13, calling pid = 8122
D/CustomFrequencyManagerService(  862): releaseDVFSLockLocked : Getting Lock type frm List : DVFS_MIN_LIMIT  frequency : 1350000  uid : 1000  pid : 862  tag : ACTIVITY_RESUME_BOOSTER@7
W/ActivityManager(  862): mDVFSHelper.release()
D/TextEntryState( 7318): State = START
E/SurfaceFlinger(  273): rejecting buffer: bufWidth=1920, bufHeight=1080, front.active.{w=1080, h=1920}
D/Camera2 ( 6411): setmDNIeUIMode : 0
D/TP/MmsProvider( 2672): Query uri=content://mms/2568/addr, match=13, calling pid = 8122
D/CustomFrequencyManagerService(  862): acquireDVFSLockLocked : type : DVFS_MIN_LIMIT  frequency : 1350000  uid : 1000  pid : 862  pkgName : ACTIVITY_RESUME_BOOSTER@11
I/WindowManager(  862): Screen frozen for +895ms due to Window{2f6e6c3 u0 Starting com.sec.android.app.camera}
D/TP/MmsProvider( 2672): Query uri=content://mms/2565/addr, match=13, calling pid = 8122
D/InputDispatcher(  862): setInputDispatchMode: enabled=1, frozen=0
D/TP/MmsProvider( 2672): Query uri=content://mms/2563/addr, match=13, calling pid = 8122
D/TP/MmsProvider( 2672): Query uri=content://mms/2561/addr, match=13, calling pid = 8122
D/TP/MmsProvider( 2672): Query uri=content://mms/2559/addr, match=13, calling pid = 8122
D/TP/MmsProvider( 2672): Query uri=content://mms/2556/addr, match=13, calling pid = 8122
D/TP/MmsProvider( 2672): Query uri=content://mms/2554/addr, match=13, calling pid = 8122
D/TP/MmsProvider( 2672): Query uri=content://mms/2552/addr, match=13, calling pid = 8122
I/art     ( 8122): Explicit concurrent mark sweep GC freed 12901(691KB) AllocSpace objects, 0(0B) LOS objects, 24% free, 20MB/27MB, paused 427us total 40.802ms
D/TP/MmsProvider( 2672): Query uri=content://mms/2550/addr, match=13, calling pid = 8122
D/TP/MmsProvider( 2672): Query uri=content://mms/2548/addr, match=13, calling pid = 8122
D/KeyguardUpdateMonitor( 2470): received broadcast android.intent.action.BATTERY_CHANGED
D/KeyguardUpdateMonitor( 2470): handleBatteryUpdate
D/TP/MmsProvider( 2672): Query uri=content://mms/2546/addr, match=13, calling pid = 8122
D/BatteryService(  862): !@BatteryListener : batteryPropertiesChanged!
D/BatteryService(  862): level:88, scale:100, status:2, health:2, present:true, voltage: 4200, temperature: 308, technology: Li-ion, AC powered:false, USB powered:true, Wireless powered:false, icon:17303687, invalid charger:0
D/BatteryService(  862): online:6, current avg:1000, charge type:1, power sharing:false, high voltage charger:false, capacity:280000, current_now:1000
D/BatteryService(  862): Sending ACTION_BATTERY_CHANGED.
I/MotionRecognitionService(  862): Plugged
I/MotionRecognitionService(  862): setPowerConnected  = true
D/STATUSBAR-PhoneStatusBar( 2470):  mBrightnessEnablebySettings = true mBrightnessEnablebyBattery = true mBrightnessEnablebyDisableFlag = true mPmsBrightnessEnablebySettings = true
D/SSRM:a  (  862): DeviceInfo:: 000000000000
D/SSRM:a  (  862): SettingsAirViewInfo:: 000000000
D/SSRM:a  (  862): DeviceInfo:: 000000000000
D/SSRM:a  (  862): SettingsAirViewInfo:: 000000000
D/SSRM:a  (  862): DeviceInfo:: 000000000000
D/SSRM:a  (  862): SettingsAirViewInfo:: 000000000
D/TP/MmsProvider( 2672): Query uri=content://mms/2544/addr, match=13, calling pid = 8122
D/TP/MmsProvider( 2672): Query uri=content://mms/2540/addr, match=13, calling pid = 8122
D/TP/MmsProvider( 2672): Query uri=content://mms/2538/addr, match=13, calling pid = 8122
D/TP/MmsProvider( 2672): Query uri=content://mms/2535/addr, match=13, calling pid = 8122
D/BatteryMeterView( 2470): ACTION_BATTERY_CHANGED : level:88 status:2 health:2
D/BatteryMeterView( 2470): ACTION_BATTERY_CHANGED : level:88 status:2 health:2
D/BatteryMeterView( 2470): ACTION_BATTERY_CHANGED : level:88 status:2 health:2
D/SSRM:n  (  862): SIOP:: AP = 450, CUR = 1000
D/TP/MmsProvider( 2672): Query uri=content://mms/2533/addr, match=13, calling pid = 8122
V/ActivityThread( 6411): updateVisibility : ActivityRecord{2a7a3dd5 token=android.os.BinderProxy@36fa47be {com.sec.android.app.camera/com.sec.android.app.camera.Camcorder}} show : false
E/OpenGLRenderer( 6411): SFEffectCache:clear(), mSize = 0
I/art     ( 2672): Explicit concurrent mark sweep GC freed 4627(193KB) AllocSpace objects, 0(0B) LOS objects, 39% free, 19MB/32MB, paused 610us total 35.491ms
D/TP/MmsProvider( 2672): Query uri=content://mms/2531/addr, match=13, calling pid = 8122
D/TP/MmsProvider( 2672): Query uri=content://mms/2529/addr, match=13, calling pid = 8122
D/TP/MmsProvider( 2672): Query uri=content://mms/2526/addr, match=13, calling pid = 8122
D/TP/MmsProvider( 2672): Query uri=content://mms/2523/addr, match=13, calling pid = 8122
D/TP/MmsProvider( 2672): Query uri=content://mms/2521/addr, match=13, calling pid = 8122
D/TP/MmsProvider( 2672): Query uri=content://mms/2518/addr, match=13, calling pid = 8122
