D/TP/MmsProvider( 2672): Query uri=content://mms/3064/addr, match=13, calling pid = 8122
E/mm-camera-intf(  303): mm_camera_cmd_thread: cmd_type : 0
D/QCameraHWI_Record(  303): Timestamp: 1535336 598343000
E/QCameraHWI_Record(  303): Calling video callback:2
D/TP/MmsProvider( 2672): Query uri=content://mms/3061/addr, match=13, calling pid = 8122
E/mm-camera(  285): [LizKK] afd_peak_ctrl_byluma: exp_index 245, exp_tbl_val: 357
E/mm-camera(  285): afd_multiple_peaks max_peaks 3
E/mm-camera(  285): afd_detect_flicker actual_peaks 4
E/mm-camera(  285): afd_detect_bands: flicker 0
E/mm-camera(  285): afd_algo_run: AFD success, std_width -1, flicker_freq 60
E/mm-camera(  285): final_crop: src_w x h 1920 x 1080 src_X x Y 0 x 0
E/mm-camera(  285): sensor_client_set_params: cmd type: 1
D/TP/MmsProvider( 2672): Query uri=content://mms/3059/addr, match=13, calling pid = 8122
E/mm-camera(  285): DO NOT DISTURB frameprocESSING IF MODULES are not ENABLED
E/mm-camera-intf(  303): mm_camera_cmd_thread: cmd_type : 0
D/TP/MmsProvider( 2672): Query uri=content://mms/3056/addr, match=13, calling pid = 8122
E/QCameraHWI_Preview(  303): before mVdisOCR_ModeOn check
D/TP/MmsProvider( 2672): Query uri=content://mms/3054/addr, match=13, calling pid = 8122
E/QCameraHWI_Record(  303): Releasing video frames:2
E/mm-camera-intf(  303): mm_camera_cmd_thread: cmd_type : 0
D/QCameraHWI_Record(  303): Timestamp: 1535336 632248000
E/QCameraHWI_Record(  303): Calling video callback:3
D/TP/MmsProvider( 2672): Query uri=content://mms/3053/addr, match=13, calling pid = 8122
E/mm-camera(  285): final_crop: src_w x h 1920 x 1080 src_X x Y 0 x 0
E/mm-camera(  285): sensor_client_set_params: cmd type: 1
D/TP/MmsProvider( 2672): Query uri=content://mms/3049/addr, match=13, calling pid = 8122
E/mm-camera(  285): DO NOT DISTURB frameprocESSING IF MODULES are not ENABLED
E/mm-camera-intf(  303): mm_camera_cmd_thread: cmd_type : 0
E/QCameraHWI_Preview(  303): before mVdisOCR_ModeOn check
D/TP/MmsProvider( 2672): Query uri=content://mms/3047/addr, match=13, calling pid = 8122
D/TP/MmsProvider( 2672): Query uri=content://mms/3044/addr, match=13, calling pid = 8122
E/QCameraHWI_Record(  303): Releasing video frames:3
E/mm-camera-intf(  303): mm_camera_cmd_thread: cmd_type : 0
D/QCameraHWI_Record(  303): Timestamp: 1535336 666153000
E/QCameraHWI_Record(  303): Calling video callback:4
D/TP/MmsProvider( 2672): Query uri=content://mms/3042/addr, match=13, calling pid = 8122
E/mm-camera(  285): final_crop: src_w x h 1920 x 1080 src_X x Y 0 x 0
E/mm-camera(  285): sensor_client_set_params: cmd type: 1
E/mm-camera(  285): DO NOT DISTURB frameprocESSING IF MODULES are not ENABLED
E/mm-camera-intf(  303): mm_camera_cmd_thread: cmd_type : 0
E/QCameraHWI_Preview(  303): before mVdisOCR_ModeOn check
D/TP/MmsProvider( 2672): Query uri=content://mms/3040/addr, match=13, calling pid = 8122
D/TP/MmsProvider( 2672): Query uri=content://mms/3038/addr, match=13, calling pid = 8122
E/mm-camera-intf(  303): mm_camera_cmd_thread: cmd_type : 0
D/QCameraHWI_Record(  303): Timestamp: 1535336 700089000
E/QCameraHWI_Record(  303): Calling video callback:0
E/QCameraHWI_Record(  303): Releasing video frames:4
D/TP/MmsProvider( 2672): Query uri=content://mms/3036/addr, match=13, calling pid = 8122
E/mm-camera(  285): final_crop: src_w x h 1920 x 1080 src_X x Y 0 x 0
E/mm-camera(  285): sensor_client_set_params: cmd type: 1
E/mm-camera(  285): DO NOT DISTURB frameprocESSING IF MODULES are not ENABLED
E/mm-camera-intf(  303): mm_camera_cmd_thread: cmd_type : 0
E/QCameraHWI_Preview(  303): before mVdisOCR_ModeOn check
D/TP/MmsProvider( 2672): Query uri=content://mms/3033/addr, match=13, calling pid = 8122
D/TP/MmsProvider( 2672): Query uri=content://mms/3030/addr, match=13, calling pid = 8122
D/TP/MmsProvider( 2672): Query uri=content://mms/3028/addr, match=13, calling pid = 8122
E/mm-camera-intf(  303): mm_camera_cmd_thread: cmd_type : 0
D/QCameraHWI_Record(  303): Timestamp: 1535336 733933000
E/QCameraHWI_Record(  303): Releasing video frames:0
E/QCameraHWI_Record(  303): Calling video callback:1
D/TP/MmsProvider( 2672): Query uri=content://mms/3025/addr, match=13, calling pid = 8122
E/mm-camera(  285): final_crop: src_w x h 1920 x 1080 src_X x Y 0 x 0
E/mm-camera(  285): sensor_client_set_params: cmd type: 1
D/TP/MmsProvider( 2672): Query uri=content://mms/3022/addr, match=13, calling pid = 8122
E/mm-camera(  285): DO NOT DISTURB frameprocESSING IF MODULES are not ENABLED
E/mm-camera-intf(  303): mm_camera_cmd_thread: cmd_type : 0
E/QCameraHWI_Preview(  303): before mVdisOCR_ModeOn check
D/TP/MmsProvider( 2672): Query uri=content://mms/3020/addr, match=13, calling pid = 8122
D/TP/MmsProvider( 2672): Query uri=content://mms/3017/addr, match=13, calling pid = 8122
E/QCameraHWI_Record(  303): Releasing video frames:1
E/mm-camera-intf(  303): mm_camera_cmd_thread: cmd_type : 0
D/QCameraHWI_Record(  303): Timestamp: 1535336 767838000
E/QCameraHWI_Record(  303): Calling video callback:2
D/TP/MmsProvider( 2672): Query uri=content://mms/3015/addr, match=13, calling pid = 8122
E/mm-camera(  285): final_crop: src_w x h 1920 x 1080 src_X x Y 0 x 0
D/TP/MmsProvider( 2672): Query uri=content://mms/3013/addr, match=13, calling pid = 8122
E/mm-camera(  285): sensor_client_set_params: cmd type: 1
D/StatusBar.NetworkController( 2470): refreshViews connected={ wifi } level=2 combinedSignalIconId=0x7f02051e/com.android.systemui:drawable/stat_sys_wifi_signal_4 mobileLabel=AT&T wifiLabel="UO Secure"xxxxXXXXxxxxXXXX emergencyOnly=false combinedLabel="UO Secure"xxxxXXXXxxxxXXXX mAirplaneMode=false mDataActivity=3 mPhoneSignalIconId=0x7f020610/com.android.systemui:drawable/tw_stat_sys_5_level_signal_2 mQSPhoneSignalIconId=0x7f02012a/com.android.systemui:drawable/ic_qs_signal_2 mDataDirectionIconId=0x0/(null) mDataSignalIconId=0x7f020610/com.android.systemui:drawable/tw_stat_sys_5_level_signal_2 mDataTypeIconId=0x7f02032e/com.android.systemui:drawable/stat_sys_data_connected_lte_att mQSDataTypeIconId=0x0/(null) mNoSimIconId=0x0/(null) mWifiIconId=0x7f02051e/com.android.systemui:drawable/stat_sys_wifi_signal_4 mQSWifiIconId=0x7f020143/com.android.systemui:drawable/ic_qs_wifi_4 mWifiActivityIconId=0x7f0204ed/com.android.systemui:drawable/stat_sys_signal_in mBluetoothTetherIconId=0x10808cc/android:drawable/stat_sys_tether_bluetooth
D/STATUSBAR-WifiQuickSettingButton( 2470): onWifiSignalChanged enabled=true enabledDesc:"UO Secure"
D/StatusBar.NetworkController( 2470): refreshSignalCluster - setNWBoosterIndicators(false)
D/StatusBar.NetworkController( 2470): applyOpen
E/mm-camera(  285): DO NOT DISTURB frameprocESSING IF MODULES are not ENABLED
D/StatusBar.NetworkController( 2470): refreshSignalCluster - setNWBoosterIndicators(false)
D/StatusBar.NetworkController( 2470): applyOpen
D/TP/MmsProvider( 2672): Query uri=content://mms/3011/addr, match=13, calling pid = 8122
D/StatusBar.NetworkController( 2470): refreshSignalCluster - setNWBoosterIndicators(false)
D/StatusBar.NetworkController( 2470): applyOpen
D/StatusBar.NetworkController( 2470): refreshSignalCluster - setNWBoosterIndicators(false)
D/StatusBar.NetworkController( 2470): applyOpen
E/mm-camera-intf(  303): mm_camera_cmd_thread: cmd_type : 0
E/QCameraHWI_Preview(  303): before mVdisOCR_ModeOn check
D/TP/MmsProvider( 2672): Query uri=content://mms/3008/addr, match=13, calling pid = 8122
E/QCameraHWI_Record(  303): Releasing video frames:2
E/mm-camera-intf(  303): mm_camera_cmd_thread: cmd_type : 0
D/QCameraHWI_Record(  303): Timestamp: 1535336 801743000
E/QCameraHWI_Record(  303): Calling video callback:3
D/TP/MmsProvider( 2672): Query uri=content://mms/3005/addr, match=13, calling pid = 8122
D/TP/MmsProvider( 2672): Query uri=content://mms/3002/addr, match=13, calling pid = 8122
E/mm-camera(  285): final_crop: src_w x h 1920 x 1080 src_X x Y 0 x 0
E/mm-camera(  285): sensor_client_set_params: cmd type: 1
D/TP/MmsProvider( 2672): Query uri=content://mms/3000/addr, match=13, calling pid = 8122
E/mm-camera(  285): DO NOT DISTURB frameprocESSING IF MODULES are not ENABLED
E/mm-camera-intf(  303): mm_camera_cmd_thread: cmd_type : 0
E/QCameraHWI_Preview(  303): before mVdisOCR_ModeOn check
D/TP/MmsProvider( 2672): Query uri=content://mms/2998/addr, match=13, calling pid = 8122
D/TP/MmsProvider( 2672): Query uri=content://mms/2995/addr, match=13, calling pid = 8122
E/QCameraHWI_Record(  303): Releasing video frames:3
D/TP/MmsProvider( 2672): Query uri=content://mms/2993/addr, match=13, calling pid = 8122
E/mm-camera-intf(  303): mm_camera_cmd_thread: cmd_type : 0
D/QCameraHWI_Record(  303): Timestamp: 1535336 835617000
E/QCameraHWI_Record(  303): Calling video callback:4
D/TP/MmsProvider( 2672): Query uri=content://mms/2990/addr, match=13, calling pid = 8122
D/TP/MmsProvider( 2672): Query uri=content://mms/2987/addr, match=13, calling pid = 8122
E/mm-camera(  285): final_crop: src_w x h 1920 x 1080 src_X x Y 0 x 0
E/mm-camera(  285): sensor_client_set_params: cmd type: 1
D/TP/MmsProvider( 2672): Query uri=content://mms/2985/addr, match=13, calling pid = 8122
E/mm-camera(  285): DO NOT DISTURB frameprocESSING IF MODULES are not ENABLED
E/mm-camera-intf(  303): mm_camera_cmd_thread: cmd_type : 0
E/QCameraHWI_Preview(  303): before mVdisOCR_ModeOn check
D/TP/MmsProvider( 2672): Query uri=content://mms/2982/addr, match=13, calling pid = 8122
E/QCameraHWI_Record(  303): Releasing video frames:4
E/mm-camera-intf(  303): mm_camera_cmd_thread: cmd_type : 0
D/QCameraHWI_Record(  303): Timestamp: 1535336 869522000
E/QCameraHWI_Record(  303): Calling video callback:0
E/mm-camera(  285): final_crop: src_w x h 1920 x 1080 src_X x Y 0 x 0
E/mm-camera(  285): sensor_client_set_params: cmd type: 1
E/mm-camera(  285): DO NOT DISTURB frameprocESSING IF MODULES are not ENABLED
E/mm-camera-intf(  303): mm_camera_cmd_thread: cmd_type : 0
E/QCameraHWI_Preview(  303): before mVdisOCR_ModeOn check
E/QCameraHWI_Record(  303): Releasing video frames:0
E/mm-camera-intf(  303): mm_camera_cmd_thread: cmd_type : 0
D/QCameraHWI_Record(  303): Timestamp: 1535336 903427000
E/QCameraHWI_Record(  303): Calling video callback:1
D/InputReader(  862): Input event: value=1
I/InputReader(  862): Touch event's action is 0x0 (deviceType=0) [pCnt=1, s=0.37036 ] when=1535336935654000
I/InputDispatcher(  862): Delivering touch to (6411): action: 0x0, toolType: 1
D/ViewRootImpl( 6411): ViewPostImeInputStage ACTION_DOWN
E/mm-camera(  285): final_crop: src_w x h 1920 x 1080 src_X x Y 0 x 0
E/mm-camera(  285): sensor_client_set_params: cmd type: 1
D/PowerManagerService(  862): [input device light] setInputDeviceLightOn is called : 1
D/PowerManagerService(  862): [input device light] handleInputDeviceLightOn
E/mm-camera(  285): DO NOT DISTURB frameprocESSING IF MODULES are not ENABLED
E/mm-camera-intf(  303): mm_camera_cmd_thread: cmd_type : 0
E/QCameraHWI_Preview(  303): before mVdisOCR_ModeOn check
E/QCameraHWI_Record(  303): Releasing video frames:1
I/art     ( 2672): Explicit concurrent mark sweep GC freed 4806(199KB) AllocSpace objects, 0(0B) LOS objects, 40% free, 19MB/32MB, paused 2.899ms total 78.582ms
E/mm-camera-intf(  303): mm_camera_cmd_thread: cmd_type : 0
D/QCameraHWI_Record(  303): Timestamp: 1535336 937302000
E/QCameraHWI_Record(  303): Calling video callback:2
D/TP/MmsProvider( 2672): Query uri=content://mms/2980/addr, match=13, calling pid = 8122
E/mm-camera(  285): final_crop: src_w x h 1920 x 1080 src_X x Y 0 x 0
E/mm-camera(  285): sensor_client_set_params: cmd type: 1
D/TP/MmsProvider( 2672): Query uri=content://mms/2978/addr, match=13, calling pid = 8122
E/mm-camera(  285): DO NOT DISTURB frameprocESSING IF MODULES are not ENABLED
E/mm-camera-intf(  303): mm_camera_cmd_thread: cmd_type : 0
E/QCameraHWI_Preview(  303): before mVdisOCR_ModeOn check
D/TP/MmsProvider( 2672): Query uri=content://mms/2976/addr, match=13, calling pid = 8122
D/TP/MmsProvider( 2672): Query uri=content://mms/2973/addr, match=13, calling pid = 8122
E/QCameraHWI_Record(  303): Releasing video frames:2
D/TP/MmsProvider( 2672): Query uri=content://mms/2970/addr, match=13, calling pid = 8122
E/mm-camera-intf(  303): mm_camera_cmd_thread: cmd_type : 0
D/QCameraHWI_Record(  303): Timestamp: 1535336 971207000
E/QCameraHWI_Record(  303): Calling video callback:3
D/TP/MmsProvider( 2672): Query uri=content://mms/2968/addr, match=13, calling pid = 8122
E/mm-camera(  285): [LizKK] afd_peak_ctrl_byluma: exp_index 245, exp_tbl_val: 357
E/mm-camera(  285): afd_multiple_peaks max_peaks 2
E/mm-camera(  285): afd_detect_flicker actual_peaks 4
E/mm-camera(  285): afd_detect_bands: flicker 0
E/mm-camera(  285): afd_algo_run: AFD success, std_width -1, flicker_freq 60
E/mm-camera(  285): final_crop: src_w x h 1920 x 1080 src_X x Y 0 x 0
D/TP/MmsProvider( 2672): Query uri=content://mms/2966/addr, match=13, calling pid = 8122
E/mm-camera(  285): sensor_client_set_params: cmd type: 1
D/TP/MmsProvider( 2672): Query uri=content://mms/2964/addr, match=13, calling pid = 8122
E/mm-camera(  285): DO NOT DISTURB frameprocESSING IF MODULES are not ENABLED
E/mm-camera-intf(  303): mm_camera_cmd_thread: cmd_type : 0
E/QCameraHWI_Preview(  303): before mVdisOCR_ModeOn check
D/TP/MmsProvider( 2672): Query uri=content://mms/2962/addr, match=13, calling pid = 8122
D/TP/MmsProvider( 2672): Query uri=content://mms/2960/addr, match=13, calling pid = 8122
E/QCameraHWI_Record(  303): Releasing video frames:3
E/mm-camera-intf(  303): mm_camera_cmd_thread: cmd_type : 0
D/QCameraHWI_Record(  303): Timestamp: 1535337 5112000
E/QCameraHWI_Record(  303): Calling video callback:4
D/TP/MmsProvider( 2672): Query uri=content://mms/2958/addr, match=13, calling pid = 8122
D/TP/MmsProvider( 2672): Query uri=content://mms/2955/addr, match=13, calling pid = 8122
E/mm-camera(  285): final_crop: src_w x h 1920 x 1080 src_X x Y 0 x 0
E/mm-camera(  285): sensor_client_set_params: cmd type: 1
D/TP/MmsProvider( 2672): Query uri=content://mms/2952/addr, match=13, calling pid = 8122
D/InputReader(  862): Input event: value=0
I/InputReader(  862): Touch event's action is 0x1 (deviceType=0) [pCnt=1, s=] when=1535337043076000
I/InputDispatcher(  862): Delivering touch to (6411): action: 0x1, toolType: 1
E/mm-camera(  285): DO NOT DISTURB frameprocESSING IF MODULES are not ENABLED
E/mm-camera-intf(  303): mm_camera_cmd_thread: cmd_type : 0
E/QCameraHWI_Preview(  303): before mVdisOCR_ModeOn check
D/TP/MmsProvider( 2672): Query uri=content://mms/2949/addr, match=13, calling pid = 8122
V/CeRequestQueue( 6411): addRequest
D/CeRequestQueue( 6411): [105 ]
D/TP/MmsProvider( 2672): Query uri=content://mms/2947/addr, match=13, calling pid = 8122
V/CeRequestQueue( 6411): startFirstRequest
E/QCameraHWI_Record(  303): Releasing video frames:4
V/CameraSettings( 6411): getDefaultFlashMode: 0
E/mm-camera-intf(  303): mm_camera_cmd_thread: cmd_type : 0
D/QCameraHWI_Record(  303): Timestamp: 1535337 39017000
E/QCameraHWI_Record(  303): Calling video callback:0
V/SecMediaRecorderJNI( 6411): stop
D/MPEG4Writer(  303): Video track stopping
D/MPEG4Writer(  303): Video track source stopping
I/MediaCodecSource(  303): encoder (video) stopping
I/MPEG4Writer(  303): Received total/0-length (72/0) buffers and encoded 71 frames. - Video
D/SSRM:a  (  862): DeviceInfo:: 000000000000
D/SSRM:a  (  862): SettingsAirViewInfo:: 000000000
D/ConnectivityService(  862): returning getNetworkInfo(networkType - 1) :[type: WIFI[] - WIFI, state: CONNECTED/CONNECTED, reason: (unspecified), extra: "UO Secure", roaming: false, failover: false, isAvailable: true, isConnectedToProvisioningNetwork: false]
D/TP/MmsProvider( 2672): Query uri=content://mms/2945/addr, match=13, calling pid = 8122
E/OMX-VENC-720p(  303): Calling Input Flush
E/OMX-VENC-720p(  303): Calling Output Flush
I/ACodec  (  303): [OMX.qcom.video.encoder.avc] Now Executing->Idle
E/mm-camera(  285): final_crop: src_w x h 1920 x 1080 src_X x Y 0 x 0
E/mm-camera(  285): sensor_client_set_params: cmd type: 1
E/mm-camera(  285): DO NOT DISTURB frameprocESSING IF MODULES are not ENABLED
E/mm-camera-intf(  303): mm_camera_cmd_thread: cmd_type : 0
E/QCameraHWI_Preview(  303): before mVdisOCR_ModeOn check
D/TP/MmsProvider( 2672): Query uri=content://mms/2942/addr, match=13, calling pid = 8122
E/OMX-VENC-720p(  303): 
E/OMX-VENC-720p(  303): m_fbd_count at o/p flush = 73
D/TP/MmsProvider( 2672): Query uri=content://mms/2939/addr, match=13, calling pid = 8122
E/OMX-VENC-720p(  303): 
E/OMX-VENC-720p(  303): m_etb_count at i/p flush = 72
E/QCameraHWI_Record(  303): Releasing video frames:0
E/mm-camera-intf(  303): mm_camera_cmd_thread: cmd_type : 0
D/QCameraHWI_Record(  303): Timestamp: 1535337 72891000
E/QCameraHWI_Record(  303): Calling video callback:1
D/TP/MmsProvider( 2672): Query uri=content://mms/2937/addr, match=13, calling pid = 8122
E/mm-camera(  285): final_crop: src_w x h 1920 x 1080 src_X x Y 0 x 0
E/mm-camera(  285): sensor_client_set_params: cmd type: 1
D/TP/MmsProvider( 2672): Query uri=content://mms/2934/addr, match=13, calling pid = 8122
I/ACodec  (  303): [OMX.qcom.video.encoder.avc] Now Idle->Loaded
I/ACodec  (  303): [OMX.qcom.video.encoder.avc] Now Loaded
E/OMX-VENC-720p(  303): 
E/OMX-VENC-720p(  303):  omx_venc(): Inside component_deinit()
E/OMX-VENC-720p(  303): Calling m_heap_ptr.clear()
E/OMX-VENC-720p(  303): Calling venc_close()
E/OMX-VENC-720p(  303): 
E/OMX-VENC-720p(  303):  venc_close(): Calling VEN_IOCTL_CMD_STOP_READ_MSG
E/OMX-VENC-720p(  303): Deleting HANDLE[0xb0c34600]
E/OMX-VENC-720p(  303): OMX_Venc:Component Deinit
E/OMX-VENC-720p(  303): In OMX Venc Destructor() for instance = 1
E/OMX-VENC-720p(  303): omx_video: Waiting on Msg Thread exit
E/mm-camera(  285): DO NOT DISTURB frameprocESSING IF MODULES are not ENABLED
E/mm-camera-intf(  303): mm_camera_cmd_thread: cmd_type : 0
E/OMX-VENC-720p(  303): omx_video: Waiting on Async Thread exit
E/QCameraHWI_Preview(  303): before mVdisOCR_ModeOn check
D/TP/MmsProvider( 2672): Query uri=content://mms/2932/addr, match=13, calling pid = 8122
D/TP/MmsProvider( 2672): Query uri=content://mms/2930/addr, match=13, calling pid = 8122
D/TP/MmsProvider( 2672): Query uri=content://mms/2928/addr, match=13, calling pid = 8122
E/mm-camera-intf(  303): mm_camera_cmd_thread: cmd_type : 0
D/QCameraHWI_Record(  303): Timestamp: 1535337 106796000
E/QCameraHWI_Record(  303): Calling video callback:2
E/OMX-VENC-720p(  303): omx_venc: Async Thread exit
E/OMX-VENC-720p(  303): Calling close() on venc ion device fd = 119
E/OMX-VENC-720p(  303): Successfully destroyed venc ionlock
E/OMX-VENC-720p(  303): m_etb_count = 0, m_fbd_count = 0
E/OMX-VENC-720p(  303): Exiting OMX Video Encoder ...
E/OMX-VENC-720p(  303): 
E/OMX-VENC-720p(  303):  Destroy C2D instance
D/OMX     (  303): SendBroadCasting VIDEO_PLAYBACK_STOP
I/ACodec  (  303):  [OMX.qcom.video.encoder.avc] Now uninitialized
I/MediaCodecSource(  303): encoder (video) stopped
I/MediaCodecSource(  303): puller (video) stopping
D/CameraSource(  303): reset: E
D/TP/MmsProvider( 2672): Query uri=content://mms/2929/addr, match=13, calling pid = 8122
E/mm-camera(  285): final_crop: src_w x h 1920 x 1080 src_X x Y 0 x 0
E/mm-camera(  285): sensor_client_set_params: cmd type: 1
E/mm-camera(  285): DO NOT DISTURB frameprocESSING IF MODULES are not ENABLED
E/mm-camera-intf(  303): mm_camera_cmd_thread: cmd_type : 0
E/QCameraHWI_Preview(  303): before mVdisOCR_ModeOn check
D/TP/MmsProvider( 2672): Query uri=content://mms/2926/addr, match=13, calling pid = 8122
E/QCameraHWI_Record(  303): Releasing video frames:1
E/QCameraHWI_Record(  303): Releasing video frames:2
D/SecCameraCoreManager(  303): disableMsgType: 0x20
E/QualcommCamera(  303): Qvoid android::disable_msg_type(camera_device*, int32_t): E
I/QCameraHWI(  303): disableMsgType: E
I/QCameraHWI(  303): disableMsgType: X, msgType =0x20, mMsgEnabled=0x80d
I/CameraClient(  303): stopRecording: Disable picture related messages
D/SecCameraCoreManager(  303): disableMsgType: 0x3c2
E/QualcommCamera(  303): Qvoid android::disable_msg_type(camera_device*, int32_t): E
I/QCameraHWI(  303): disableMsgType: E
I/QCameraHWI(  303): disableMsgType: X, msgType =0x3c2, mMsgEnabled=0x80d
D/SecCameraCoreManager(  303): stopRecording
E/QualcommCamera(  303): Qvoid android::stop_recording(camera_device*): E
I/QCameraHWI(  303): stopRecording: E
I/QCameraHWI(  303): cancelPictureInternal: E mPreviewState=3
D/QCameraHWI(  303): sendCmd: enqueue cmd 2
E/QCameraHWI(  303): enqueue: queue size = 1
D/QCameraHWI(  303): sendCmd: waiting start! 
D/QCameraHWI(  303): dataProcessRoutine: get cmd 2
D/QCameraHWI(  303): sendCmd: waiting end! 
D/TP/MmsProvider( 2672): Query uri=content://mms/2922/addr, match=13, calling pid = 8122
D/QCameraHWI(  303): sendCmd: enqueue cmd 2
E/QCameraHWI(  303): enqueue: queue size = 1
E/QCameraHWI(  303): isZSLMode, isZSLMode = 0
E/QCameraHWI(  303): cancelPictureInternal : destroy_stream_bundle of snapshot & thumbnail
D/QCameraStream(  303): streamOff: mActive = 0, streamid = 715778, image_mode = 2
E/QCameraStream(  303): streamOff: Stream:715778 is not active
D/QCameraStream(  303): streamOff: mActive = 0, streamid = 0, image_mode = 3
E/QCameraStream(  303): streamOff: Stream:0 is not active
I/QCameraHWI(  303): cancelPictureInternal: X (success)
I/QCameraHWI(  303): stopRecordingInternal: E
D/QCameraStream(  303): streamOff: mActive = 1, streamid = 715521, image_mode = 1
D/QCameraHWI(  303): dataNotifyRoutine: get cmd 2
E/mm-camera(  285): camera_plugin_client_isp_timing_notify_to_plugin: timing event 2
D/TP/MmsProvider( 2672): Query uri=content://mms/2920/addr, match=13, calling pid = 8122
I/Mms/MmsApp( 8122):  start initViewCache mms
D/TP/MmsProvider( 2672): Query uri=content://mms/2917/addr, match=13, calling pid = 8122
D/Mms/ComposeMessageFragment( 8122): [start]    fillCache consume time = 1864.501955
E/mm-camera(  285): sensor_client_set_params: cmd type: 1
D/TP/MmsProvider( 2672): Query uri=content://mms/2915/addr, match=13, calling pid = 8122
D/Mms/ComposeMessageFragment( 8122): fillCache, easy = false
E/mm-camera(  285): DO NOT DISTURB frameprocESSING IF MODULES are not ENABLED
E/mm-camera-intf(  303): mm_camera_cmd_thread: cmd_type : 0
E/QCameraHWI_Preview(  303): before mVdisOCR_ModeOn check
D/TP/MmsProvider( 2672): Query uri=content://mms/2912/addr, match=13, calling pid = 8122
E/mm-camera(  285): sensor_client_set_params: cmd type: 1
E/mm-camera(  285): mctl_pp_release_vpe:pipe release fds=91 92
E/mm-camera-intf(  303): 
E/mm-camera-intf(  303): mm_camera_cmd_thread_stop: enqueue cmd_type : 3
E/mm-camera-intf(  303): mm_camera_cmd_thread: cmd_type : 3
E/mm-camera-intf(  303): mm_camera_cmd_thread:191, exited
E/mm-camera(  285): cam_mctl_thread: Woke up Socket fd
E/mm-camera(  285): DO NOT DISTURB frameprocESSING IF MODULES are not ENABLED
E/mm-camera(  285): mctl_divert_socket_recvmsg: Receieved msg_type=1
E/mm-camera-intf(  303): mm_camera_cmd_thread: cmd_type : 0
E/QCameraHWI_Preview(  303): before mVdisOCR_ModeOn check
E/mm-camera(  285): cam_mctl_thread: Woke up Socket fd
E/mm-camera(  285): mctl_divert_socket_recvmsg: Receieved msg_type=1
E/mm-camera(  285): cam_mctl_thread: Woke up Socket fd
E/mm-camera(  285): mctl_divert_socket_recvmsg: Receieved msg_type=1
E/mm-camera(  285): cam_mctl_thread: Woke up Socket fd
E/mm-camera(  285): mctl_divert_socket_recvmsg: Receieved msg_type=1
E/mm-camera(  285): cam_mctl_thread: Woke up Socket fd
E/mm-camera(  285): mctl_divert_socket_recvmsg: Receieved msg_type=1
E/QCameraHWI(  303): putBuf: E
E/QCameraHWI(  303): putBuf: X
D/QCameraStream(  303): streamOff: X, mActive = 0, mInit = 1, streamid = 715521, image_mode = 1
I/QCOM PowerHAL(  303): Perflock released.
I/QCameraHWI(  303): stopRecordingInternal: X
I/QCameraHWI(  303): stopRecording: X
I/AudioPolicyManager_legacy(  303): getAudioPolicyConfig: situation=5;device=0
I/AudioPolicyManager_legacy(  303): getSituationVolume: isBTConnected:0 isHeadConnected:0
V/AudioPolicyManager_legacy(  303): deviceInt = 0, situationInt = 5, situationVolume = 0.500000
V/MediaPlayer(  303): MediaPlayer::setVolume(0.500000, 0.500000)
V/MediaPlayerService(  303): [2794] setVolume(0.500000, 0.500000)
V/AudioSink(  303): setVolume(0.500000, 0.500000)
V/MediaPlayer(  303): seekTo 0
V/MediaPlayerService(  303): getDuration
V/StagefrightPlayer(  303): getDuration
V/MediaPlayerService(  303): [2794] getDuration = 599
V/MediaPlayerService(  303): [2794] seekTo(0)
V/StagefrightPlayer(  303): seekTo 0.00 secs
V/AwesomePlayer(  303): seekTo, locked=1
V/AwesomePlayer(  303): seekTo timeUs (0)
V/AwesomePlayer(  303): seeking(1) while paused, sending SEEK_COMPLETE notification immediately.
V/AwesomePlayer(  303): notifyListner_l() msg (4-MEDIA_SEEK_COMPLETE), ext1 (0), ext2 (0)
V/MediaPlayerService(  303): [2794] notify (0xb0d2c780, 4, 0, 0)
V/MediaPlayer(  303): message received msg=4, ext1=0, ext2=0
V/MediaPlayer(  303): Received seek complete
V/MediaPlayer(  303): All seeks complete - return to regularly scheduled program
V/MediaPlayer(  303): start
V/MediaPlayerService(  303): [2794] setLooping(0)
V/StagefrightPlayer(  303): setLooping
V/AwesomePlayer(  303): setLooping (0)
V/MediaPlayerService(  303): [2794] setVolume(0.500000, 0.500000)
V/AudioSink(  303): setVolume(0.500000, 0.500000)
V/MediaPlayerService(  303): [2794] setAuxEffectSendLevel(0.000000)
V/AudioSink(  303): setAuxEffectSendLevel(0.000000)
V/MediaPlayerService(  303): [2794] start
V/StagefrightPlayer(  303): setLooping
V/AwesomePlayer(  303): setLooping (0)
E/MediaPlayerService(  303): WFD client is not created 
V/StagefrightPlayer(  303): start
V/AwesomePlayer(  303): play
V/AwesomePlayer(  303): AwesomePlayer::play_l():: This is not a DRM content
W/AwesomePlayer(  303): Trying to create tunnel player mIsTunnelAudio 0,             LPAPlayer::objectsAlive 0,             TunnelPlayer::mTunnelObjectsAlive = 0,            (mAudioPlayer == NULL) 1
V/AwesomePlayer(  303): nchannels 2;LPA will be skipped if nchannels is > 2 or nchannels == 0
E/AwesomePlayer(  303): LPAPlayer::Clip duration setting of less than 30sec not supported, defaulting to 60sec
E/AwesomePlayer(  303): LPAPlayer::Clip duration setting of less than 30sec not supported, defaulting to 60sec
V/AwesomePlayer(  303): AudioPlayer created, Non-LPA mode mime audio/vorbis duration 599251
V/AudioSink(  303): flush
V/AwesomePlayer(  303): startAudioPlayer_l, sendErrorNotification (0)
D/AudioPlayer(  303): start of Playback, useOffload 0
I/OMXCodec(  303): OMXCodec::read : mch : 2, DDPoutput : 2
I/OMXCodec(  303): [OMX.google.vorbis.decoder] 0onCmdComplete  mState =  7
I/OMXCodec(  303): [OMX.google.vorbis.decoder] PORT_DISABLED(1)
I/OMXCodec(  303): [OMX.google.vorbis.decoder] allocating 4 buffers of size 32768 on output port
I/AudioPlayer(  303): Audio channels(2)
I/AudioPlayer(  303): Audioplayer kKeyAudioPCMFormat:0, 1, 0
I/AudioPlayer(  303): Audioplayer kKeyAudioPCMFormat read fail(2, 1)
V/AudioSink(  303): open(44100, 2, 0x0, 0x1, 0, 4 0xfe3)
V/AudioPolicyManager_legacy(  303): getOutput() device 2, stream 7, samplingRate 0, format 0, channelMask 0, flags 3
V/AudioPolicyManager_legacy(  303): getOutputsForDevice device 0002 -> 0002
V/AudioPolicyManager_legacy(  303): getOutput() returns output 2
V/AudioPolicyManager_legacy(  303): getOutput() device 2, stream 7, samplingRate 0, format 0, channelMask 0, flags 3
V/AudioPolicyManager_legacy(  303): getOutputsForDevice device 0002 -> 0002
V/AudioPolicyManager_legacy(  303): getOutput() returns output 2
V/AudioSink(  303): no track available to recycle
V/AudioSink(  303): creating new AudioTrack
V/AudioPolicyManager_legacy(  303): getOutputForAttr() usage=13, content=4, tag= flags=00000001
V/AudioPolicyManager_legacy(  303): getOutputForAttr() device 2, samplingRate 44100, format 1, channelMask 3, flags 0
V/AudioPolicyManager_legacy(  303): getOutputsForDevice device 0002 -> 0002
V/AudioPolicyManager_legacy(  303): getOutput() returns output 2
E/AudioTrack(  303): AudioTrack::set : Exit
V/AudioSink(  303): deleteRecycledTrack
V/AudioSink(  303): setVolume
V/AudioPolicyManager_legacy(  303): getOutputForAttr() usage=13, content=4, tag= flags=00000001
V/AudioPolicyManager_legacy(  303): getOutputForAttr() device 2, samplingRate 0, format 0, channelMask 3, flags 0
V/AudioPolicyManager_legacy(  303): getOutputsForDevice device 0002 -> 0002
E/mm-camera(  285): sensor_client_set_params: cmd type: 1
V/AudioPolicyManager_legacy(  303): getOutput() returns output 2
D/AudioSink(  303): If this output is Tunnel output, Effects will be set in open()
V/AudioSink(  303): open() DONE status 0
V/AudioSink(  303): start
V/AudioPolicyManager_legacy(  303): startOutput() output 2, stream 7, session 4067
V/AudioPolicyManager_legacy(  303): changeRefCount() stream 7, count 1
V/AudioPolicyManager_legacy(  303): getNewOutputDevice() selected device 2
V/AudioPolicyManager_legacy(  303): setOutputDevice() output 2 device 0002 delayMs 0
V/AudioPolicyManager_legacy(  303): setOutputDevice() prevDevice 0002
V/AudioPolicyManager_legacy(  303): setOutputDevice() setting same device 0002 or null device for output 2
V/AwesomePlayer(  303): postAudioSeekComplete
V/AwesomePlayer(  303): addBatteryData
V/AwesomePlayer(  303): onCheckAudioStatus
I/AudioPlayer(  303): First fillBuffer call!!
I/OMXCodec(  303): OMXCodec::read : mch : 2, DDPoutput : 2
V/AwesomePlayer(  303): notifyListner_l() msg (6-MEDIA_STARTED), ext1 (0), ext2 (0)
V/MediaPlayerService(  303): [2794] notify (0xb0d2c780, 6, 0, 0)
V/MediaPlayer(  303): message received msg=6, ext1=0, ext2=0
W/MediaPlayer(  303): notify() ignore notification for seek : 6
D/CameraSource(  303): reset: X
I/MediaCodecSource(  303): puller (video) stopped
D/MPEG4Writer(  303): Video track stopped status:0
D/MPEG4Writer(  303): pthread joined status:0
D/MPEG4Writer(  303): Audio track stopping
D/MPEG4Writer(  303): Audio track source stopping
E/mm-camera(  285): DO NOT DISTURB frameprocESSING IF MODULES are not ENABLED
I/OMXCodec(  303): OMXCodec::read : mch : 2, DDPoutput : 2
I/OMXCodec(  303): OMXCodec::read : mch : 2, DDPoutput : 2
I/OMXCodec(  303): OMXCodec::read : mch : 2, DDPoutput : 2
I/OMXCodec(  303): OMXCodec::read : mch : 2, DDPoutput : 2
E/mm-camera-intf(  303): mm_camera_cmd_thread: cmd_type : 0
I/MediaCodecSource(  303): encoder (audio) stopping
I/MPEG4Writer(  303): Received total/0-length (124/0) buffers and encoded 123 frames. - Audio
I/MPEG4Writer(  303): Audio track drift time: 0 us
E/QCameraHWI_Preview(  303): before mVdisOCR_ModeOn check
I/OMXCodec(  303): OMXCodec::read : mch : 2, DDPoutput : 2
I/OMXCodec(  303): OMXCodec::read : mch : 2, DDPoutput : 2
I/ACodec  (  303): [OMX.google.aac.encoder] Now Executing->Idle
I/OMXCodec(  303): OMXCodec::read : mch : 2, DDPoutput : 2
W/AudioSink(  303): Event underrun
D/AudioSink(  303): Callback!!!
I/OMXCodec(  303): OMXCodec::read : mch : 2, DDPoutput : 2
I/ACodec  (  303): [OMX.google.aac.encoder] Now Idle->Loaded
I/ACodec  (  303): [OMX.google.aac.encoder] Now Loaded
I/OMXCodec(  303): OMXCodec::read : mch : 2, DDPoutput : 2
I/OMXCodec(  303): OMXCodec::read : mch : 2, DDPoutput : 2
I/OMXCodec(  303): OMXCodec::read : mch : 2, DDPoutput : 2
I/OMXCodec(  303): OMXCodec::read : mch : 2, DDPoutput : 2
I/OMXCodec(  303): OMXCodec::read : mch : 2, DDPoutput : 2
E/mm-camera(  285): sensor_client_set_params: cmd type: 1
I/ACodec  (  303):  [OMX.google.aac.encoder] Now uninitialized
E/mm-camera(  285): DO NOT DISTURB frameprocESSING IF MODULES are not ENABLED
I/MediaCodecSource(  303): encoder (audio) stopped
I/MediaCodecSource(  303): puller (audio) stopping
E/mm-camera-intf(  303): mm_camera_cmd_thread: cmd_type : 0
E/QCameraHWI_Preview(  303): before mVdisOCR_ModeOn check
V/AudioPolicyManager_legacy(  303): stopInput() input 4069
D/AudioStreamInALSA(  303): standby
D/AudioStreamInALSA(  303): standby
D/ALSADevice(  303): standby: handle 0x8fbc6480 h 0x0
V/ALSADevice(  303): standby handle h 0xae29da00
D/alsa_ucm(  303): snd_use_case_set(): uc_mgr 0xb3d18510 identifier _dismod value Capture Music
D/alsa_ucm(  303): Set mixer controls for Capture Music enable 0
D/alsa_ucm(  303): Setting mixer control: MultiMedia1 Mixer SLIM_0_TX, value: 0
E/mm-camera(  285): sensor_client_set_params: cmd type: 1
V/ALSADevice(  303): use case is HiFi
V/ALSADevice(  303): Number of modifiers 0
V/ALSADevice(  303): usecase_type is 1
D/alsa_ucm(  303): snd_use_case_set(): uc_mgr 0xb3d18510 identifier _disdev value Stereo Mic
D/alsa_ucm(  303): Set mixer controls for Stereo Mic enable 0
D/alsa_ucm(  303): Setting mixer control: SLIM TX7 MUX, value: ZERO
D/alsa_ucm(  303): Setting mixer control: DEC3 MUX, value: ZERO
D/alsa_ucm(  303): Setting mixer control: ADC4 Volume, value: 0
D/alsa_ucm(  303): Setting mixer control: SLIM TX8 MUX, value: ZERO
E/mm-camera(  285): DO NOT DISTURB frameprocESSING IF MODULES are not ENABLED
E/mm-camera-intf(  303): mm_camera_cmd_thread: cmd_type : 0
D/alsa_ucm(  303): Setting mixer control: DEC4 MUX, value: ZERO
E/QCameraHWI_Preview(  303): before mVdisOCR_ModeOn check
D/alsa_ucm(  303): Setting mixer control: ADC3 Volume, value: 0
D/alsa_ucm(  303): Setting mixer control: MICBIAS1 CAPLESS Switch, value: 0
D/alsa_ucm(  303): Setting mixer control: MICBIAS3 CAPLESS Switch, value: 0
E/mm-camera(  285): sensor_client_set_params: cmd type: 1
E/mm-camera(  285): DO NOT DISTURB frameprocESSING IF MODULES are not ENABLED
E/mm-camera-intf(  303): mm_camera_cmd_thread: cmd_type : 0
E/QCameraHWI_Preview(  303): before mVdisOCR_ModeOn check
E/mm-camera(  285): [LizKK] afd_peak_ctrl_byluma: exp_index 247, exp_tbl_val: 357
E/mm-camera(  285): afd_multiple_peaks max_peaks 2
E/mm-camera(  285): afd_detect_flicker actual_peaks 4
E/mm-camera(  285): afd_detect_bands: flicker 0
E/mm-camera(  285): afd_algo_run: AFD success, std_width -1, flicker_freq 60
E/mm-camera(  285): sensor_client_set_params: cmd type: 1
E/mm-camera(  285): DO NOT DISTURB frameprocESSING IF MODULES are not ENABLED
E/mm-camera-intf(  303): mm_camera_cmd_thread: cmd_type : 0
E/QCameraHWI_Preview(  303): before mVdisOCR_ModeOn check
E/mm-camera(  285): sensor_client_set_params: cmd type: 1
E/mm-camera(  285): DO NOT DISTURB frameprocESSING IF MODULES are not ENABLED
E/mm-camera-intf(  303): mm_camera_cmd_thread: cmd_type : 0
E/QCameraHWI_Preview(  303): before mVdisOCR_ModeOn check
E/mm-camera(  285): sensor_client_set_params: cmd type: 1
E/mm-camera(  285): DO NOT DISTURB frameprocESSING IF MODULES are not ENABLED
E/mm-camera-intf(  303): mm_camera_cmd_thread: cmd_type : 0
E/QCameraHWI_Preview(  303): before mVdisOCR_ModeOn check
I/art     (  862): Explicit concurrent mark sweep GC freed 19171(897KB) AllocSpace objects, 1(16KB) LOS objects, 16% free, 80MB/96MB, paused 2.868ms total 272.003ms
V/AudioPolicyManager_legacy(  303): resetInputDevice() releaseAudioPatch returned -22
V/AudioPolicyManager_legacy(  303): removeAudioPatch() handle 312 af handle 4070
I/MediaCodecSource(  303): puller (audio) stopped
D/MPEG4Writer(  303): Audio track stopped status:0
D/MPEG4Writer(  303): pthread joined status:0
D/MPEG4Writer(  303): Duration from tracks range is [2406677, 2624082] us
D/MPEG4Writer(  303): Stopping writer thread
D/MPEG4Writer(  303): 0 chunks are written in the last batch
D/MPEG4Writer(  303): Writer thread stopped
D/TP/MmsProvider( 2672): Query uri=content://mms/2910/addr, match=13, calling pid = 8122
D/SoundAliveResampler(  303): [SoundAliveResampler] Init+++
I/MPEG4Writer(  303): The mp4 file will not be streamable.
D/MPEG4Writer(  303): Video track stopping
I/OMXCodec(  303): OMXCodec::read : mch : 2, DDPoutput : 2
I/OMXCodec(  303): OMXCodec::read : mch : 2, DDPoutput : 2
I/OMXCodec(  303): OMXCodec::read : mch : 2, DDPoutput : 2
I/OMXCodec(  303): OMXCodec::read : mch : 2, DDPoutput : 2
D/MPEG4Writer(  303): Audio track stopping
I/OMXCodec(  303): OMXCodec::read : mch : 2, DDPoutput : 2
I/OMXCodec(  303): OMXCodec::read : mch : 2, DDPoutput : 2
I/AudioPlayer(  303): fillBuffer() delay (221954) us > 100000 us, fillBuffer internal return (1922) old(1535337253861), new(1535337475815), return(1535337477737), request_size (5644) - return size (5644)
I/OMXCodec(  303): OMXCodec::read : mch : 2, DDPoutput : 2
I/OMXCodec(  303): OMXCodec::read : mch : 2, DDPoutput : 2
E/mm-camera(  285): sensor_client_set_params: cmd type: 1
D/TP/MmsProvider( 2672): Query uri=content://mms/2907/addr, match=13, calling pid = 8122
V/AudioPolicyManager_legacy(  303): releaseInput() 4069
V/AudioPolicyManager_legacy(  303): closeInput(4069)
E/mm-camera(  285): DO NOT DISTURB frameprocESSING IF MODULES are not ENABLED
E/mm-camera-intf(  303): mm_camera_cmd_thread: cmd_type : 0
E/QCameraHWI_Preview(  303): before mVdisOCR_ModeOn check
D/AudioHardwareALSA(  303): closeInputStream: Remove mActiveInput 0xa185a000
D/AudioStreamInALSA(  303): close
D/AudioStreamInALSA(  303): close
D/ALSAStreamOps(  303): close
D/ALSADevice(  303): close: handle 0x8fbc6480 h 0x0
D/ALSAStreamOps(  303): close
D/ALSADevice(  303): close: handle 0x8fbc6480 h 0x0
I/OMXCodec(  303): OMXCodec::read : mch : 2, DDPoutput : 2
I/OMXCodec(  303): OMXCodec::read : mch : 2, DDPoutput : 2
I/OMXCodec(  303): OMXCodec::read : mch : 2, DDPoutput : 2
V/ALSADevice(  303): setFlags: flags 12
V/AudioPolicyManager_legacy(  303): releaseInput() exit
V/SecMediaRecorderJNI( 6411): process_sec_media_recorder_call
V/SecMediaRecorderJNI( 6411): native_reset
V/SecMediaRecorderJNI( 6411): process_sec_media_recorder_call
V/SecMediaRecorderJNI( 6411): release
D/StatusBarManagerService(  862): manageDisableList userId=0 what=0x0 pkg=com.sec.android.app.camera
D/SecContentProvider2(  862): uri = 14 selection = getSealedState
D/SecContentProvider2(  862): mCursor = null
D/PhoneStatusBar( 2470): disable: < expand icons alerts* system_info back home recent clock search >
D/SecContentProvider2(  862): uri = 14 selection = getSealedState
D/SecContentProvider2(  862): mCursor = null
V/MediaPlayerService(  303): Delete media recorder client
D/SecContentProvider2(  862): uri = 14 selection = getSealedState
D/SecContentProvider2(  862): mCursor = null
D/SecContentProvider2(  862): uri = 14 selection = getSealedState
D/SecContentProvider2(  862): mCursor = null
D/PhoneStatusBar( 2470): heads up is enabled
V/MediaPlayerService(  303): Create new media retriever from pid 6411
W/System.err( 6411): java.lang.IllegalArgumentException
W/System.err( 6411): 	at android.media.MediaMetadataRetriever.setDataSource(Native Method)
W/System.err( 6411): 	at android.media.MediaMetadataRetriever.setDataSource(MediaMetadataRetriever.java:144)
W/System.err( 6411): 	at com.sec.android.app.camera.imageviewer.MediaList.getVideoThumbnail(MediaList.java:407)
W/System.err( 6411): 	at com.sec.android.app.camera.imageviewer.MediaList.getVideoThumbnail(MediaList.java:463)
W/System.err( 6411): 	at com.sec.android.app.camera.Camera.onVideoStoringCompleted(Camera.java:14247)
W/System.err( 6411): 	at com.sec.android.app.camera.CommonEngine.registerVideo(CommonEngine.java:7801)
W/System.err( 6411): 	at com.sec.android.app.camera.CommonEngine.doStopVideoRecordingSyncNoThread(CommonEngine.java:7051)
W/System.err( 6411): 	at com.sec.android.app.camera.CommonEngine.doStopVideoRecordingSync(CommonEngine.java:7099)
W/System.err( 6411): 	at com.sec.android.app.camera.CeStateRecording.handleRequest(CeStateRecording.java:72)
W/System.err( 6411): 	at com.sec.android.app.camera.CeRequestQueue.startFirstRequest(CeRequestQueue.java:121)
W/System.err( 6411): 	at com.sec.android.app.camera.CeRequestQueue.access$200(CeRequestQueue.java:32)
W/System.err( 6411): 	at com.sec.android.app.camera.CeRequestQueue$MainHandler.handleMessage(CeRequestQueue.java:55)
W/System.err( 6411): 	at android.os.Handler.dispatchMessage(Handler.java:102)
W/System.err( 6411): 	at android.os.Looper.loop(Looper.java:145)
W/System.err( 6411): 	at android.app.ActivityThread.main(ActivityThread.java:5951)
W/System.err( 6411): 	at java.lang.reflect.Method.invoke(Native Method)
W/System.err( 6411): 	at java.lang.reflect.Method.invoke(Method.java:372)
W/System.err( 6411): 	at com.android.internal.os.ZygoteInit$MethodAndArgsCaller.run(ZygoteInit.java:1399)
W/System.err( 6411): 	at com.android.internal.os.ZygoteInit.main(ZygoteInit.java:1194)
D/TP/MmsProvider( 2672): Query uri=content://mms/2903/addr, match=13, calling pid = 8122
I/Timeline( 6411): Timeline: Activity_launch_request id:com.sec.android.app.camera time:1535337512
E/PersonaManagerService(  862): inState():  stateMachine is null !!
I/PersonaManagerService(  862): PersonaId don't exist
I/ActivityManager(  862): do not start freezing screen for locked container getKeyguardshowstate = false
E/mm-camera(  285): sensor_client_set_params: cmd type: 1
D/ResourcesManager(  862): creating new AssetManager and set to /system/app/SamsungCamera2/SamsungCamera2.apk
D/StatusBar-DoNotDistrub( 2470): isDisableAlert isDormantModeOn:false isNotificationDisabled:true
E/mm-camera(  285): DO NOT DISTURB frameprocESSING IF MODULES are not ENABLED
E/mm-camera-intf(  303): mm_camera_cmd_thread: cmd_type : 0
E/QCameraHWI_Preview(  303): before mVdisOCR_ModeOn check
I/OMXCodec(  303): OMXCodec::read : mch : 2, DDPoutput : 2
I/OMXCodec(  303): OMXCodec::read : mch : 2, DDPoutput : 2
W/ResourcesManager(  862): Asset path '/system/framework/secmediarecorder.jar' does not exist or contains no resources.
W/ResourcesManager(  862): Asset path '/system/framework/sechardware.jar' does not exist or contains no resources.
W/ResourcesManager(  862): Asset path '/system/framework/sec_feature.jar' does not exist or contains no resources.
W/ResourcesManager(  862): Asset path '/system/framework/seccamera.jar' does not exist or contains no resources.
W/ResourcesManager(  862): Asset path '/system/framework/secvision.jar' does not exist or contains no resources.
D/CustomFrequencyManagerService(  862): acquireDVFSLockLocked : type : DVFS_MIN_LIMIT  frequency : 1350000  uid : 1000  pid : 862  pkgName : ACTIVITY_RESUME_BOOSTER@7
W/ActivityManager(  862): mDVFSHelper.acquire()
I/MediaFocusControl(  862):  AudioFocus  abandonAudioFocus() from android.media.AudioManager$1a6e6935com.sec.android.app.camera.Camera$173$390f21ca
D/TP/MmsProvider( 2672): Query uri=content://mms/2901/addr, match=13, calling pid = 8122
V/CeRequestQueue( 6411): completeRequest
D/CeRequestQueue( 6411): []
V/CeRequestQueue( 6411): addRequest
D/CeRequestQueue( 6411): [42 ]
V/CeRequestQueue( 6411): addRequest
D/CeRequestQueue( 6411): [42 32 ]
E/mm-camera(  285): sensor_client_set_params: cmd type: 1
D/TP/MmsProvider( 2672): Query uri=content://mms/2898/addr, match=13, calling pid = 8122
E/mm-camera(  285): DO NOT DISTURB frameprocESSING IF MODULES are not ENABLED
D/PointerIcon(  862): setMouseIconStyle1 pointerType: 1001iconType:101 flag:0
D/PointerIcon(  862): setMouseCustomIcon IconType is same.101
D/PointerIcon(  862): setHoveringSpenIconStyle1 pointerType: 10001iconType:1 flag:0
E/mm-camera-intf(  303): mm_camera_cmd_thread: cmd_type : 0
D/PointerIcon(  862): setHoveringSpenCustomIcon IconType is same.1
D/SettingsProvider(  862): name = window_animation_scale
E/QCameraHWI_Preview(  303): before mVdisOCR_ModeOn check
D/SettingsProvider(  862): name = transition_animation_scale
D/TP/MmsProvider( 2672): Query uri=content://mms/2895/addr, match=13, calling pid = 8122
E/libseccameraeffect( 6411): deinit effect thumbnail
I/OMXCodec(  303): OMXCodec::read : mch : 2, DDPoutput : 2
E/libseccameraeffect( 6411): free thumbnailWrraper and Handle
E/libseccameraeffect( 6411): deInitExternalEffects 0xad214440 0xad214448 0xad214450 0xad214440 0xad214448 0xad214450
D/TP/MmsProvider( 2672): Query uri=content://mms/2893/addr, match=13, calling pid = 8122
I/MediaFocusControl(  862):  AudioFocus  abandonAudioFocus() from android.media.AudioManager$1a6e6935com.sec.android.app.camera.Camera$173$390f21ca
V/CommonEngine( 6411): setTouchAutoFocusActive : false
V/CeRequestQueue( 6411): removeRequest - deleteFirst:9 deleteFirst:true
V/CommonEngine( 6411): waitForPanoramaStartThreadComplete - start
V/CommonEngine( 6411): waitForPanoramaStartThreadComplete - end
D/SecCameraCoreManager(  303): sendCommand : 7 0 0 
D/ShotSingle(  303): ShotSingle::sendCommand 7, 0, 0
D/ShotSingle(  303): CAMERA_CMD_STOP_FACE_DETECTION E
D/ShotSingle(  303): CAMERA_CMD_STOP_FACE_DETECTION X
I/ShotSingle(  303): sendCommand end
V/ShotSingle(  303): sendCommand(1)
E/QualcommCamera(  303): Qint android::send_command(camera_device*, int32_t, int32_t, int32_t): E
D/QCameraHWI(  303): sendCommand: E (cmd: 7, arg1: 0, arg2: 0)
D/QCameraHWI(  303): Face Detection off
D/SecCameraCoreManager(  303): disableMsgType: 0x10
E/QualcommCamera(  303): Qvoid android::disable_msg_type(camera_device*, int32_t): E
I/QCameraHWI(  303): disableMsgType: E
I/QCameraHWI(  303): disableMsgType: X, msgType =0x10, mMsgEnabled=0x80d
I/CameraClient(  303): stopPreview: Disable picture related messages 
D/SecCameraCoreManager(  303): disableMsgType: 0x3c2
E/QualcommCamera(  303): Qvoid android::disable_msg_type(camera_device*, int32_t): E
I/QCameraHWI(  303): disableMsgType: E
I/QCameraHWI(  303): disableMsgType: X, msgType =0x3c2, mMsgEnabled=0x80d
D/SecCameraCoreManager(  303): stopPreview
D/ShotSingle(  303): stopPreview
E/QualcommCamera(  303): Qvoid android::disable_msg_type(camera_device*, int32_t): E
I/QCameraHWI(  303): disableMsgType: E
I/QCameraHWI(  303): disableMsgType: X, msgType =0x3c2, mMsgEnabled=0x80d
V/ShotSingle(  303): stopPreview(1)
E/QualcommCamera(  303): Qvoid android::stop_preview(camera_device*): E
I/QCameraHWI(  303): stopPreview: stopPreview: E
I/QCameraHWI(  303): cancelPictureInternal: E mPreviewState=2
D/QCameraHWI(  303): sendCmd: enqueue cmd 2
E/QCameraHWI(  303): enqueue: queue size = 1
D/QCameraHWI(  303): sendCmd: waiting start! 
D/QCameraHWI(  303): dataProcessRoutine: get cmd 2
D/QCameraHWI(  303): sendCmd: waiting end! 
D/QCameraHWI(  303): sendCmd: enqueue cmd 2
E/QCameraHWI(  303): enqueue: queue size = 1
E/QCameraHWI(  303): isZSLMode, isZSLMode = 0
E/QCameraHWI(  303): cancelPictureInternal : destroy_stream_bundle of snapshot & thumbnail
D/QCameraStream(  303): streamOff: mActive = 0, streamid = 715778, image_mode = 2
E/QCameraStream(  303): streamOff: Stream:715778 is not active
D/QCameraStream(  303): streamOff: mActive = 0, streamid = 0, image_mode = 3
E/QCameraStream(  303): streamOff: Stream:0 is not active
D/QCameraStream(  303): deinitStream: E, mActive = 0, mInit = 1, streamid = 715778, image_mode = 2
D/QCameraStream(  303): deinitStream: X, mActive = 0, mInit = 0, streamid = 0, image_mode = 2
D/QCameraStream(  303): deinitStream: E, mActive = 0, mInit = 0, streamid = 0, image_mode = 3
I/QCameraHWI(  303): cancelPictureInternal: X (success)
I/QCameraHWI(  303): stopPreviewInternal: E
E/QCameraHWI(  303): isZSLMode, isZSLMode = 0
D/QCameraStream(  303): streamOff: mActive = 1, streamid = 715264, image_mode = 0
D/QCameraHWI(  303): dataNotifyRoutine: get cmd 2
E/mm-camera(  285): camera_plugin_client_isp_timing_notify_to_plugin: timing event 2
D/TP/MmsProvider( 2672): Query uri=content://mms/2890/addr, match=13, calling pid = 8122
D/SettingsProvider(  862): name = animator_duration_scale
D/TP/MmsProvider( 2672): Query uri=content://mms/2888/addr, match=13, calling pid = 8122
D/StatusBar.NetworkController( 2470): refreshViews connected={ wifi } level=2 combinedSignalIconId=0x7f02051b/com.android.systemui:drawable/stat_sys_wifi_signal_3 mobileLabel=AT&T wifiLabel="UO Secure"xxxxXXXXxxxxXXXX emergencyOnly=false combinedLabel="UO Secure"xxxxXXXXxxxxXXXX mAirplaneMode=false mDataActivity=3 mPhoneSignalIconId=0x7f020610/com.android.systemui:drawable/tw_stat_sys_5_level_signal_2 mQSPhoneSignalIconId=0x7f02012a/com.android.systemui:drawable/ic_qs_signal_2 mDataDirectionIconId=0x0/(null) mDataSignalIconId=0x7f020610/com.android.systemui:drawable/tw_stat_sys_5_level_signal_2 mDataTypeIconId=0x7f02032e/com.android.systemui:drawable/stat_sys_data_connected_lte_att mQSDataTypeIconId=0x0/(null) mNoSimIconId=0x0/(null) mWifiIconId=0x7f02051b/com.android.systemui:drawable/stat_sys_wifi_signal_3 mQSWifiIconId=0x7f020142/com.android.systemui:drawable/ic_qs_wifi_3 mWifiActivityIconId=0x7f0204ed/com.android.systemui:drawable/stat_sys_signal_in mBluetoothTetherIconId=0x10808cc/android:drawable/stat_sys_tether_bluetooth
D/STATUSBAR-WifiQuickSettingButton( 2470): onWifiSignalChanged enabled=true enabledDesc:"UO Secure"
D/StatusBar.NetworkController( 2470): refreshSignalCluster - setNWBoosterIndicators(false)
E/mm-camera(  285): sensor_client_set_params: cmd type: 1
D/StatusBar.NetworkController( 2470): applyOpen
D/StatusBar.NetworkController( 2470): refreshSignalCluster - setNWBoosterIndicators(false)
D/StatusBar.NetworkController( 2470): applyOpen
D/StatusBar.NetworkController( 2470): refreshSignalCluster - setNWBoosterIndicators(false)
E/mm-camera(  285): DO NOT DISTURB frameprocESSING IF MODULES are not ENABLED
D/StatusBar.NetworkController( 2470): applyOpen
D/StatusBar.NetworkController( 2470): refreshSignalCluster - setNWBoosterIndicators(false)
I/OMXCodec(  303): OMXCodec::read : mch : 2, DDPoutput : 2
D/StatusBar.NetworkController( 2470): applyOpen
D/TP/MmsProvider( 2672): Query uri=content://mms/2885/addr, match=13, calling pid = 8122
