D/BatteryService(  862): level:88, scale:100, status:2, health:2, present:true, voltage: 4297, temperature: 309, technology: Li-ion, AC powered:false, USB powered:true, Wireless powered:false, icon:17303687, invalid charger:0
D/BatteryService(  862): online:6, current avg:1000, charge type:1, power sharing:false, high voltage charger:false, capacity:280000, current_now:1000
D/BatteryService(  862): Sending ACTION_BATTERY_CHANGED.
W/ProcessCpuTracker(  862): Skipping unknown process pid 7793
D/PowerManagerService(  862): [PSM] lowPowerModeEnabled: false (mLowPowerModeSetting: false, mAutoLowPowerModeConfigured: false, mBatteryLevel: 88, mLowBatteryTriggerLevel: 0)
I/MotionRecognitionService(  862): Plugged
I/MotionRecognitionService(  862): setPowerConnected  = true
D/STATUSBAR-PhoneStatusBar( 2470):  mBrightnessEnablebySettings = true mBrightnessEnablebyBattery = true mBrightnessEnablebyDisableFlag = true mPmsBrightnessEnablebySettings = true
D/ConnectivityService(  862): returning getNetworkInfo(networkType - 1) :[type: WIFI[] - WIFI, state: CONNECTED/CONNECTED, reason: (unspecified), extra: "UO Secure", roaming: false, failover: false, isAvailable: true, isConnectedToProvisioningNetwork: false]
D/BatteryMeterView( 2470): ACTION_BATTERY_CHANGED : level:88 status:2 health:2
D/BatteryMeterView( 2470): ACTION_BATTERY_CHANGED : level:88 status:2 health:2
D/BatteryMeterView( 2470): ACTION_BATTERY_CHANGED : level:88 status:2 health:2
D/BatteryMeterView( 2470): onDraw batteryColor : -1
D/ConnectivityService(  862): returning getNetworkInfo(networkType - 1) :[type: WIFI[] - WIFI, state: CONNECTED/CONNECTED, reason: (unspecified), extra: "UO Secure", roaming: false, failover: false, isAvailable: true, isConnectedToProvisioningNetwork: false]
D/ConnectivityService(  862): returning getNetworkInfo(networkType - 1) :[type: WIFI[] - WIFI, state: CONNECTED/CONNECTED, reason: (unspecified), extra: "UO Secure", roaming: false, failover: false, isAvailable: true, isConnectedToProvisioningNetwork: false]
D/SSRM:n  (  862): SIOP:: AP = 410, CUR = 1000
D/BatteryService(  862): !@BatteryListener : batteryPropertiesChanged!
D/BatteryService(  862): level:88, scale:100, status:2, health:2, present:true, voltage: 4291, temperature: 309, technology: Li-ion, AC powered:false, USB powered:true, Wireless powered:false, icon:17303687, invalid charger:0
D/BatteryService(  862): online:6, current avg:1000, charge type:1, power sharing:false, high voltage charger:false, capacity:280000, current_now:1000
D/BatteryService(  862): Sending ACTION_BATTERY_CHANGED.
I/MotionRecognitionService(  862): Plugged
I/MotionRecognitionService(  862): setPowerConnected  = true
D/STATUSBAR-PhoneStatusBar( 2470):  mBrightnessEnablebySettings = true mBrightnessEnablebyBattery = true mBrightnessEnablebyDisableFlag = true mPmsBrightnessEnablebySettings = true
D/BatteryMeterView( 2470): ACTION_BATTERY_CHANGED : level:88 status:2 health:2
D/BatteryMeterView( 2470): ACTION_BATTERY_CHANGED : level:88 status:2 health:2
D/BatteryMeterView( 2470): ACTION_BATTERY_CHANGED : level:88 status:2 health:2
D/SSRM:n  (  862): SIOP:: AP = 410, CUR = 1000
D/BatteryService(  862): !@BatteryListener : batteryPropertiesChanged!
D/BatteryService(  862): level:88, scale:100, status:2, health:2, present:true, voltage: 4297, temperature: 309, technology: Li-ion, AC powered:false, USB powered:true, Wireless powered:false, icon:17303687, invalid charger:0
D/BatteryService(  862): online:6, current avg:1000, charge type:1, power sharing:false, high voltage charger:false, capacity:280000, current_now:1000
D/BatteryService(  862): Sending ACTION_BATTERY_CHANGED.
I/MotionRecognitionService(  862): Plugged
I/MotionRecognitionService(  862): setPowerConnected  = true
D/STATUSBAR-PhoneStatusBar( 2470):  mBrightnessEnablebySettings = true mBrightnessEnablebyBattery = true mBrightnessEnablebyDisableFlag = true mPmsBrightnessEnablebySettings = true
D/BatteryMeterView( 2470): ACTION_BATTERY_CHANGED : level:88 status:2 health:2
D/BatteryMeterView( 2470): ACTION_BATTERY_CHANGED : level:88 status:2 health:2
D/BatteryMeterView( 2470): ACTION_BATTERY_CHANGED : level:88 status:2 health:2
E/Watchdog(  862): !@Sync 51141
D/PowerManagerService(  862): [input device light] setInputDeviceLightOn is called : 1
D/PowerManagerService(  862): [input device light] handleInputDeviceLightOn
D/ActivityManager(  862): startService callerProcessName:com.menny.android.anysoftkeyboard, calleePkgName: com.menny.android.anysoftkeyboard
D/ActivityManager(  862): caller:android.app.ApplicationThreadProxy@13075150, r.packageName :com.menny.android.anysoftkeyboard
D/StatusBarManagerService(  862): manageDisableList userId=0 what=0x0 pkg=WindowManager.LayoutParams
D/ConnectivityService(  862): returning getActiveNetworkInfo :[type: WIFI[] - WIFI, state: CONNECTED/CONNECTED, reason: (unspecified), extra: "UO Secure", roaming: false, failover: false, isAvailable: true, isConnectedToProvisioningNetwork: false]
D/ConnectivityService(  862): returning getActiveNetworkInfo :[type: WIFI[] - WIFI, state: CONNECTED/CONNECTED, reason: (unspecified), extra: "UO Secure", roaming: false, failover: false, isAvailable: true, isConnectedToProvisioningNetwork: false]
D/ConnectivityService(  862): returning getActiveNetworkInfo :[type: WIFI[] - WIFI, state: CONNECTED/CONNECTED, reason: (unspecified), extra: "UO Secure", roaming: false, failover: false, isAvailable: true, isConnectedToProvisioningNetwork: false]
W/ContextImpl(  862): Calling a method in the system process without a qualified user: android.app.ContextImpl.sendBroadcast:1699 com.android.server.InputMethodManagerService$6.run:2734 java.lang.Thread.run:818 <bottom of call stack> <bottom of call stack> 
D/SSRM:a  (  862): DeviceInfo:: 000000000000
D/SSRM:a  (  862): SettingsAirViewInfo:: 000000000
W/ContextImpl(28998): Calling a method in the system process without a qualified user: android.app.ContextImpl.sendStickyBroadcast:1866 android.content.ContextWrapper.sendStickyBroadcast:463 com.samsung.android.app.gestureservice.GestureService.updateStatusBar:826 com.samsung.android.app.gestureservice.GestureService.enableService:967 com.samsung.android.app.gestureservice.GestureService.access$1800:40 
D/SSRM:n  (  862): SIOP:: AP = 410, CUR = 1000
D/BatteryService(  862): !@BatteryListener : batteryPropertiesChanged!
D/BatteryService(  862): level:88, scale:100, status:2, health:2, present:true, voltage: 4290, temperature: 309, technology: Li-ion, AC powered:false, USB powered:true, Wireless powered:false, icon:17303687, invalid charger:0
D/BatteryService(  862): online:6, current avg:1000, charge type:1, power sharing:false, high voltage charger:false, capacity:280000, current_now:1000
D/BatteryService(  862): Sending ACTION_BATTERY_CHANGED.
I/MotionRecognitionService(  862): Plugged
I/MotionRecognitionService(  862): setPowerConnected  = true
D/STATUSBAR-PhoneStatusBar( 2470):  mBrightnessEnablebySettings = true mBrightnessEnablebyBattery = true mBrightnessEnablebyDisableFlag = true mPmsBrightnessEnablebySettings = true
D/BatteryMeterView( 2470): ACTION_BATTERY_CHANGED : level:88 status:2 health:2
D/BatteryMeterView( 2470): ACTION_BATTERY_CHANGED : level:88 status:2 health:2
D/BatteryMeterView( 2470): ACTION_BATTERY_CHANGED : level:88 status:2 health:2
D/PowerManagerService(  862): [input device light] setInputDeviceLightOn is called : 1
D/PowerManagerService(  862): [input device light] handleInputDeviceLightOn
W/ResourcesManager(  862): Asset path '/system/framework/secmediarecorder.jar' does not exist or contains no resources.
W/ResourcesManager(  862): Asset path '/system/framework/sechardware.jar' does not exist or contains no resources.
W/ResourcesManager(  862): Asset path '/system/framework/sec_feature.jar' does not exist or contains no resources.
W/ResourcesManager(  862): Asset path '/system/framework/seccamera.jar' does not exist or contains no resources.
W/ResourcesManager(  862): Asset path '/system/framework/secvision.jar' does not exist or contains no resources.
D/CustomFrequencyManagerService(  862): acquireDVFSLockLocked : type : DVFS_MIN_LIMIT  frequency : 1350000  uid : 1000  pid : 862  pkgName : ACTIVITY_RESUME_BOOSTER@7
W/ActivityManager(  862): mDVFSHelper.acquire()
D/StatusBarManagerService(  862): manageDisableList userId=0 what=0x0 pkg=WindowManager.LayoutParams
V/WindowManager(  862): rotationForOrientationLw(orient=0, last=0); user=0 USER_ROTATION_LOCKED sensorRotation=-1 mLidState=-1 mDockMode=0 mHdmiPlugged=false
D/SamsungWindowManager(  862): setRotationLw() : rotation=1
D/CustomFrequencyManagerService(  862): acquireDVFSLockLocked : type : DVFS_MIN_LIMIT  frequency : 1890000  uid : 1000  pid : 862  pkgName : ROTATION_BOOSTER@37
I/ActivityManager(  862): Config changes=480 {0 1.0 310mcc410mnc en_US ldltr sw360dp w640dp h335dp 480dpi nrml long land finger -keyb/v/h -nav/h s.257}
V/ActivityManager(  862): Display changed displayId=0
D/Recents_AlternateRecentsComponent( 2470): reloadHeaderBarLayout is getting called
D/MultiPhoneWindow( 3102): onMultiWindowConfigurationChanged com.android.incallui/com.android.incallui.InCallActivityoldRect=Rect(0, 0 - 1080, 1920)
D/Recents_TaskViewHeader( 2470): onFinishInflate
D/STATUSBAR-QSTileView( 2470): dynamicallyReduceTextSize: 206
D/STATUSBAR-QSTileView( 2470): dynamicallyReduceTextSize: 206
D/STATUSBAR-QSTileView( 2470): dynamicallyReduceTextSize: 206
D/STATUSBAR-QSTileView( 2470): dynamicallyReduceTextSize: 206
D/STATUSBAR-QSTileView( 2470): dynamicallyReduceTextSize: 206
D/STATUSBAR-QSTileView( 2470): dynamicallyReduceTextSize: 206
D/STATUSBAR-QSTileView( 2470): dynamicallyReduceTextSize: 206
D/STATUSBAR-QSTileView( 2470): dynamicallyReduceTextSize: 206
D/STATUSBAR-QSTileView( 2470): dynamicallyReduceTextSize: 206
D/STATUSBAR-QSTileView( 2470): dynamicallyReduceTextSize: 206
D/STATUSBAR-QSTileView( 2470): dynamicallyReduceTextSize: 206
D/STATUSBAR-QSTileView( 2470): dynamicallyReduceTextSize: 206
D/STATUSBAR-QSTileView( 2470): dynamicallyReduceTextSize: 206
D/STATUSBAR-QSTileView( 2470): dynamicallyReduceTextSize: 206
D/STATUSBAR-QSTileView( 2470): dynamicallyReduceTextSize: 206
D/STATUSBAR-QSTileView( 2470): dynamicallyReduceTextSize: 206
D/STATUSBAR-QSTileView( 2470): dynamicallyReduceTextSize: 206
D/STATUSBAR-QSTileView( 2470): dynamicallyReduceTextSize: 206
D/STATUSBAR-QSTileView( 2470): dynamicallyReduceTextSize: 206
D/STATUSBAR-QSTileView( 2470): dynamicallyReduceTextSize: 206
E/SmartFaceService(  862): onReceive: android.intent.action.CONFIGURATION_CHANGED
E/SmartFaceService(  862): mFolderCoverOpened: (true, true) -> true
D/ConnectivityService(  862): returning getNetworkInfo(networkType - 1) :[type: WIFI[] - WIFI, state: CONNECTED/CONNECTED, reason: (unspecified), extra: "UO Secure", roaming: false, failover: false, isAvailable: true, isConnectedToProvisioningNetwork: false]
W/ContextImpl(28998): Calling a method in the system process without a qualified user: android.app.ContextImpl.sendStickyBroadcast:1866 android.content.ContextWrapper.sendStickyBroadcast:463 com.samsung.android.app.gestureservice.GestureService.updateStatusBar:826 com.samsung.android.app.gestureservice.GestureService.access$1300:40 com.samsung.android.app.gestureservice.GestureService$2.onReceive:242 
W/InputMethodInfo(  862): Duplicated subtype definition found: , voice
D/VoIPInterfaceManager(  862): isVoIPIdle()...
D/VoIPInterfaceManager(  862): isVoIPRunningAndDeregi()...
D/VoIPInterfaceManager(  862): Not exist call session
D/VoIPInterfaceManager(  862):     isVoIPIdle() : No session in db 
W/ActivityManager(  862): getTasks: caller 10170 does not hold REAL_GET_TASKS; limiting output
D/SSRM:a  (  862): DeviceInfo:: 000000000000
D/SSRM:a  (  862): SettingsAirViewInfo:: 000000000
D/VoIPInterfaceManager(  862): isVoIPIdle()...
D/VoIPInterfaceManager(  862): isVoIPRunningAndDeregi()...
D/VoIPInterfaceManager(  862): Not exist call session
D/VoIPInterfaceManager(  862):     isVoIPIdle() : No session in db 
W/ActivityManager(  862): getTasks: caller 10170 does not hold REAL_GET_TASKS; limiting output
D/SSRM:a  (  862): DeviceInfo:: 000000000000
D/SSRM:a  (  862): SettingsAirViewInfo:: 000000000
D/VoIPInterfaceManager(  862): isVoIPIdle()...
D/VoIPInterfaceManager(  862): isVoIPRunningAndDeregi()...
D/VoIPInterfaceManager(  862): Not exist call session
D/VoIPInterfaceManager(  862):     isVoIPIdle() : No session in db 
W/ActivityManager(  862): getTasks: caller 10170 does not hold REAL_GET_TASKS; limiting output
D/VoIPInterfaceManager(  862): isVoIPIdle()...
D/VoIPInterfaceManager(  862): isVoIPRunningAndDeregi()...
D/VoIPInterfaceManager(  862): Not exist call session
D/VoIPInterfaceManager(  862):     isVoIPIdle() : No session in db 
W/ActivityManager(  862): getTasks: caller 10170 does not hold REAL_GET_TASKS; limiting output
W/ActivityManager(  862): getTasks: caller 10170 does not hold REAL_GET_TASKS; limiting output
D/PowerManagerService(  862): [api] acquire WakeLock flags=0xa tag=Camera2 uid=10170 pid=6411
D/MountService(  862):  :::: isUsbMassStorageEnabled :: ret = false
D/StatusBarManagerService(  862): manageDisableList userId=0 what=0x0 pkg=WindowManager.LayoutParams
D/PowerManagerService(  862): [api] acquire WakeLock flags=0x2000000a tag=WindowManager uid=1000 pid=862
D/StatusBarManagerService(  862): manageDisableList userId=0 what=0x0 pkg=WindowManager.LayoutParams
W/ContextImpl(  862): Calling a method in the system process without a qualified user: android.app.ContextImpl.sendBroadcast:1699 com.android.internal.policy.impl.PhoneWindowManager.notifyToSSRM:5607 com.android.internal.policy.impl.PhoneWindowManager.access$600:192 com.android.internal.policy.impl.PhoneWindowManager$PolicyHandler.handleMessage:806 android.os.Handler.dispatchMessage:102 
D/SSRM:a  (  862): DeviceInfo:: 000000000000
D/SSRM:a  (  862): SettingsAirViewInfo:: 000000000
D/CustomFrequencyManagerService(  862): releaseDVFSLockLocked : Getting Lock type frm List : DVFS_MIN_LIMIT  frequency : 1350000  uid : 1000  pid : 862  tag : ACTIVITY_RESUME_BOOSTER@7
W/ActivityManager(  862): mDVFSHelper.release()
D/CustomFrequencyManagerService(  862): acquireDVFSLockLocked : type : DVFS_MIN_LIMIT  frequency : 1350000  uid : 1000  pid : 862  pkgName : ACTIVITY_RESUME_BOOSTER@11
I/WindowManager(  862): Screen frozen for +464ms due to Window{13dc542d u0 com.sec.android.app.camera/com.sec.android.app.camera.Camcorder}
V/WindowManager(  862): rotationForOrientationLw(orient=0, last=1); user=0 USER_ROTATION_LOCKED sensorRotation=-1 mLidState=-1 mDockMode=0 mHdmiPlugged=false
W/ContextImpl(  862): Calling a method in the system process without a qualified user: android.app.ContextImpl.sendBroadcast:1699 com.android.server.InputMethodManagerService$6.run:2734 java.lang.Thread.run:818 <bottom of call stack> <bottom of call stack> 
W/ContextImpl(28998): Calling a method in the system process without a qualified user: android.app.ContextImpl.sendStickyBroadcast:1866 android.content.ContextWrapper.sendStickyBroadcast:463 com.samsung.android.app.gestureservice.GestureService.updateStatusBar:826 com.samsung.android.app.gestureservice.GestureService.enableService:967 com.samsung.android.app.gestureservice.GestureService.access$1800:40 
D/ActivityManager(  862): getContentProviderImpl callerProcessName:com.sec.android.app.camera, calleePkgName: com.samsung.android.provider.filterprovider
E/ActivityManager(  862): checkUser: useridlist=null, currentuser=0
E/ActivityManager(  862): checkUser: useridlist=null, currentuser=0
E/ActivityManager(  862): checkUser: useridlist=null, currentuser=0
E/ActivityManager(  862): checkUser: useridlist=null, currentuser=0
I/libpersona( 7981): KNOX_SDCARD checking this for 10118
I/libpersona( 7981): KNOX_SDCARD not a persona
I/ActivityManager(  862): Start proc com.samsung.android.provider.filterprovider for content provider com.samsung.android.provider.filterprovider/.FilterProvider: pid=7981 uid=10118 gids={50118, 9997, 1023} abi=armeabi-v7a
I/ActivityManager(  862): Process com.sec.android.provider.badge (pid 6743)(adj 15) has died(155,177)
D/ActivityManager(  862): cleanUpApplicationRecord -- 6743
I/ActivityManager(  862): Process com.wsomacp (pid 6763)(adj 15) has died(158,177)
D/ActivityManager(  862): cleanUpApplicationRecord -- 6763
D/SSRM:a  (  862): DeviceInfo:: 000000000000
D/SSRM:a  (  862): SettingsAirViewInfo:: 000000000
D/CustomFrequencyManagerService(  862): releaseDVFSLockLocked : Getting Lock type frm List : DVFS_MIN_LIMIT  frequency : 1350000  uid : 1000  pid : 862  tag : ACTIVITY_RESUME_BOOSTER@11
W/ContextImpl(  862): Calling a method in the system process without a qualified user: android.app.ContextImpl.sendBroadcast:1699 com.android.server.InputMethodManagerService$6.run:2734 java.lang.Thread.run:818 <bottom of call stack> <bottom of call stack> 
D/VoIPInterfaceManager(  862): isVoIPIdle()...
D/VoIPInterfaceManager(  862): isVoIPRunningAndDeregi()...
D/VoIPInterfaceManager(  862): Not exist call session
D/VoIPInterfaceManager(  862):     isVoIPIdle() : No session in db 
W/ActivityManager(  862): getTasks: caller 10170 does not hold REAL_GET_TASKS; limiting output
D/WifiP2pService(  862): InactiveState{ what=139287 }
D/WifiP2pService(  862): P2pEnabledState{ what=139287 }
D/WifiP2pService(  862): DefaultState{ what=139287 }
D/CountryDetector(  862): No listener is left
I/ActivityManager(  862): Process com.android.mms (pid 6681)(adj 15) has died(140,174)
D/ActivityManager(  862): cleanUpApplicationRecord -- 6681
V/ActivityThread( 7318): updateVisibility : ActivityRecord{1c76bec7 token=android.os.BinderProxy@230574cd {com.menny.android.anysoftkeyboard/com.radicalninja.logger.VideoActivity}} show : false
D/PowerManagerService(  862): [input device light] setInputDeviceLightOn is called : 1
D/PowerManagerService(  862): [input device light] handleInputDeviceLightOn
D/VoIPInterfaceManager(  862): isVoIPIdle()...
D/VoIPInterfaceManager(  862): isVoIPRunningAndDeregi()...
D/VoIPInterfaceManager(  862): Not exist call session
D/VoIPInterfaceManager(  862):     isVoIPIdle() : No session in db 
W/ActivityManager(  862): getTasks: caller 10170 does not hold REAL_GET_TASKS; limiting output
--------- beginning of main
I/OMXCodec(  303): OMXCodec::read : mch : 2, DDPoutput : 2
I/OMXCodec(  303): OMXCodec::read : mch : 2, DDPoutput : 2
I/OMXCodec(  303): OMXCodec::read : mch : 2, DDPoutput : 2
I/OMXCodec(  303): OMXCodec::read : mch : 2, DDPoutput : 2
I/OMXCodec(  303): OMXCodec::read : mch : 2, DDPoutput : 2
I/OMXCodec(  303): OMXCodec::read : mch : 2, DDPoutput : 2
I/OMXCodec(  303): OMXCodec::read : mch : 2, DDPoutput : 2
I/OMXCodec(  303): OMXCodec::read : mch : 2, DDPoutput : 2
I/OMXCodec(  303): OMXCodec::read : mch : 2, DDPoutput : 2
I/OMXCodec(  303): OMXCodec::read : mch : 2, DDPoutput : 2
I/OMXCodec(  303): OMXCodec::read : mch : 2, DDPoutput : 2
I/OMXCodec(  303): OMXCodec::read : mch : 2, DDPoutput : 2
I/OMXCodec(  303): OMXCodec::read : mch : 2, DDPoutput : 2
I/OMXCodec(  303): OMXCodec::read : mch : 2, DDPoutput : 2
I/OMXCodec(  303): OMXCodec::read : mch : 2, DDPoutput : 2
I/OMXCodec(  303): OMXCodec::read : mch : 2, DDPoutput : 2
I/OMXCodec(  303): OMXCodec::read : mch : 2, DDPoutput : 2
I/OMXCodec(  303): OMXCodec::read : mch : 2, DDPoutput : 2
I/OMXCodec(  303): OMXCodec::read : mch : 2, DDPoutput : 2
I/OMXCodec(  303): OMXCodec::read : mch : 2, DDPoutput : 2
I/OMXCodec(  303): OMXCodec::read : mch : 2, DDPoutput : 2
W/qdmemalloc(  273): GRALLOC_USAGE_PRIVATE_MM_HEAP                                 cannot be used as an insecure heap!                                trying to use IOMMU instead !!
I/OMXCodec(  303): OMXCodec::read : mch : 2, DDPoutput : 2
I/OMXCodec(  303): OMXCodec::read : mch : 2, DDPoutput : 2
I/OMXCodec(  303): OMXCodec::read : mch : 2, DDPoutput : 2
I/OMXCodec(  303): OMXCodec::read : mch : 2, DDPoutput : 2
I/OMXCodec(  303): OMXCodec::read : mch : 2, DDPoutput : 2
I/OMXCodec(  303): OMXCodec::read : mch : 2, DDPoutput : 2
I/OMXCodec(  303): OMXCodec::read : mch : 2, DDPoutput : 2
I/OMXCodec(  303): OMXCodec::read : mch : 2, DDPoutput : 2
I/OMXCodec(  303): OMXCodec::read : mch : 2, DDPoutput : 2
I/OMXCodec(  303): OMXCodec::read : mch : 2, DDPoutput : 2
I/OMXCodec(  303): OMXCodec::read : mch : 2, DDPoutput : 2
I/OMXCodec(  303): OMXCodec::read : mch : 2, DDPoutput : 2
I/OMXCodec(  303): OMXCodec::read : mch : 2, DDPoutput : 2
I/OMXCodec(  303): OMXCodec::read : mch : 2, DDPoutput : 2
I/OMXCodec(  303): OMXCodec::read : mch : 2, DDPoutput : 2
I/OMXCodec(  303): OMXCodec::read : mch : 2, DDPoutput : 2
I/OMXCodec(  303): OMXCodec::read : mch : 2, DDPoutput : 2
I/OMXCodec(  303): OMXCodec::read : mch : 2, DDPoutput : 2
I/OMXCodec(  303): OMXCodec::read : mch : 2, DDPoutput : 2
E/QCameraHWI_Preview(  303): android::status_t android::QCameraStream_preview::getBufferFromSurface(): dequeue buf hdl =0xa27171a0
E/QCameraHWI_Preview(  303): getBufferFromSurface: dequeue buf: 0xa1720b44
I/OMXCodec(  303): OMXCodec::read : mch : 2, DDPoutput : 2
E/QCameraHWI_Preview(  303): getBufferFromSurface: mPreviewBufSize mWidth : 1920, mHeight : 1080  mPreviewBufSize: 3110400
E/QCameraHWI_Preview(  303): getBufferFromSurface: preview Format : 1, width : 1920, height : 1080
E/QCameraHWI_Preview(  303): getBufferFromSurface: idx = 0, fd = 70, size = 3110400, offset = 0
I/OMXCodec(  303): OMXCodec::read : mch : 2, DDPoutput : 2
W/qdmemalloc(  273): GRALLOC_USAGE_PRIVATE_MM_HEAP                                 cannot be used as an insecure heap!                                trying to use IOMMU instead !!
I/OMXCodec(  303): OMXCodec::read : mch : 2, DDPoutput : 2
E/Diag_Lib( 8079):  Diag_LSM_Init: Failed to open handle to diag driver, error = 2
I/OMXCodec(  303): OMXCodec::read : mch : 2, DDPoutput : 2
I/OMXCodec(  303): OMXCodec::read : mch : 2, DDPoutput : 2
I/OMXCodec(  303): OMXCodec::read : mch : 2, DDPoutput : 2
I/OMXCodec(  303): OMXCodec::read : mch : 2, DDPoutput : 2
E/QCameraHWI_Preview(  303): android::status_t android::QCameraStream_preview::getBufferFromSurface(): dequeue buf hdl =0xa2717ba0
E/QCameraHWI_Preview(  303): getBufferFromSurface: dequeue buf: 0xa1720e44
E/QCameraHWI_Preview(  303): getBufferFromSurface: mPreviewBufSize mWidth : 1920, mHeight : 1080  mPreviewBufSize: 3110400
I/OMXCodec(  303): OMXCodec::read : mch : 2, DDPoutput : 2
E/QCameraHWI_Preview(  303): getBufferFromSurface: preview Format : 1, width : 1920, height : 1080
E/QCameraHWI_Preview(  303): getBufferFromSurface: idx = 1, fd = 74, size = 3110400, offset = 0
W/qdmemalloc(  273): GRALLOC_USAGE_PRIVATE_MM_HEAP                                 cannot be used as an insecure heap!                                trying to use IOMMU instead !!
I/OMXCodec(  303): OMXCodec::read : mch : 2, DDPoutput : 2
I/OMXCodec(  303): OMXCodec::read : mch : 2, DDPoutput : 2
I/OMXCodec(  303): OMXCodec::read : mch : 2, DDPoutput : 2
I/OMXCodec(  303): OMXCodec::read : mch : 2, DDPoutput : 2
I/OMXCodec(  303): OMXCodec::read : mch : 2, DDPoutput : 2
I/OMXCodec(  303): OMXCodec::read : mch : 2, DDPoutput : 2
I/OMXCodec(  303): OMXCodec::read : mch : 2, DDPoutput : 2
I/OMXCodec(  303): OMXCodec::read : mch : 2, DDPoutput : 2
I/OMXCodec(  303): OMXCodec::read : mch : 2, DDPoutput : 2
I/OMXCodec(  303): OMXCodec::read : mch : 2, DDPoutput : 2
I/OMXCodec(  303): OMXCodec::read : mch : 2, DDPoutput : 2
I/OMXCodec(  303): OMXCodec::read : mch : 2, DDPoutput : 2
I/OMXCodec(  303): OMXCodec::read : mch : 2, DDPoutput : 2
I/OMXCodec(  303): OMXCodec::read : mch : 2, DDPoutput : 2
I/OMXCodec(  303): OMXCodec::read : mch : 2, DDPoutput : 2
E/QCameraHWI_Preview(  303): android::status_t android::QCameraStream_preview::getBufferFromSurface(): dequeue buf hdl =0xa2717100
E/QCameraHWI_Preview(  303): getBufferFromSurface: dequeue buf: 0xa1720ec4
E/QCameraHWI_Preview(  303): getBufferFromSurface: mPreviewBufSize mWidth : 1920, mHeight : 1080  mPreviewBufSize: 3110400
E/QCameraHWI_Preview(  303): getBufferFromSurface: preview Format : 1, width : 1920, height : 1080
E/QCameraHWI_Preview(  303): getBufferFromSurface: idx = 2, fd = 78, size = 3110400, offset = 0
I/OMXCodec(  303): OMXCodec::read : mch : 2, DDPoutput : 2
W/qdmemalloc(  273): GRALLOC_USAGE_PRIVATE_MM_HEAP                                 cannot be used as an insecure heap!                                trying to use IOMMU instead !!
I/OMXCodec(  303): OMXCodec::read : mch : 2, DDPoutput : 2
I/OMXCodec(  303): OMXCodec::read : mch : 2, DDPoutput : 2
I/OMXCodec(  303): OMXCodec::read : mch : 2, DDPoutput : 2
I/OMXCodec(  303): OMXCodec::read : mch : 2, DDPoutput : 2
I/OMXCodec(  303): OMXCodec::read : mch : 2, DDPoutput : 2
I/OMXCodec(  303): OMXCodec::read : mch : 2, DDPoutput : 2
I/OMXCodec(  303): OMXCodec::read : mch : 2, DDPoutput : 2
I/OMXCodec(  303): OMXCodec::read : mch : 2, DDPoutput : 2
I/OMXCodec(  303): OMXCodec::read : mch : 2, DDPoutput : 2
I/OMXCodec(  303): OMXCodec::read : mch : 2, DDPoutput : 2
I/OMXCodec(  303): OMXCodec::read : mch : 2, DDPoutput : 2
I/OMXCodec(  303): OMXCodec::read : mch : 2, DDPoutput : 2
I/OMXCodec(  303): OMXCodec::read : mch : 2, DDPoutput : 2
I/OMXCodec(  303): OMXCodec::read : mch : 2, DDPoutput : 2
E/QCameraHWI_Preview(  303): android::status_t android::QCameraStream_preview::getBufferFromSurface(): dequeue buf hdl =0xa1744a10
E/QCameraHWI_Preview(  303): getBufferFromSurface: dequeue buf: 0xa1720d44
E/QCameraHWI_Preview(  303): getBufferFromSurface: mPreviewBufSize mWidth : 1920, mHeight : 1080  mPreviewBufSize: 3110400
I/OMXCodec(  303): OMXCodec::read : mch : 2, DDPoutput : 2
E/QCameraHWI_Preview(  303): getBufferFromSurface: preview Format : 1, width : 1920, height : 1080
E/QCameraHWI_Preview(  303): getBufferFromSurface: idx = 3, fd = 82, size = 3110400, offset = 0
I/OMXCodec(  303): OMXCodec::read : mch : 2, DDPoutput : 2
W/qdmemalloc(  273): GRALLOC_USAGE_PRIVATE_MM_HEAP                                 cannot be used as an insecure heap!                                trying to use IOMMU instead !!
I/OMXCodec(  303): OMXCodec::read : mch : 2, DDPoutput : 2
I/OMXCodec(  303): OMXCodec::read : mch : 2, DDPoutput : 2
I/OMXCodec(  303): OMXCodec::read : mch : 2, DDPoutput : 2
I/OMXCodec(  303): OMXCodec::read : mch : 2, DDPoutput : 2
I/OMXCodec(  303): OMXCodec::read : mch : 2, DDPoutput : 2
I/OMXCodec(  303): OMXCodec::read : mch : 2, DDPoutput : 2
I/OMXCodec(  303): OMXCodec::read : mch : 2, DDPoutput : 2
I/OMXCodec(  303): OMXCodec::read : mch : 2, DDPoutput : 2
I/OMXCodec(  303): OMXCodec::read : mch : 2, DDPoutput : 2
I/OMXCodec(  303): OMXCodec::read : mch : 2, DDPoutput : 2
I/OMXCodec(  303): OMXCodec::read : mch : 2, DDPoutput : 2
I/OMXCodec(  303): OMXCodec::read : mch : 2, DDPoutput : 2
I/OMXCodec(  303): OMXCodec::read : mch : 2, DDPoutput : 2
E/QCameraHWI_Preview(  303): android::status_t android::QCameraStream_preview::getBufferFromSurface(): dequeue buf hdl =0xa1744ab0
E/QCameraHWI_Preview(  303): getBufferFromSurface: dequeue buf: 0xad969044
I/OMXCodec(  303): OMXCodec::read : mch : 2, DDPoutput : 2
E/QCameraHWI_Preview(  303): getBufferFromSurface: mPreviewBufSize mWidth : 1920, mHeight : 1080  mPreviewBufSize: 3110400
I/OMXCodec(  303): OMXCodec::read : mch : 2, DDPoutput : 2
E/QCameraHWI_Preview(  303): getBufferFromSurface: preview Format : 1, width : 1920, height : 1080
E/QCameraHWI_Preview(  303): getBufferFromSurface: idx = 4, fd = 86, size = 3110400, offset = 0
W/qdmemalloc(  273): GRALLOC_USAGE_PRIVATE_MM_HEAP                                 cannot be used as an insecure heap!                                trying to use IOMMU instead !!
I/OMXCodec(  303): OMXCodec::read : mch : 2, DDPoutput : 2
I/OMXCodec(  303): OMXCodec::read : mch : 2, DDPoutput : 2
I/OMXCodec(  303): OMXCodec::read : mch : 2, DDPoutput : 2
I/OMXCodec(  303): OMXCodec::read : mch : 2, DDPoutput : 2
I/OMXCodec(  303): OMXCodec::read : mch : 2, DDPoutput : 2
I/OMXCodec(  303): OMXCodec::read : mch : 2, DDPoutput : 2
I/OMXCodec(  303): OMXCodec::read : mch : 2, DDPoutput : 2
I/OMXCodec(  303): OMXCodec::read : mch : 2, DDPoutput : 2
I/OMXCodec(  303): OMXCodec::read : mch : 2, DDPoutput : 2
I/OMXCodec(  303): OMXCodec::read : mch : 2, DDPoutput : 2
I/OMXCodec(  303): OMXCodec::read : mch : 2, DDPoutput : 2
I/OMXCodec(  303): OMXCodec::read : mch : 2, DDPoutput : 2
I/OMXCodec(  303): OMXCodec::read : mch : 2, DDPoutput : 2
I/OMXCodec(  303): OMXCodec::read : mch : 2, DDPoutput : 2
E/QCameraHWI_Preview(  303): android::status_t android::QCameraStream_preview::getBufferFromSurface(): dequeue buf hdl =0xa1744420
E/QCameraHWI_Preview(  303): getBufferFromSurface: dequeue buf: 0xad9690c4
E/QCameraHWI_Preview(  303): getBufferFromSurface: mPreviewBufSize mWidth : 1920, mHeight : 1080  mPreviewBufSize: 3110400
E/QCameraHWI_Preview(  303): getBufferFromSurface: preview Format : 1, width : 1920, height : 1080
E/QCameraHWI_Preview(  303): getBufferFromSurface: idx = 5, fd = 90, size = 3110400, offset = 0
W/qdmemalloc(  273): GRALLOC_USAGE_PRIVATE_MM_HEAP                                 cannot be used as an insecure heap!                                trying to use IOMMU instead !!
E/QCameraHWI_Preview(  303): android::status_t android::QCameraStream_preview::getBufferFromSurface(): dequeue buf hdl =0xa1744a60
E/QCameraHWI_Preview(  303): getBufferFromSurface: dequeue buf: 0xad968fc4
E/QCameraHWI_Preview(  303): getBufferFromSurface: mPreviewBufSize mWidth : 1920, mHeight : 1080  mPreviewBufSize: 3110400
E/QCameraHWI_Preview(  303): getBufferFromSurface: preview Format : 1, width : 1920, height : 1080
E/QCameraHWI_Preview(  303): getBufferFromSurface: idx = 6, fd = 94, size = 3110400, offset = 0
W/qdmemalloc(  273): GRALLOC_USAGE_PRIVATE_MM_HEAP                                 cannot be used as an insecure heap!                                trying to use IOMMU instead !!
I/OMXCodec(  303): OMXCodec::read : mch : 2, DDPoutput : 2
I/OMXCodec(  303): OMXCodec::read : mch : 2, DDPoutput : 2
I/OMXCodec(  303): OMXCodec::read : mch : 2, DDPoutput : 2
I/OMXCodec(  303): OMXCodec::read : mch : 2, DDPoutput : 2
I/OMXCodec(  303): OMXCodec::read : mch : 2, DDPoutput : 2
I/OMXCodec(  303): OMXCodec::read : mch : 2, DDPoutput : 2
I/OMXCodec(  303): OMXCodec::read : mch : 2, DDPoutput : 2
I/OMXCodec(  303): OMXCodec::read : mch : 2, DDPoutput : 2
I/OMXCodec(  303): OMXCodec::read : mch : 2, DDPoutput : 2
I/OMXCodec(  303): OMXCodec::read : mch : 2, DDPoutput : 2
I/OMXCodec(  303): OMXCodec::read : mch : 2, DDPoutput : 2
I/OMXCodec(  303): OMXCodec::read : mch : 2, DDPoutput : 2
I/OMXCodec(  303): OMXCodec::read : mch : 2, DDPoutput : 2
I/OMXCodec(  303): OMXCodec::read : mch : 2, DDPoutput : 2
I/OMXCodec(  303): OMXCodec::read : mch : 2, DDPoutput : 2
I/OMXCodec(  303): OMXCodec::read : mch : 2, DDPoutput : 2
I/OMXCodec(  303): OMXCodec::read : mch : 2, DDPoutput : 2
I/OMXCodec(  303): OMXCodec::read : mch : 2, DDPoutput : 2
I/OMXCodec(  303): OMXCodec::read : mch : 2, DDPoutput : 2
I/OMXCodec(  303): OMXCodec::read : mch : 2, DDPoutput : 2
I/OMXCodec(  303): OMXCodec::read : mch : 2, DDPoutput : 2
I/OMXCodec(  303): OMXCodec::read : mch : 2, DDPoutput : 2
E/QCameraHWI_Preview(  303): android::status_t android::QCameraStream_preview::getBufferFromSurface(): dequeue buf hdl =0xb21e5b00
E/QCameraHWI_Preview(  303): getBufferFromSurface: dequeue buf: 0xad969644
E/QCameraHWI_Preview(  303): getBufferFromSurface: mPreviewBufSize mWidth : 1920, mHeight : 1080  mPreviewBufSize: 3110400
I/OMXCodec(  303): OMXCodec::read : mch : 2, DDPoutput : 2
E/QCameraHWI_Preview(  303): getBufferFromSurface: preview Format : 1, width : 1920, height : 1080
E/QCameraHWI_Preview(  303): getBufferFromSurface: idx = 7, fd = 98, size = 3110400, offset = 0
I/OMXCodec(  303): OMXCodec::read : mch : 2, DDPoutput : 2
W/qdmemalloc(  273): GRALLOC_USAGE_PRIVATE_MM_HEAP                                 cannot be used as an insecure heap!                                trying to use IOMMU instead !!
I/OMXCodec(  303): OMXCodec::read : mch : 2, DDPoutput : 2
I/OMXCodec(  303): OMXCodec::read : mch : 2, DDPoutput : 2
I/OMXCodec(  303): OMXCodec::read : mch : 2, DDPoutput : 2
I/OMXCodec(  303): OMXCodec::read : mch : 2, DDPoutput : 2
I/OMXCodec(  303): OMXCodec::read : mch : 2, DDPoutput : 2
I/OMXCodec(  303): OMXCodec::read : mch : 2, DDPoutput : 2
I/OMXCodec(  303): OMXCodec::read : mch : 2, DDPoutput : 2
I/OMXCodec(  303): OMXCodec::read : mch : 2, DDPoutput : 2
I/OMXCodec(  303): OMXCodec::read : mch : 2, DDPoutput : 2
I/OMXCodec(  303): OMXCodec::read : mch : 2, DDPoutput : 2
I/OMXCodec(  303): OMXCodec::read : mch : 2, DDPoutput : 2
I/OMXCodec(  303): OMXCodec::read : mch : 2, DDPoutput : 2
I/OMXCodec(  303): OMXCodec::read : mch : 2, DDPoutput : 2
I/OMXCodec(  303): OMXCodec::read : mch : 2, DDPoutput : 2
I/OMXCodec(  303): OMXCodec::read : mch : 2, DDPoutput : 2
I/OMXCodec(  303): OMXCodec::read : mch : 2, DDPoutput : 2
I/OMXCodec(  303): OMXCodec::read : mch : 2, DDPoutput : 2
I/OMXCodec(  303): OMXCodec::read : mch : 2, DDPoutput : 2
I/OMXCodec(  303): OMXCodec::read : mch : 2, DDPoutput : 2
I/OMXCodec(  303): OMXCodec::read : mch : 2, DDPoutput : 2
I/OMXCodec(  303): OMXCodec::read : mch : 2, DDPoutput : 2
I/OMXCodec(  303): OMXCodec::read : mch : 2, DDPoutput : 2
I/OMXCodec(  303): OMXCodec::read : mch : 2, DDPoutput : 2
I/OMXCodec(  303): OMXCodec::read : mch : 2, DDPoutput : 2
I/OMXCodec(  303): OMXCodec::read : mch : 2, DDPoutput : 2
I/OMXCodec(  303): OMXCodec::read : mch : 2, DDPoutput : 2
I/OMXCodec(  303): OMXCodec::read : mch : 2, DDPoutput : 2
I/OMXCodec(  303): OMXCodec::read : mch : 2, DDPoutput : 2
I/OMXCodec(  303): OMXCodec::read : mch : 2, DDPoutput : 2
I/OMXCodec(  303): OMXCodec::read : mch : 2, DDPoutput : 2
I/OMXCodec(  303): OMXCodec::read : mch : 2, DDPoutput : 2
I/OMXCodec(  303): OMXCodec::read : mch : 2, DDPoutput : 2
I/OMXCodec(  303): OMXCodec::read : mch : 2, DDPoutput : 2
I/OMXCodec(  303): OMXCodec::read : mch : 2, DDPoutput : 2
E/QCameraHWI_Preview(  303): android::status_t android::QCameraStream_preview::getBufferFromSurface(): dequeue buf hdl =0xad94b3d0
E/QCameraHWI_Preview(  303): getBufferFromSurface: dequeue buf: 0xad9696c4
I/OMXCodec(  303): OMXCodec::read : mch : 2, DDPoutput : 2
I/OMXCodec(  303): OMXCodec::read : mch : 2, DDPoutput : 2
E/QCameraHWI_Preview(  303): getBufferFromSurface: mPreviewBufSize mWidth : 1920, mHeight : 1080  mPreviewBufSize: 3110400
I/OMXCodec(  303): OMXCodec::read : mch : 2, DDPoutput : 2
I/OMXCodec(  303): OMXCodec::read : mch : 2, DDPoutput : 2
E/QCameraHWI_Preview(  303): getBufferFromSurface: preview Format : 1, width : 1920, height : 1080
E/QCameraHWI_Preview(  303): getBufferFromSurface: idx = 8, fd = 102, size = 3110400, offset = 0
W/qdmemalloc(  273): GRALLOC_USAGE_PRIVATE_MM_HEAP                                 cannot be used as an insecure heap!                                trying to use IOMMU instead !!
I/OMXCodec(  303): OMXCodec::read : mch : 2, DDPoutput : 2
I/OMXCodec(  303): OMXCodec::read : mch : 2, DDPoutput : 2
I/OMXCodec(  303): OMXCodec::read : mch : 2, DDPoutput : 2
I/OMXCodec(  303): OMXCodec::read : mch : 2, DDPoutput : 2
I/OMXCodec(  303): OMXCodec::read : mch : 2, DDPoutput : 2
I/OMXCodec(  303): OMXCodec::read : mch : 2, DDPoutput : 2
I/OMXCodec(  303): OMXCodec::read : mch : 2, DDPoutput : 2
I/OMXCodec(  303): OMXCodec::read : mch : 2, DDPoutput : 2
I/OMXCodec(  303): OMXCodec::read : mch : 2, DDPoutput : 2
I/OMXCodec(  303): OMXCodec::read : mch : 2, DDPoutput : 2
I/OMXCodec(  303): OMXCodec::read : mch : 2, DDPoutput : 2
I/OMXCodec(  303): OMXCodec::read : mch : 2, DDPoutput : 2
E/QCameraHWI_Preview(  303): android::status_t android::QCameraStream_preview::getBufferFromSurface(): dequeue buf hdl =0xa1744880
E/QCameraHWI_Preview(  303): getBufferFromSurface: dequeue buf: 0xad9695c4
I/OMXCodec(  303): OMXCodec::read : mch : 2, DDPoutput : 2
I/OMXCodec(  303): OMXCodec::read : mch : 2, DDPoutput : 2
E/QCameraHWI_Preview(  303): getBufferFromSurface: mPreviewBufSize mWidth : 1920, mHeight : 1080  mPreviewBufSize: 3110400
I/OMXCodec(  303): OMXCodec::read : mch : 2, DDPoutput : 2
I/OMXCodec(  303): OMXCodec::read : mch : 2, DDPoutput : 2
E/QCameraHWI_Preview(  303): getBufferFromSurface: preview Format : 1, width : 1920, height : 1080
E/QCameraHWI_Preview(  303): getBufferFromSurface: idx = 9, fd = 106, size = 3110400, offset = 0
W/qdmemalloc(  273): GRALLOC_USAGE_PRIVATE_MM_HEAP                                 cannot be used as an insecure heap!                                trying to use IOMMU instead !!
I/OMXCodec(  303): OMXCodec::read : mch : 2, DDPoutput : 2
I/OMXCodec(  303): OMXCodec::read : mch : 2, DDPoutput : 2
I/OMXCodec(  303): OMXCodec::read : mch : 2, DDPoutput : 2
I/OMXCodec(  303): OMXCodec::read : mch : 2, DDPoutput : 2
I/OMXCodec(  303): OMXCodec::read : mch : 2, DDPoutput : 2
I/OMXCodec(  303): OMXCodec::read : mch : 2, DDPoutput : 2
I/OMXCodec(  303): OMXCodec::read : mch : 2, DDPoutput : 2
I/OMXCodec(  303): OMXCodec::read : mch : 2, DDPoutput : 2
I/OMXCodec(  303): OMXCodec::read : mch : 2, DDPoutput : 2
I/OMXCodec(  303): OMXCodec::read : mch : 2, DDPoutput : 2
I/OMXCodec(  303): OMXCodec::read : mch : 2, DDPoutput : 2
I/OMXCodec(  303): OMXCodec::read : mch : 2, DDPoutput : 2
I/OMXCodec(  303): OMXCodec::read : mch : 2, DDPoutput : 2
E/QCameraHWI_Preview(  303): android::status_t android::QCameraStream_preview::getBufferFromSurface(): dequeue buf hdl =0xb216b0b0
E/QCameraHWI_Preview(  303): getBufferFromSurface: dequeue buf: 0xb19fe4c4
I/OMXCodec(  303): OMXCodec::read : mch : 2, DDPoutput : 2
I/OMXCodec(  303): OMXCodec::read : mch : 2, DDPoutput : 2
E/QCameraHWI_Preview(  303): getBufferFromSurface: mPreviewBufSize mWidth : 1920, mHeight : 1080  mPreviewBufSize: 3110400
I/OMXCodec(  303): OMXCodec::read : mch : 2, DDPoutput : 2
I/OMXCodec(  303): OMXCodec::read : mch : 2, DDPoutput : 2
E/QCameraHWI_Preview(  303): getBufferFromSurface: preview Format : 1, width : 1920, height : 1080
E/QCameraHWI_Preview(  303): getBufferFromSurface: idx = 10, fd = 110, size = 3110400, offset = 0
I/QCameraHWI_Preview(  303):  getBufferFromSurface : X 
I/QCameraHWI_Preview(  303):  getBufferFromSurface : X 
E/QCameraHWI_Preview(  303): initDisplayBuffers: idx = 0, fd = 70, size = 3112960, cbcr_offset = 2073600, y_offset = 0, offset = 0, vaddr = 0xa8ba3000
E/QCameraHWI_Preview(  303): Planes: 0 length: 2073600 userptr: 70 offset: 0
E/QCameraHWI_Preview(  303): Planes: 1 length: 1036800 userptr: 70 offset: 2073600
E/QCameraHWI_Preview(  303): DEBUG2:Display buf[0] fd:70
E/QCameraHWI_Preview(  303): initDisplayBuffers: idx = 1, fd = 74, size = 3112960, cbcr_offset = 2073600, y_offset = 0, offset = 0, vaddr = 0xa85b2000
E/QCameraHWI_Preview(  303): Planes: 0 length: 2073600 userptr: 74 offset: 0
E/QCameraHWI_Preview(  303): Planes: 1 length: 1036800 userptr: 74 offset: 2073600
E/QCameraHWI_Preview(  303): DEBUG2:Display buf[1] fd:74
E/QCameraHWI_Preview(  303): initDisplayBuffers: idx = 2, fd = 78, size = 3112960, cbcr_offset = 2073600, y_offset = 0, offset = 0, vaddr = 0xa7fc1000
E/QCameraHWI_Preview(  303): Planes: 0 length: 2073600 userptr: 78 offset: 0
E/QCameraHWI_Preview(  303): Planes: 1 length: 1036800 userptr: 78 offset: 2073600
E/QCameraHWI_Preview(  303): DEBUG2:Display buf[2] fd:78
E/QCameraHWI_Preview(  303): initDisplayBuffers: idx = 3, fd = 82, size = 3112960, cbcr_offset = 2073600, y_offset = 0, offset = 0, vaddr = 0xa79d0000
E/QCameraHWI_Preview(  303): Planes: 0 length: 2073600 userptr: 82 offset: 0
E/QCameraHWI_Preview(  303): Planes: 1 length: 1036800 userptr: 82 offset: 2073600
E/QCameraHWI_Preview(  303): DEBUG2:Display buf[3] fd:82
E/QCameraHWI_Preview(  303): initDisplayBuffers: idx = 4, fd = 86, size = 3112960, cbcr_offset = 2073600, y_offset = 0, offset = 0, vaddr = 0xa73df000
E/QCameraHWI_Preview(  303): Planes: 0 length: 2073600 userptr: 86 offset: 0
E/QCameraHWI_Preview(  303): Planes: 1 length: 1036800 userptr: 86 offset: 2073600
E/QCameraHWI_Preview(  303): DEBUG2:Display buf[4] fd:86
E/QCameraHWI_Preview(  303): initDisplayBuffers: idx = 5, fd = 90, size = 3112960, cbcr_offset = 2073600, y_offset = 0, offset = 0, vaddr = 0xa6b7c000
E/QCameraHWI_Preview(  303): Planes: 0 length: 2073600 userptr: 90 offset: 0
E/QCameraHWI_Preview(  303): Planes: 1 length: 1036800 userptr: 90 offset: 2073600
E/QCameraHWI_Preview(  303): DEBUG2:Display buf[5] fd:90
E/QCameraHWI_Preview(  303): initDisplayBuffers: idx = 6, fd = 94, size = 3112960, cbcr_offset = 2073600, y_offset = 0, offset = 0, vaddr = 0xa658c000
E/QCameraHWI_Preview(  303): Planes: 0 length: 2073600 userptr: 94 offset: 0
E/QCameraHWI_Preview(  303): Planes: 1 length: 1036800 userptr: 94 offset: 2073600
E/QCameraHWI_Preview(  303): DEBUG2:Display buf[6] fd:94
E/QCameraHWI_Preview(  303): initDisplayBuffers: idx = 7, fd = 98, size = 3112960, cbcr_offset = 2073600, y_offset = 0, offset = 0, vaddr = 0xa5f9b000
E/QCameraHWI_Preview(  303): Planes: 0 length: 2073600 userptr: 98 offset: 0
E/QCameraHWI_Preview(  303): Planes: 1 length: 1036800 userptr: 98 offset: 2073600
E/QCameraHWI_Preview(  303): DEBUG2:Display buf[7] fd:98
E/QCameraHWI_Preview(  303): initDisplayBuffers: idx = 8, fd = 102, size = 3112960, cbcr_offset = 2073600, y_offset = 0, offset = 0, vaddr = 0xa59aa000
E/QCameraHWI_Preview(  303): Planes: 0 length: 2073600 userptr: 102 offset: 0
E/QCameraHWI_Preview(  303): Planes: 1 length: 1036800 userptr: 102 offset: 2073600
E/QCameraHWI_Preview(  303): DEBUG2:Display buf[8] fd:102
E/QCameraHWI_Preview(  303): initDisplayBuffers: idx = 9, fd = 106, size = 3112960, cbcr_offset = 2073600, y_offset = 0, offset = 0, vaddr = 0xa53b9000
E/QCameraHWI_Preview(  303): Planes: 0 length: 2073600 userptr: 106 offset: 0
E/QCameraHWI_Preview(  303): Planes: 1 length: 1036800 userptr: 106 offset: 2073600
E/QCameraHWI_Preview(  303): DEBUG2:Display buf[9] fd:106
E/QCameraHWI_Preview(  303): initDisplayBuffers: idx = 10, fd = 110, size = 3112960, cbcr_offset = 2073600, y_offset = 0, offset = 0, vaddr = 0xa4dc8000
E/QCameraHWI_Preview(  303): Planes: 0 length: 2073600 userptr: 110 offset: 0
E/QCameraHWI_Preview(  303): Planes: 1 length: 1036800 userptr: 110 offset: 2073600
E/QCameraHWI_Preview(  303): DEBUG2:Display buf[10] fd:110
E/QCameraHWI_Preview(  303): initDisplayBuffers: X
E/mm-camera(  285): cam_mctl_thread: Woke up Socket fd
E/mm-camera(  285): mctl_divert_socket_recvmsg: Receieved msg_type=0
E/mm-camera(  285): cam_mctl_thread: Woke up Socket fd
E/mm-camera(  285): mctl_divert_socket_recvmsg: Receieved msg_type=0
E/mm-camera(  285): cam_mctl_thread: Woke up Socket fd
E/mm-camera(  285): mctl_divert_socket_recvmsg: Receieved msg_type=0
E/mm-camera(  285): cam_mctl_thread: Woke up Socket fd
E/mm-camera(  285): mctl_divert_socket_recvmsg: Receieved msg_type=0
E/mm-camera(  285): cam_mctl_thread: Woke up Socket fd
E/mm-camera(  285): mctl_divert_socket_recvmsg: Receieved msg_type=0
E/mm-camera(  285): cam_mctl_thread: Woke up Socket fd
E/mm-camera(  285): mctl_divert_socket_recvmsg: Receieved msg_type=0
E/mm-camera(  285): cam_mctl_thread: Woke up Socket fd
E/mm-camera(  285): mctl_divert_socket_recvmsg: Receieved msg_type=0
E/mm-camera(  285): cam_mctl_thread: Woke up Socket fd
E/mm-camera(  285): mctl_divert_socket_recvmsg: Receieved msg_type=0
E/mm-camera(  285): cam_mctl_thread: Woke up Socket fd
E/mm-camera(  285): mctl_divert_socket_recvmsg: Receieved msg_type=0
E/mm-camera(  285): cam_mctl_thread: Woke up Socket fd
E/mm-camera(  285): mctl_divert_socket_recvmsg: Receieved msg_type=0
E/mm-camera(  285): cam_mctl_thread: Woke up Socket fd
E/mm-camera(  285): mctl_divert_socket_recvmsg: Receieved msg_type=0
I/OMXCodec(  303): OMXCodec::read : mch : 2, DDPoutput : 2
I/OMXCodec(  303): OMXCodec::read : mch : 2, DDPoutput : 2
I/OMXCodec(  303): OMXCodec::read : mch : 2, DDPoutput : 2
I/OMXCodec(  303): OMXCodec::read : mch : 2, DDPoutput : 2
E/mm--camera_config_v2(  285): config_MSM_V4L2_STREAM_ON, - Inside Stream ON
E/mm-camera(  285): camera_plugin_client_isp_timing_notify_to_plugin: timing event 1
E/mm--camera_config_v2(  285): config_MSM_V4L2_STREAM_ON op_mode = VIDEO User set bundle 0, Stream on 1 for 1
E/mm-camera(  285): ispif_client_set_params, i: 0, InterfaceType: 0
E/mm-camera(  285): ispif_client_set_params: X stream_info ispif_set 1 ispif_client 1
E/mm--camera_config_v2(  285): config_v2_CAMERA_SET_CHANNEL_STREAM rc = 0, status = 1
E/mm--camera_config_v2(  285): config_decide_vfe_outputs Qtr size 1920 x 1080, Picture Size 1920 x 1080
E/mm--camera_config_v2(  285): config_decide_vfe_outputs: Ports Used 3, Op mode 1
E/mm--camera_config_v2(  285): config_decide_vfe_outputs Current mode 5 Full size streaming : Disabled
E/mm--camera_config_v2(  285): config_decide_vfe_outputs: Primary: 1920x1080, extra_pad: 0x0, Fmt: 1, Type: 3, Path: 4
E/mm--camera_config_v2(  285): config_decide_vfe_outputs: Secondary: 1920x1080, extra_pad: 0x0, Fmt: 1, Type: 1, Path: 1
E/mm--camera_config_v2(  285): config_MSM_V4L2_STREAM_ON pstreamon_bundle_mask 0
I/OMXCodec(  303): OMXCodec::read : mch : 2, DDPoutput : 2
I/OMXCodec(  303): OMXCodec::read : mch : 2, DDPoutput : 2
I/OMXCodec(  303): OMXCodec::read : mch : 2, DDPoutput : 2
I/OMXCodec(  303): OMXCodec::read : mch : 2, DDPoutput : 2
I/OMXCodec(  303): OMXCodec::read : mch : 2, DDPoutput : 2
I/OMXCodec(  303): OMXCodec::read : mch : 2, DDPoutput : 2
I/OMXCodec(  303): OMXCodec::read : mch : 2, DDPoutput : 2
I/OMXCodec(  303): OMXCodec::read : mch : 2, DDPoutput : 2
I/OMXCodec(  303): OMXCodec::read : mch : 2, DDPoutput : 2
I/OMXCodec(  303): OMXCodec::read : mch : 2, DDPoutput : 2
I/OMXCodec(  303): OMXCodec::read : mch : 2, DDPoutput : 2
I/OMXCodec(  303): OMXCodec::read : mch : 2, DDPoutput : 2
I/OMXCodec(  303): OMXCodec::read : mch : 2, DDPoutput : 2
I/OMXCodec(  303): OMXCodec::read : mch : 2, DDPoutput : 2
I/OMXCodec(  303): OMXCodec::read : mch : 2, DDPoutput : 2
I/OMXCodec(  303): OMXCodec::read : mch : 2, DDPoutput : 2
I/OMXCodec(  303): OMXCodec::read : mch : 2, DDPoutput : 2
I/OMXCodec(  303): OMXCodec::read : mch : 2, DDPoutput : 2
I/OMXCodec(  303): OMXCodec::read : mch : 2, DDPoutput : 2
I/OMXCodec(  303): OMXCodec::read : mch : 2, DDPoutput : 2
I/OMXCodec(  303): OMXCodec::read : mch : 2, DDPoutput : 2
I/OMXCodec(  303): OMXCodec::read : mch : 2, DDPoutput : 2
I/OMXCodec(  303): OMXCodec::read : mch : 2, DDPoutput : 2
I/OMXCodec(  303): OMXCodec::read : mch : 2, DDPoutput : 2
I/OMXCodec(  303): OMXCodec::read : mch : 2, DDPoutput : 2
I/OMXCodec(  303): OMXCodec::read : mch : 2, DDPoutput : 2
I/OMXCodec(  303): OMXCodec::read : mch : 2, DDPoutput : 2
I/OMXCodec(  303): OMXCodec::read : mch : 2, DDPoutput : 2
I/OMXCodec(  303): OMXCodec::read : mch : 2, DDPoutput : 2
I/OMXCodec(  303): OMXCodec::read : mch : 2, DDPoutput : 2
I/OMXCodec(  303): OMXCodec::read : mch : 2, DDPoutput : 2
D/CustomFrequencyManagerService(  862): releaseDVFSLockLocked : Getting Lock type frm List : DVFS_MIN_LIMIT  frequency : 1890000  uid : 1000  pid : 862  tag : ROTATION_BOOSTER@37
I/OMXCodec(  303): OMXCodec::read : mch : 2, DDPoutput : 2
I/OMXCodec(  303): OMXCodec::read : mch : 2, DDPoutput : 2
I/OMXCodec(  303): OMXCodec::read : mch : 2, DDPoutput : 2
I/OMXCodec(  303): OMXCodec::read : mch : 2, DDPoutput : 2
I/OMXCodec(  303): OMXCodec::read : mch : 2, DDPoutput : 2
I/OMXCodec(  303): OMXCodec::read : mch : 2, DDPoutput : 2
I/OMXCodec(  303): OMXCodec::read : mch : 2, DDPoutput : 2
I/OMXCodec(  303): OMXCodec::read : mch : 2, DDPoutput : 2
I/OMXCodec(  303): OMXCodec::read : mch : 2, DDPoutput : 2
I/OMXCodec(  303): OMXCodec::read : mch : 2, DDPoutput : 2
I/OMXCodec(  303): OMXCodec::read : mch : 2, DDPoutput : 2
I/OMXCodec(  303): OMXCodec::read : mch : 2, DDPoutput : 2
I/OMXCodec(  303): OMXCodec::read : mch : 2, DDPoutput : 2
I/OMXCodec(  303): OMXCodec::read : mch : 2, DDPoutput : 2
E/mm--camera_config_v2(  285): config_update_stream_info: inst_idx : 255
E/mm--camera_config_v2(  285): config_update_stream_info Storing stream parameters for mctl pp inst 0 as : width = 1920, height 1080, format = 1 inst_handle = 81818000 cid = 0
E/mm-camera_config_pp(  285): config_pp_topology_video: video_width : 1920, video_height : 1080
E/mm-camera_config_pp(  285): config_pp_topology_video: display_width : 1920, display_height : 1080
E/mm-camera_config_pp(  285): config_pp_topology_video: use_c2d : 0
E/mm_camera-mctl_pp(  285): mctl_pp_acquire_hw: Image mode: 1 poll 1 Path 1 poll 1
I/OMXCodec(  303): OMXCodec::read : mch : 2, DDPoutput : 2
I/OMXCodec(  303): OMXCodec::read : mch : 2, DDPoutput : 2
I/OMXCodec(  303): OMXCodec::read : mch : 2, DDPoutput : 2
I/OMXCodec(  303): OMXCodec::read : mch : 2, DDPoutput : 2
I/OMXCodec(  303): OMXCodec::read : mch : 2, DDPoutput : 2
I/OMXCodec(  303): OMXCodec::read : mch : 2, DDPoutput : 2
I/OMXCodec(  303): OMXCodec::read : mch : 2, DDPoutput : 2
I/OMXCodec(  303): OMXCodec::read : mch : 2, DDPoutput : 2
I/OMXCodec(  303): OMXCodec::read : mch : 2, DDPoutput : 2
I/OMXCodec(  303): OMXCodec::read : mch : 2, DDPoutput : 2
I/OMXCodec(  303): OMXCodec::read : mch : 2, DDPoutput : 2
I/OMXCodec(  303): OMXCodec::read : mch : 2, DDPoutput : 2
I/OMXCodec(  303): OMXCodec::read : mch : 2, DDPoutput : 2
I/OMXCodec(  303): OMXCodec::read : mch : 2, DDPoutput : 2
I/OMXCodec(  303): OMXCodec::read : mch : 2, DDPoutput : 2
