I/BatteryStatsDBHelper(  862): In checkForPowerThreshold, Package name = com.google.android.apps.youtube.music
I/BatteryStatsDBHelper(  862): Checking to remove old data from [com.google.android.apps.youtube.music] before adding this new one at 48:10:50
I/BatteryStatsDBHelper(  862): First entry has timestamp as 47:10:41
I/BatteryStatsDBHelper(  862): Deleting entry for time = 47:10:41in table name : [com.google.android.apps.youtube.music]
I/BatteryStatsDBHelper(  862): Next entry's timestamp is 47:10:52
I/BatteryStatsDBHelper(  862):  maintainNotifiedAppList called 
I/BatteryStatsDBHelper(  862): checkForPowerThreshold:: lcdOffPowerInLastHour : 0.0Package:com.google.android.apps.youtube.music
I/BatteryStatsDBHelper(  862): checkForPowerThreshold:: Total Power in last hour : 109.63063510991229
I/BatteryStatsDBHelper(  862): Added in Sipper List for last Hour :com.google.android.apps.youtube.music
I/BatteryStatsDBHelper(  862): Total Power in last 24 hours : 1990.128388650378
I/BatteryStatsDBHelper(  862): Added in Sipper List for 24 Hours :com.google.android.apps.youtube.music
I/BatteryStatsDBHelper(  862): In checkForPowerThreshold, Package name = com.google.android.play.games
I/BatteryStatsDBHelper(  862): Checking to remove old data from [com.google.android.play.games] before adding this new one at 48:10:50
I/BatteryStatsDBHelper(  862): First entry has timestamp as 47:10:41
I/BatteryStatsDBHelper(  862): Deleting entry for time = 47:10:41in table name : [com.google.android.play.games]
I/BatteryStatsDBHelper(  862): Next entry's timestamp is 47:10:52
I/BatteryStatsDBHelper(  862):  maintainNotifiedAppList called 
I/BatteryStatsDBHelper(  862): checkForPowerThreshold:: lcdOffPowerInLastHour : 0.0Package:com.google.android.play.games
I/BatteryStatsDBHelper(  862): checkForPowerThreshold:: Total Power in last hour : 109.63063510991229
I/BatteryStatsDBHelper(  862): Added in Sipper List for last Hour :com.google.android.play.games
I/BatteryStatsDBHelper(  862): Total Power in last 24 hours : 1990.128388650378
I/BatteryStatsDBHelper(  862): Added in Sipper List for 24 Hours :com.google.android.play.games
I/BatteryStatsDBHelper(  862): In checkForPowerThreshold, Package name = com.google.android.apps.books
I/BatteryStatsDBHelper(  862): Checking to remove old data from [com.google.android.apps.books] before adding this new one at 48:10:50
I/BatteryStatsDBHelper(  862): First entry has timestamp as 47:10:41
I/BatteryStatsDBHelper(  862): Deleting entry for time = 47:10:41in table name : [com.google.android.apps.books]
I/BatteryStatsDBHelper(  862): Next entry's timestamp is 47:10:52
I/BatteryStatsDBHelper(  862):  maintainNotifiedAppList called 
I/BatteryStatsDBHelper(  862): checkForPowerThreshold:: lcdOffPowerInLastHour : 0.0Package:com.google.android.apps.books
I/BatteryStatsDBHelper(  862): checkForPowerThreshold:: Total Power in last hour : 109.63063510991229
I/BatteryStatsDBHelper(  862): Added in Sipper List for last Hour :com.google.android.apps.books
I/BatteryStatsDBHelper(  862): Total Power in last 24 hours : 1990.409635895863
I/BatteryStatsDBHelper(  862): Added in Sipper List for 24 Hours :com.google.android.apps.books
I/BatteryStatsDBHelper(  862): In checkForPowerThreshold, Package name = com.samsung.android.allshare.service.mediashare
I/BatteryStatsDBHelper(  862): Checking to remove old data from [com.samsung.android.allshare.service.mediashare] before adding this new one at 48:10:50
I/BatteryStatsDBHelper(  862): First entry has timestamp as 47:10:41
I/BatteryStatsDBHelper(  862): Deleting entry for time = 47:10:41in table name : [com.samsung.android.allshare.service.mediashare]
I/BatteryStatsDBHelper(  862): Next entry's timestamp is 47:10:52
I/BatteryStatsDBHelper(  862):  maintainNotifiedAppList called 
I/BatteryStatsDBHelper(  862): checkForPowerThreshold:: lcdOffPowerInLastHour : 0.012407306005795241Package:com.samsung.android.allshare.service.mediashare
I/BatteryStatsDBHelper(  862): checkForPowerThreshold:: Total Power in last hour : 109.6587332391588
I/BatteryStatsDBHelper(  862): Added in Sipper List for last Hour :com.samsung.android.allshare.service.mediashare
I/BatteryStatsDBHelper(  862): Total Power in last 24 hours : 1990.5374752034747
I/BatteryStatsDBHelper(  862): Added in Sipper List for 24 Hours :com.samsung.android.allshare.service.mediashare
I/BatteryStatsDBHelper(  862): In checkForPowerThreshold, Package name = com.sec.android.app.translator
I/BatteryStatsDBHelper(  862): Checking to remove old data from [com.sec.android.app.translator] before adding this new one at 48:10:50
I/BatteryStatsDBHelper(  862): First entry has timestamp as 47:10:41
I/BatteryStatsDBHelper(  862): Deleting entry for time = 47:10:41in table name : [com.sec.android.app.translator]
I/BatteryStatsDBHelper(  862): Next entry's timestamp is 47:10:52
I/BatteryStatsDBHelper(  862):  maintainNotifiedAppList called 
I/BatteryStatsDBHelper(  862): checkForPowerThreshold:: lcdOffPowerInLastHour : 0.0Package:com.sec.android.app.translator
I/BatteryStatsDBHelper(  862): checkForPowerThreshold:: Total Power in last hour : 109.6587332391588
I/BatteryStatsDBHelper(  862): Added in Sipper List for last Hour :com.sec.android.app.translator
I/BatteryStatsDBHelper(  862): Total Power in last 24 hours : 1990.5391208165397
I/BatteryStatsDBHelper(  862): Added in Sipper List for 24 Hours :com.sec.android.app.translator
I/BatteryStatsDBHelper(  862): In checkForPowerThreshold, Package name = com.espn.fantasy.lm.football
I/BatteryStatsDBHelper(  862): Checking to remove old data from [com.espn.fantasy.lm.football] before adding this new one at 48:10:50
I/BatteryStatsDBHelper(  862): First entry has timestamp as 47:10:41
I/BatteryStatsDBHelper(  862): Deleting entry for time = 47:10:41in table name : [com.espn.fantasy.lm.football]
D/airlock.CacheManager( 7560): Airlock all features recalculation duration = 1227
D/Airlock.FeaturesList( 7560): ToJsonObject = {"root":{"isON":false,"source":"SERVER","features":[{"fullName":"ads.Main Feed Ads","isON":false,"source":"SERVER","type":"FEATURE"},{"fullName":"ads.Main Screen Banner","isON":false,"source":"SERVER","type":"FEATURE"},{"fullName":"ads.Airlock Control Over Ads","isON":false,"source":"SERVER","type":"FEATURE"},{"fullName":"modules.Breaking News","isON":false,"source":"SERVER","type":"FEATURE"},{"fullName":"modules.Video Enabled","isON":false,"source":"SERVER","type":"FEATURE"},{"fullName":"modules.Right Now","isON":true,"source":"SERVER","type":"FEATURE","featureAttributes":{"id":"current-conditions","description":"Displays current conditions.","type":"native","adSlot":"weather.bb","beacon":"weather:current:conditions:displayed"}},{"fullName":"modules.Hourly","isON":true,"source":"SERVER","type":"FEATURE","featureAttributes":{"id":"hourly","description":"Displays hourly weather information.","type":"native","adSlot":"weather.hourly","beacon":"weather:hourly:displayed"}},{"fullName":"modules.Daily","isON":true,"source":"SERVER","type":"FEATURE","featureAttributes":{"id":"ten-day","description":"Displays ten day forecast.","type":"native","adSlot":"weather.10day","beacon":"weather:10-day:displayed","days":15}},{"fullName":"modules.Video","isON":true,"source":"SERVER","type":"FEATURE","featureAttributes":{"id":"video3","description":"Displays video module with 3 thumbnails.","type":"native","adSlot":"","beacon":"video:video:displayed"}},{"fullName":"modules.Radar Maps","isON":true,"source":"SERVER","type":"FEATURE","featureAttributes":{"id":"map","description":"Displays radar map.","type":"native","adSlot":"weather.maps","beacon":"map:map:displayed"}},{"fullName":"modules.Road Conditions","isON":true,"source":"SERVER","type":"FEATURE","featureAttributes":{"id":"driving-difficulty","description":"Displays radar map.","type":"native","adSlot":"weather.maps","beacon":"map:map:displayed"}},{"fullName":"modules.News","isON":true,"source":"SERVER","type":"FEATURE","featureAttributes":{"id":"news","description":"Displays news.","type":"native","adSlot":"weather.articles","beacon":"news:news:displayed"}},{"fullName":"modules.Hurricane Central","isON":false,"source":"SERVER","type":"FEATURE"},{"fullName":"healthmodule.Allergy1Up","isON":false,"source":"SERVER","type":"FEATURE"},{"fullName":"healthmodule.AllergyMaps","isON":false,"source":"SERVER","type":"FEATURE"},{"fullName":"modules.Health","isON":true,"source":"SERVER","type":"FEATURE","featureAttributes":{"id":"health","description":"Displays health information.","type":"native","adSlot":"","beacon":"pollen:pollen:displayed","adjacentAdParameters":{"fam":"hlth,allergy","ch":"pollencast"}}},{"fullName":"modules.Outdoor","isON":true,"source":"SERVER","type":"FEATURE","featureAttributes":{"id":"outdoor","description":"Displays run weather index information.","type":"native","hideable":false,"adSlot":"","sponsored":false}},{"fullName":"modules.Boat","isON":false,"source":"SERVER","type":"FEATURE"},{"fullName":"modules.Airlock Control Over Modules","isON":true,"source":"SERVER","type":"FEATURE","featureAttributes":{}},{"fullName":"bespoke.Allergy","isON":false,"source":"SERVER","type":"FEATURE"},{"fullName":"bespoke.ColdFlu","isON":false,"source":"SERVER","type":"FEATURE"},{"fullName":"bespoke.HealthSubmodules","isON":false,"source":"SERVER","type":"FEATURE"},{"fullName":"sample.ViewedCountryUS","isON":false,"source":"SERVER","type":"FEATURE"},{"fullName":"sample.ViewedCountryNonUS","isON":false,"source":"SERVER","type":"FEATURE"},{"fullName":"sample.ConnectionTypeWiFi","isON":false,"source":"SERVER","type":"FEATURE"},{"fullName":"sample.ConnectionType4G","isON":false,"source":"SERVER","type":"FEATURE"},{"fullName":"sample.Common","isON":false,"source":"SERVER","type":"FEATURE"},{"fullName":"performance.limit.weatherdata","isON":false,"source":"SERVER","type":"FEATURE"},{"fullName":"performance.limit.data","isON":false,"source":"SERVER","type":"FEATURE"},{"fullName":"performance.limit.location","isON":false,"source":"SERVER","t
D/StatusBar.NetworkController( 2470): onSignalStrengthsChanged signalStrength=SignalStrength: 99 99 -120 -160 -120 -1 -1 29 -86 -14 -4 -1 2147483647 0x2000 gsm|lte level=2
D/StatusBar.NetworkController( 2470): updateTelephonySignalStrength: hasService=true ss=SignalStrength: 99 99 -120 -160 -120 -1 -1 29 -86 -14 -4 -1 2147483647 0x2000 gsm|lte
D/StatusBar.NetworkController( 2470): updateTelephonySignalStrength: iconLevel=2
D/StatusBar.NetworkController( 2470): updateTelephonySignalStrength, No signal level. mPhoneSignalIconId = com.android.systemui:drawable/tw_stat_sys_5_level_signal_2 mDataSignalIconId = com.android.systemui:drawable/tw_stat_sys_5_level_signal_2 mQSPhoneSignalIconId = com.android.systemui:drawable/ic_qs_signal_2 mContentDescriptionPhoneSignal = Two bars of phone signal
D/StatusBar.NetworkController( 2470): refreshViews connected={ wifi } level=2 combinedSignalIconId=0x7f02051b/com.android.systemui:drawable/stat_sys_wifi_signal_3 mobileLabel=AT&T wifiLabel="UO Secure"xxxxXXXXxxxxXXXX emergencyOnly=false combinedLabel="UO Secure"xxxxXXXXxxxxXXXX mAirplaneMode=false mDataActivity=3 mPhoneSignalIconId=0x7f020610/com.android.systemui:drawable/tw_stat_sys_5_level_signal_2 mQSPhoneSignalIconId=0x7f02012a/com.android.systemui:drawable/ic_qs_signal_2 mDataDirectionIconId=0x0/(null) mDataSignalIconId=0x7f020610/com.android.systemui:drawable/tw_stat_sys_5_level_signal_2 mDataTypeIconId=0x7f02032e/com.android.systemui:drawable/stat_sys_data_connected_lte_att mQSDataTypeIconId=0x0/(null) mNoSimIconId=0x0/(null) mWifiIconId=0x7f02051b/com.android.systemui:drawable/stat_sys_wifi_signal_3 mQSWifiIconId=0x7f020142/com.android.systemui:drawable/ic_qs_wifi_3 mWifiActivityIconId=0x7f0204ef/com.android.systemui:drawable/stat_sys_signal_inout mBluetoothTetherIconId=0x10808cc/android:drawable/stat_sys_tether_bluetooth
D/STATUSBAR-WifiQuickSettingButton( 2470): onWifiSignalChanged enabled=true enabledDesc:"UO Secure"
I/BatteryStatsDBHelper(  862): Next entry's timestamp is 47:10:52
I/BatteryStatsDBHelper(  862):  maintainNotifiedAppList called 
I/BatteryStatsDBHelper(  862): checkForPowerThreshold:: lcdOffPowerInLastHour : 0.0Package:com.espn.fantasy.lm.football
I/BatteryStatsDBHelper(  862): checkForPowerThreshold:: Total Power in last hour : 109.6587332391588
I/BatteryStatsDBHelper(  862): Added in Sipper List for last Hour :com.espn.fantasy.lm.football
I/BatteryStatsDBHelper(  862): Total Power in last 24 hours : 1990.5391208165397
I/BatteryStatsDBHelper(  862): Added in Sipper List for 24 Hours :com.espn.fantasy.lm.football
I/BatteryStatsDBHelper(  862): In checkForPowerThreshold, Package name = com.android.sharedstoragebackup
I/BatteryStatsDBHelper(  862): Checking to remove old data from [com.android.sharedstoragebackup] before adding this new one at 48:10:50
I/BatteryStatsDBHelper(  862): First entry has timestamp as 47:10:41
I/BatteryStatsDBHelper(  862): Deleting entry for time = 47:10:41in table name : [com.android.sharedstoragebackup]
I/BatteryStatsDBHelper(  862): Next entry's timestamp is 47:10:52
I/BatteryStatsDBHelper(  862):  maintainNotifiedAppList called 
I/BatteryStatsDBHelper(  862): checkForPowerThreshold:: lcdOffPowerInLastHour : 0.0Package:com.android.sharedstoragebackup
I/BatteryStatsDBHelper(  862): checkForPowerThreshold:: Total Power in last hour : 109.6587332391588
I/BatteryStatsDBHelper(  862): Added in Sipper List for last Hour :com.android.sharedstoragebackup
I/BatteryStatsDBHelper(  862): Total Power in last 24 hours : 1990.5391208165397
I/BatteryStatsDBHelper(  862): Added in Sipper List for 24 Hours :com.android.sharedstoragebackup
I/BatteryStatsDBHelper(  862): In checkForPowerThreshold, Package name = com.google.android.gm
I/BatteryStatsDBHelper(  862): Checking to remove old data from [com.google.android.gm] before adding this new one at 48:10:50
I/BatteryStatsDBHelper(  862): First entry has timestamp as 47:10:41
I/BatteryStatsDBHelper(  862): Deleting entry for time = 47:10:41in table name : [com.google.android.gm]
I/BatteryStatsDBHelper(  862): Next entry's timestamp is 47:10:52
I/BatteryStatsDBHelper(  862):  maintainNotifiedAppList called 
I/BatteryStatsDBHelper(  862): checkForPowerThreshold:: lcdOffPowerInLastHour : 0.0Package:com.google.android.gm
I/BatteryStatsDBHelper(  862): checkForPowerThreshold:: Total Power in last hour : 109.6587332391588
I/BatteryStatsDBHelper(  862): Added in Sipper List for last Hour :com.google.android.gm
I/BatteryStatsDBHelper(  862): Total Power in last 24 hours : 1990.5391208165397
I/BatteryStatsDBHelper(  862): Added in Sipper List for 24 Hours :com.google.android.gm
I/BatteryStatsDBHelper(  862): In checkForPowerThreshold, Package name = com.venmo
I/BatteryStatsDBHelper(  862): Checking to remove old data from [com.venmo] before adding this new one at 48:10:50
I/BatteryStatsDBHelper(  862): First entry has timestamp as 47:10:41
I/BatteryStatsDBHelper(  862): Deleting entry for time = 47:10:41in table name : [com.venmo]
I/BatteryStatsDBHelper(  862): Next entry's timestamp is 47:10:52
I/BatteryStatsDBHelper(  862):  maintainNotifiedAppList called 
I/BatteryStatsDBHelper(  862): checkForPowerThreshold:: lcdOffPowerInLastHour : 0.054968768917858964Package:com.venmo
I/BatteryStatsDBHelper(  862): checkForPowerThreshold:: Total Power in last hour : 109.71370200807667
I/BatteryStatsDBHelper(  862): Added in Sipper List for last Hour :com.venmo
I/BatteryStatsDBHelper(  862): Total Power in last 24 hours : 2052.6275570741855
I/BatteryStatsDBHelper(  862): In checkForPowerThreshold, Package name = com.sec.android.app.FlashBarService
I/BatteryStatsDBHelper(  862): Checking to remove old data from [com.sec.android.app.FlashBarService] before adding this new one at 48:10:50
D/ActivityManager(  862): startService callerProcessName:com.weather.Weather, calleePkgName: com.weather.Weather
D/ActivityManager(  862): caller:android.app.ApplicationThreadProxy@28bd808, r.packageName :com.weather.Weather
I/BatteryStatsDBHelper(  862): First entry has timestamp as 47:10:41
I/BatteryStatsDBHelper(  862): Deleting entry for time = 47:10:41in table name : [com.sec.android.app.FlashBarService]
D/ConnectivityService(  862): returning getNetworkInfo(networkType - 1) :[type: WIFI[] - WIFI, state: CONNECTED/CONNECTED, reason: (unspecified), extra: "UO Secure", roaming: false, failover: false, isAvailable: true, isConnectedToProvisioningNetwork: false]
D/LocationManagerService(  862): getProviders()=[passive]
I/BatteryStatsDBHelper(  862): Next entry's timestamp is 47:10:52
I/BatteryStatsDBHelper(  862):  maintainNotifiedAppList called 
I/BatteryStatsDBHelper(  862): checkForPowerThreshold:: lcdOffPowerInLastHour : 0.0Package:com.sec.android.app.FlashBarService
I/BatteryStatsDBHelper(  862): checkForPowerThreshold:: Total Power in last hour : 109.71370200807667
I/BatteryStatsDBHelper(  862): Added in Sipper List for last Hour :com.sec.android.app.FlashBarService
I/BatteryStatsDBHelper(  862): Total Power in last 24 hours : 2052.6275570741855
I/BatteryStatsDBHelper(  862): Added in Sipper List for 24 Hours :com.sec.android.app.FlashBarService
I/BatteryStatsDBHelper(  862): In checkForPowerThreshold, Package name = com.samsung.android.nearby.mediaserver
I/BatteryStatsDBHelper(  862): Checking to remove old data from [com.samsung.android.nearby.mediaserver] before adding this new one at 48:10:50
I/BatteryStatsDBHelper(  862): First entry has timestamp as 47:10:41
I/BatteryStatsDBHelper(  862): Deleting entry for time = 47:10:41in table name : [com.samsung.android.nearby.mediaserver]
I/BatteryStatsDBHelper(  862): Next entry's timestamp is 47:10:52
I/BatteryStatsDBHelper(  862):  maintainNotifiedAppList called 
I/BatteryStatsDBHelper(  862): checkForPowerThreshold:: lcdOffPowerInLastHour : 0.00522021857934616Package:com.samsung.android.nearby.mediaserver
I/BatteryStatsDBHelper(  862): checkForPowerThreshold:: Total Power in last hour : 109.72024257220264
I/BatteryStatsDBHelper(  862): Added in Sipper List for last Hour :com.samsung.android.nearby.mediaserver
I/BatteryStatsDBHelper(  862): Total Power in last 24 hours : 2052.6340976383112
I/BatteryStatsDBHelper(  862): Added in Sipper List for 24 Hours :com.samsung.android.nearby.mediaserver
I/BatteryStatsDBHelper(  862): In checkForPowerThreshold, Package name = com.diotek.diodict3.service
I/BatteryStatsDBHelper(  862): Checking to remove old data from [com.diotek.diodict3.service] before adding this new one at 48:10:50
I/BatteryStatsDBHelper(  862): First entry has timestamp as 47:10:41
I/BatteryStatsDBHelper(  862): Deleting entry for time = 47:10:41in table name : [com.diotek.diodict3.service]
I/BatteryStatsDBHelper(  862): Next entry's timestamp is 47:10:52
I/BatteryStatsDBHelper(  862):  maintainNotifiedAppList called 
I/BatteryStatsDBHelper(  862): checkForPowerThreshold:: lcdOffPowerInLastHour : 0.0Package:com.diotek.diodict3.service
I/BatteryStatsDBHelper(  862): checkForPowerThreshold:: Total Power in last hour : 109.72024257220264
I/BatteryStatsDBHelper(  862): Added in Sipper List for last Hour :com.diotek.diodict3.service
I/BatteryStatsDBHelper(  862): Total Power in last 24 hours : 2052.6340976383112
I/BatteryStatsDBHelper(  862): Added in Sipper List for 24 Hours :com.diotek.diodict3.service
I/BatteryStatsDBHelper(  862): In checkForPowerThreshold, Package name = com.infraware.polarisoffice5
I/BatteryStatsDBHelper(  862): Checking to remove old data from [com.infraware.polarisoffice5] before adding this new one at 48:10:50
I/BatteryStatsDBHelper(  862): First entry has timestamp as 47:10:41
I/BatteryStatsDBHelper(  862): Deleting entry for time = 47:10:41in table name : [com.infraware.polarisoffice5]
D/ConnectivityService(  862): returning getNetworkInfo(networkType - 1) :[type: WIFI[] - WIFI, state: CONNECTED/CONNECTED, reason: (unspecified), extra: "UO Secure", roaming: false, failover: false, isAvailable: true, isConnectedToProvisioningNetwork: false]
I/BatteryStatsDBHelper(  862): Next entry's timestamp is 47:10:52
I/BatteryStatsDBHelper(  862):  maintainNotifiedAppList called 
I/BatteryStatsDBHelper(  862): checkForPowerThreshold:: lcdOffPowerInLastHour : 0.0Package:com.infraware.polarisoffice5
I/BatteryStatsDBHelper(  862): checkForPowerThreshold:: Total Power in last hour : 109.72024257220264
I/BatteryStatsDBHelper(  862): Added in Sipper List for last Hour :com.infraware.polarisoffice5
I/BatteryStatsDBHelper(  862): Total Power in last 24 hours : 2052.6340976383112
I/BatteryStatsDBHelper(  862): Added in Sipper List for 24 Hours :com.infraware.polarisoffice5
I/BatteryStatsDBHelper(  862): In checkForPowerThreshold, Package name = com.sec.android.app.ocr
I/BatteryStatsDBHelper(  862): Checking to remove old data from [com.sec.android.app.ocr] before adding this new one at 48:10:50
I/BatteryStatsDBHelper(  862): First entry has timestamp as 47:10:41
I/BatteryStatsDBHelper(  862): Deleting entry for time = 47:10:41in table name : [com.sec.android.app.ocr]
D/airlock.RhinoInvoker( 7560): Rhino context init duration = 94
I/BatteryStatsDBHelper(  862): Next entry's timestamp is 47:10:52
I/BatteryStatsDBHelper(  862):  maintainNotifiedAppList called 
I/BatteryStatsDBHelper(  862): checkForPowerThreshold:: lcdOffPowerInLastHour : 0.0Package:com.sec.android.app.ocr
I/BatteryStatsDBHelper(  862): checkForPowerThreshold:: Total Power in last hour : 109.72024257220264
I/BatteryStatsDBHelper(  862): Added in Sipper List for last Hour :com.sec.android.app.ocr
I/BatteryStatsDBHelper(  862): Total Power in last 24 hours : 2052.6340976383112
I/BatteryStatsDBHelper(  862): Added in Sipper List for 24 Hours :com.sec.android.app.ocr
I/BatteryStatsDBHelper(  862): In checkForPowerThreshold, Package name = com.sec.android.app.popupcalculator
I/BatteryStatsDBHelper(  862): Checking to remove old data from [com.sec.android.app.popupcalculator] before adding this new one at 48:10:50
I/BatteryStatsDBHelper(  862): First entry has timestamp as 47:10:41
I/BatteryStatsDBHelper(  862): Deleting entry for time = 47:10:41in table name : [com.sec.android.app.popupcalculator]
D/ConnectivityService(  862): returning getActiveNetworkInfo :[type: WIFI[] - WIFI, state: CONNECTED/CONNECTED, reason: (unspecified), extra: "UO Secure", roaming: false, failover: false, isAvailable: true, isConnectedToProvisioningNetwork: false]
I/RecorderBase( 7560): (TwcMetrics) bar-capture: id=null, event=session
I/PersistenceStrategyDb( 7560): (TwcMetrics) bar-put-event: id=null
I/BatteryStatsDBHelper(  862): Next entry's timestamp is 47:10:52
I/BatteryStatsDBHelper(  862):  maintainNotifiedAppList called 
I/BatteryStatsDBHelper(  862): checkForPowerThreshold:: lcdOffPowerInLastHour : 0.0Package:com.sec.android.app.popupcalculator
I/BatteryStatsDBHelper(  862): checkForPowerThreshold:: Total Power in last hour : 109.72024257220264
I/BatteryStatsDBHelper(  862): Added in Sipper List for last Hour :com.sec.android.app.popupcalculator
I/BatteryStatsDBHelper(  862): Total Power in last 24 hours : 2052.6340976383112
I/BatteryStatsDBHelper(  862): Added in Sipper List for 24 Hours :com.sec.android.app.popupcalculator
I/BatteryStatsDBHelper(  862): In checkForPowerThreshold, Package name = org.selco.mobile
I/BatteryStatsDBHelper(  862): Checking to remove old data from [org.selco.mobile] before adding this new one at 48:10:50
I/BatteryStatsDBHelper(  862): First entry has timestamp as 47:10:41
I/BatteryStatsDBHelper(  862): Deleting entry for time = 47:10:41in table name : [org.selco.mobile]
D/airlock.CacheManager( 7560): Airlock all features recalculation duration = 181
I/BatteryStatsDBHelper(  862): Next entry's timestamp is 47:10:52
I/BatteryStatsDBHelper(  862):  maintainNotifiedAppList called 
I/BatteryStatsDBHelper(  862): checkForPowerThreshold:: lcdOffPowerInLastHour : 0.0Package:org.selco.mobile
I/BatteryStatsDBHelper(  862): checkForPowerThreshold:: Total Power in last hour : 109.72024257220264
I/BatteryStatsDBHelper(  862): Added in Sipper List for last Hour :org.selco.mobile
I/BatteryStatsDBHelper(  862): Total Power in last 24 hours : 2052.6340976383112
I/BatteryStatsDBHelper(  862): Added in Sipper List for 24 Hours :org.selco.mobile
I/BatteryStatsDBHelper(  862): In checkForPowerThreshold, Package name = com.sec.android.mmapp
I/BatteryStatsDBHelper(  862): Checking to remove old data from [com.sec.android.mmapp] before adding this new one at 48:10:50
I/BatteryStatsDBHelper(  862): First entry has timestamp as 47:10:41
D/Airlock.FeaturesList( 7560): ToJsonObject = {"root":{"isON":false,"source":"SERVER","features":[{"fullName":"ads.Main Feed Ads","isON":false,"source":"SERVER","type":"FEATURE"},{"fullName":"ads.Main Screen Banner","isON":false,"source":"SERVER","type":"FEATURE"},{"fullName":"ads.Airlock Control Over Ads","isON":false,"source":"SERVER","type":"FEATURE"},{"fullName":"modules.Breaking News","isON":false,"source":"SERVER","type":"FEATURE"},{"fullName":"modules.Video Enabled","isON":false,"source":"SERVER","type":"FEATURE"},{"fullName":"modules.Right Now","isON":true,"source":"SERVER","type":"FEATURE","featureAttributes":{"id":"current-conditions","description":"Displays current conditions.","type":"native","adSlot":"weather.bb","beacon":"weather:current:conditions:displayed"}},{"fullName":"modules.Hourly","isON":true,"source":"SERVER","type":"FEATURE","featureAttributes":{"id":"hourly","description":"Displays hourly weather information.","type":"native","adSlot":"weather.hourly","beacon":"weather:hourly:displayed"}},{"fullName":"modules.Daily","isON":true,"source":"SERVER","type":"FEATURE","featureAttributes":{"id":"ten-day","description":"Displays ten day forecast.","type":"native","adSlot":"weather.10day","beacon":"weather:10-day:displayed","days":15}},{"fullName":"modules.Video","isON":true,"source":"SERVER","type":"FEATURE","featureAttributes":{"id":"video3","description":"Displays video module with 3 thumbnails.","type":"native","adSlot":"","beacon":"video:video:displayed"}},{"fullName":"modules.Radar Maps","isON":true,"source":"SERVER","type":"FEATURE","featureAttributes":{"id":"map","description":"Displays radar map.","type":"native","adSlot":"weather.maps","beacon":"map:map:displayed"}},{"fullName":"modules.Road Conditions","isON":true,"source":"SERVER","type":"FEATURE","featureAttributes":{"id":"driving-difficulty","description":"Displays radar map.","type":"native","adSlot":"weather.maps","beacon":"map:map:displayed"}},{"fullName":"modules.News","isON":true,"source":"SERVER","type":"FEATURE","featureAttributes":{"id":"news","description":"Displays news.","type":"native","adSlot":"weather.articles","beacon":"news:news:displayed"}},{"fullName":"modules.Hurricane Central","isON":false,"source":"SERVER","type":"FEATURE"},{"fullName":"healthmodule.Allergy1Up","isON":false,"source":"SERVER","type":"FEATURE"},{"fullName":"healthmodule.AllergyMaps","isON":false,"source":"SERVER","type":"FEATURE"},{"fullName":"modules.Health","isON":true,"source":"SERVER","type":"FEATURE","featureAttributes":{"id":"health","description":"Displays health information.","type":"native","adSlot":"","beacon":"pollen:pollen:displayed","adjacentAdParameters":{"fam":"hlth,allergy","ch":"pollencast"}}},{"fullName":"modules.Outdoor","isON":true,"source":"SERVER","type":"FEATURE","featureAttributes":{"id":"outdoor","description":"Displays run weather index information.","type":"native","hideable":false,"adSlot":"","sponsored":false}},{"fullName":"modules.Boat","isON":false,"source":"SERVER","type":"FEATURE"},{"fullName":"modules.Airlock Control Over Modules","isON":true,"source":"SERVER","type":"FEATURE","featureAttributes":{}},{"fullName":"bespoke.Allergy","isON":false,"source":"SERVER","type":"FEATURE"},{"fullName":"bespoke.ColdFlu","isON":false,"source":"SERVER","type":"FEATURE"},{"fullName":"bespoke.HealthSubmodules","isON":false,"source":"SERVER","type":"FEATURE"},{"fullName":"sample.ViewedCountryUS","isON":false,"source":"SERVER","type":"FEATURE"},{"fullName":"sample.ViewedCountryNonUS","isON":false,"source":"SERVER","type":"FEATURE"},{"fullName":"sample.ConnectionTypeWiFi","isON":false,"source":"SERVER","type":"FEATURE"},{"fullName":"sample.ConnectionType4G","isON":false,"source":"SERVER","type":"FEATURE"},{"fullName":"sample.Common","isON":false,"source":"SERVER","type":"FEATURE"},{"fullName":"performance.limit.weatherdata","isON":false,"source":"SERVER","type":"FEATURE"},{"fullName":"performance.limit.data","isON":false,"source":"SERVER","type":"FEATURE"},{"fullName":"performance.limit.location","isON":false,"source":"SERVER","t
I/BatteryStatsDBHelper(  862): Deleting entry for time = 47:10:41in table name : [com.sec.android.mmapp]
I/BatteryStatsDBHelper(  862): Next entry's timestamp is 47:10:52
D/ActivityManager(  862): startService callerProcessName:com.android.providers.media, calleePkgName: com.android.providers.media
I/BatteryStatsDBHelper(  862):  maintainNotifiedAppList called 
D/ActivityManager(  862): caller:android.app.ApplicationThreadProxy@43c81c6, r.packageName :com.android.providers.media
I/BatteryStatsDBHelper(  862): checkForPowerThreshold:: lcdOffPowerInLastHour : 0.0Package:com.sec.android.mmapp
I/BatteryStatsDBHelper(  862): checkForPowerThreshold:: Total Power in last hour : 109.72024257220264
I/BatteryStatsDBHelper(  862): Added in Sipper List for last Hour :com.sec.android.mmapp
I/BatteryStatsDBHelper(  862): Total Power in last 24 hours : 2052.6340976383112
I/BatteryStatsDBHelper(  862): Added in Sipper List for 24 Hours :com.sec.android.mmapp
D/ActivityManager(  862): startService callerProcessName:com.android.providers.media, calleePkgName: com.android.providers.media
D/ActivityManager(  862): caller:android.app.ApplicationThreadProxy@2271c587, r.packageName :com.android.providers.media
I/BatteryStatsDBHelper(  862): In checkForPowerThreshold, Package name = null
I/BatteryStatsDBHelper(  862): Checking to remove old data from [null] before adding this new one at 48:10:50
I/BatteryStatsDBHelper(  862): First entry has timestamp as 47:10:41
I/BatteryStatsDBHelper(  862): Deleting entry for time = 47:10:41in table name : [null]
D/ActivityManager(  862): startService callerProcessName:com.android.providers.media, calleePkgName: com.android.providers.media
D/ActivityManager(  862): caller:android.app.ApplicationThreadProxy@220a6cb4, r.packageName :com.android.providers.media
V/AlarmManager(  862): waitForAlarm result :8
D/ActivityManager(  862): startService callerProcessName:com.android.providers.media, calleePkgName: com.android.providers.media
D/ActivityManager(  862): caller:android.app.ApplicationThreadProxy@32c750dd, r.packageName :com.android.providers.media
D/ActivityManager(  862): caller:null, r.packageName :com.weather.Weather
D/MediaScanner(30430): scanSingleFile : 7klwibgf7fvntblfd7(7Uwlrercblrwuk7Vz Ofblpfi5vh+
D/ActivityManager(  862): startService callerProcessName:com.android.providers.media, calleePkgName: com.android.providers.media
D/ActivityManager(  862): caller:android.app.ApplicationThreadProxy@31ed1dd9, r.packageName :com.android.providers.media
D/ActivityManager(  862): startService callerProcessName:com.android.providers.media, calleePkgName: com.android.providers.media
D/ActivityManager(  862): caller:android.app.ApplicationThreadProxy@2fe4039e, r.packageName :com.android.providers.media
D/ActivityManager(  862): startService callerProcessName:com.android.providers.media, calleePkgName: com.android.providers.media
D/ActivityManager(  862): caller:android.app.ApplicationThreadProxy@763de7f, r.packageName :com.android.providers.media
W/InstanceID/Rpc( 7560): Found 10013
D/ActivityManager(  862): caller:android.app.ApplicationThreadProxy@288a9e4c, r.packageName :com.google.android.gms
I/BatteryStatsDBHelper(  862): Next entry's timestamp is 47:10:52
I/BatteryStatsDBHelper(  862):  maintainNotifiedAppList called 
I/BatteryStatsDBHelper(  862): checkForPowerThreshold:: lcdOffPowerInLastHour : 0.0Package:null
I/BatteryStatsDBHelper(  862): checkForPowerThreshold:: Total Power in last hour : 109.72024257220264
I/BatteryStatsDBHelper(  862): Total Power in last 24 hours : 2052.6341027165927
I/BatteryStatsDBHelper(  862): In checkForPowerThreshold, Package name = com.menny.android.anysoftkeyboard
I/BatteryStatsDBHelper(  862): Checking to remove old data from [com.menny.android.anysoftkeyboard] before adding this new one at 48:10:50
I/BatteryStatsDBHelper(  862): First entry has timestamp as 48:10:40
I/BatteryStatsDBHelper(  862):  maintainNotifiedAppList called 
I/BatteryStatsDBHelper(  862): checkForPowerThreshold:: lcdOffPowerInLastHour : 6.452814919336303E-4Package:com.menny.android.anysoftkeyboard
I/BatteryStatsDBHelper(  862): checkForPowerThreshold:: Total Power in last hour : 110.21689583025501
I/BatteryStatsDBHelper(  862): Added in Sipper List for last Hour :com.menny.android.anysoftkeyboard
I/BatteryStatsDBHelper(  862): Total Power in last 24 hours : 2053.130755974645
I/BatteryStatsDBHelper(  862): Added in Sipper List for 24 Hours :com.menny.android.anysoftkeyboard
I/BatteryStatsDBHelper(  862): In checkForPowerThreshold, Package name = com.android.packageinstaller
I/BatteryStatsDBHelper(  862): Checking to remove old data from [com.android.packageinstaller] before adding this new one at 48:10:50
I/BatteryStatsDBHelper(  862): First entry has timestamp as 48:10:40
I/BatteryStatsDBHelper(  862):  maintainNotifiedAppList called 
I/BatteryStatsDBHelper(  862): checkForPowerThreshold:: lcdOffPowerInLastHour : 0.006401616992826931Package:com.android.packageinstaller
I/BatteryStatsDBHelper(  862): checkForPowerThreshold:: Total Power in last hour : 110.22329744724784
I/BatteryStatsDBHelper(  862): Added in Sipper List for last Hour :com.android.packageinstaller
I/BatteryStatsDBHelper(  862): Total Power in last 24 hours : 2053.137157591638
I/BatteryStatsDBHelper(  862): Added in Sipper List for 24 Hours :com.android.packageinstaller
I/BatteryStatsDBHelper(  862): com.google.android.configupdater calculating percentage: totalPower0.0 batteryDeltaInLastHour: 9 totalPowerInLastHour: 110.22329744724784 screenUsageInLastHour: 32.203581666666665 percentage: 0.0
I/BatteryStatsDBHelper(  862): com.samsung.android.providers.context calculating percentage: totalPower0.3889508722007402 batteryDeltaInLastHour: 9 totalPowerInLastHour: 110.22329744724784 screenUsageInLastHour: 32.203581666666665 percentage: 0.024577929893463996
I/BatteryStatsDBHelper(  862): com.drivemode calculating percentage: totalPower0.16987211728035792 batteryDeltaInLastHour: 9 totalPowerInLastHour: 110.22329744724784 screenUsageInLastHour: 32.203581666666665 percentage: 0.010734273369147068
I/BatteryStatsDBHelper(  862): com.android.externalstorage calculating percentage: totalPower0.0 batteryDeltaInLastHour: 9 totalPowerInLastHour: 110.22329744724784 screenUsageInLastHour: 32.203581666666665 percentage: 0.0
I/BatteryStatsDBHelper(  862): com.google.android.partnersetup calculating percentage: totalPower0.046307482400737766 batteryDeltaInLastHour: 9 totalPowerInLastHour: 110.22329744724784 screenUsageInLastHour: 32.203581666666665 percentage: 0.002926184609249951
I/BatteryStatsDBHelper(  862): com.google.android.keep calculating percentage: totalPower1.381858003927979 batteryDeltaInLastHour: 9 totalPowerInLastHour: 110.22329744724784 screenUsageInLastHour: 32.203581666666665 percentage: 0.08732004880486632
I/BatteryStatsDBHelper(  862): com.samsung.klmsagent calculating percentage: totalPower0.020014615705401112 batteryDeltaInLastHour: 9 totalPowerInLastHour: 110.22329744724784 screenUsageInLastHour: 32.203581666666665 percentage: 0.0012647299615723441
I/BatteryStatsDBHelper(  862): com.android.systemui calculating percentage: totalPower39.73368326070041 batteryDeltaInLastHour: 9 totalPowerInLastHour: 110.22329744724784 screenUsageInLastHour: 32.203581666666665 percentage: 2.510784141105057
I/BatteryStatsDBHelper(  862): com.lookout calculating percentage: totalPower5.268601851462763 batteryDeltaInLastHour: 9 totalPowerInLastHour: 110.22329744724784 screenUsageInLastHour: 32.203581666666665 percentage: 0.332924634438138
I/BatteryStatsDBHelper(  862): com.wsomacp calculating percentage: totalPower0.011685897569386056 batteryDeltaInLastHour: 9 totalPowerInLastHour: 110.22329744724784 screenUsageInLastHour: 32.203581666666665 percentage: 7.3843560133306E-4
I/BatteryStatsDBHelper(  862): com.google.android.onetimeinitializer calculating percentage: totalPower0.0 batteryDeltaInLastHour: 9 totalPowerInLastHour: 110.22329744724784 screenUsageInLastHour: 32.203581666666665 percentage: 0.0
I/BatteryStatsDBHelper(  862): com.sec.android.pagebuddynotisvc calculating percentage: totalPower0.13574543571122466 batteryDeltaInLastHour: 9 totalPowerInLastHour: 110.22329744724784 screenUsageInLastHour: 32.203581666666665 percentage: 0.00857779745650318
I/BatteryStatsDBHelper(  862): com.android.vending calculating percentage: totalPower13.271709278320554 batteryDeltaInLastHour: 9 totalPowerInLastHour: 110.22329744724784 screenUsageInLastHour: 32.203581666666665 percentage: 0.8386435499253713
I/BatteryStatsDBHelper(  862): com.vlingo.midas calculating percentage: totalPower0.7437516870797658 batteryDeltaInLastHour: 9 totalPowerInLastHour: 110.22329744724784 screenUsageInLastHour: 32.203581666666665 percentage: 0.046997906753009376
I/BatteryStatsDBHelper(  862): com.sec.android.widgetapp.diotek.smemo calculating percentage: totalPower0.05621085310167319 batteryDeltaInLastHour: 9 totalPowerInLastHour: 110.22329744724784 screenUsageInLastHour: 32.203581666666665 percentage: 0.00355198176820568
I/BatteryStatsDBHelper(  862): com.sec.android.app.sns3 calculating percentage: totalPower0.04635494418912017 batteryDeltaInLastHour: 9 totalPowerInLastHour: 110.22329744724784 screenUsageInLastHour: 32.203581666666665 percentage: 0.0029291837348230107
I/BatteryStatsDBHelper(  862): com.sec.android.provider.snote calculating percentage: totalPower0.12538700242170642 batteryDeltaInLastHour: 9 totalPowerInLastHour: 110.22329744724784 screenUsageInLastHour: 32.203581666666665 percentage: 0.00792324474717153
I/BatteryStatsDBHelper(  862): com.sec.spp.push calculating percentage: totalPower0.13766789888201447 batteryDeltaInLastHour: 9 totalPowerInLastHour: 110.22329744724784 screenUsageInLastHour: 32.203581666666665 percentage: 0.008699278518538318
I/BatteryStatsDBHelper(  862): com.sec.android.app.samsungapps calculating percentage: totalPower1.113577697608501 batteryDeltaInLastHour: 9 totalPowerInLastHour: 110.22329744724784 screenUsageInLastHour: 32.203581666666665 percentage: 0.070367330526569
I/BatteryStatsDBHelper(  862): com.osp.app.signin calculating percentage: totalPower0.015015349366134245 batteryDeltaInLastHour: 9 totalPowerInLastHour: 110.22329744724784 screenUsageInLastHour: 32.203581666666665 percentage: 9.488247242089978E-4
I/BatteryStatsDBHelper(  862): com.android.providers.calendar calculating percentage: totalPower0.08607308807514115 batteryDeltaInLastHour: 9 totalPowerInLastHour: 110.22329744724784 screenUsageInLastHour: 32.203581666666665 percentage: 0.005438985937876873
I/BatteryStatsDBHelper(  862): com.sec.android.gallery3d calculating percentage: totalPower0.9199312914040326 batteryDeltaInLastHour: 9 totalPowerInLastHour: 110.22329744724784 screenUsageInLastHour: 32.203581666666665 percentage: 0.058130752243853896
I/BatteryStatsDBHelper(  862): com.android.mms calculating percentage: totalPower3.021665183197592 batteryDeltaInLastHour: 9 totalPowerInLastHour: 110.22329744724784 screenUsageInLastHour: 32.203581666666665 percentage: 0.19093998842049675
I/BatteryStatsDBHelper(  862): com.sec.android.app.myfiles calculating percentage: totalPower0.0 batteryDeltaInLastHour: 9 totalPowerInLastHour: 110.22329744724784 screenUsageInLastHour: 32.203581666666665 percentage: 0.0
I/BatteryStatsDBHelper(  862): com.sec.android.app.videoplayer calculating percentage: totalPower0.1062109964352732 batteryDeltaInLastHour: 9 totalPowerInLastHour: 110.22329744724784 screenUsageInLastHour: 32.203581666666665 percentage: 0.006711506801696615
I/BatteryStatsDBHelper(  862): com.google.android.setupwizard calculating percentage: totalPower1.8656494923806832 batteryDeltaInLastHour: 9 totalPowerInLastHour: 110.22329744724784 screenUsageInLastHour: 32.203581666666665 percentage: 0.11789098754313541
I/BatteryStatsDBHelper(  862): com.sec.android.app.mv.player calculating percentage: totalPower0.001657181177687286 batteryDeltaInLastHour: 9 totalPowerInLastHour: 110.22329744724784 screenUsageInLastHour: 32.203581666666665 percentage: 1.0471780812705091E-4
I/BatteryStatsDBHelper(  862): com.google.android.googlequicksearchbox calculating percentage: totalPower3.7191037849747755 batteryDeltaInLastHour: 9 totalPowerInLastHour: 110.22329744724784 screenUsageInLastHour: 32.203581666666665 percentage: 0.23501135651509839
I/BatteryStatsDBHelper(  862): com.smlds calculating percentage: totalPower0.19675750661040337 batteryDeltaInLastHour: 9 totalPowerInLastHour: 110.22329744724784 screenUsageInLastHour: 32.203581666666665 percentage: 0.012433169711437065
I/BatteryStatsDBHelper(  862): net.aetherpal.device calculating percentage: totalPower0.0 batteryDeltaInLastHour: 9 totalPowerInLastHour: 110.22329744724784 screenUsageInLastHour: 32.203581666666665 percentage: 0.0
I/BatteryStatsDBHelper(  862): air.WatchESPN calculating percentage: totalPower25.4277678528948 batteryDeltaInLastHour: 9 totalPowerInLastHour: 110.22329744724784 screenUsageInLastHour: 32.203581666666665 percentage: 1.6067887754039505
I/BatteryStatsDBHelper(  862): air.WatchESPN has consumed more than 1% battery in last 1 hour
I/BatteryStatsDBHelper(  862): com.sec.android.widgetapp.ap.hero.accuweather calculating percentage: totalPower0.0 batteryDeltaInLastHour: 9 totalPowerInLastHour: 110.22329744724784 screenUsageInLastHour: 32.203581666666665 percentage: 0.0
I/BatteryStatsDBHelper(  862): com.sec.android.provider.badge calculating percentage: totalPower0.26758328478435395 batteryDeltaInLastHour: 9 totalPowerInLastHour: 110.22329744724784 screenUsageInLastHour: 32.203581666666665 percentage: 0.0169086732647778
I/BatteryStatsDBHelper(  862): com.sec.android.band calculating percentage: totalPower0.0 batteryDeltaInLastHour: 9 totalPowerInLastHour: 110.22329744724784 screenUsageInLastHour: 32.203581666666665 percentage: 0.0
I/BatteryStatsDBHelper(  862): com.blurb.checkout calculating percentage: totalPower0.0 batteryDeltaInLastHour: 9 totalPowerInLastHour: 110.22329744724784 screenUsageInLastHour: 32.203581666666665 percentage: 0.0
I/BatteryStatsDBHelper(  862): com.android.chrome calculating percentage: totalPower2.005804899398809 batteryDeltaInLastHour: 9 totalPowerInLastHour: 110.22329744724784 screenUsageInLastHour: 32.203581666666665 percentage: 0.12674745249561292
I/BatteryStatsDBHelper(  862): com.sec.android.app.clockpackage calculating percentage: totalPower2.2267798061707924 batteryDeltaInLastHour: 9 totalPowerInLastHour: 110.22329744724784 screenUsageInLastHour: 32.203581666666665 percentage: 0.14071092746129835
I/BatteryStatsDBHelper(  862): com.sec.android.widgetapp.digitalclock calculating percentage: totalPower0.0020360743052556564 batteryDeltaInLastHour: 9 totalPowerInLastHour: 110.22329744724784 screenUsageInLastHour: 32.203581666666665 percentage: 1.2866018592350568E-4
I/BatteryStatsDBHelper(  862): com.sec.android.widgetapp.dualclockdigital calculating percentage: totalPower0.0030699829139084617 batteryDeltaInLastHour: 9 totalPowerInLastHour: 110.22329744724784 screenUsageInLastHour: 32.203581666666665 percentage: 1.9399320126278633E-4
I/BatteryStatsDBHelper(  862): com.sec.esdk.elm calculating percentage: totalPower2.1366265872118707E-4 batteryDeltaInLastHour: 9 totalPowerInLastHour: 110.22329744724784 screenUsageInLastHour: 32.203581666666665 percentage: 1.3501411674917603E-5
I/BatteryStatsDBHelper(  862): com.google.android.apps.maps calculating percentage: totalPower1.1195332080239202 batteryDeltaInLastHour: 9 totalPowerInLastHour: 110.22329744724784 screenUsageInLastHour: 32.203581666666665 percentage: 0.07074366113264725
I/BatteryStatsDBHelper(  862): com.samsung.android.app.watchmanagerstub calculating percentage: totalPower0.0 batteryDeltaInLastHour: 9 totalPowerInLastHour: 110.22329744724784 screenUsageInLastHour: 32.203581666666665 percentage: 0.0
I/BatteryStatsDBHelper(  862): com.sec.android.app.GlanceView calculating percentage: totalPower0.3436164404490423 batteryDeltaInLastHour: 9 totalPowerInLastHour: 110.22329744724784 screenUsageInLastHour: 32.203581666666665 percentage: 0.02171323266563981
I/BatteryStatsDBHelper(  862): com.google.android.talk calculating percentage: totalPower5.317140061407408 batteryDeltaInLastHour: 9 totalPowerInLastHour: 110.22329744724784 screenUsageInLastHour: 32.203581666666665 percentage: 0.33599177943365827
I/BatteryStatsDBHelper(  862): com.samsung.scrc.idi.server calculating percentage: totalPower0.0 batteryDeltaInLastHour: 9 totalPowerInLastHour: 110.22329744724784 screenUsageInLastHour: 32.203581666666665 percentage: 0.0
I/BatteryStatsDBHelper(  862): com.sec.android.app.controlpanel calculating percentage: totalPower0.06699220766239633 batteryDeltaInLastHour: 9 totalPowerInLastHour: 110.22329744724784 screenUsageInLastHour: 32.203581666666665 percentage: 0.004233259007798222
I/BatteryStatsDBHelper(  862): com.LocalFota calculating percentage: totalPower0.0 batteryDeltaInLastHour: 9 totalPowerInLastHour: 110.22329744724784 screenUsageInLastHour: 32.203581666666665 percentage: 0.0
I/BatteryStatsDBHelper(  862): com.google.android.apps.magazines calculating percentage: totalPower0.18498366239055572 batteryDeltaInLastHour: 9 totalPowerInLastHour: 110.22329744724784 screenUsageInLastHour: 32.203581666666665 percentage: 0.01168917673316028
I/BatteryStatsDBHelper(  862): com.google.android.music calculating percentage: totalPower0.6163643202636194 batteryDeltaInLastHour: 9 totalPowerInLastHour: 110.22329744724784 screenUsageInLastHour: 32.203581666666665 percentage: 0.038948258340588945
I/BatteryStatsDBHelper(  862): com.sec.android.app.music calculating percentage: totalPower6.177310886002219 batteryDeltaInLastHour: 9 totalPowerInLastHour: 110.22329744724784 screenUsageInLastHour: 32.203581666666665 percentage: 0.39034624868494006
I/BatteryStatsDBHelper(  862): com.android.providers.partnerbookmarks calculating percentage: totalPower0.0 batteryDeltaInLastHour: 9 totalPowerInLastHour: 110.22329744724784 screenUsageInLastHour: 32.203581666666665 percentage: 0.0
I/BatteryStatsDBHelper(  862): tv.peel.samsung.app calculating percentage: totalPower14.433956628110574 batteryDeltaInLastHour: 9 totalPowerInLastHour: 110.22329744724784 screenUsageInLastHour: 32.203581666666665 percentage: 0.9120863313244075
I/BatteryStatsDBHelper(  862): com.google.android.apps.plus calculating percentage: totalPower2.520186937716722 batteryDeltaInLastHour: 9 totalPowerInLastHour: 110.22329744724784 screenUsageInLastHour: 32.203581666666665 percentage: 0.1592514178542763
I/BatteryStatsDBHelper(  862): com.sec.android.app.sbrowser calculating percentage: totalPower0.0 batteryDeltaInLastHour: 9 totalPowerInLastHour: 110.22329744724784 screenUsageInLastHour: 32.203581666666665 percentage: 0.0
I/BatteryStatsDBHelper(  862): com.android.printspooler calculating percentage: totalPower0.0 batteryDeltaInLastHour: 9 totalPowerInLastHour: 110.22329744724784 screenUsageInLastHour: 32.203581666666665 percentage: 0.0
I/BatteryStatsDBHelper(  862): com.sec.android.app.camera calculating percentage: totalPower0.08878678687304287 batteryDeltaInLastHour: 9 totalPowerInLastHour: 110.22329744724784 screenUsageInLastHour: 32.203581666666665 percentage: 0.005610465432007904
I/BatteryStatsDBHelper(  862): com.sec.android.widgetapp.activeapplicationwidget calculating percentage: totalPower0.011353331917591102 batteryDeltaInLastHour: 9 totalPowerInLastHour: 110.22329744724784 screenUsageInLastHour: 32.203581666666665 percentage: 7.174206715334631E-4
I/BatteryStatsDBHelper(  862): com.android.calendar calculating percentage: totalPower0.24735310625468193 batteryDeltaInLastHour: 9 totalPowerInLastHour: 110.22329744724784 screenUsageInLastHour: 32.203581666666665 percentage: 0.0156303218194623
I/BatteryStatsDBHelper(  862): com.android.email calculating percentage: totalPower158.28468634659785 batteryDeltaInLastHour: 9 totalPowerInLastHour: 110.22329744724784 screenUsageInLastHour: 32.203581666666665 percentage: 10.002059905981659
I/BatteryStatsDBHelper(  862): com.android.exchange calculating percentage: totalPower0.18274722872693167 batteryDeltaInLastHour: 9 totalPowerInLastHour: 110.22329744724784 screenUsageInLastHour: 32.203581666666665 percentage: 0.011547855775361873
I/BatteryStatsDBHelper(  862): com.sec.smartcard.manager calculating percentage: totalPower0.0 batteryDeltaInLastHour: 9 totalPowerInLastHour: 110.22329744724784 screenUsageInLastHour: 32.203581666666665 percentage: 0.0
I/BatteryStatsDBHelper(  862): com.nuance.swype.input calculating percentage: totalPower1.7968825935860007 batteryDeltaInLastHour: 9 totalPowerInLastHour: 110.22329744724784 screenUsageInLastHour: 32.203581666666665 percentage: 0.1135455852356318
I/BatteryStatsDBHelper(  862): com.sec.tetheringprovision calculating percentage: totalPower0.020911648598642286 batteryDeltaInLastHour: 9 totalPowerInLastHour: 110.22329744724784 screenUsageInLastHour: 32.203581666666665 percentage: 0.0013214137567197017
