--------- beginning of main
D/TP/MmsProvider( 2672): Query uri=content://mms/2174/addr, match=13, calling pid = 6681
D/TP/MmsProvider( 2672): Query uri=content://mms/2171/addr, match=13, calling pid = 6681
D/OpenGLRenderer( 6863): Enabling debug mode 0
D/TP/MmsProvider( 2672): Query uri=content://mms/2168/addr, match=13, calling pid = 6681
D/TP/MmsProvider( 2672): Query uri=content://mms/2166/addr, match=13, calling pid = 6681
D/TP/MmsProvider( 2672): Query uri=content://mms/2164/addr, match=13, calling pid = 6681
D/TP/MmsProvider( 2672): Query uri=content://mms/2161/addr, match=13, calling pid = 6681
D/TP/MmsProvider( 2672): Query uri=content://mms/2159/addr, match=13, calling pid = 6681
D/TP/MmsProvider( 2672): Query uri=content://mms/2157/addr, match=13, calling pid = 6681
D/TP/MmsProvider( 2672): Query uri=content://mms/2155/addr, match=13, calling pid = 6681
D/InputMethodManagerService(  862): windowGainedFocus mCurrentFocusedUserId - 0 and mSecureKeypadEnabled-false
--------- beginning of system
W/ContextImpl(  862): Calling a method in the system process without a qualified user: android.app.ContextImpl.sendBroadcast:1699 com.android.server.InputMethodManagerService$6.run:2734 java.lang.Thread.run:818 <bottom of call stack> <bottom of call stack> 
D/TP/MmsProvider( 2672): Query uri=content://mms/2152/addr, match=13, calling pid = 6681
I/art     (  862): Explicit concurrent mark sweep GC freed 19628(920KB) AllocSpace objects, 4(64KB) LOS objects, 16% free, 80MB/96MB, paused 2.990ms total 219.604ms
W/IInputConnectionWrapper( 6411): showStatusIcon on inactive InputConnection
D/Log     ( 2811): clearBuffers 1
D/Log     ( 2811): clearBuffers 2
I/Timeline( 6863): Timeline: Activity_idle id: android.os.BinderProxy@1963c98f time:1535179408
D/Log     ( 2811): We are in saveBuffer line 235
D/Log     ( 2811): this is in write to file, LogManager
D/Log     ( 2811): clearBuffers 3
D/SSRM:a  (  862): DeviceInfo:: 000000000000
D/SSRM:a  (  862): SettingsAirViewInfo:: 000000000
D/TP/MmsProvider( 2672): Query uri=content://mms/2150/addr, match=13, calling pid = 6681
D/TextEntryState( 2811): State = START
D/GestureService(28998): serviceOnOffReceiver: onReceive - ResponseAxT9Info
V/GestureService(28998): enableService!!!!
E/GestureService(28998): updateFlags started
V/GestureService(28998): ================== GestureService Listener List ==================
E/GestureService(28998): bVertical = false
E/GestureService(28998): bHorizontal = false
E/GestureService(28998): bHorizontalWave = false
I/ActivityManager(  862): Displayed Component not be shown by security: +910ms
W/ContextImpl(28998): Calling a method in the system process without a qualified user: android.app.ContextImpl.sendStickyBroadcast:1866 android.content.ContextWrapper.sendStickyBroadcast:463 com.samsung.android.app.gestureservice.GestureService.updateStatusBar:826 com.samsung.android.app.gestureservice.GestureService.enableService:967 com.samsung.android.app.gestureservice.GestureService.access$1800:40 
D/CustomFrequencyManagerService(  862): releaseDVFSLockLocked : Getting Lock type frm List : DVFS_MIN_LIMIT  frequency : 1350000  uid : 1000  pid : 862  tag : ACTIVITY_RESUME_BOOSTER@7
D/TP/MmsProvider( 2672): Query uri=content://mms/2147/addr, match=13, calling pid = 6681
I/Timeline(  862): Timeline: Activity_windows_visible id: ActivityRecord{dcd58a4 u0 com.sec.android.app.camera/.CropImage t10349} time:1535179435
W/ActivityManager(  862): mDVFSHelper.release()
D/Camera2 ( 6411): setmDNIeUIMode : 0
E/SurfaceFlinger(  273): rejecting buffer: bufWidth=1920, bufHeight=1080, front.active.{w=1080, h=1920}
D/CustomFrequencyManagerService(  862): acquireDVFSLockLocked : type : DVFS_MIN_LIMIT  frequency : 1350000  uid : 1000  pid : 862  pkgName : ACTIVITY_RESUME_BOOSTER@11
D/TP/MmsProvider( 2672): Query uri=content://mms/2145/addr, match=13, calling pid = 6681
D/InputDispatcher(  862): setInputDispatchMode: enabled=1, frozen=0
D/TP/MmsProvider( 2672): Query uri=content://mms/2143/addr, match=13, calling pid = 6681
I/WindowManager(  862): Screen frozen for +905ms due to Window{23aad609 u0 Starting com.sec.android.app.camera}
D/TP/MmsProvider( 2672): Query uri=content://mms/2026/addr, match=13, calling pid = 6681
D/TP/MmsProvider( 2672): Query uri=content://mms/2024/addr, match=13, calling pid = 6681
D/TP/MmsProvider( 2672): Query uri=content://mms/2023/addr, match=13, calling pid = 6681
D/TP/MmsProvider( 2672): Query uri=content://mms/2020/addr, match=13, calling pid = 6681
E/OpenGLRenderer( 6411): SFEffectCache:clear(), mSize = 0
V/ActivityThread( 6411): updateVisibility : ActivityRecord{39f6e841 token=android.os.BinderProxy@1963c98f {com.sec.android.app.camera/com.sec.android.app.camera.Camcorder}} show : false
I/art     ( 6681): Explicit concurrent mark sweep GC freed 6686(230KB) AllocSpace objects, 0(0B) LOS objects, 24% free, 20MB/27MB, paused 366us total 30.944ms
D/TP/MmsProvider( 2672): Query uri=content://mms/2018/addr, match=13, calling pid = 6681
D/TP/MmsProvider( 2672): Query uri=content://mms/2014/addr, match=13, calling pid = 6681
D/TP/MmsProvider( 2672): Query uri=content://mms/2012/addr, match=13, calling pid = 6681
D/TP/MmsProvider( 2672): Query uri=content://mms/2009/addr, match=13, calling pid = 6681
D/TP/MmsProvider( 2672): Query uri=content://mms/2006/addr, match=13, calling pid = 6681
D/TP/MmsProvider( 2672): Query uri=content://mms/2002/addr, match=13, calling pid = 6681
D/TP/MmsProvider( 2672): Query uri=content://mms/1993/addr, match=13, calling pid = 6681
D/TP/MmsProvider( 2672): Query uri=content://mms/1989/addr, match=13, calling pid = 6681
D/TP/MmsProvider( 2672): Query uri=content://mms/1985/addr, match=13, calling pid = 6681
D/TP/MmsProvider( 2672): Query uri=content://mms/1982/addr, match=13, calling pid = 6681
D/TP/MmsProvider( 2672): Query uri=content://mms/1978/addr, match=13, calling pid = 6681
D/TP/MmsProvider( 2672): Query uri=content://mms/1975/addr, match=13, calling pid = 6681
D/TP/MmsProvider( 2672): Query uri=content://mms/1969/addr, match=13, calling pid = 6681
D/TP/MmsProvider( 2672): Query uri=content://mms/1967/addr, match=13, calling pid = 6681
D/TP/MmsProvider( 2672): Query uri=content://mms/1962/addr, match=13, calling pid = 6681
I/art     ( 2672): Explicit concurrent mark sweep GC freed 4591(192KB) AllocSpace objects, 0(0B) LOS objects, 39% free, 19MB/32MB, paused 640us total 33.355ms
D/TP/MmsProvider( 2672): Query uri=content://mms/1959/addr, match=13, calling pid = 6681
D/TP/MmsProvider( 2672): Query uri=content://mms/1956/addr, match=13, calling pid = 6681
D/TP/MmsProvider( 2672): Query uri=content://mms/1953/addr, match=13, calling pid = 6681
D/TP/MmsProvider( 2672): Query uri=content://mms/1951/addr, match=13, calling pid = 6681
D/TP/MmsProvider( 2672): Query uri=content://mms/1948/addr, match=13, calling pid = 6681
D/TP/MmsProvider( 2672): Query uri=content://mms/1946/addr, match=13, calling pid = 6681
D/TP/MmsProvider( 2672): Query uri=content://mms/1943/addr, match=13, calling pid = 6681
D/TP/MmsProvider( 2672): Query uri=content://mms/1941/addr, match=13, calling pid = 6681
D/TP/MmsProvider( 2672): Query uri=content://mms/1939/addr, match=13, calling pid = 6681
D/TP/MmsProvider( 2672): Query uri=content://mms/1936/addr, match=13, calling pid = 6681
D/TP/MmsProvider( 2672): Query uri=content://mms/1930/addr, match=13, calling pid = 6681
D/TP/MmsProvider( 2672): Query uri=content://mms/1928/addr, match=13, calling pid = 6681
D/TP/MmsProvider( 2672): Query uri=content://mms/1926/addr, match=13, calling pid = 6681
D/TP/MmsProvider( 2672): Query uri=content://mms/1924/addr, match=13, calling pid = 6681
D/TP/MmsProvider( 2672): Query uri=content://mms/1920/addr, match=13, calling pid = 6681
D/StatusBar.NetworkController( 2470): refreshViews connected={ wifi } level=2 combinedSignalIconId=0x7f02051e/com.android.systemui:drawable/stat_sys_wifi_signal_4 mobileLabel=AT&T wifiLabel="UO Secure"xxxxXXXXxxxxXXXX emergencyOnly=false combinedLabel="UO Secure"xxxxXXXXxxxxXXXX mAirplaneMode=false mDataActivity=3 mPhoneSignalIconId=0x7f020610/com.android.systemui:drawable/tw_stat_sys_5_level_signal_2 mQSPhoneSignalIconId=0x7f02012a/com.android.systemui:drawable/ic_qs_signal_2 mDataDirectionIconId=0x0/(null) mDataSignalIconId=0x7f020610/com.android.systemui:drawable/tw_stat_sys_5_level_signal_2 mDataTypeIconId=0x7f02032e/com.android.systemui:drawable/stat_sys_data_connected_lte_att mQSDataTypeIconId=0x0/(null) mNoSimIconId=0x0/(null) mWifiIconId=0x7f02051e/com.android.systemui:drawable/stat_sys_wifi_signal_4 mQSWifiIconId=0x7f020143/com.android.systemui:drawable/ic_qs_wifi_4 mWifiActivityIconId=0x7f0204ed/com.android.systemui:drawable/stat_sys_signal_in mBluetoothTetherIconId=0x10808cc/android:drawable/stat_sys_tether_bluetooth
D/STATUSBAR-WifiQuickSettingButton( 2470): onWifiSignalChanged enabled=true enabledDesc:"UO Secure"
D/StatusBar.NetworkController( 2470): refreshSignalCluster - setNWBoosterIndicators(false)
D/TP/MmsProvider( 2672): Query uri=content://mms/1917/addr, match=13, calling pid = 6681
D/StatusBar.NetworkController( 2470): applyOpen
D/StatusBar.NetworkController( 2470): refreshSignalCluster - setNWBoosterIndicators(false)
D/StatusBar.NetworkController( 2470): applyOpen
D/StatusBar.NetworkController( 2470): refreshSignalCluster - setNWBoosterIndicators(false)
D/StatusBar.NetworkController( 2470): applyOpen
D/StatusBar.NetworkController( 2470): refreshSignalCluster - setNWBoosterIndicators(false)
D/StatusBar.NetworkController( 2470): applyOpen
D/TP/MmsProvider( 2672): Query uri=content://mms/1915/addr, match=13, calling pid = 6681
D/TP/MmsProvider( 2672): Query uri=content://mms/1912/addr, match=13, calling pid = 6681
D/TP/MmsProvider( 2672): Query uri=content://mms/1908/addr, match=13, calling pid = 6681
D/TP/MmsProvider( 2672): Query uri=content://mms/1904/addr, match=13, calling pid = 6681
D/TP/MmsProvider( 2672): Query uri=content://mms/1901/addr, match=13, calling pid = 6681
D/TP/MmsProvider( 2672): Query uri=content://mms/1899/addr, match=13, calling pid = 6681
D/TP/MmsProvider( 2672): Query uri=content://mms/1895/addr, match=13, calling pid = 6681
D/TP/MmsProvider( 2672): Query uri=content://mms/1893/addr, match=13, calling pid = 6681
D/TP/MmsProvider( 2672): Query uri=content://mms/1889/addr, match=13, calling pid = 6681
D/TP/MmsProvider( 2672): Query uri=content://mms/1886/addr, match=13, calling pid = 6681
D/TP/MmsProvider( 2672): Query uri=content://mms/1883/addr, match=13, calling pid = 6681
D/TP/MmsProvider( 2672): Query uri=content://mms/1880/addr, match=13, calling pid = 6681
D/TP/MmsProvider( 2672): Query uri=content://mms/1878/addr, match=13, calling pid = 6681
D/TP/MmsProvider( 2672): Query uri=content://mms/1875/addr, match=13, calling pid = 6681
D/TP/MmsProvider( 2672): Query uri=content://mms/1873/addr, match=13, calling pid = 6681
D/CustomFrequencyManagerService(  862): releaseDVFSLockLocked : Getting Lock type frm List : DVFS_MIN_LIMIT  frequency : 1350000  uid : 1000  pid : 862  tag : ACTIVITY_RESUME_BOOSTER@11
D/TP/MmsProvider( 2672): Query uri=content://mms/1871/addr, match=13, calling pid = 6681
D/TP/MmsProvider( 2672): Query uri=content://mms/1869/addr, match=13, calling pid = 6681
D/TP/MmsProvider( 2672): Query uri=content://mms/1865/addr, match=13, calling pid = 6681
D/TP/MmsProvider( 2672): Query uri=content://mms/1863/addr, match=13, calling pid = 6681
D/TP/MmsProvider( 2672): Query uri=content://mms/1861/addr, match=13, calling pid = 6681
D/TP/MmsProvider( 2672): Query uri=content://mms/1858/addr, match=13, calling pid = 6681
D/TP/MmsProvider( 2672): Query uri=content://mms/1789/addr, match=13, calling pid = 6681
D/TP/MmsProvider( 2672): Query uri=content://mms/1787/addr, match=13, calling pid = 6681
D/TP/MmsProvider( 2672): Query uri=content://mms/1785/addr, match=13, calling pid = 6681
D/TP/MmsProvider( 2672): Query uri=content://mms/1783/addr, match=13, calling pid = 6681
D/TP/MmsProvider( 2672): Query uri=content://mms/1781/addr, match=13, calling pid = 6681
D/TP/MmsProvider( 2672): Query uri=content://mms/1779/addr, match=13, calling pid = 6681
D/TP/MmsProvider( 2672): Query uri=content://mms/1777/addr, match=13, calling pid = 6681
D/TP/MmsProvider( 2672): Query uri=content://mms/1775/addr, match=13, calling pid = 6681
D/TP/MmsProvider( 2672): Query uri=content://mms/1771/addr, match=13, calling pid = 6681
D/TP/MmsProvider( 2672): Query uri=content://mms/1769/addr, match=13, calling pid = 6681
D/TP/MmsProvider( 2672): Query uri=content://mms/1767/addr, match=13, calling pid = 6681
D/TP/MmsProvider( 2672): Query uri=content://mms/1765/addr, match=13, calling pid = 6681
D/TP/MmsProvider( 2672): Query uri=content://mms/1760/addr, match=13, calling pid = 6681
D/TP/MmsProvider( 2672): Query uri=content://mms/1757/addr, match=13, calling pid = 6681
I/art     ( 2672): Explicit concurrent mark sweep GC freed 5396(222KB) AllocSpace objects, 0(0B) LOS objects, 39% free, 19MB/32MB, paused 579us total 34.057ms
D/TP/MmsProvider( 2672): Query uri=content://mms/1755/addr, match=13, calling pid = 6681
D/TP/MmsProvider( 2672): Query uri=content://mms/1753/addr, match=13, calling pid = 6681
D/TP/MmsProvider( 2672): Query uri=content://mms/1751/addr, match=13, calling pid = 6681
V/WindowOrientationListener(  862): mSContextAutoRotationListener.getProposedRotation, mbResultFaceDectection: false
V/WindowOrientationListener(  862): mSContextAutoRotationListener.getProposedRotation, Rotation: -1
V/WindowOrientationListener(  862): mSContextAutoRotationListener.getProposedRotation, mbResultFaceDectection: false
V/WindowOrientationListener(  862): mSContextAutoRotationListener.getProposedRotation, Rotation: -1
D/TP/MmsProvider( 2672): Query uri=content://mms/1749/addr, match=13, calling pid = 6681
D/TP/MmsProvider( 2672): Query uri=content://mms/1747/addr, match=13, calling pid = 6681
V/WindowManager(  862): rotationForOrientationLw(orient=-1, last=0); user=0 USER_ROTATION_LOCKED sensorRotation=-1 mLidState=-1 mDockMode=0 mHdmiPlugged=false
D/TP/MmsProvider( 2672): Query uri=content://mms/1745/addr, match=13, calling pid = 6681
D/TP/MmsProvider( 2672): Query uri=content://mms/1743/addr, match=13, calling pid = 6681
D/TP/MmsProvider( 2672): Query uri=content://mms/1741/addr, match=13, calling pid = 6681
D/TP/MmsProvider( 2672): Query uri=content://mms/1739/addr, match=13, calling pid = 6681
D/TP/MmsProvider( 2672): Query uri=content://mms/1737/addr, match=13, calling pid = 6681
D/TP/MmsProvider( 2672): Query uri=content://mms/1735/addr, match=13, calling pid = 6681
D/TP/MmsProvider( 2672): Query uri=content://mms/1732/addr, match=13, calling pid = 6681
D/TP/MmsProvider( 2672): Query uri=content://mms/1729/addr, match=13, calling pid = 6681
D/TP/MmsProvider( 2672): Query uri=content://mms/1723/addr, match=13, calling pid = 6681
D/TP/MmsProvider( 2672): Query uri=content://mms/1721/addr, match=13, calling pid = 6681
D/TP/MmsProvider( 2672): Query uri=content://mms/1719/addr, match=13, calling pid = 6681
D/TP/MmsProvider( 2672): Query uri=content://mms/1717/addr, match=13, calling pid = 6681
D/TP/MmsProvider( 2672): Query uri=content://mms/1714/addr, match=13, calling pid = 6681
D/TP/MmsProvider( 2672): Query uri=content://mms/1641/addr, match=13, calling pid = 6681
D/TP/MmsProvider( 2672): Query uri=content://mms/1639/addr, match=13, calling pid = 6681
D/TP/MmsProvider( 2672): Query uri=content://mms/1637/addr, match=13, calling pid = 6681
D/TP/MmsProvider( 2672): Query uri=content://mms/1635/addr, match=13, calling pid = 6681
D/TP/MmsProvider( 2672): Query uri=content://mms/1633/addr, match=13, calling pid = 6681
D/TP/MmsProvider( 2672): Query uri=content://mms/1628/addr, match=13, calling pid = 6681
D/TP/MmsProvider( 2672): Query uri=content://mms/1626/addr, match=13, calling pid = 6681
D/TP/MmsProvider( 2672): Query uri=content://mms/1624/addr, match=13, calling pid = 6681
D/TP/MmsProvider( 2672): Query uri=content://mms/1622/addr, match=13, calling pid = 6681
D/TP/MmsProvider( 2672): Query uri=content://mms/1620/addr, match=13, calling pid = 6681
D/TP/MmsProvider( 2672): Query uri=content://mms/1618/addr, match=13, calling pid = 6681
D/TP/MmsProvider( 2672): Query uri=content://mms/1614/addr, match=13, calling pid = 6681
D/TP/MmsProvider( 2672): Query uri=content://mms/1611/addr, match=13, calling pid = 6681
D/TP/MmsProvider( 2672): Query uri=content://mms/1605/addr, match=13, calling pid = 6681
D/TP/MmsProvider( 2672): Query uri=content://mms/1593/addr, match=13, calling pid = 6681
D/TP/MmsProvider( 2672): Query uri=content://mms/1591/addr, match=13, calling pid = 6681
D/TP/MmsProvider( 2672): Query uri=content://mms/1589/addr, match=13, calling pid = 6681
D/TP/MmsProvider( 2672): Query uri=content://mms/1570/addr, match=13, calling pid = 6681
D/TP/MmsProvider( 2672): Query uri=content://mms/1568/addr, match=13, calling pid = 6681
D/TP/MmsProvider( 2672): Query uri=content://mms/1565/addr, match=13, calling pid = 6681
D/TP/MmsProvider( 2672): Query uri=content://mms/1563/addr, match=13, calling pid = 6681
D/TP/MmsProvider( 2672): Query uri=content://mms/1559/addr, match=13, calling pid = 6681
I/art     ( 6681): Explicit concurrent mark sweep GC freed 9031(314KB) AllocSpace objects, 0(0B) LOS objects, 24% free, 20MB/27MB, paused 366us total 29.937ms
D/TP/MmsProvider( 2672): Query uri=content://mms/1533/addr, match=13, calling pid = 6681
D/TP/MmsProvider( 2672): Query uri=content://mms/1524/addr, match=13, calling pid = 6681
D/TP/MmsProvider( 2672): Query uri=content://mms/1521/addr, match=13, calling pid = 6681
D/TP/MmsProvider( 2672): Query uri=content://mms/1501/addr, match=13, calling pid = 6681
D/TP/MmsProvider( 2672): Query uri=content://mms/1499/addr, match=13, calling pid = 6681
D/TP/MmsProvider( 2672): Query uri=content://mms/1493/addr, match=13, calling pid = 6681
D/TP/MmsProvider( 2672): Query uri=content://mms/1488/addr, match=13, calling pid = 6681
D/TP/MmsProvider( 2672): Query uri=content://mms/1483/addr, match=13, calling pid = 6681
D/TP/MmsProvider( 2672): Query uri=content://mms/1481/addr, match=13, calling pid = 6681
D/TP/MmsProvider( 2672): Query uri=content://mms/1470/addr, match=13, calling pid = 6681
D/TP/MmsProvider( 2672): Query uri=content://mms/1469/addr, match=13, calling pid = 6681
D/StatusBar.NetworkController( 2470): refreshViews connected={ wifi } level=2 combinedSignalIconId=0x7f02051b/com.android.systemui:drawable/stat_sys_wifi_signal_3 mobileLabel=AT&T wifiLabel="UO Secure"xxxxXXXXxxxxXXXX emergencyOnly=false combinedLabel="UO Secure"xxxxXXXXxxxxXXXX mAirplaneMode=false mDataActivity=3 mPhoneSignalIconId=0x7f020610/com.android.systemui:drawable/tw_stat_sys_5_level_signal_2 mQSPhoneSignalIconId=0x7f02012a/com.android.systemui:drawable/ic_qs_signal_2 mDataDirectionIconId=0x0/(null) mDataSignalIconId=0x7f020610/com.android.systemui:drawable/tw_stat_sys_5_level_signal_2 mDataTypeIconId=0x7f02032e/com.android.systemui:drawable/stat_sys_data_connected_lte_att mQSDataTypeIconId=0x0/(null) mNoSimIconId=0x0/(null) mWifiIconId=0x7f02051b/com.android.systemui:drawable/stat_sys_wifi_signal_3 mQSWifiIconId=0x7f020142/com.android.systemui:drawable/ic_qs_wifi_3 mWifiActivityIconId=0x7f0204ed/com.android.systemui:drawable/stat_sys_signal_in mBluetoothTetherIconId=0x10808cc/android:drawable/stat_sys_tether_bluetooth
D/STATUSBAR-WifiQuickSettingButton( 2470): onWifiSignalChanged enabled=true enabledDesc:"UO Secure"
D/StatusBar.NetworkController( 2470): refreshSignalCluster - setNWBoosterIndicators(false)
D/StatusBar.NetworkController( 2470): applyOpen
D/StatusBar.NetworkController( 2470): refreshSignalCluster - setNWBoosterIndicators(false)
D/StatusBar.NetworkController( 2470): applyOpen
D/StatusBar.NetworkController( 2470): refreshSignalCluster - setNWBoosterIndicators(false)
D/StatusBar.NetworkController( 2470): applyOpen
D/StatusBar.NetworkController( 2470): refreshSignalCluster - setNWBoosterIndicators(false)
D/StatusBar.NetworkController( 2470): applyOpen
I/art     ( 2672): Explicit concurrent mark sweep GC freed 4590(192KB) AllocSpace objects, 0(0B) LOS objects, 40% free, 19MB/32MB, paused 915us total 38.024ms
D/TP/MmsProvider( 2672): Query uri=content://mms/1444/addr, match=13, calling pid = 6681
D/TP/MmsProvider( 2672): Query uri=content://mms/1441/addr, match=13, calling pid = 6681
D/TP/MmsProvider( 2672): Query uri=content://mms/1442/addr, match=13, calling pid = 6681
D/TP/MmsProvider( 2672): Query uri=content://mms/1438/addr, match=13, calling pid = 6681
D/TP/MmsProvider( 2672): Query uri=content://mms/1436/addr, match=13, calling pid = 6681
D/TP/MmsProvider( 2672): Query uri=content://mms/1431/addr, match=13, calling pid = 6681
D/TP/MmsProvider( 2672): Query uri=content://mms/1429/addr, match=13, calling pid = 6681
D/TP/MmsProvider( 2672): Query uri=content://mms/1427/addr, match=13, calling pid = 6681
D/TP/MmsProvider( 2672): Query uri=content://mms/1424/addr, match=13, calling pid = 6681
D/TP/MmsProvider( 2672): Query uri=content://mms/1422/addr, match=13, calling pid = 6681
D/TP/MmsProvider( 2672): Query uri=content://mms/1420/addr, match=13, calling pid = 6681
D/TP/MmsProvider( 2672): Query uri=content://mms/1418/addr, match=13, calling pid = 6681
D/TP/MmsProvider( 2672): Query uri=content://mms/1416/addr, match=13, calling pid = 6681
D/TP/MmsProvider( 2672): Query uri=content://mms/1414/addr, match=13, calling pid = 6681
D/TP/MmsProvider( 2672): Query uri=content://mms/1412/addr, match=13, calling pid = 6681
D/TP/MmsProvider( 2672): Query uri=content://mms/1410/addr, match=13, calling pid = 6681
D/TP/MmsProvider( 2672): Query uri=content://mms/1408/addr, match=13, calling pid = 6681
D/TP/MmsProvider( 2672): Query uri=content://mms/1406/addr, match=13, calling pid = 6681
D/TP/MmsProvider( 2672): Query uri=content://mms/1403/addr, match=13, calling pid = 6681
D/TP/MmsProvider( 2672): Query uri=content://mms/1401/addr, match=13, calling pid = 6681
D/TP/MmsProvider( 2672): Query uri=content://mms/1399/addr, match=13, calling pid = 6681
D/TP/MmsProvider( 2672): Query uri=content://mms/1396/addr, match=13, calling pid = 6681
D/TP/MmsProvider( 2672): Query uri=content://mms/1307/addr, match=13, calling pid = 6681
D/TP/MmsProvider( 2672): Query uri=content://mms/1122/addr, match=13, calling pid = 6681
D/TP/MmsProvider( 2672): Query uri=content://mms/1120/addr, match=13, calling pid = 6681
D/TP/MmsProvider( 2672): Query uri=content://mms/1118/addr, match=13, calling pid = 6681
D/TP/MmsProvider( 2672): Query uri=content://mms/1116/addr, match=13, calling pid = 6681
D/TP/MmsProvider( 2672): Query uri=content://mms/1112/addr, match=13, calling pid = 6681
D/TP/MmsProvider( 2672): Query uri=content://mms/1065/addr, match=13, calling pid = 6681
D/TP/MmsProvider( 2672): Query uri=content://mms/784/addr, match=13, calling pid = 6681
D/TP/MmsProvider( 2672): Query uri=content://mms/693/addr, match=13, calling pid = 6681
D/TP/MmsProvider( 2672): Query uri=content://mms/689/addr, match=13, calling pid = 6681
D/TP/MmsProvider( 2672): Query uri=content://mms/665/addr, match=13, calling pid = 6681
D/TP/MmsProvider( 2672): Query uri=content://mms/653/addr, match=13, calling pid = 6681
D/TP/MmsProvider( 2672): Query uri=content://mms/651/addr, match=13, calling pid = 6681
D/TP/MmsProvider( 2672): Query uri=content://mms/649/addr, match=13, calling pid = 6681
D/TP/MmsProvider( 2672): Query uri=content://mms/647/addr, match=13, calling pid = 6681
D/TP/MmsProvider( 2672): Query uri=content://mms/645/addr, match=13, calling pid = 6681
D/TP/MmsProvider( 2672): Query uri=content://mms/643/addr, match=13, calling pid = 6681
D/TP/MmsProvider( 2672): Query uri=content://mms/641/addr, match=13, calling pid = 6681
D/TP/MmsProvider( 2672): Query uri=content://mms/639/addr, match=13, calling pid = 6681
D/TP/MmsProvider( 2672): Query uri=content://mms/637/addr, match=13, calling pid = 6681
D/TP/MmsProvider( 2672): Query uri=content://mms/635/addr, match=13, calling pid = 6681
D/TP/MmsProvider( 2672): Query uri=content://mms/633/addr, match=13, calling pid = 6681
D/TP/MmsProvider( 2672): Query uri=content://mms/631/addr, match=13, calling pid = 6681
D/TP/MmsProvider( 2672): Query uri=content://mms/628/addr, match=13, calling pid = 6681
D/TP/MmsProvider( 2672): Query uri=content://mms/625/addr, match=13, calling pid = 6681
D/TP/MmsProvider( 2672): Query uri=content://mms/623/addr, match=13, calling pid = 6681
D/TP/MmsProvider( 2672): Query uri=content://mms/621/addr, match=13, calling pid = 6681
D/TP/MmsProvider( 2672): Query uri=content://mms/618/addr, match=13, calling pid = 6681
D/TP/MmsProvider( 2672): Query uri=content://mms/616/addr, match=13, calling pid = 6681
I/art     ( 2672): Explicit concurrent mark sweep GC freed 4911(203KB) AllocSpace objects, 0(0B) LOS objects, 39% free, 19MB/32MB, paused 610us total 53.833ms
D/TP/MmsProvider( 2672): Query uri=content://mms/614/addr, match=13, calling pid = 6681
D/TP/MmsProvider( 2672): Query uri=content://mms/611/addr, match=13, calling pid = 6681
D/TP/MmsProvider( 2672): Query uri=content://mms/608/addr, match=13, calling pid = 6681
D/TP/MmsProvider( 2672): Query uri=content://mms/606/addr, match=13, calling pid = 6681
D/TP/MmsProvider( 2672): Query uri=content://mms/604/addr, match=13, calling pid = 6681
D/CustomFrequencyManagerService(  862): releaseDVFSLockLocked : Getting Lock type frm List : DVFS_MIN_LIMIT  frequency : 1890000  uid : 1000  pid : 862  tag : ROTATION_BOOSTER@37
D/TP/MmsProvider( 2672): Query uri=content://mms/601/addr, match=13, calling pid = 6681
D/TP/MmsProvider( 2672): Query uri=content://mms/599/addr, match=13, calling pid = 6681
D/TP/MmsProvider( 2672): Query uri=content://mms/597/addr, match=13, calling pid = 6681
D/TP/MmsProvider( 2672): Query uri=content://mms/595/addr, match=13, calling pid = 6681
D/TP/MmsProvider( 2672): Query uri=content://mms/593/addr, match=13, calling pid = 6681
D/TP/MmsProvider( 2672): Query uri=content://mms/590/addr, match=13, calling pid = 6681
D/TP/MmsProvider( 2672): Query uri=content://mms/587/addr, match=13, calling pid = 6681
D/TP/MmsProvider( 2672): Query uri=content://mms/585/addr, match=13, calling pid = 6681
D/TP/MmsProvider( 2672): Query uri=content://mms/583/addr, match=13, calling pid = 6681
D/TP/MmsProvider( 2672): Query uri=content://mms/580/addr, match=13, calling pid = 6681
D/TP/MmsProvider( 2672): Query uri=content://mms/578/addr, match=13, calling pid = 6681
D/TP/MmsProvider( 2672): Query uri=content://mms/576/addr, match=13, calling pid = 6681
D/TP/MmsProvider( 2672): Query uri=content://mms/574/addr, match=13, calling pid = 6681
D/TP/MmsProvider( 2672): Query uri=content://mms/572/addr, match=13, calling pid = 6681
D/TP/MmsProvider( 2672): Query uri=content://mms/570/addr, match=13, calling pid = 6681
D/TP/MmsProvider( 2672): Query uri=content://mms/565/addr, match=13, calling pid = 6681
D/TP/MmsProvider( 2672): Query uri=content://mms/540/addr, match=13, calling pid = 6681
D/TP/MmsProvider( 2672): Query uri=content://mms/505/addr, match=13, calling pid = 6681
D/TP/MmsProvider( 2672): Query uri=content://mms/503/addr, match=13, calling pid = 6681
D/TP/MmsProvider( 2672): Query uri=content://mms/501/addr, match=13, calling pid = 6681
D/TP/MmsProvider( 2672): Query uri=content://mms/498/addr, match=13, calling pid = 6681
D/TP/MmsProvider( 2672): Query uri=content://mms/496/addr, match=13, calling pid = 6681
D/TP/MmsProvider( 2672): Query uri=content://mms/446/addr, match=13, calling pid = 6681
D/TP/MmsProvider( 2672): Query uri=content://mms/426/addr, match=13, calling pid = 6681
D/TP/MmsProvider( 2672): Query uri=content://mms/424/addr, match=13, calling pid = 6681
D/TP/MmsProvider( 2672): Query uri=content://mms/422/addr, match=13, calling pid = 6681
D/TP/MmsProvider( 2672): Query uri=content://mms/420/addr, match=13, calling pid = 6681
D/TP/MmsProvider( 2672): Query uri=content://mms/417/addr, match=13, calling pid = 6681
D/TP/MmsProvider( 2672): Query uri=content://mms/415/addr, match=13, calling pid = 6681
D/TP/MmsProvider( 2672): Query uri=content://mms/413/addr, match=13, calling pid = 6681
D/TP/MmsProvider( 2672): Query uri=content://mms/410/addr, match=13, calling pid = 6681
D/TP/MmsProvider( 2672): Query uri=content://mms/408/addr, match=13, calling pid = 6681
D/TP/MmsProvider( 2672): Query uri=content://mms/405/addr, match=13, calling pid = 6681
D/TP/MmsProvider( 2672): Query uri=content://mms/403/addr, match=13, calling pid = 6681
D/TP/MmsProvider( 2672): Query uri=content://mms/401/addr, match=13, calling pid = 6681
D/TP/MmsProvider( 2672): Query uri=content://mms/399/addr, match=13, calling pid = 6681
D/TP/MmsProvider( 2672): Query uri=content://mms/397/addr, match=13, calling pid = 6681
D/TP/MmsProvider( 2672): Query uri=content://mms/395/addr, match=13, calling pid = 6681
I/art     ( 6681): Explicit concurrent mark sweep GC freed 9031(315KB) AllocSpace objects, 0(0B) LOS objects, 24% free, 20MB/27MB, paused 549us total 58.441ms
D/TP/MmsProvider( 2672): Query uri=content://mms/393/addr, match=13, calling pid = 6681
D/TP/MmsProvider( 2672): Query uri=content://mms/375/addr, match=13, calling pid = 6681
D/TP/MmsProvider( 2672): Query uri=content://mms/365/addr, match=13, calling pid = 6681
D/TP/MmsProvider( 2672): Query uri=content://mms/391/addr, match=13, calling pid = 6681
D/TP/MmsProvider( 2672): Query uri=content://mms/363/addr, match=13, calling pid = 6681
D/TP/MmsProvider( 2672): Query uri=content://mms/340/addr, match=13, calling pid = 6681
D/TP/MmsProvider( 2672): Query uri=content://mms/331/addr, match=13, calling pid = 6681
I/art     ( 2672): Explicit concurrent mark sweep GC freed 4549(188KB) AllocSpace objects, 0(0B) LOS objects, 40% free, 19MB/32MB, paused 671us total 39.398ms
D/TP/MmsProvider( 2672): Query uri=content://mms/319/addr, match=13, calling pid = 6681
D/TP/MmsProvider( 2672): Query uri=content://mms/317/addr, match=13, calling pid = 6681
D/TP/MmsProvider( 2672): Query uri=content://mms/314/addr, match=13, calling pid = 6681
D/TP/MmsProvider( 2672): Query uri=content://mms/310/addr, match=13, calling pid = 6681
D/TP/MmsProvider( 2672): Query uri=content://mms/308/addr, match=13, calling pid = 6681
D/TP/MmsProvider( 2672): Query uri=content://mms/306/addr, match=13, calling pid = 6681
D/TP/MmsProvider( 2672): Query uri=content://mms/299/addr, match=13, calling pid = 6681
D/TP/MmsProvider( 2672): Query uri=content://mms/297/addr, match=13, calling pid = 6681
D/TP/MmsProvider( 2672): Query uri=content://mms/294/addr, match=13, calling pid = 6681
D/TP/MmsProvider( 2672): Query uri=content://mms/293/addr, match=13, calling pid = 6681
D/TP/MmsProvider( 2672): Query uri=content://mms/292/addr, match=13, calling pid = 6681
D/TP/MmsProvider( 2672): Query uri=content://mms/291/addr, match=13, calling pid = 6681
D/TP/MmsProvider( 2672): Query uri=content://mms/289/addr, match=13, calling pid = 6681
D/TP/MmsProvider( 2672): Query uri=content://mms/288/addr, match=13, calling pid = 6681
D/TP/MmsProvider( 2672): Query uri=content://mms/287/addr, match=13, calling pid = 6681
D/TP/MmsProvider( 2672): Query uri=content://mms/286/addr, match=13, calling pid = 6681
D/TP/MmsProvider( 2672): Query uri=content://mms/285/addr, match=13, calling pid = 6681
D/TP/MmsProvider( 2672): Query uri=content://mms/284/addr, match=13, calling pid = 6681
D/TP/MmsProvider( 2672): Query uri=content://mms/283/addr, match=13, calling pid = 6681
D/TP/MmsProvider( 2672): Query uri=content://mms/282/addr, match=13, calling pid = 6681
D/TP/MmsProvider( 2672): Query uri=content://mms/281/addr, match=13, calling pid = 6681
D/TP/MmsProvider( 2672): Query uri=content://mms/280/addr, match=13, calling pid = 6681
D/TP/MmsProvider( 2672): Query uri=content://mms/279/addr, match=13, calling pid = 6681
D/TP/MmsProvider( 2672): Query uri=content://mms/278/addr, match=13, calling pid = 6681
D/TP/MmsProvider( 2672): Query uri=content://mms/277/addr, match=13, calling pid = 6681
D/TP/MmsProvider( 2672): Query uri=content://mms/276/addr, match=13, calling pid = 6681
D/TP/MmsProvider( 2672): Query uri=content://mms/275/addr, match=13, calling pid = 6681
D/TP/MmsProvider( 2672): Query uri=content://mms/274/addr, match=13, calling pid = 6681
D/TP/MmsProvider( 2672): Query uri=content://mms/273/addr, match=13, calling pid = 6681
D/TP/MmsProvider( 2672): Query uri=content://mms/272/addr, match=13, calling pid = 6681
D/TP/MmsProvider( 2672): Query uri=content://mms/270/addr, match=13, calling pid = 6681
D/TP/MmsProvider( 2672): Query uri=content://mms/269/addr, match=13, calling pid = 6681
D/TP/MmsProvider( 2672): Query uri=content://mms/268/addr, match=13, calling pid = 6681
D/TP/MmsProvider( 2672): Query uri=content://mms/267/addr, match=13, calling pid = 6681
D/TP/MmsProvider( 2672): Query uri=content://mms/266/addr, match=13, calling pid = 6681
D/TP/MmsProvider( 2672): Query uri=content://mms/265/addr, match=13, calling pid = 6681
D/TP/MmsProvider( 2672): Query uri=content://mms/264/addr, match=13, calling pid = 6681
D/TP/MmsProvider( 2672): Query uri=content://mms/262/addr, match=13, calling pid = 6681
D/TP/MmsProvider( 2672): Query uri=content://mms/259/addr, match=13, calling pid = 6681
D/TP/MmsProvider( 2672): Query uri=content://mms/257/addr, match=13, calling pid = 6681
D/TP/MmsProvider( 2672): Query uri=content://mms/247/addr, match=13, calling pid = 6681
D/TP/MmsProvider( 2672): Query uri=content://mms/240/addr, match=13, calling pid = 6681
D/TP/MmsProvider( 2672): Query uri=content://mms/238/addr, match=13, calling pid = 6681
D/ALSADevice(  303): standby: handle 0xb3d57700 h 0x0
V/ALSADevice(  303): standby handle h 0xb2e0b700
D/TP/MmsProvider( 2672): Query uri=content://mms/235/addr, match=13, calling pid = 6681
D/TP/MmsProvider( 2672): Query uri=content://mms/208/addr, match=13, calling pid = 6681
D/TP/MmsProvider( 2672): Query uri=content://mms/206/addr, match=13, calling pid = 6681
D/TP/MmsProvider( 2672): Query uri=content://mms/204/addr, match=13, calling pid = 6681
D/TP/MmsProvider( 2672): Query uri=content://mms/194/addr, match=13, calling pid = 6681
D/TP/MmsProvider( 2672): Query uri=content://mms/181/addr, match=13, calling pid = 6681
D/TP/MmsProvider( 2672): Query uri=content://mms/146/addr, match=13, calling pid = 6681
D/TP/MmsProvider( 2672): Query uri=content://mms/144/addr, match=13, calling pid = 6681
D/TP/MmsProvider( 2672): Query uri=content://mms/140/addr, match=13, calling pid = 6681
I/art     ( 2672): Explicit concurrent mark sweep GC freed 4911(202KB) AllocSpace objects, 0(0B) LOS objects, 39% free, 19MB/32MB, paused 1.190ms total 63.781ms
D/TP/MmsProvider( 2672): Query uri=content://mms/138/addr, match=13, calling pid = 6681
D/TP/MmsProvider( 2672): Query uri=content://mms/136/addr, match=13, calling pid = 6681
D/TP/MmsProvider( 2672): Query uri=content://mms/134/addr, match=13, calling pid = 6681
D/TP/MmsProvider( 2672): Query uri=content://mms/129/addr, match=13, calling pid = 6681
D/TP/MmsProvider( 2672): Query uri=content://mms/128/addr, match=13, calling pid = 6681
D/TP/MmsProvider( 2672): Query uri=content://mms/124/addr, match=13, calling pid = 6681
D/alsa_ucm(  303): snd_use_case_set(): uc_mgr 0xb3d18510 identifier _verb value Inactive
D/alsa_ucm(  303): Set mixer controls for HiFi enable 0
D/alsa_ucm(  303): Setting mixer control: SLIMBUS_0_RX Audio Mixer MultiMedia1, value: 0
V/ALSADevice(  303): Number of modifiers 0
V/ALSADevice(  303): usecase_type is 0
D/alsa_ucm(  303): snd_use_case_set(): uc_mgr 0xb3d18510 identifier _disdev value Stereo Mic
D/alsa_ucm(  303): disdev: device Stereo Mic not enabled, no need to disable
D/alsa_ucm(  303): snd_use_case_set(): uc_mgr 0xb3d18510 identifier _disdev value Speaker
D/alsa_ucm(  303): Set mixer controls for Speaker enable 0
D/alsa_ucm(  303): Setting mixer control: RX5 MIX1 INP1, value: ZERO
D/alsa_ucm(  303): Setting mixer control: RX5 MIX1 INP2, value: ZERO
D/alsa_ucm(  303): Setting mixer control: LINEOUT2 Volume, value: 0
D/alsa_ucm(  303): Setting mixer control: LINEOUT4 Volume, value: 0
D/alsa_ucm(  303): Setting mixer control: RX5 Digital Volume, value: 0
D/TP/MmsProvider( 2672): Query uri=content://mms/122/addr, match=13, calling pid = 6681
D/TP/MmsProvider( 2672): Query uri=content://mms/120/addr, match=13, calling pid = 6681
D/TP/MmsProvider( 2672): Query uri=content://mms/117/addr, match=13, calling pid = 6681
D/TP/MmsProvider( 2672): Query uri=content://mms/115/addr, match=13, calling pid = 6681
D/TP/MmsProvider( 2672): Query uri=content://mms/58/addr, match=13, calling pid = 6681
D/TP/MmsProvider( 2672): Query uri=content://mms/45/addr, match=13, calling pid = 6681
D/TP/MmsProvider( 2672): Query uri=content://mms/20/addr, match=13, calling pid = 6681
I/art     (  862): Explicit concurrent mark sweep GC freed 16388(664KB) AllocSpace objects, 1(16KB) LOS objects, 16% free, 80MB/96MB, paused 24.353ms total 264.373ms
D/StatusBar.NetworkController( 2470): onSignalStrengthsChanged signalStrength=SignalStrength: 99 99 -120 -160 -120 -1 -1 29 -86 -15 -2 -1 2147483647 0x2000 gsm|lte level=2
D/StatusBar.NetworkController( 2470): updateTelephonySignalStrength: hasService=true ss=SignalStrength: 99 99 -120 -160 -120 -1 -1 29 -86 -15 -2 -1 2147483647 0x2000 gsm|lte
D/StatusBar.NetworkController( 2470): updateTelephonySignalStrength: iconLevel=2
D/StatusBar.NetworkController( 2470): updateTelephonySignalStrength, No signal level. mPhoneSignalIconId = com.android.systemui:drawable/tw_stat_sys_5_level_signal_2 mDataSignalIconId = com.android.systemui:drawable/tw_stat_sys_5_level_signal_2 mQSPhoneSignalIconId = com.android.systemui:drawable/ic_qs_signal_2 mContentDescriptionPhoneSignal = Two bars of phone signal
D/StatusBar.NetworkController( 2470): refreshViews connected={ wifi } level=2 combinedSignalIconId=0x7f02051b/com.android.systemui:drawable/stat_sys_wifi_signal_3 mobileLabel=AT&T wifiLabel="UO Secure"xxxxXXXXxxxxXXXX emergencyOnly=false combinedLabel="UO Secure"xxxxXXXXxxxxXXXX mAirplaneMode=false mDataActivity=3 mPhoneSignalIconId=0x7f020610/com.android.systemui:drawable/tw_stat_sys_5_level_signal_2 mQSPhoneSignalIconId=0x7f02012a/com.android.systemui:drawable/ic_qs_signal_2 mDataDirectionIconId=0x0/(null) mDataSignalIconId=0x7f020610/com.android.systemui:drawable/tw_stat_sys_5_level_signal_2 mDataTypeIconId=0x7f02032e/com.android.systemui:drawable/stat_sys_data_connected_lte_att mQSDataTypeIconId=0x0/(null) mNoSimIconId=0x0/(null) mWifiIconId=0x7f02051b/com.android.systemui:drawable/stat_sys_wifi_signal_3 mQSWifiIconId=0x7f020142/com.android.systemui:drawable/ic_qs_wifi_3 mWifiActivityIconId=0x7f0204ed/com.android.systemui:drawable/stat_sys_signal_in mBluetoothTetherIconId=0x10808cc/android:drawable/stat_sys_tether_bluetooth
D/STATUSBAR-WifiQuickSettingButton( 2470): onWifiSignalChanged enabled=true enabledDesc:"UO Secure"
D/StatusBar.NetworkController( 2470): refreshViews connected={ wifi } level=2 combinedSignalIconId=0x7f02051e/com.android.systemui:drawable/stat_sys_wifi_signal_4 mobileLabel=AT&T wifiLabel="UO Secure"xxxxXXXXxxxxXXXX emergencyOnly=false combinedLabel="UO Secure"xxxxXXXXxxxxXXXX mAirplaneMode=false mDataActivity=3 mPhoneSignalIconId=0x7f020610/com.android.systemui:drawable/tw_stat_sys_5_level_signal_2 mQSPhoneSignalIconId=0x7f02012a/com.android.systemui:drawable/ic_qs_signal_2 mDataDirectionIconId=0x0/(null) mDataSignalIconId=0x7f020610/com.android.systemui:drawable/tw_stat_sys_5_level_signal_2 mDataTypeIconId=0x7f02032e/com.android.systemui:drawable/stat_sys_data_connected_lte_att mQSDataTypeIconId=0x0/(null) mNoSimIconId=0x0/(null) mWifiIconId=0x7f02051e/com.android.systemui:drawable/stat_sys_wifi_signal_4 mQSWifiIconId=0x7f020143/com.android.systemui:drawable/ic_qs_wifi_4 mWifiActivityIconId=0x7f0204ed/com.android.systemui:drawable/stat_sys_signal_in mBluetoothTetherIconId=0x10808cc/android:drawable/stat_sys_tether_bluetooth
D/STATUSBAR-WifiQuickSettingButton( 2470): onWifiSignalChanged enabled=true enabledDesc:"UO Secure"
D/StatusBar.NetworkController( 2470): refreshSignalCluster - setNWBoosterIndicators(false)
D/StatusBar.NetworkController( 2470): applyOpen
D/StatusBar.NetworkController( 2470): refreshSignalCluster - setNWBoosterIndicators(false)
D/StatusBar.NetworkController( 2470): applyOpen
D/StatusBar.NetworkController( 2470): refreshSignalCluster - setNWBoosterIndicators(false)
D/StatusBar.NetworkController( 2470): applyOpen
D/StatusBar.NetworkController( 2470): refreshSignalCluster - setNWBoosterIndicators(false)
D/StatusBar.NetworkController( 2470): applyOpen
D/lights  (  862): button : 0 +
D/lights  (  862): button : 0 -
D/PowerManagerService(  862): [input device light] handleInputDeviceLightOff
E/Diag_Lib( 7001):  Diag_LSM_Init: Failed to open handle to diag driver, error = 2
D/BatteryService(  862): !@BatteryListener : batteryPropertiesChanged!
D/BatteryService(  862): level:87, scale:100, status:2, health:2, present:true, voltage: 4282, temperature: 306, technology: Li-ion, AC powered:false, USB powered:true, Wireless powered:false, icon:17303687, invalid charger:0
D/BatteryService(  862): online:6, current avg:1000, charge type:1, power sharing:false, high voltage charger:false, capacity:280000, current_now:1000
D/BatteryService(  862): Sending ACTION_BATTERY_CHANGED.
I/MotionRecognitionService(  862): Plugged
I/MotionRecognitionService(  862): setPowerConnected  = true
D/KeyguardUpdateMonitor( 2470): received broadcast android.intent.action.BATTERY_CHANGED
D/KeyguardUpdateMonitor( 2470): handleBatteryUpdate
D/STATUSBAR-PhoneStatusBar( 2470):  mBrightnessEnablebySettings = true mBrightnessEnablebyBattery = true mBrightnessEnablebyDisableFlag = true mPmsBrightnessEnablebySettings = true
D/BatteryMeterView( 2470): ACTION_BATTERY_CHANGED : level:87 status:2 health:2
D/BatteryMeterView( 2470): ACTION_BATTERY_CHANGED : level:87 status:2 health:2
D/BatteryMeterView( 2470): ACTION_BATTERY_CHANGED : level:87 status:2 health:2
D/SSRM:n  (  862): SIOP:: AP = 440, CUR = 1000
E/Diag_Lib( 7079):  Diag_LSM_Init: Failed to open handle to diag driver, error = 2
D/StatusBar.NetworkController( 2470): refreshViews connected={ wifi } level=2 combinedSignalIconId=0x7f02051b/com.android.systemui:drawable/stat_sys_wifi_signal_3 mobileLabel=AT&T wifiLabel="UO Secure"xxxxXXXXxxxxXXXX emergencyOnly=false combinedLabel="UO Secure"xxxxXXXXxxxxXXXX mAirplaneMode=false mDataActivity=3 mPhoneSignalIconId=0x7f020610/com.android.systemui:drawable/tw_stat_sys_5_level_signal_2 mQSPhoneSignalIconId=0x7f02012a/com.android.systemui:drawable/ic_qs_signal_2 mDataDirectionIconId=0x0/(null) mDataSignalIconId=0x7f020610/com.android.systemui:drawable/tw_stat_sys_5_level_signal_2 mDataTypeIconId=0x7f02032e/com.android.systemui:drawable/stat_sys_data_connected_lte_att mQSDataTypeIconId=0x0/(null) mNoSimIconId=0x0/(null) mWifiIconId=0x7f02051b/com.android.systemui:drawable/stat_sys_wifi_signal_3 mQSWifiIconId=0x7f020142/com.android.systemui:drawable/ic_qs_wifi_3 mWifiActivityIconId=0x7f0204ed/com.android.systemui:drawable/stat_sys_signal_in mBluetoothTetherIconId=0x10808cc/android:drawable/stat_sys_tether_bluetooth
D/STATUSBAR-WifiQuickSettingButton( 2470): onWifiSignalChanged enabled=true enabledDesc:"UO Secure"
D/StatusBar.NetworkController( 2470): refreshSignalCluster - setNWBoosterIndicators(false)
D/StatusBar.NetworkController( 2470): applyOpen
D/StatusBar.NetworkController( 2470): refreshSignalCluster - setNWBoosterIndicators(false)
D/StatusBar.NetworkController( 2470): applyOpen
D/StatusBar.NetworkController( 2470): refreshSignalCluster - setNWBoosterIndicators(false)
D/StatusBar.NetworkController( 2470): applyOpen
D/StatusBar.NetworkController( 2470): refreshSignalCluster - setNWBoosterIndicators(false)
D/StatusBar.NetworkController( 2470): applyOpen
W/art     ( 2811): Suspending all threads took: 41.381ms
E/Diag_Lib( 7162):  Diag_LSM_Init: Failed to open handle to diag driver, error = 2
D/StatusBar.NetworkController( 2470): refreshViews connected={ wifi } level=2 combinedSignalIconId=0x7f02051b/com.android.systemui:drawable/stat_sys_wifi_signal_3 mobileLabel=AT&T wifiLabel="UO Secure"xxxxXXXXxxxxXXXX emergencyOnly=false combinedLabel="UO Secure"xxxxXXXXxxxxXXXX mAirplaneMode=false mDataActivity=3 mPhoneSignalIconId=0x7f020610/com.android.systemui:drawable/tw_stat_sys_5_level_signal_2 mQSPhoneSignalIconId=0x7f02012a/com.android.systemui:drawable/ic_qs_signal_2 mDataDirectionIconId=0x0/(null) mDataSignalIconId=0x7f020610/com.android.systemui:drawable/tw_stat_sys_5_level_signal_2 mDataTypeIconId=0x7f02032e/com.android.systemui:drawable/stat_sys_data_connected_lte_att mQSDataTypeIconId=0x0/(null) mNoSimIconId=0x0/(null) mWifiIconId=0x7f02051b/com.android.systemui:drawable/stat_sys_wifi_signal_3 mQSWifiIconId=0x7f020142/com.android.systemui:drawable/ic_qs_wifi_3 mWifiActivityIconId=0x7f0204ef/com.android.systemui:drawable/stat_sys_signal_inout mBluetoothTetherIconId=0x10808cc/android:drawable/stat_sys_tether_bluetooth
D/STATUSBAR-WifiQuickSettingButton( 2470): onWifiSignalChanged enabled=true enabledDesc:"UO Secure"
D/StatusBar.NetworkController( 2470): refreshSignalCluster - setNWBoosterIndicators(false)
D/StatusBar.NetworkController( 2470): applyOpen
D/StatusBar.NetworkController( 2470): refreshSignalCluster - setNWBoosterIndicators(false)
D/BatteryService(  862): !@BatteryListener : batteryPropertiesChanged!
D/BatteryService(  862): level:87, scale:100, status:2, health:2, present:true, voltage: 4285, temperature: 306, technology: Li-ion, AC powered:false, USB powered:true, Wireless powered:false, icon:17303687, invalid charger:0
D/BatteryService(  862): online:6, current avg:1000, charge type:1, power sharing:false, high voltage charger:false, capacity:280000, current_now:1000
D/BatteryService(  862): Sending ACTION_BATTERY_CHANGED.
I/MotionRecognitionService(  862): Plugged
I/MotionRecognitionService(  862): setPowerConnected  = true
D/StatusBar.NetworkController( 2470): applyOpen
D/StatusBar.NetworkController( 2470): refreshSignalCluster - setNWBoosterIndicators(false)
D/StatusBar.NetworkController( 2470): applyOpen
D/StatusBar.NetworkController( 2470): refreshSignalCluster - setNWBoosterIndicators(false)
D/StatusBar.NetworkController( 2470): applyOpen
D/KeyguardUpdateMonitor( 2470): received broadcast android.intent.action.BATTERY_CHANGED
D/STATUSBAR-PhoneStatusBar( 2470):  mBrightnessEnablebySettings = true mBrightnessEnablebyBattery = true mBrightnessEnablebyDisableFlag = true mPmsBrightnessEnablebySettings = true
D/BatteryMeterView( 2470): ACTION_BATTERY_CHANGED : level:87 status:2 health:2
D/KeyguardUpdateMonitor( 2470): handleBatteryUpdate
D/BatteryMeterView( 2470): ACTION_BATTERY_CHANGED : level:87 status:2 health:2
D/BatteryMeterView( 2470): ACTION_BATTERY_CHANGED : level:87 status:2 health:2
E/Diag_Lib( 7234):  Diag_LSM_Init: Failed to open handle to diag driver, error = 2
D/SSRM:n  (  862): SIOP:: AP = 430, CUR = 1000
D/StatusBar.NetworkController( 2470): refreshViews connected={ wifi } level=2 combinedSignalIconId=0x7f02051b/com.android.systemui:drawable/stat_sys_wifi_signal_3 mobileLabel=AT&T wifiLabel="UO Secure"xxxxXXXXxxxxXXXX emergencyOnly=false combinedLabel="UO Secure"xxxxXXXXxxxxXXXX mAirplaneMode=false mDataActivity=3 mPhoneSignalIconId=0x7f020610/com.android.systemui:drawable/tw_stat_sys_5_level_signal_2 mQSPhoneSignalIconId=0x7f02012a/com.android.systemui:drawable/ic_qs_signal_2 mDataDirectionIconId=0x0/(null) mDataSignalIconId=0x7f020610/com.android.systemui:drawable/tw_stat_sys_5_level_signal_2 mDataTypeIconId=0x7f02032e/com.android.systemui:drawable/stat_sys_data_connected_lte_att mQSDataTypeIconId=0x0/(null) mNoSimIconId=0x0/(null) mWifiIconId=0x7f02051b/com.android.systemui:drawable/stat_sys_wifi_signal_3 mQSWifiIconId=0x7f020142/com.android.systemui:drawable/ic_qs_wifi_3 mWifiActivityIconId=0x7f0204ed/com.android.systemui:drawable/stat_sys_signal_in mBluetoothTetherIconId=0x10808cc/android:drawable/stat_sys_tether_bluetooth
D/STATUSBAR-WifiQuickSettingButton( 2470): onWifiSignalChanged enabled=true enabledDesc:"UO Secure"
D/StatusBar.NetworkController( 2470): refreshSignalCluster - setNWBoosterIndicators(false)
D/StatusBar.NetworkController( 2470): applyOpen
D/StatusBar.NetworkController( 2470): refreshSignalCluster - setNWBoosterIndicators(false)
D/StatusBar.NetworkController( 2470): applyOpen
D/StatusBar.NetworkController( 2470): refreshSignalCluster - setNWBoosterIndicators(false)
D/StatusBar.NetworkController( 2470): applyOpen
D/StatusBar.NetworkController( 2470): refreshSignalCluster - setNWBoosterIndicators(false)
D/StatusBar.NetworkController( 2470): applyOpen
