D/PanelView( 2470): mQsDetailviewPanelHeight : 1371
D/StatusBar-QSPanel( 2470): setSingleLine:true
D/StatusBar-QSPanel( 2470): updateButtonInfo mButtonWidth : 206 mColumns:5 orien: 1 displayWidth:1032
D/StatusBar-QSPanel( 2470): setSingleLine height:0
D/STATUSBAR-QSTileView( 2470): dynamicallyReduceTextSize: 206
D/STATUSBAR-QSTileView( 2470): dynamicallyReduceTextSize: 206
D/STATUSBAR-QSTileView( 2470): dynamicallyReduceTextSize: 206
D/STATUSBAR-QSTileView( 2470): dynamicallyReduceTextSize: 206
D/STATUSBAR-QSTileView( 2470): dynamicallyReduceTextSize: 206
D/STATUSBAR-QSTileView( 2470): dynamicallyReduceTextSize: 206
D/STATUSBAR-QSTileView( 2470): dynamicallyReduceTextSize: 206
D/STATUSBAR-QSTileView( 2470): dynamicallyReduceTextSize: 206
D/STATUSBAR-QSTileView( 2470): dynamicallyReduceTextSize: 206
D/STATUSBAR-QSTileView( 2470): dynamicallyReduceTextSize: 206
D/STATUSBAR-QSTileView( 2470): dynamicallyReduceTextSize: 206
D/STATUSBAR-QSTileView( 2470): dynamicallyReduceTextSize: 206
D/STATUSBAR-QSTileView( 2470): dynamicallyReduceTextSize: 206
D/STATUSBAR-QSTileView( 2470): dynamicallyReduceTextSize: 206
D/STATUSBAR-QSTileView( 2470): dynamicallyReduceTextSize: 206
D/STATUSBAR-QSTileView( 2470): dynamicallyReduceTextSize: 206
D/STATUSBAR-QSTileView( 2470): dynamicallyReduceTextSize: 206
D/STATUSBAR-QSTileView( 2470): dynamicallyReduceTextSize: 206
D/STATUSBAR-QSTileView( 2470): dynamicallyReduceTextSize: 206
D/STATUSBAR-QSTileView( 2470): dynamicallyReduceTextSize: 206
D/Mms/MmsApp( 2380): [start]    onConfigurationChanged(), newConfig = {0 1.0 310mcc410mnc en_US ldltr sw360dp w360dp h615dp 480dpi nrml long port finger -keyb/v/h -nav/h s.250} consume time = 3465.759277
D/Mms/MmsApp( 2380): [end]    onConfigurationChanged(), newConfig = {0 1.0 310mcc410mnc en_US ldltr sw360dp w360dp h615dp 480dpi nrml long port finger -keyb/v/h -nav/h s.250} consume time = 0.152588
D/GestureService(28998): deviceConditionChangeReceiver: onReceive - android.intent.action.CONFIGURATION_CHANGED
D/TP/MmsProvider( 2672): Query uri=content://mms/597/addr, match=13, calling pid = 2380
E/SmartFaceService(  862): onReceive: android.intent.action.CONFIGURATION_CHANGED
E/SmartFaceService(  862): mFolderCoverOpened: (true, true) -> true
D/ResourcesManager( 2678): creating new AssetManager and set to /system/app/SamsungCamera2/SamsungCamera2.apk
W/ContextImpl(28998): Calling a method in the system process without a qualified user: android.app.ContextImpl.sendStickyBroadcast:1866 android.content.ContextWrapper.sendStickyBroadcast:463 com.samsung.android.app.gestureservice.GestureService.updateStatusBar:826 com.samsung.android.app.gestureservice.GestureService.access$1300:40 com.samsung.android.app.gestureservice.GestureService$2.onReceive:242 
D/TP/MmsProvider( 2672): Query uri=content://mms/595/addr, match=13, calling pid = 2380
D/StatusBar.NetworkController( 2470): refreshViews connected={ wifi } level=2 combinedSignalIconId=0x7f02051e/com.android.systemui:drawable/stat_sys_wifi_signal_4 mobileLabel=AT&T wifiLabel="UO Secure"xxxxXXXXxxxxXXXX emergencyOnly=false combinedLabel="UO Secure"xxxxXXXXxxxxXXXX mAirplaneMode=false mDataActivity=3 mPhoneSignalIconId=0x7f020610/com.android.systemui:drawable/tw_stat_sys_5_level_signal_2 mQSPhoneSignalIconId=0x7f02012a/com.android.systemui:drawable/ic_qs_signal_2 mDataDirectionIconId=0x0/(null) mDataSignalIconId=0x7f020610/com.android.systemui:drawable/tw_stat_sys_5_level_signal_2 mDataTypeIconId=0x7f02032e/com.android.systemui:drawable/stat_sys_data_connected_lte_att mQSDataTypeIconId=0x0/(null) mNoSimIconId=0x0/(null) mWifiIconId=0x7f02051e/com.android.systemui:drawable/stat_sys_wifi_signal_4 mQSWifiIconId=0x7f020143/com.android.systemui:drawable/ic_qs_wifi_4 mWifiActivityIconId=0x7f0204ed/com.android.systemui:drawable/stat_sys_signal_in mBluetoothTetherIconId=0x10808cc/android:drawable/stat_sys_tether_bluetooth
D/STATUSBAR-WifiQuickSettingButton( 2470): onWifiSignalChanged enabled=true enabledDesc:"UO Secure"
W/ResourcesManager( 2678): Asset path '/system/framework/secmediarecorder.jar' does not exist or contains no resources.
W/ResourcesManager( 2678): Asset path '/system/framework/sechardware.jar' does not exist or contains no resources.
W/ResourcesManager( 2678): Asset path '/system/framework/sec_feature.jar' does not exist or contains no resources.
W/ResourcesManager( 2678): Asset path '/system/framework/seccamera.jar' does not exist or contains no resources.
W/ResourcesManager( 2678): Asset path '/system/framework/secvision.jar' does not exist or contains no resources.
D/TP/MmsProvider( 2672): Query uri=content://mms/593/addr, match=13, calling pid = 2380
D/TP/MmsProvider( 2672): Query uri=content://mms/590/addr, match=13, calling pid = 2380
D/TP/MmsProvider( 2672): Query uri=content://mms/587/addr, match=13, calling pid = 2380
D/TP/MmsProvider( 2672): Query uri=content://mms/585/addr, match=13, calling pid = 2380
D/TP/MmsProvider( 2672): Query uri=content://mms/583/addr, match=13, calling pid = 2380
D/TP/MmsProvider( 2672): Query uri=content://mms/580/addr, match=13, calling pid = 2380
D/TP/MmsProvider( 2672): Query uri=content://mms/578/addr, match=13, calling pid = 2380
D/TP/MmsProvider( 2672): Query uri=content://mms/576/addr, match=13, calling pid = 2380
D/TP/MmsProvider( 2672): Query uri=content://mms/574/addr, match=13, calling pid = 2380
D/PanelView( 2470): mClearAll.setVisibility - mIsFullyOpened : false isShade : true mHasNotification : true mIsUpwardFling : false mQsFullyExpanded : true isShadeLocked : false mClearAllVisible : true
D/TP/MmsProvider( 2672): Query uri=content://mms/572/addr, match=13, calling pid = 2380
D/ResourcesManager(  862): creating new AssetManager and set to /system/app/SamsungIME/SamsungIME.apk
D/TP/MmsProvider( 2672): Query uri=content://mms/570/addr, match=13, calling pid = 2380
D/TP/MmsProvider( 2672): Query uri=content://mms/565/addr, match=13, calling pid = 2380
D/TP/MmsProvider( 2672): Query uri=content://mms/540/addr, match=13, calling pid = 2380
D/TP/MmsProvider( 2672): Query uri=content://mms/505/addr, match=13, calling pid = 2380
D/TP/MmsProvider( 2672): Query uri=content://mms/503/addr, match=13, calling pid = 2380
D/TP/MmsProvider( 2672): Query uri=content://mms/501/addr, match=13, calling pid = 2380
D/ResourcesManager(  862): creating new AssetManager and set to /data/app/com.google.android.googlequicksearchbox-1/base.apk
D/TP/MmsProvider( 2672): Query uri=content://mms/498/addr, match=13, calling pid = 2380
D/Activity( 2678): performCreate Call secproduct feature valuefalse
D/Activity( 2678): performCreate Call debug elastic valuetrue
D/TP/MmsProvider( 2672): Query uri=content://mms/496/addr, match=13, calling pid = 2380
D/ResourcesManager(  862): creating new AssetManager and set to /data/app/com.menny.android.anysoftkeyboard-1/base.apk
D/TP/MmsProvider( 2672): Query uri=content://mms/446/addr, match=13, calling pid = 2380
W/InputMethodInfo(  862): Duplicated subtype definition found: , voice
D/TP/MmsProvider( 2672): Query uri=content://mms/426/addr, match=13, calling pid = 2380
D/skia    ( 2678): --- SkImageDecoder::Factory returned null
D/TP/MmsProvider( 2672): Query uri=content://mms/424/addr, match=13, calling pid = 2380
V/MediaPlayerService(  303): Create new media retriever from pid 2678
D/TP/MmsProvider( 2672): Query uri=content://mms/422/addr, match=13, calling pid = 2380
D/TP/MmsProvider( 2672): Query uri=content://mms/420/addr, match=13, calling pid = 2380
D/TP/MmsProvider( 2672): Query uri=content://mms/417/addr, match=13, calling pid = 2380
D/TP/MmsProvider( 2672): Query uri=content://mms/415/addr, match=13, calling pid = 2380
D/TP/MmsProvider( 2672): Query uri=content://mms/413/addr, match=13, calling pid = 2380
D/TP/MmsProvider( 2672): Query uri=content://mms/410/addr, match=13, calling pid = 2380
D/TP/MmsProvider( 2672): Query uri=content://mms/408/addr, match=13, calling pid = 2380
I/art     ( 2672): Explicit concurrent mark sweep GC freed 5014(207KB) AllocSpace objects, 0(0B) LOS objects, 39% free, 19MB/32MB, paused 640us total 34.515ms
D/TP/MmsProvider( 2672): Query uri=content://mms/405/addr, match=13, calling pid = 2380
D/TP/MmsProvider( 2672): Query uri=content://mms/403/addr, match=13, calling pid = 2380
D/TP/MmsProvider( 2672): Query uri=content://mms/401/addr, match=13, calling pid = 2380
D/TP/MmsProvider( 2672): Query uri=content://mms/399/addr, match=13, calling pid = 2380
D/TP/MmsProvider( 2672): Query uri=content://mms/397/addr, match=13, calling pid = 2380
D/TP/MmsProvider( 2672): Query uri=content://mms/395/addr, match=13, calling pid = 2380
D/TP/MmsProvider( 2672): Query uri=content://mms/393/addr, match=13, calling pid = 2380
D/TP/MmsProvider( 2672): Query uri=content://mms/375/addr, match=13, calling pid = 2380
D/TP/MmsProvider( 2672): Query uri=content://mms/365/addr, match=13, calling pid = 2380
D/TP/MmsProvider( 2672): Query uri=content://mms/391/addr, match=13, calling pid = 2380
I/SurfaceFlinger(  273): SF.. call setExternalOrientation ret -22, orient=0
I/SecExternalDisplayIntents_Java(  862): Intent Recieved ..  -com.samsung.android.app.camera.RVFBroadCast Map value - 5
I/art     ( 2380): Explicit concurrent mark sweep GC freed 9083(320KB) AllocSpace objects, 0(0B) LOS objects, 24% free, 20MB/27MB, paused 427us total 43.304ms
V/ActivityManager(  862): Display changed displayId=0
D/TP/MmsProvider( 2672): Query uri=content://mms/363/addr, match=13, calling pid = 2380
W/Settings(  862): Setting tether_dun_required has moved from android.provider.Settings.System to android.provider.Settings.Global
D/SettingsProvider(  862): name = tether_dun_required
D/AudioService(  862): cameraSoundForced : false mCameraSoundForced : false
D/TP/MmsProvider( 2672): Query uri=content://mms/340/addr, match=13, calling pid = 2380
D/VolumePanel( 2470): updateSliderProgress : progress = -1
V/AudioPolicyManager_legacy(  303): getOutputsForDevice device 0002 -> 0002
I/AudioService(  862): getStreamVolume 2 index 0
D/VolumePanel( 2470): updateSliderProgress : progress = -1
I/AudioService(  862): getStreamVolume 3 index 0
I/AudioService(  862): getStreamVolume 3 index 0
D/TP/MmsProvider( 2672): Query uri=content://mms/331/addr, match=13, calling pid = 2380
D/VolumePanel( 2470): updateSliderProgress : progress = -1
V/AudioPolicyManager_legacy(  303): getOutputsForDevice device 0002 -> 0002
I/AudioService(  862): getStreamVolume 5 index 0
D/VolumePanel( 2470): updateSliderProgress : progress = -1
I/AudioService(  862): getStreamVolume 1 index 40
D/skia    ( 2678): --- SkImageDecoder::Factory returned null
D/TP/MmsProvider( 2672): Query uri=content://mms/319/addr, match=13, calling pid = 2380
D/TP/MmsProvider( 2672): Query uri=content://mms/317/addr, match=13, calling pid = 2380
D/OpenGLRenderer( 2678): Render dirty regions requested: true
D/TP/MmsProvider( 2672): Query uri=content://mms/314/addr, match=13, calling pid = 2380
D/ActivityManager(  862): post active user change for 0
D/KnoxTimeoutHandler(  862): postActiveUserChange for user 0
D/KnoxTimeoutHandler(  862): handleActiveUserChange for user 0
D/TP/MmsProvider( 2672): Query uri=content://mms/310/addr, match=13, calling pid = 2380
D/TP/MmsProvider( 2672): Query uri=content://mms/308/addr, match=13, calling pid = 2380
D/TP/MmsProvider( 2672): Query uri=content://mms/306/addr, match=13, calling pid = 2380
D/TP/MmsProvider( 2672): Query uri=content://mms/299/addr, match=13, calling pid = 2380
D/TP/MmsProvider( 2672): Query uri=content://mms/297/addr, match=13, calling pid = 2380
D/TP/MmsProvider( 2672): Query uri=content://mms/294/addr, match=13, calling pid = 2380
D/PointerIcon(  862): setMouseIconStyle1 pointerType: 1001iconType:101 flag:0
D/PointerIcon(  862): setMouseCustomIcon IconType is same.101
D/PointerIcon(  862): setHoveringSpenIconStyle1 pointerType: 10001iconType:1 flag:0
D/PointerIcon(  862): setHoveringSpenCustomIcon IconType is same.1
I/Adreno-EGL( 2678): <qeglDrvAPI_eglInitialize:410>: EGL 1.4 QUALCOMM build:  ()
I/Adreno-EGL( 2678): OpenGL ES Shader Compiler Version: E031.25.03.06
I/Adreno-EGL( 2678): Build Date: 01/24/15 Sat
I/Adreno-EGL( 2678): Local Branch: AF11_RB1_AU15
I/Adreno-EGL( 2678): Remote Branch: 
I/Adreno-EGL( 2678): Local Patches: 
I/Adreno-EGL( 2678): Reconstruct Branch: 
I/OpenGLRenderer( 2678): Initialized EGL, version 1.4
D/TP/MmsProvider( 2672): Query uri=content://mms/293/addr, match=13, calling pid = 2380
D/TP/MmsProvider( 2672): Query uri=content://mms/292/addr, match=13, calling pid = 2380
D/TP/MmsProvider( 2672): Query uri=content://mms/291/addr, match=13, calling pid = 2380
D/TP/MmsProvider( 2672): Query uri=content://mms/289/addr, match=13, calling pid = 2380
D/TP/MmsProvider( 2672): Query uri=content://mms/288/addr, match=13, calling pid = 2380
D/TP/MmsProvider( 2672): Query uri=content://mms/287/addr, match=13, calling pid = 2380
D/OpenGLRenderer( 2678): Enabling debug mode 0
D/TP/MmsProvider( 2672): Query uri=content://mms/286/addr, match=13, calling pid = 2380
D/TP/MmsProvider( 2672): Query uri=content://mms/285/addr, match=13, calling pid = 2380
D/TP/MmsProvider( 2672): Query uri=content://mms/284/addr, match=13, calling pid = 2380
D/TP/MmsProvider( 2672): Query uri=content://mms/283/addr, match=13, calling pid = 2380
D/TP/MmsProvider( 2672): Query uri=content://mms/282/addr, match=13, calling pid = 2380
D/TP/MmsProvider( 2672): Query uri=content://mms/281/addr, match=13, calling pid = 2380
D/TP/MmsProvider( 2672): Query uri=content://mms/280/addr, match=13, calling pid = 2380
D/TP/MmsProvider( 2672): Query uri=content://mms/279/addr, match=13, calling pid = 2380
D/InputMethodManagerService(  862): windowGainedFocus mCurrentFocusedUserId - 0 and mSecureKeypadEnabled-false
D/TP/MmsProvider( 2672): Query uri=content://mms/278/addr, match=13, calling pid = 2380
W/ContextImpl(  862): Calling a method in the system process without a qualified user: android.app.ContextImpl.sendBroadcast:1699 com.android.server.InputMethodManagerService$6.run:2734 java.lang.Thread.run:818 <bottom of call stack> <bottom of call stack> 
D/SSRM:a  (  862): DeviceInfo:: 000000000000
D/SSRM:a  (  862): SettingsAirViewInfo:: 000000000
D/SSRM:a  (  862): DeviceInfo:: 000000000000
D/SSRM:a  (  862): SettingsAirViewInfo:: 000000000
I/art     (  862): Explicit concurrent mark sweep GC freed 29363(1267KB) AllocSpace objects, 4(64KB) LOS objects, 16% free, 80MB/96MB, paused 2.838ms total 212.097ms
I/Timeline( 2678): Timeline: Activity_idle id: android.os.BinderProxy@1963c98f time:1535010893
W/IInputConnectionWrapper( 2032): showStatusIcon on inactive InputConnection
D/Log     (30294): clearBuffers 1
D/Log     (30294): clearBuffers 2
D/Log     (30294): We are in saveBuffer line 235
D/Log     (30294): this is in write to file, LogManager
D/Log     (30294): clearBuffers 3
D/TP/MmsProvider( 2672): Query uri=content://mms/277/addr, match=13, calling pid = 2380
D/TextEntryState(30294): State = START
D/SSRM:a  (  862): DeviceInfo:: 000000000000
D/SSRM:a  (  862): SettingsAirViewInfo:: 000000000
D/GestureService(28998): serviceOnOffReceiver: onReceive - ResponseAxT9Info
V/GestureService(28998): enableService!!!!
E/GestureService(28998): updateFlags started
V/GestureService(28998): ================== GestureService Listener List ==================
E/GestureService(28998): bVertical = false
E/GestureService(28998): bHorizontal = false
E/GestureService(28998): bHorizontalWave = false
D/TP/MmsProvider( 2672): Query uri=content://mms/276/addr, match=13, calling pid = 2380
W/ContextImpl(28998): Calling a method in the system process without a qualified user: android.app.ContextImpl.sendStickyBroadcast:1866 android.content.ContextWrapper.sendStickyBroadcast:463 com.samsung.android.app.gestureservice.GestureService.updateStatusBar:826 com.samsung.android.app.gestureservice.GestureService.enableService:967 com.samsung.android.app.gestureservice.GestureService.access$1800:40 
I/ActivityManager(  862): Displayed Component not be shown by security: +907ms
I/Timeline(  862): Timeline: Activity_windows_visible id: ActivityRecord{24208fa4 u0 com.sec.android.app.camera/.CropImage t10349} time:1535010922
D/CustomFrequencyManagerService(  862): releaseDVFSLockLocked : Getting Lock type frm List : DVFS_MIN_LIMIT  frequency : 1350000  uid : 1000  pid : 862  tag : ACTIVITY_RESUME_BOOSTER@7
W/ActivityManager(  862): mDVFSHelper.release()
D/Camera2 ( 2032): setmDNIeUIMode : 0
E/SurfaceFlinger(  273): rejecting buffer: bufWidth=1920, bufHeight=1080, front.active.{w=1080, h=1920}
D/TP/MmsProvider( 2672): Query uri=content://mms/275/addr, match=13, calling pid = 2380
D/InputDispatcher(  862): setInputDispatchMode: enabled=1, frozen=0
D/CustomFrequencyManagerService(  862): acquireDVFSLockLocked : type : DVFS_MIN_LIMIT  frequency : 1350000  uid : 1000  pid : 862  pkgName : ACTIVITY_RESUME_BOOSTER@11
I/WindowManager(  862): Screen frozen for +901ms due to Window{33f6f109 u0 Starting com.sec.android.app.camera}
D/TP/MmsProvider( 2672): Query uri=content://mms/274/addr, match=13, calling pid = 2380
D/TP/MmsProvider( 2672): Query uri=content://mms/273/addr, match=13, calling pid = 2380
D/TP/MmsProvider( 2672): Query uri=content://mms/272/addr, match=13, calling pid = 2380
D/TP/MmsProvider( 2672): Query uri=content://mms/270/addr, match=13, calling pid = 2380
E/OpenGLRenderer( 2032): SFEffectCache:clear(), mSize = 0
D/TP/MmsProvider( 2672): Query uri=content://mms/269/addr, match=13, calling pid = 2380
D/TP/MmsProvider( 2672): Query uri=content://mms/268/addr, match=13, calling pid = 2380
V/ActivityThread( 2032): updateVisibility : ActivityRecord{ab33672 token=android.os.BinderProxy@1963c98f {com.sec.android.app.camera/com.sec.android.app.camera.Camcorder}} show : false
D/TP/MmsProvider( 2672): Query uri=content://mms/267/addr, match=13, calling pid = 2380
D/TP/MmsProvider( 2672): Query uri=content://mms/266/addr, match=13, calling pid = 2380
D/TP/MmsProvider( 2672): Query uri=content://mms/265/addr, match=13, calling pid = 2380
D/TP/MmsProvider( 2672): Query uri=content://mms/264/addr, match=13, calling pid = 2380
I/art     ( 2672): Explicit concurrent mark sweep GC freed 4540(188KB) AllocSpace objects, 0(0B) LOS objects, 39% free, 19MB/32MB, paused 640us total 33.843ms
D/TP/MmsProvider( 2672): Query uri=content://mms/262/addr, match=13, calling pid = 2380
D/TP/MmsProvider( 2672): Query uri=content://mms/259/addr, match=13, calling pid = 2380
D/TP/MmsProvider( 2672): Query uri=content://mms/257/addr, match=13, calling pid = 2380
D/TP/MmsProvider( 2672): Query uri=content://mms/247/addr, match=13, calling pid = 2380
D/TP/MmsProvider( 2672): Query uri=content://mms/240/addr, match=13, calling pid = 2380
D/TP/MmsProvider( 2672): Query uri=content://mms/238/addr, match=13, calling pid = 2380
D/TP/MmsProvider( 2672): Query uri=content://mms/235/addr, match=13, calling pid = 2380
D/TP/MmsProvider( 2672): Query uri=content://mms/208/addr, match=13, calling pid = 2380
D/TP/MmsProvider( 2672): Query uri=content://mms/206/addr, match=13, calling pid = 2380
D/TP/MmsProvider( 2672): Query uri=content://mms/204/addr, match=13, calling pid = 2380
D/TP/MmsProvider( 2672): Query uri=content://mms/194/addr, match=13, calling pid = 2380
D/TP/MmsProvider( 2672): Query uri=content://mms/181/addr, match=13, calling pid = 2380
D/TP/MmsProvider( 2672): Query uri=content://mms/146/addr, match=13, calling pid = 2380
D/TP/MmsProvider( 2672): Query uri=content://mms/144/addr, match=13, calling pid = 2380
D/TP/MmsProvider( 2672): Query uri=content://mms/140/addr, match=13, calling pid = 2380
D/TP/MmsProvider( 2672): Query uri=content://mms/138/addr, match=13, calling pid = 2380
D/TP/MmsProvider( 2672): Query uri=content://mms/136/addr, match=13, calling pid = 2380
D/TP/MmsProvider( 2672): Query uri=content://mms/134/addr, match=13, calling pid = 2380
D/TP/MmsProvider( 2672): Query uri=content://mms/129/addr, match=13, calling pid = 2380
D/TP/MmsProvider( 2672): Query uri=content://mms/128/addr, match=13, calling pid = 2380
D/TP/MmsProvider( 2672): Query uri=content://mms/124/addr, match=13, calling pid = 2380
D/TP/MmsProvider( 2672): Query uri=content://mms/122/addr, match=13, calling pid = 2380
D/TP/MmsProvider( 2672): Query uri=content://mms/120/addr, match=13, calling pid = 2380
D/TP/MmsProvider( 2672): Query uri=content://mms/117/addr, match=13, calling pid = 2380
D/TP/MmsProvider( 2672): Query uri=content://mms/115/addr, match=13, calling pid = 2380
D/TP/MmsProvider( 2672): Query uri=content://mms/58/addr, match=13, calling pid = 2380
D/TP/MmsProvider( 2672): Query uri=content://mms/45/addr, match=13, calling pid = 2380
D/TP/MmsProvider( 2672): Query uri=content://mms/20/addr, match=13, calling pid = 2380
D/CustomFrequencyManagerService(  862): releaseDVFSLockLocked : Getting Lock type frm List : DVFS_MIN_LIMIT  frequency : 1350000  uid : 1000  pid : 862  tag : ACTIVITY_RESUME_BOOSTER@11
V/WindowOrientationListener(  862): mSContextAutoRotationListener.getProposedRotation, mbResultFaceDectection: false
V/WindowOrientationListener(  862): mSContextAutoRotationListener.getProposedRotation, Rotation: -1
V/WindowOrientationListener(  862): mSContextAutoRotationListener.getProposedRotation, mbResultFaceDectection: false
V/WindowOrientationListener(  862): mSContextAutoRotationListener.getProposedRotation, Rotation: -1
V/WindowManager(  862): rotationForOrientationLw(orient=-1, last=0); user=0 USER_ROTATION_LOCKED sensorRotation=-1 mLidState=-1 mDockMode=0 mHdmiPlugged=false
D/CustomFrequencyManagerService(  862): releaseDVFSLockLocked : Getting Lock type frm List : DVFS_MIN_LIMIT  frequency : 1890000  uid : 1000  pid : 862  tag : ROTATION_BOOSTER@37
D/InputReader(  862): Input event: value=1
I/InputReader(  862): Touch event's action is 0x0 (deviceType=0) [pCnt=1, s=0.37011 ] when=1535012346787000
I/InputDispatcher(  862): Delivering touch to (2678): action: 0x0, toolType: 1
D/ViewRootImpl( 2678): ViewPostImeInputStage ACTION_DOWN
D/PowerManagerService(  862): [input device light] setInputDeviceLightOn is called : 1
D/PowerManagerService(  862): [input device light] handleInputDeviceLightOn
D/InputReader(  862): Input event: value=0
I/InputReader(  862): Touch event's action is 0x1 (deviceType=0) [pCnt=1, s=] when=1535012470566000
I/InputDispatcher(  862): Delivering touch to (2678): action: 0x1, toolType: 1
D/CustomFrequencyManagerService(  862): acquireDVFSLockLocked : type : DVFS_MIN_LIMIT  frequency : 1350000  uid : 1000  pid : 862  pkgName : ACTIVITY_RESUME_BOOSTER@7
W/ActivityManager(  862): mDVFSHelper.acquire()
V/WindowOrientationListener(  862): mSContextAutoRotationListener.getProposedRotation, mbResultFaceDectection: false
V/WindowOrientationListener(  862): mSContextAutoRotationListener.getProposedRotation, Rotation: -1
V/WindowOrientationListener(  862): mSContextAutoRotationListener.getProposedRotation, mbResultFaceDectection: false
V/WindowOrientationListener(  862): mSContextAutoRotationListener.getProposedRotation, Rotation: -1
V/WindowManager(  862): rotationForOrientationLw(orient=0, last=0); user=0 USER_ROTATION_LOCKED sensorRotation=-1 mLidState=-1 mDockMode=0 mHdmiPlugged=false
D/SamsungWindowManager(  862): setRotationLw() : rotation=1
D/CustomFrequencyManagerService(  862): acquireDVFSLockLocked : type : DVFS_MIN_LIMIT  frequency : 1890000  uid : 1000  pid : 862  pkgName : ROTATION_BOOSTER@37
D/InputDispatcher(  862): setInputDispatchMode: enabled=1, frozen=1
I/ActivityManager(  862): Config changes=480 {0 1.0 310mcc410mnc en_US ldltr sw360dp w640dp h335dp 480dpi nrml long land finger -keyb/v/h -nav/h s.251}
V/ActivityManager(  862): Display changed displayId=0
I/InputReader(  862): Reconfiguring input devices.  changes=0x00000004
I/InputReader(  862): Device reconfigured: id=10, name='sec_touchscreen', size 1080x1920, orientation 1, mode 1, display id 0
D/PointerIcon(  862): setMouseIconStyle1 pointerType: 1001iconType:101 flag:0
D/PointerIcon(  862): setMouseCustomIcon IconType is same.101
D/PointerIcon(  862): setHoveringSpenIconStyle1 pointerType: 10001iconType:1 flag:0
D/PointerIcon(  862): setHoveringSpenCustomIcon IconType is same.1
I/InputReader(  862): Reconfiguring input devices.  changes=0x00000004
D/Recents_AlternateRecentsComponent( 2470): reloadHeaderBarLayout is getting called
D/VolumePanel( 2470): ===== Start onConfigurationChanged =====
D/VolumePanel( 2470): onConfigurationChanged : call updateLayout
D/VolumePanel( 2470): ===== Start updateLayout =====
D/Recents_TaskViewHeader( 2470): onFinishInflate
D/MultiPhoneWindow( 3102): onMultiWindowConfigurationChanged com.android.incallui/com.android.incallui.InCallActivityoldRect=Rect(0, 0 - 1080, 1920)
D/VolumePanel( 2470): updateLayout : lp.width = 951, lp.y = 129
D/StatusBar-QSPanel( 2470): updateButtonInfo mButtonWidth : 234 mColumns:8 orien: 2 displayWidth:1872
D/Mms/MmsApp( 2380): [start]    onConfigurationChanged(), newConfig = {0 1.0 310mcc410mnc en_US ldltr sw360dp w640dp h335dp 480dpi nrml long land finger -keyb/v/h -nav/h s.251} consume time = 2423.095704
D/Mms/MmsApp( 2380): [end]    onConfigurationChanged(), newConfig = {0 1.0 310mcc410mnc en_US ldltr sw360dp w640dp h335dp 480dpi nrml long land finger -keyb/v/h -nav/h s.251} consume time = 0.091553
D/TextEntryState(30294): State = START
D/ASK_KF  (30294): getAllAddOns has 3 add on for com.anysoftkeyboard.keyboards.KeyboardFactory
D/ASK_KF  (30294): getAllAddOns will return 3 add on for com.anysoftkeyboard.keyboards.KeyboardFactory
I/ASK_KF  (30294): Creating enabled addons list. I have a total of 3 addons
D/ASK_KF  (30294): Factory provided addon: keyboard_c7535083-4fe6-49dc-81aa-c5438a1a343a
D/KeyguardUpdateMonitor( 2470): updateCMASText( show = false )
W/ContextImpl(  862): Calling a method in the system process without a qualified user: android.app.ContextImpl.sendBroadcast:1699 com.android.internal.policy.impl.PhoneWindowManager.notifyToSSRM:5607 com.android.internal.policy.impl.PhoneWindowManager.access$600:192 com.android.internal.policy.impl.PhoneWindowManager$PolicyHandler.handleMessage:806 android.os.Handler.dispatchMessage:102 
W/Settings( 2470): Setting airplane_mode_on has moved from android.provider.Settings.System to android.provider.Settings.Global, returning read-only value.
D/PanelView( 2470): There is/are notification(s) 
V/Camera2 ( 2032): --onActivityResult--requestCode: 2002
V/Camera2 ( 2032): --onActivityResult--resultCode: -1
V/Camera2 ( 2032): --onActivityResult--data: Intent { act=inline-data (has extras) }
D/PanelView( 2470): onConfigurationChanged
D/PanelView( 2470): mQsDetailviewPanelHeight : 921
D/StatusBar-QSPanel( 2470): setSingleLine:true
D/StatusBar-QSPanel( 2470): updateButtonInfo mButtonWidth : 234 mColumns:8 orien: 2 displayWidth:1872
D/StatusBar-QSPanel( 2470): setSingleLine height:0
D/STATUSBAR-QSTileView( 2470): dynamicallyReduceTextSize: 206
D/STATUSBAR-QSTileView( 2470): dynamicallyReduceTextSize: 206
D/STATUSBAR-QSTileView( 2470): dynamicallyReduceTextSize: 206
D/STATUSBAR-QSTileView( 2470): dynamicallyReduceTextSize: 206
D/STATUSBAR-QSTileView( 2470): dynamicallyReduceTextSize: 206
D/STATUSBAR-QSTileView( 2470): dynamicallyReduceTextSize: 206
D/STATUSBAR-QSTileView( 2470): dynamicallyReduceTextSize: 206
D/STATUSBAR-QSTileView( 2470): dynamicallyReduceTextSize: 206
D/STATUSBAR-QSTileView( 2470): dynamicallyReduceTextSize: 206
D/STATUSBAR-QSTileView( 2470): dynamicallyReduceTextSize: 206
D/STATUSBAR-QSTileView( 2470): dynamicallyReduceTextSize: 206
D/STATUSBAR-QSTileView( 2470): dynamicallyReduceTextSize: 206
D/STATUSBAR-QSTileView( 2470): dynamicallyReduceTextSize: 206
D/STATUSBAR-QSTileView( 2470): dynamicallyReduceTextSize: 206
D/STATUSBAR-QSTileView( 2470): dynamicallyReduceTextSize: 206
D/STATUSBAR-QSTileView( 2470): dynamicallyReduceTextSize: 206
D/STATUSBAR-QSTileView( 2470): dynamicallyReduceTextSize: 206
D/STATUSBAR-QSTileView( 2470): dynamicallyReduceTextSize: 206
D/STATUSBAR-QSTileView( 2470): dynamicallyReduceTextSize: 206
D/STATUSBAR-QSTileView( 2470): dynamicallyReduceTextSize: 206
D/ResourcesManager(  862): creating new AssetManager and set to /system/app/Swype/Swype.apk
D/OpenGLRenderer( 2678): endAllStagingAnimators on 0xb4ff7300 (StateListDrawable) with handle 0xaf817a50
D/GestureService(28998): deviceConditionChangeReceiver: onReceive - android.intent.action.CONFIGURATION_CHANGED
E/SmartFaceService(  862): onReceive: android.intent.action.CONFIGURATION_CHANGED
E/SmartFaceService(  862): mFolderCoverOpened: (true, true) -> true
I/WindowManager(  862): Screen frozen for +114ms due to Window{33f6f109 u0 Starting com.sec.android.app.camera}
D/ActivityManager(  862): post active user change for 0
D/KnoxTimeoutHandler(  862): postActiveUserChange for user 0
D/InputDispatcher(  862): setInputDispatchMode: enabled=1, frozen=0
D/ResourcesManager(  862): creating new AssetManager and set to /system/app/SamsungIME/SamsungIME.apk
D/StatusBar.NetworkController( 2470): refreshViews connected={ wifi } level=2 combinedSignalIconId=0x7f02051e/com.android.systemui:drawable/stat_sys_wifi_signal_4 mobileLabel=AT&T wifiLabel="UO Secure"xxxxXXXXxxxxXXXX emergencyOnly=false combinedLabel="UO Secure"xxxxXXXXxxxxXXXX mAirplaneMode=false mDataActivity=3 mPhoneSignalIconId=0x7f020610/com.android.systemui:drawable/tw_stat_sys_5_level_signal_2 mQSPhoneSignalIconId=0x7f02012a/com.android.systemui:drawable/ic_qs_signal_2 mDataDirectionIconId=0x0/(null) mDataSignalIconId=0x7f020610/com.android.systemui:drawable/tw_stat_sys_5_level_signal_2 mDataTypeIconId=0x7f02032e/com.android.systemui:drawable/stat_sys_data_connected_lte_att mQSDataTypeIconId=0x0/(null) mNoSimIconId=0x0/(null) mWifiIconId=0x7f02051e/com.android.systemui:drawable/stat_sys_wifi_signal_4 mQSWifiIconId=0x7f020143/com.android.systemui:drawable/ic_qs_wifi_4 mWifiActivityIconId=0x7f0204ed/com.android.systemui:drawable/stat_sys_signal_in mBluetoothTetherIconId=0x10808cc/android:drawable/stat_sys_tether_bluetooth
D/STATUSBAR-WifiQuickSettingButton( 2470): onWifiSignalChanged enabled=true enabledDesc:"UO Secure"
W/ContextImpl(28998): Calling a method in the system process without a qualified user: android.app.ContextImpl.sendStickyBroadcast:1866 android.content.ContextWrapper.sendStickyBroadcast:463 com.samsung.android.app.gestureservice.GestureService.updateStatusBar:826 com.samsung.android.app.gestureservice.GestureService.access$1300:40 com.samsung.android.app.gestureservice.GestureService$2.onReceive:242 
W/Settings(  862): Setting tether_dun_required has moved from android.provider.Settings.System to android.provider.Settings.Global
D/SettingsProvider(  862): name = tether_dun_required
D/AudioService(  862): cameraSoundForced : false mCameraSoundForced : false
D/ResourcesManager(  862): creating new AssetManager and set to /data/app/com.google.android.googlequicksearchbox-1/base.apk
D/KnoxTimeoutHandler(  862): handleActiveUserChange for user 0
D/ConnectivityService(  862): returning getNetworkInfo(networkType - 1) :[type: WIFI[] - WIFI, state: CONNECTED/CONNECTED, reason: (unspecified), extra: "UO Secure", roaming: false, failover: false, isAvailable: true, isConnectedToProvisioningNetwork: false]
D/SSRM:a  (  862): DeviceInfo:: 000000000000
D/SSRM:a  (  862): SettingsAirViewInfo:: 000000000
W/InputMethodInfo(  862): Duplicated subtype definition found: , voice
D/ResourcesManager(  862): creating new AssetManager and set to /data/app/com.menny.android.anysoftkeyboard-1/base.apk
D/ActivityManager(  862): startService callerProcessName:com.menny.android.anysoftkeyboard, calleePkgName: com.menny.android.anysoftkeyboard
W/ActivityManager(  862): Unable to start service Intent { cmp=com.menny.android.anysoftkeyboard/com.radicalninja.logger.MainActivity } U=0: not found
D/VolumePanel( 2470): updateSliderProgress : progress = -1
V/AudioPolicyManager_legacy(  303): getOutputsForDevice device 0002 -> 0002
I/AudioService(  862): getStreamVolume 2 index 0
D/VolumePanel( 2470): updateSliderProgress : progress = -1
I/AudioService(  862): getStreamVolume 3 index 0
I/AudioService(  862): getStreamVolume 3 index 0
D/VolumePanel( 2470): updateSliderProgress : progress = -1
V/AudioPolicyManager_legacy(  303): getOutputsForDevice device 0002 -> 0002
I/AudioService(  862): getStreamVolume 5 index 0
D/VolumePanel( 2470): updateSliderProgress : progress = -1
I/AudioService(  862): getStreamVolume 1 index 40
D/PanelView( 2470): mClearAll.setVisibility - mIsFullyOpened : false isShade : true mHasNotification : true mIsUpwardFling : false mQsFullyExpanded : true isShadeLocked : false mClearAllVisible : true
I/System.out(30294): The time changed into nice format is: 17-02-2017 10-46-19
D/Activity(30294): performCreate Call secproduct feature valuefalse
D/Activity(30294): performCreate Call debug elastic valuetrue
D/Encrypt (30294): We are starting encrytopn 1 - in doInBackgound AsyncTask ENCRYTPTION!
D/Encrypt (30294): We are starting encrytopn!
D/Crash   (30294): Crash 2.5
D/PointerIcon(  862): setMouseIconStyle1 pointerType: 1001iconType:101 flag:0
D/PointerIcon(  862): setMouseCustomIcon IconType is same.101
D/PointerIcon(  862): setHoveringSpenIconStyle1 pointerType: 10001iconType:1 flag:0
D/PointerIcon(  862): setHoveringSpenCustomIcon IconType is same.1
D/Encrypt (30294): onResume: before transfer utility
D/Encrypt (30294): onResume: before encryption
D/Encrypt (30294): onResume: after encryption
E/History (30294): In try
D/ActivityManager(  862): post active user change for 0
D/KnoxTimeoutHandler(  862): postActiveUserChange for user 0
D/KnoxTimeoutHandler(  862): handleActiveUserChange for user 0
D/StatusBarManagerService(  862): manageDisableList userId=0 what=0x0 pkg=WindowManager.LayoutParams
E/History (30294): In try
D/Crash   (30294): Crash 2
D/Crash   (30294): Crash 3
D/Exception(30294): Start of Exception handler class
D/Exception(30294): Start of Exception handler class 2
D/Exception(30294): Start of Exception handler class 3
D/Exception(30294): Start of Exception handler class 4
D/Exception(30294): Start of Exception handler class 5
W/System.err(30294): java.io.FileNotFoundException: /jacoco.exec: open failed: EROFS (Read-only file system)
W/System.err(30294): 	at libcore.io.IoBridge.open(IoBridge.java:456)
W/System.err(30294): 	at java.io.FileOutputStream.<init>(FileOutputStream.java:87)
W/System.err(30294): 	at org.jacoco.agent.rt.internal_b0d6a23.output.FileOutput.openFile(FileOutput.java:67)
W/System.err(30294): 	at org.jacoco.agent.rt.internal_b0d6a23.output.FileOutput.writeExecutionData(FileOutput.java:53)
W/System.err(30294): 	at org.jacoco.agent.rt.internal_b0d6a23.Agent.shutdown(Agent.java:137)
W/System.err(30294): 	at org.jacoco.agent.rt.internal_b0d6a23.Agent$1.run(Agent.java:54)
W/System.err(30294): Caused by: android.system.ErrnoException: open failed: EROFS (Read-only file system)
W/System.err(30294): 	at libcore.io.Posix.open(Native Method)
W/System.err(30294): 	at libcore.io.BlockGuardOs.open(BlockGuardOs.java:186)
W/System.err(30294): 	at libcore.io.IoBridge.open(IoBridge.java:442)
W/System.err(30294): 	... 5 more
I/art     (30294): System.exit called, status: 1
I/AndroidRuntime(30294): VM exiting with result code 1, cleanup skipped.
I/WindowState(  862): WIN DEATH: Window{3af76d8c u0 com.menny.android.anysoftkeyboard/com.radicalninja.logger.MainActivity}
I/ActivityManager(  862): Process com.menny.android.anysoftkeyboard (pid 30294)(adj 0) has died(213,179)
D/ActivityManager(  862): cleanUpApplicationRecord -- 30294
W/ActivityManager(  862): Scheduling restart of crashed service com.menny.android.anysoftkeyboard/com.amazonaws.mobileconnectors.s3.transferutility.TransferService in 1000ms
W/ActivityManager(  862): Scheduling restart of crashed service com.menny.android.anysoftkeyboard/.SoftKeyboard in 1000ms
I/WindowState(  862): WIN DEATH: Window{118658 u0 WARNING}
I/WindowState(  862): WIN DEATH: Window{198d2096 u0 com.menny.android.anysoftkeyboard/com.radicalninja.logger.VideoActivity}
D/PointerIcon(  862): setMouseIconStyle1 pointerType: 1001iconType:101 flag:0
D/PointerIcon(  862): setMouseCustomIcon IconType is same.101
D/PointerIcon(  862): setHoveringSpenIconStyle1 pointerType: 10001iconType:1 flag:0
D/PointerIcon(  862): setHoveringSpenCustomIcon IconType is same.1
W/InputMethodManagerService(  862): Session failed to close due to remote exception
W/InputMethodManagerService(  862): android.os.DeadObjectException
W/InputMethodManagerService(  862): 	at android.os.BinderProxy.transactNative(Native Method)
W/InputMethodManagerService(  862): 	at android.os.BinderProxy.transact(Binder.java:496)
W/InputMethodManagerService(  862): 	at com.android.internal.view.IInputMethodSession$Stub$Proxy.finishSession(IInputMethodSession.java:327)
W/InputMethodManagerService(  862): 	at com.android.server.InputMethodManagerService.finishSessionLocked(InputMethodManagerService.java:2111)
W/InputMethodManagerService(  862): 	at com.android.server.InputMethodManagerService.clearClientSessionLocked(InputMethodManagerService.java:2102)
W/InputMethodManagerService(  862): 	at com.android.server.InputMethodManagerService.removeClient(InputMethodManagerService.java:1746)
W/InputMethodManagerService(  862): 	at com.android.server.wm.Session.binderDied(Session.java:153)
W/InputMethodManagerService(  862): 	at android.os.BinderProxy.sendDeathNotice(Binder.java:551)
W/InputMethodManagerService(  862): Session failed to close due to remote exception
W/InputMethodManagerService(  862): android.os.DeadObjectException
W/InputMethodManagerService(  862): 	at android.os.BinderProxy.transactNative(Native Method)
W/InputMethodManagerService(  862): 	at android.os.BinderProxy.transact(Binder.java:496)
W/InputMethodManagerService(  862): 	at com.android.internal.view.IInputMethodSession$Stub$Proxy.finishSession(IInputMethodSession.java:327)
W/InputMethodManagerService(  862): 	at com.android.server.InputMethodManagerService.finishSessionLocked(InputMethodManagerService.java:2111)
W/InputMethodManagerService(  862): 	at com.android.server.InputMethodManagerService.clearClientSessionLocked(InputMethodManagerService.java:2102)
W/InputMethodManagerService(  862): 	at com.android.server.InputMethodManagerService.clearCurMethodLocked(InputMethodManagerService.java:2128)
W/InputMethodManagerService(  862): 	at com.android.server.InputMethodManagerService.onServiceDisconnected(InputMethodManagerService.java:2147)
W/InputMethodManagerService(  862): 	at android.app.LoadedApk$ServiceDispatcher.doDeath(LoadedApk.java:1270)
W/InputMethodManagerService(  862): 	at android.app.LoadedApk$ServiceDispatcher$RunConnection.run(LoadedApk.java:1284)
W/InputMethodManagerService(  862): 	at android.os.Handler.handleCallback(Handler.java:739)
W/InputMethodManagerService(  862): 	at android.os.Handler.dispatchMessage(Handler.java:95)
W/InputMethodManagerService(  862): 	at android.os.Looper.loop(Looper.java:145)
W/InputMethodManagerService(  862): 	at com.android.server.SystemServer.run(SystemServer.java:430)
W/InputMethodManagerService(  862): 	at com.android.server.SystemServer.main(SystemServer.java:315)
W/InputMethodManagerService(  862): 	at java.lang.reflect.Method.invoke(Native Method)
W/InputMethodManagerService(  862): 	at java.lang.reflect.Method.invoke(Method.java:372)
W/InputMethodManagerService(  862): 	at com.android.internal.os.ZygoteInit$MethodAndArgsCaller.run(ZygoteInit.java:1399)
W/InputMethodManagerService(  862): 	at com.android.internal.os.ZygoteInit.main(ZygoteInit.java:1194)
W/InputMethodManagerService(  862): Session failed to close due to remote exception
W/InputMethodManagerService(  862): android.os.DeadObjectException
W/InputMethodManagerService(  862): 	at android.os.BinderProxy.transactNative(Native Method)
W/InputMethodManagerService(  862): 	at android.os.BinderProxy.transact(Binder.java:496)
W/InputMethodManagerService(  862): 	at com.android.internal.view.IInputMethodSession$Stub$Proxy.finishSession(IInputMethodSession.java:327)
W/InputMethodManagerService(  862): 	at com.android.server.InputMethodManagerService.finishSessionLocked(InputMethodManagerService.java:2111)
W/InputMethodManagerService(  862): 	at com.android.server.InputMethodManagerService.clearClientSessionLocked(InputMethodManagerService.java:2102)
W/InputMethodManagerService(  862): 	at com.android.server.InputMethodManagerService.clearCurMethodLocked(InputMethodManagerService.java:2128)
W/InputMethodManagerService(  862): 	at com.android.server.InputMethodManagerService.onServiceDisconnected(InputMethodManagerService.java:2147)
W/InputMethodManagerService(  862): 	at android.app.LoadedApk$ServiceDispatcher.doDeath(LoadedApk.java:1270)
W/InputMethodManagerService(  862): 	at android.app.LoadedApk$ServiceDispatcher$RunConnection.run(LoadedApk.java:1284)
W/InputMethodManagerService(  862): 	at android.os.Handler.handleCallback(Handler.java:739)
W/InputMethodManagerService(  862): 	at android.os.Handler.dispatchMessage(Handler.java:95)
W/InputMethodManagerService(  862): 	at android.os.Looper.loop(Looper.java:145)
W/InputMethodManagerService(  862): 	at com.android.server.SystemServer.run(SystemServer.java:430)
W/InputMethodManagerService(  862): 	at com.android.server.SystemServer.main(SystemServer.java:315)
W/InputMethodManagerService(  862): 	at java.lang.reflect.Method.invoke(Native Method)
W/InputMethodManagerService(  862): 	at java.lang.reflect.Method.invoke(Method.java:372)
W/InputMethodManagerService(  862): 	at com.android.internal.os.ZygoteInit$MethodAndArgsCaller.run(ZygoteInit.java:1399)
W/InputMethodManagerService(  862): 	at com.android.internal.os.ZygoteInit.main(ZygoteInit.java:1194)
W/InputMethodManagerService(  862): Session failed to close due to remote exception
W/InputMethodManagerService(  862): android.os.DeadObjectException
W/InputMethodManagerService(  862): 	at android.os.BinderProxy.transactNative(Native Method)
W/InputMethodManagerService(  862): 	at android.os.BinderProxy.transact(Binder.java:496)
W/InputMethodManagerService(  862): 	at com.android.internal.view.IInputMethodSession$Stub$Proxy.finishSession(IInputMethodSession.java:327)
W/InputMethodManagerService(  862): 	at com.android.server.InputMethodManagerService.finishSessionLocked(InputMethodManagerService.java:2111)
W/InputMethodManagerService(  862): 	at com.android.server.InputMethodManagerService.clearClientSessionLocked(InputMethodManagerService.java:2102)
W/InputMethodManagerService(  862): 	at com.android.server.InputMethodManagerService.clearCurMethodLocked(InputMethodManagerService.java:2128)
W/InputMethodManagerService(  862): 	at com.android.server.InputMethodManagerService.onServiceDisconnected(InputMethodManagerService.java:2147)
W/InputMethodManagerService(  862): 	at android.app.LoadedApk$ServiceDispatcher.doDeath(LoadedApk.java:1270)
W/InputMethodManagerService(  862): 	at android.app.LoadedApk$ServiceDispatcher$RunConnection.run(LoadedApk.java:1284)
W/InputMethodManagerService(  862): 	at android.os.Handler.handleCallback(Handler.java:739)
W/InputMethodManagerService(  862): 	at android.os.Handler.dispatchMessage(Handler.java:95)
W/InputMethodManagerService(  862): 	at android.os.Looper.loop(Looper.java:145)
W/InputMethodManagerService(  862): 	at com.android.server.SystemServer.run(SystemServer.java:430)
W/InputMethodManagerService(  862): 	at com.android.server.SystemServer.main(SystemServer.java:315)
W/InputMethodManagerService(  862): 	at java.lang.reflect.Method.invoke(Native Method)
W/InputMethodManagerService(  862): 	at java.lang.reflect.Method.invoke(Method.java:372)
W/InputMethodManagerService(  862): 	at com.android.internal.os.ZygoteInit$MethodAndArgsCaller.run(ZygoteInit.java:1399)
W/InputMethodManagerService(  862): 	at com.android.internal.os.ZygoteInit.main(ZygoteInit.java:1194)
W/InputMethodManagerService(  862): Session failed to close due to remote exception
W/InputMethodManagerService(  862): android.os.DeadObjectException
W/InputMethodManagerService(  862): 	at android.os.BinderProxy.transactNative(Native Method)
W/InputMethodManagerService(  862): 	at android.os.BinderProxy.transact(Binder.java:496)
W/InputMethodManagerService(  862): 	at com.android.internal.view.IInputMethodSession$Stub$Proxy.finishSession(IInputMethodSession.java:327)
W/InputMethodManagerService(  862): 	at com.android.server.InputMethodManagerService.finishSessionLocked(InputMethodManagerService.java:2111)
W/InputMethodManagerService(  862): 	at com.android.server.InputMethodManagerService.clearClientSessionLocked(InputMethodManagerService.java:2102)
W/InputMethodManagerService(  862): 	at com.android.server.InputMethodManagerService.clearCurMethodLocked(InputMethodManagerService.java:2128)
W/InputMethodManagerService(  862): 	at com.android.server.InputMethodManagerService.onServiceDisconnected(InputMethodManagerService.java:2147)
W/InputMethodManagerService(  862): 	at android.app.LoadedApk$ServiceDispatcher.doDeath(LoadedApk.java:1270)
W/InputMethodManagerService(  862): 	at android.app.LoadedApk$ServiceDispatcher$RunConnection.run(LoadedApk.java:1284)
W/InputMethodManagerService(  862): 	at android.os.Handler.handleCallback(Handler.java:739)
W/InputMethodManagerService(  862): 	at android.os.Handler.dispatchMessage(Handler.java:95)
W/InputMethodManagerService(  862): 	at android.os.Looper.loop(Looper.java:145)
W/InputMethodManagerService(  862): 	at com.android.server.SystemServer.run(SystemServer.java:430)
W/InputMethodManagerService(  862): 	at com.android.server.SystemServer.main(SystemServer.java:315)
W/InputMethodManagerService(  862): 	at java.lang.reflect.Method.invoke(Native Method)
W/InputMethodManagerService(  862): 	at java.lang.reflect.Method.invoke(Method.java:372)
W/InputMethodManagerService(  862): 	at com.android.internal.os.ZygoteInit$MethodAndArgsCaller.run(ZygoteInit.java:1399)
W/InputMethodManagerService(  862): 	at com.android.internal.os.ZygoteInit.main(ZygoteInit.java:1194)
E/ActivityManager(  862): checkUser: useridlist=null, currentuser=0
E/ActivityManager(  862): checkUser: useridlist=null, currentuser=0
E/ActivityManager(  862): checkUser: useridlist=null, currentuser=0
E/ActivityManager(  862): checkUser: useridlist=null, currentuser=0
E/Zygote  ( 2811): MountEmulatedStorage()
E/Zygote  ( 2811): v2
I/libpersona( 2811): KNOX_SDCARD checking this for 10054
I/libpersona( 2811): KNOX_SDCARD not a persona
I/ActivityManager(  862): Start proc com.menny.android.anysoftkeyboard for activity com.menny.android.anysoftkeyboard/com.radicalninja.logger.MainActivity: pid=2811 uid=10054 gids={50054, 9997, 1028, 1015, 3003} abi=armeabi-v7a
D/ALSADevice(  303): standby: handle 0xb3d57700 h 0x0
V/ALSADevice(  303): standby handle h 0xb2e0b700
I/SELinux ( 2811): Function: selinux_compare_spd_ram, SPD-policy is existed. and_ver=SEPF_SAMSUNG-SGH-I337_5.0.1-1 ver=51
I/SELinux ( 2811): Function: selinux_compare_spd_ram , priority [1] , priority version is VE=SEPF_SAMSUNG-SGH-I337_5.0.1-1_0051
E/SELinux ( 2811): [DEBUG] get_category: variable seinfo: default sensitivity: NULL, cateogry: NULL
I/art     ( 2811): Late-enabling -Xcheck:jni
I/Zygote  (  315): Process 30294 exited cleanly (1)
I/art     ( 2811): Debugger is no longer active
D/ResourcesManager( 2811): creating new AssetManager and set to /data/app/com.menny.android.anysoftkeyboard-1/base.apk
W/System.err( 2811): java.io.FileNotFoundException: /jacoco.exec: open failed: EROFS (Read-only file system)
W/System.err( 2811): 	at libcore.io.IoBridge.open(IoBridge.java:456)
W/System.err( 2811): 	at java.io.FileOutputStream.<init>(FileOutputStream.java:87)
W/System.err( 2811): 	at org.jacoco.agent.rt.internal_b0d6a23.output.FileOutput.openFile(FileOutput.java:67)
W/System.err( 2811): 	at org.jacoco.agent.rt.internal_b0d6a23.output.FileOutput.startup(FileOutput.java:49)
W/System.err( 2811): 	at org.jacoco.agent.rt.internal_b0d6a23.Agent.startup(Agent.java:122)
W/System.err( 2811): 	at org.jacoco.agent.rt.internal_b0d6a23.Agent.getInstance(Agent.java:50)
W/System.err( 2811): 	at org.jacoco.agent.rt.internal_b0d6a23.Offline.<clinit>(Offline.java:31)
W/System.err( 2811): 	at com.menny.android.anysoftkeyboard.AnyApplication.$jacocoInit(AnyApplication.java)
W/System.err( 2811): 	at com.menny.android.anysoftkeyboard.AnyApplication.<init>(AnyApplication.java)
W/System.err( 2811): 	at java.lang.reflect.Constructor.newInstance(Native Method)
W/System.err( 2811): 	at java.lang.Class.newInstance(Class.java:1650)
W/System.err( 2811): 	at android.app.Instrumentation.newApplication(Instrumentation.java:1003)
W/System.err( 2811): 	at android.app.Instrumentation.newApplication(Instrumentation.java:988)
W/System.err( 2811): 	at android.app.LoadedApk.makeApplication(LoadedApk.java:620)
W/System.err( 2811): 	at android.app.ActivityThread.handleBindApplication(ActivityThread.java:5095)
W/System.err( 2811): 	at android.app.ActivityThread.access$1600(ActivityThread.java:177)
W/System.err( 2811): 	at android.app.ActivityThread$H.handleMessage(ActivityThread.java:1510)
W/System.err( 2811): 	at android.os.Handler.dispatchMessage(Handler.java:102)
W/System.err( 2811): 	at android.os.Looper.loop(Looper.java:145)
W/System.err( 2811): 	at android.app.ActivityThread.main(ActivityThread.java:5951)
W/System.err( 2811): 	at java.lang.reflect.Method.invoke(Native Method)
W/System.err( 2811): 	at java.lang.reflect.Method.invoke(Method.java:372)
W/System.err( 2811): 	at com.android.internal.os.ZygoteInit$MethodAndArgsCaller.run(ZygoteInit.java:1399)
