D/StatusBar.NetworkController( 2470): refreshViews connected={ wifi } level=2 combinedSignalIconId=0x7f02051b/com.android.systemui:drawable/stat_sys_wifi_signal_3 mobileLabel=AT&T wifiLabel="UO Secure"xxxxXXXXxxxxXXXX emergencyOnly=false combinedLabel="UO Secure"xxxxXXXXxxxxXXXX mAirplaneMode=false mDataActivity=3 mPhoneSignalIconId=0x7f020610/com.android.systemui:drawable/tw_stat_sys_5_level_signal_2 mQSPhoneSignalIconId=0x7f02012a/com.android.systemui:drawable/ic_qs_signal_2 mDataDirectionIconId=0x0/(null) mDataSignalIconId=0x7f020610/com.android.systemui:drawable/tw_stat_sys_5_level_signal_2 mDataTypeIconId=0x7f02032e/com.android.systemui:drawable/stat_sys_data_connected_lte_att mQSDataTypeIconId=0x0/(null) mNoSimIconId=0x0/(null) mWifiIconId=0x7f02051b/com.android.systemui:drawable/stat_sys_wifi_signal_3 mQSWifiIconId=0x7f020142/com.android.systemui:drawable/ic_qs_wifi_3 mWifiActivityIconId=0x7f0204ef/com.android.systemui:drawable/stat_sys_signal_inout mBluetoothTetherIconId=0x10808cc/android:drawable/stat_sys_tether_bluetooth
D/STATUSBAR-WifiQuickSettingButton( 2470): onWifiSignalChanged enabled=true enabledDesc:"UO Secure"
D/StatusBar.NetworkController( 2470): refreshSignalCluster - setNWBoosterIndicators(false)
D/StatusBar.NetworkController( 2470): applyOpen
D/StatusBar.NetworkController( 2470): refreshSignalCluster - setNWBoosterIndicators(false)
D/StatusBar.NetworkController( 2470): applyOpen
D/StatusBar.NetworkController( 2470): refreshSignalCluster - setNWBoosterIndicators(false)
D/StatusBar.NetworkController( 2470): applyOpen
D/StatusBar.NetworkController( 2470): refreshSignalCluster - setNWBoosterIndicators(false)
D/StatusBar.NetworkController( 2470): applyOpen
D/PanelView( 2470): mClearAll.setVisibility - mIsFullyOpened : false isShade : true mHasNotification : true mIsUpwardFling : false mQsFullyExpanded : true isShadeLocked : false mClearAllVisible : true
I/Finsky  ( 4223): [1] com.google.android.finsky.dailyhygiene.DailyHygiene.a(323): No need to run daily hygiene.
D/Sensorhubs(  307): readContextData: 1, 1, 14, 0
D/SensorHubManager(  862): onGetSensorHubDataLocked: library(4) = 1, 1, 14, 0
D/CAE     (  862): onGetSensorHubData(SensorHubParserProvider.java:87) - onGetSensorHubData Event [event buffer len :4], AP_WAKEUP
I/CAE     (  862): parse(SensorHubParserProvider.java:166) - buffer size = 4
I/CAE     (  862): parse(SensorHubParserProvider.java:177) - 1, 1, 14, 0,
D/CAE     (  862): display(ContextProvider.java:365) - ================= FLIP_COVER_ACTION =================
I/CAE     (  862): display(ContextProvider.java:381) - Action=[0]
D/SContextService(  862): updateSContext() : event = Flip Cover Action
D/MotionRecognitionService(  862): [ FLIP_COVER_ACTION_OPEN ]
D/MotionRecognitionService(  862): setFlipCoverTouchEnabled to true
D/InputReader(  862): setFlipCoverTouchEnabled/clearCoverOpen/adjustTouch: 1,1, 0
V/AlarmManager(  862): waitForAlarm result :8
W/Settings( 4223): Setting download_manager_max_bytes_over_mobile has moved from android.provider.Settings.Secure to android.provider.Settings.Global.
W/Settings( 4223): Setting download_manager_recommended_max_bytes_over_mobile has moved from android.provider.Settings.Secure to android.provider.Settings.Global.
D/PanelView( 2470): mClearAll.setVisibility - mIsFullyOpened : false isShade : true mHasNotification : true mIsUpwardFling : false mQsFullyExpanded : true isShadeLocked : false mClearAllVisible : true
D/PanelView( 2470): mClearAll.setVisibility - mIsFullyOpened : false isShade : true mHasNotification : true mIsUpwardFling : false mQsFullyExpanded : true isShadeLocked : false mClearAllVisible : true
D/ActivityManager(  862): startService callerProcessName:com.android.vending, calleePkgName: com.android.vending
D/ActivityManager(  862): caller:android.app.ApplicationThreadProxy@297dc3ea, r.packageName :com.android.vending
D/PanelView( 2470): mClearAll.setVisibility - mIsFullyOpened : false isShade : true mHasNotification : true mIsUpwardFling : false mQsFullyExpanded : true isShadeLocked : false mClearAllVisible : true
D/PanelView( 2470): mClearAll.setVisibility - mIsFullyOpened : false isShade : true mHasNotification : true mIsUpwardFling : false mQsFullyExpanded : true isShadeLocked : false mClearAllVisible : true
W/0O5     ( 4206): Verify
I/Finsky  ( 4223): [1] com.google.android.finsky.z.a.a(194): Enabling bucket experiment: factor=1.000, zeroDelta=0ms, forceNetwork=true
D/PanelView( 2470): mClearAll.setVisibility - mIsFullyOpened : false isShade : true mHasNotification : true mIsUpwardFling : false mQsFullyExpanded : true isShadeLocked : false mClearAllVisible : true
D/SmartBondingService(  862): SmartBondingReceiver: onReceive action=com.android.systemui.statusbar.EXPANDED
D/GlobalActions(  862): mBroadcastReceiver : onReceive : com.android.systemui.statusbar.EXPANDED
D/SSRM:a  (  862): DeviceInfo:: 001000000000
D/SSRM:a  (  862): SettingsAirViewInfo:: 000000000
D/GlobalActions(  862): mBroadcastReceiver : onReceive : sendEmptyMessage(MESSAGE_DISMISS) reason #1
D/PanelView( 2470): mClearAll.setVisibility - mIsFullyOpened : true isShade : true mHasNotification : true mIsUpwardFling : false mQsFullyExpanded : true isShadeLocked : false mClearAllVisible : true
E/SQLiteLog( 4256): (283) recovered 876 frames from WAL file /data/user/0/com.google.android.gsf/databases/googlesettings.db-wal
D/PanelView( 2470): mClearAll.setVisibility - mIsFullyOpened : true isShade : true mHasNotification : true mIsUpwardFling : false mQsFullyExpanded : true isShadeLocked : false mClearAllVisible : true
D/PanelView( 2470): mClearAll.setVisibility - mIsFullyOpened : true isShade : true mHasNotification : true mIsUpwardFling : false mQsFullyExpanded : true isShadeLocked : false mClearAllVisible : true
D/PanelView( 2470): mClearAll.setVisibility - mIsFullyOpened : true isShade : true mHasNotification : true mIsUpwardFling : false mQsFullyExpanded : true isShadeLocked : false mClearAllVisible : true
I/Finsky  ( 4223): [1] com.google.android.finsky.utils.cj.onTrimMemory(17): Memory trim requested to level 10
D/ConnectivityService(  862): returning getActiveNetworkInfo :[type: WIFI[] - WIFI, state: CONNECTED/CONNECTED, reason: (unspecified), extra: "UO Secure", roaming: false, failover: false, isAvailable: true, isConnectedToProvisioningNetwork: false]
I/Finsky  ( 4223): [1] com.google.android.finsky.installer.a.a.a(50254): Installer kick - no action, not running yet
I/Finsky  ( 4223): [1] com.google.android.finsky.v.a.h.run(180): Loaded library for account: [azb4Vos9PI5E5Bbesqe7N6apBM8]
I/Finsky  ( 4223): [1] com.google.android.finsky.v.a.h.run(186): Finished loading 1 libraries.
E/ActivityManager(  862): checkUser: useridlist=null, currentuser=0
E/ActivityManager(  862): checkUser: useridlist=null, currentuser=0
E/ActivityManager(  862): checkUser: useridlist=null, currentuser=0
E/ActivityManager(  862): checkUser: useridlist=null, currentuser=0
E/Zygote  ( 4336): MountEmulatedStorage()
I/libpersona( 4336): KNOX_SDCARD checking this for 10013
E/Zygote  ( 4336): v2
I/libpersona( 4336): KNOX_SDCARD not a persona
I/SELinux ( 4336): Function: selinux_compare_spd_ram, SPD-policy is existed. and_ver=SEPF_SAMSUNG-SGH-I337_5.0.1-1 ver=51
I/SELinux ( 4336): Function: selinux_compare_spd_ram , priority [1] , priority version is VE=SEPF_SAMSUNG-SGH-I337_5.0.1-1_0051
I/ActivityManager(  862): Start proc com.google.android.gms for service com.google.android.gms/.ads.identifier.service.AdvertisingIdService: pid=4336 uid=10013 gids={50013, 9997, 2001, 3003, 1007, 3006, 1028, 1015, 3002, 3001, 3007} abi=armeabi-v7a
E/SELinux ( 4336): [DEBUG] get_category: variable seinfo: untrusted sensitivity: NULL, cateogry: NULL
I/Finsky  ( 4223): [1] com.google.android.finsky.e.a.a.a(240): result=false type=4
I/WearableService( 5389): Wear is not allowed to run on this device. Not starting Wear service.
D/WearableService( 5389): callingUid 10013, callindPid: 5389
D/ActivityManager(  862): startService callerProcessName:com.android.vending, calleePkgName: com.android.vending
D/ActivityManager(  862): caller:android.app.ApplicationThreadProxy@3d6d779f, r.packageName :com.android.vending
I/Finsky  ( 4223): [1] com.google.android.finsky.autoupdate.ReschedulerUsingJobScheduler$CheckPreconditionsAndAutoUpdateJobService.onStartJob(288): JobScheduler invoked, loading libraries.
D/ResourcesManager( 4336): creating new AssetManager and set to /data/app/com.google.android.gms-1/base.apk
D/ConnectivityService(  862): returning getNetworkInfo(networkType - 1) :[type: WIFI[] - WIFI, state: CONNECTED/CONNECTED, reason: (unspecified), extra: "UO Secure", roaming: false, failover: false, isAvailable: true, isConnectedToProvisioningNetwork: false]
E/ActivityManager(  862): checkUser: useridlist=null, currentuser=0
E/ActivityManager(  862): checkUser: useridlist=null, currentuser=0
E/ActivityManager(  862): checkUser: useridlist=null, currentuser=0
E/ActivityManager(  862): checkUser: useridlist=null, currentuser=0
E/Zygote  ( 4354): MountEmulatedStorage()
E/Zygote  ( 4354): v2
I/libpersona( 4354): KNOX_SDCARD checking this for 10013
I/libpersona( 4354): KNOX_SDCARD not a persona
I/SELinux ( 4354): Function: selinux_compare_spd_ram, SPD-policy is existed. and_ver=SEPF_SAMSUNG-SGH-I337_5.0.1-1 ver=51
I/SELinux ( 4354): Function: selinux_compare_spd_ram , priority [1] , priority version is VE=SEPF_SAMSUNG-SGH-I337_5.0.1-1_0051
I/ActivityManager(  862): Start proc com.google.android.gms:car for service com.google.android.gms/.car.CarService: pid=4354 uid=10013 gids={50013, 9997, 2001, 3003, 1007, 3006, 1028, 1015, 3002, 3001, 3007} abi=armeabi-v7a
E/SELinux ( 4354): [DEBUG] get_category: variable seinfo: untrusted sensitivity: NULL, cateogry: NULL
W/ResourcesManager( 4336): Asset path '/system/framework/com.android.media.remotedisplay.jar' does not exist or contains no resources.
W/ResourcesManager( 4336): Asset path '/system/framework/com.android.location.provider.jar' does not exist or contains no resources.
D/ResourcesManager( 4354): creating new AssetManager and set to /data/app/com.google.android.gms-1/base.apk
E/Finsky  ( 4223): [1] com.google.android.finsky.wear.bl.a(847): onConnectionFailed: ConnectionResult{statusCode=API_UNAVAILABLE, resolution=null, message=null}
I/Finsky  ( 4223): [1] com.google.android.finsky.wear.aj.run(2402): Dropping command=send_installed_apps due to Gms not connected
W/ResourcesManager( 4354): Asset path '/system/framework/com.android.media.remotedisplay.jar' does not exist or contains no resources.
W/ResourcesManager( 4354): Asset path '/system/framework/com.android.location.provider.jar' does not exist or contains no resources.
I/Finsky  ( 4223): [1] com.google.android.finsky.services.bb.a(969): Restore complete with 0 success and 0 failed.
W/msgr.0XI( 4206): The sessioned store is not available. Are you fetching sessioned quick experiment data while the user is logged out?
I/LoadedApk( 4336): No resource references to update in package FFFFFFFFFFFFFFFFFFFFFF
I/LoadedApk( 4354): No resource references to update in package FFFFFFFFFFFFFFFFFFFFFF
D/ActivityManager(  862): startProcessLocked calleePkgName: com.bleacherreport.android.teamstream, hostingType: broadcast
E/ActivityManager(  862): checkUser: useridlist=null, currentuser=0
E/ActivityManager(  862): checkUser: useridlist=null, currentuser=0
E/ActivityManager(  862): checkUser: useridlist=null, currentuser=0
E/ActivityManager(  862): checkUser: useridlist=null, currentuser=0
E/Zygote  ( 4381): MountEmulatedStorage()
E/Zygote  ( 4381): v2
I/libpersona( 4381): KNOX_SDCARD checking this for 10254
I/libpersona( 4381): KNOX_SDCARD not a persona
I/SELinux ( 4381): Function: selinux_compare_spd_ram, SPD-policy is existed. and_ver=SEPF_SAMSUNG-SGH-I337_5.0.1-1 ver=51
I/SELinux ( 4381): Function: selinux_compare_spd_ram , priority [1] , priority version is VE=SEPF_SAMSUNG-SGH-I337_5.0.1-1_0051
I/ActivityManager(  862): Start proc com.bleacherreport.android.teamstream for broadcast com.bleacherreport.android.teamstream/.widget.ListScoresWidget: pid=4381 uid=10254 gids={50254, 9997, 3003} abi=armeabi-v7a
E/SELinux ( 4381): [DEBUG] get_category: variable seinfo: default sensitivity: NULL, cateogry: NULL
D/ResourcesManager( 4381): creating new AssetManager and set to /data/app/com.bleacherreport.android.teamstream-2/base.apk
V/JNIHelp ( 4354): Registering com/google/android/gms/org/conscrypt/NativeCrypto's 242 native methods...
I/art     ( 4354): Rejecting re-init on previously-failed class java.lang.Class<com.google.android.gms.org.conscrypt.OpenSSLExtendedSessionImpl>
I/art     ( 4354): Rejecting re-init on previously-failed class java.lang.Class<com.google.android.gms.org.conscrypt.OpenSSLExtendedSessionImpl>
V/JNIHelp ( 4336): Registering com/google/android/gms/org/conscrypt/NativeCrypto's 242 native methods...
W/ActivityThread( 4354): ClassLoader.loadClass: The class loader returned by Thread.getContextClassLoader() may fail for processes that host multiple applications. You should explicitly specify a context class loader. For example: Thread.setContextClassLoader(getClass().getClassLoader());
W/System  ( 4354): Could not create com.google.android.gms.org.conscrypt.OpenSSLSocketFactoryImpl with ClassLoader android.app.LoadedApk$WarningContextClassLoader@28008944: com.google.android.gms.org.conscrypt.OpenSSLSocketFactoryImpl
I/ProviderInstaller( 4354): Installed default security provider GmsCore_OpenSSL
I/art     ( 4336): Rejecting re-init on previously-failed class java.lang.Class<com.google.android.gms.org.conscrypt.OpenSSLExtendedSessionImpl>
I/art     ( 4336): Rejecting re-init on previously-failed class java.lang.Class<com.google.android.gms.org.conscrypt.OpenSSLExtendedSessionImpl>
D/StatusBar.NetworkController( 2470): refreshViews connected={ wifi } level=2 combinedSignalIconId=0x7f02051b/com.android.systemui:drawable/stat_sys_wifi_signal_3 mobileLabel=AT&T wifiLabel="UO Secure"xxxxXXXXxxxxXXXX emergencyOnly=false combinedLabel="UO Secure"xxxxXXXXxxxxXXXX mAirplaneMode=false mDataActivity=3 mPhoneSignalIconId=0x7f020610/com.android.systemui:drawable/tw_stat_sys_5_level_signal_2 mQSPhoneSignalIconId=0x7f02012a/com.android.systemui:drawable/ic_qs_signal_2 mDataDirectionIconId=0x0/(null) mDataSignalIconId=0x7f020610/com.android.systemui:drawable/tw_stat_sys_5_level_signal_2 mDataTypeIconId=0x7f02032e/com.android.systemui:drawable/stat_sys_data_connected_lte_att mQSDataTypeIconId=0x0/(null) mNoSimIconId=0x0/(null) mWifiIconId=0x7f02051b/com.android.systemui:drawable/stat_sys_wifi_signal_3 mQSWifiIconId=0x7f020142/com.android.systemui:drawable/ic_qs_wifi_3 mWifiActivityIconId=0x7f0204ed/com.android.systemui:drawable/stat_sys_signal_in mBluetoothTetherIconId=0x10808cc/android:drawable/stat_sys_tether_bluetooth
D/STATUSBAR-WifiQuickSettingButton( 2470): onWifiSignalChanged enabled=true enabledDesc:"UO Secure"
D/StatusBar.NetworkController( 2470): refreshSignalCluster - setNWBoosterIndicators(false)
D/StatusBar.NetworkController( 2470): applyOpen
D/StatusBar.NetworkController( 2470): refreshSignalCluster - setNWBoosterIndicators(false)
D/StatusBar.NetworkController( 2470): applyOpen
D/StatusBar.NetworkController( 2470): refreshSignalCluster - setNWBoosterIndicators(false)
D/StatusBar.NetworkController( 2470): applyOpen
D/StatusBar.NetworkController( 2470): refreshSignalCluster - setNWBoosterIndicators(false)
D/StatusBar.NetworkController( 2470): applyOpen
I/MultiDex( 4381): VM with version 2.1.0 has multidex support
I/MultiDex( 4381): install
I/MultiDex( 4381): VM has multidex support, MultiDex support library is disabled.
W/ActivityThread( 4336): ClassLoader.loadClass: The class loader returned by Thread.getContextClassLoader() may fail for processes that host multiple applications. You should explicitly specify a context class loader. For example: Thread.setContextClassLoader(getClass().getClassLoader());
W/System  ( 4336): Could not create com.google.android.gms.org.conscrypt.OpenSSLSocketFactoryImpl with ClassLoader android.app.LoadedApk$WarningContextClassLoader@bbaa936: com.google.android.gms.org.conscrypt.OpenSSLSocketFactoryImpl
I/ProviderInstaller( 4336): Installed default security provider GmsCore_OpenSSL
D/StatusBar.NetworkController( 2470): refreshViews connected={ wifi } level=2 combinedSignalIconId=0x7f02051e/com.android.systemui:drawable/stat_sys_wifi_signal_4 mobileLabel=AT&T wifiLabel="UO Secure"xxxxXXXXxxxxXXXX emergencyOnly=false combinedLabel="UO Secure"xxxxXXXXxxxxXXXX mAirplaneMode=false mDataActivity=3 mPhoneSignalIconId=0x7f020610/com.android.systemui:drawable/tw_stat_sys_5_level_signal_2 mQSPhoneSignalIconId=0x7f02012a/com.android.systemui:drawable/ic_qs_signal_2 mDataDirectionIconId=0x0/(null) mDataSignalIconId=0x7f020610/com.android.systemui:drawable/tw_stat_sys_5_level_signal_2 mDataTypeIconId=0x7f02032e/com.android.systemui:drawable/stat_sys_data_connected_lte_att mQSDataTypeIconId=0x0/(null) mNoSimIconId=0x0/(null) mWifiIconId=0x7f02051e/com.android.systemui:drawable/stat_sys_wifi_signal_4 mQSWifiIconId=0x7f020143/com.android.systemui:drawable/ic_qs_wifi_4 mWifiActivityIconId=0x7f0204ed/com.android.systemui:drawable/stat_sys_signal_in mBluetoothTetherIconId=0x10808cc/android:drawable/stat_sys_tether_bluetooth
D/STATUSBAR-WifiQuickSettingButton( 2470): onWifiSignalChanged enabled=true enabledDesc:"UO Secure"
D/StatusBar.NetworkController( 2470): refreshSignalCluster - setNWBoosterIndicators(false)
D/StatusBar.NetworkController( 2470): applyOpen
D/StatusBar.NetworkController( 2470): refreshSignalCluster - setNWBoosterIndicators(false)
D/StatusBar.NetworkController( 2470): applyOpen
D/StatusBar.NetworkController( 2470): refreshSignalCluster - setNWBoosterIndicators(false)
D/StatusBar.NetworkController( 2470): applyOpen
D/StatusBar.NetworkController( 2470): refreshSignalCluster - setNWBoosterIndicators(false)
D/StatusBar.NetworkController( 2470): applyOpen
I/art     ( 4354): Rejecting re-init on previously-failed class java.lang.Class<lga>
I/art     ( 4354): Rejecting re-init on previously-failed class java.lang.Class<lga>
D/ResourcesManager( 4206): creating new AssetManager and set to /system/priv-app/SecMms_Candy/SecMms_Candy.apk
D/ResourcesManager( 4206): creating new AssetManager and set to /data/app/com.google.android.talk-1/base.apk
W/ResourcesManager( 4206): Asset path '/system/framework/com.google.android.media.effects.jar' does not exist or contains no resources.
D/ActivityManager(  862): bindService callerProcessName:com.google.android.gms, calleePkgName: com.google.android.gms, action: local_action
W/ActivityManager(  862): Unable to start service Intent { act=local_action cmp=com.google.android.gms/.car.InCallService2 } U=0: not found
E/CAR.TEL.Service( 4354): Failed to bind to InCallService
I/DynamiteModule( 4354): Considering local module com.google.android.gms.googlecertificates:2 and remote module com.google.android.gms.googlecertificates:2
I/DynamiteModule( 4354): Selected remote version of com.google.android.gms.googlecertificates, version >= 2
E/SQLiteLog( 4206): (284) automatic index on sqlite_sq_AE9DD980(thread_key)
I/art     ( 4354): DexFile_isDexOptNeeded failed to open oat file '/data/dalvik-cache/arm/data@data@com.google.android.gms@app_chimera@m@0000001a@DynamiteModulesA_GmsCore_prodlmp_xxhdpi_release.apk@classes.dex' for file location '/data/data/com.google.android.gms/app_chimera/m/0000001a/DynamiteModulesA_GmsCore_prodlmp_xxhdpi_release.apk': Failed to open oat filename for reading: No such file or directory
D/ResourcesManager( 4354): creating new AssetManager and set to /data/data/com.google.android.gms/app_chimera/m/0000001a/DynamiteModulesA_GmsCore_prodlmp_xxhdpi_release.apk
D/ConnectivityService(  862): returning getNetworkInfo(networkType - 0) :[type: MOBILE[] - MOBILE, state: DISCONNECTED/DISCONNECTED, reason: (unspecified), extra: (none), roaming: false, failover: false, isAvailable: true, isConnectedToProvisioningNetwork: false]
D/ConnectivityService(  862): returning getNetworkInfo(networkType - 1) :[type: WIFI[] - WIFI, state: CONNECTED/CONNECTED, reason: (unspecified), extra: "UO Secure", roaming: false, failover: false, isAvailable: true, isConnectedToProvisioningNetwork: false]
D/ConnectivityService(  862): returning getNetworkInfo(networkType - 1) :[type: WIFI[] - WIFI, state: CONNECTED/CONNECTED, reason: (unspecified), extra: "UO Secure", roaming: false, failover: false, isAvailable: true, isConnectedToProvisioningNetwork: false]
I/CrashlyticsCore( 4381): Initializing Crashlytics 2.3.14.151
W/Settings( 4381): Setting airplane_mode_on has moved from android.provider.Settings.System to android.provider.Settings.Global, returning read-only value.
I/System.out( 4381): (HTTPLog)-Static: isSBSettingEnabled false
I/System.out( 4381): (HTTPLog)-Static: isShipBuild true
I/System.out( 4381): (HTTPLog)-Thread-559512-97464114: SmartBonding Enabling is false, SHIP_BUILD is true, log to file is false, DBG is false
I/System.out( 4381): (HTTPLog)-Static: isSBSettingEnabled false
D/EnterpriseController(  294): mIsMarkChainAdded is 0 mIsBlockChainAdded is 0 netId is 0
D/Netd    (  294): getNetworkForDns: using netid 2044 for uid 10254
I/TsApplication( 4381): Cloudinary initialized
I/System.out( 4381): KnoxVpnUidStorageknoxVpnSupported API value returned is false
E/Leanplum( 4381): Geofencing support requires Google Play Services v8.1 and higher.
E/Leanplum( 4381): Add this to your build.gradle file:
E/Leanplum( 4381): compile ('com.google.android.gms:play-services-location:8.3.0+')
W/ResourceType( 4381): No package identifier when getting value for resource number 0x00000000
I/CONVIVA ( 4381): [Conviva] [1487357257.98] [INFO] [SDK] [Client] init(): url=https://cws.conviva.com customerKey=0c03b8bbf14bc87e6497b4f7d75ff5b4d35853b1
I/System.out( 4381): (HTTPLog)-Static: isSBSettingEnabled false
D/CONVIVA ( 4381): [Conviva] [1487357257.98] [NONE] [SDK] createTimer(): calling TimerInterface.createTimer
D/CONVIVA ( 4381): [Conviva] [1487357257.98] [NONE] [SDK] load(): calling StorageInterface.loadData
D/EnterpriseController(  294): mIsMarkChainAdded is 0 mIsBlockChainAdded is 0 netId is 0
D/Netd    (  294): getNetworkForDns: using netid 2044 for uid 10254
I/System.out( 4381): KnoxVpnUidStorageknoxVpnSupported API value returned is false
I/CONVIVA ( 4381): [Conviva] [1487357258.00] [INFO] [SDK] [Config] parse(): setting the client id to 2678746775.562940669.2022575296.994754848 (from local storage)
D/CONVIVA ( 4381): [Conviva] [1487357258.00] [NONE] [SDK] [Config] load(): configuration successfully loaded from local storage.
I/CONVIVA ( 4381): [Conviva] [1487357258.00] [INFO] [SDK] [Client] init(): done.
W/Finsky  ( 4223): [1] com.google.android.finsky.y.e.run(2988): mCallback set, but acquired system apps best effort.
D/ConnectivityService(  862): returning getActiveNetworkInfo :[type: WIFI[] - WIFI, state: CONNECTED/CONNECTED, reason: (unspecified), extra: "UO Secure", roaming: false, failover: false, isAvailable: true, isConnectedToProvisioningNetwork: false]
D/ActivityManager(  862): startService callerProcessName:com.bleacherreport.android.teamstream, calleePkgName: com.bleacherreport.android.teamstream
D/ActivityManager(  862): caller:android.app.ApplicationThreadProxy@d4444f1, r.packageName :com.bleacherreport.android.teamstream
D/ConnectivityService(  862): returning getActiveNetworkInfo :[type: WIFI[] - WIFI, state: CONNECTED/CONNECTED, reason: (unspecified), extra: "UO Secure", roaming: false, failover: false, isAvailable: true, isConnectedToProvisioningNetwork: false]
D/LogUploadTask( 2811): Executing log upload task.
D/LogUploadTask( 2811): This is loguplaodtask on Recieve, right before awsutil
D/Log     ( 2811): the size of buffers = 1
I/LogManager( 2811): Log file does not need to be exported for WordBuffer
D/Log     ( 2811): This is in AWSUTIL upload files to bucket
D/ConnectivityService(  862): returning getNetworkInfo(networkType - 1) :[type: WIFI[] - WIFI, state: CONNECTED/CONNECTED, reason: (unspecified), extra: "UO Secure", roaming: false, failover: false, isAvailable: true, isConnectedToProvisioningNetwork: false]
F/Adjust  ( 4381): PRODUCTION: Adjust is running in Production mode. Use this setting only for the build that you want to publish. Set the environment to `sandbox` if you want to test your app!
D/ResourcesManager( 4223): creating new AssetManager and set to /system/framework/framework-res.apk
W/asset   ( 4223): Asset path /system/framework/com.ipsec.client.jar is neither a directory nor file (type=1).
W/ResourcesManager( 4223): Asset path '/system/framework/com.ipsec.client.jar' does not exist or contains no resources.
D/ConnectivityService(  862): returning getNetworkInfo(networkType - 1) :[type: WIFI[] - WIFI, state: CONNECTED/CONNECTED, reason: (unspecified), extra: "UO Secure", roaming: false, failover: false, isAvailable: true, isConnectedToProvisioningNetwork: false]
D/ResourcesManager( 4223): creating new AssetManager and set to /system/priv-app/GoogleServicesFramework/GoogleServicesFramework.apk
D/ConnectivityService(  862): returning getNetworkInfo(networkType - 1) :[type: WIFI[] - WIFI, state: CONNECTED/CONNECTED, reason: (unspecified), extra: "UO Secure", roaming: false, failover: false, isAvailable: true, isConnectedToProvisioningNetwork: false]
D/ConnectivityService(  862): returning getNetworkInfo(networkType - 1) :[type: WIFI[] - WIFI, state: CONNECTED/CONNECTED, reason: (unspecified), extra: "UO Secure", roaming: false, failover: false, isAvailable: true, isConnectedToProvisioningNetwork: false]
D/ConnectivityService(  862): returning getNetworkInfo(networkType - 1) :[type: WIFI[] - WIFI, state: CONNECTED/CONNECTED, reason: (unspecified), extra: "UO Secure", roaming: false, failover: false, isAvailable: true, isConnectedToProvisioningNetwork: false]
D/ResourcesManager( 4223): creating new AssetManager and set to /system/app/AllshareMediaShare/AllshareMediaShare.apk
I/Leanplum( 4381): Already called start
W/ResourcesManager( 4223): Asset path '/system/framework/twframework.jar' does not exist or contains no resources.
W/ResourcesManager( 4223): Asset path '/system/framework/allshare.jar' does not exist or contains no resources.
D/ConnectivityService(  862): returning getActiveNetworkInfo :[type: WIFI[] - WIFI, state: CONNECTED/CONNECTED, reason: (unspecified), extra: "UO Secure", roaming: false, failover: false, isAvailable: true, isConnectedToProvisioningNetwork: false]
D/ConnectivityService(  862): returning getNetworkInfo(networkType - 1) :[type: WIFI[] - WIFI, state: CONNECTED/CONNECTED, reason: (unspecified), extra: "UO Secure", roaming: false, failover: false, isAvailable: true, isConnectedToProvisioningNetwork: false]
D/ResourcesManager( 4223): creating new AssetManager and set to /system/priv-app/TouchWizHome_K/TouchWizHome_K.apk
E/ActivityThread( 4381): Failed to find provider info for com.facebook.katana.provider.AttributionIdProvider
W/ResourcesManager( 4223): Asset path '/system/framework/twframework.jar' does not exist or contains no resources.
W/ResourcesManager( 4223): Asset path '/system/framework/sws.jar' does not exist or contains no resources.
D/GraphRequest( 4381): Warning: Request without access token missing application ID or client token.
D/ConnectivityService(  862): returning getNetworkInfo(networkType - 1) :[type: WIFI[] - WIFI, state: CONNECTED/CONNECTED, reason: (unspecified), extra: "UO Secure", roaming: false, failover: false, isAvailable: true, isConnectedToProvisioningNetwork: false]
I/System.out( 4381): (HTTPLog)-Static: isSBSettingEnabled false
D/ConnectivityService(  862): returning getNetworkInfo(networkType - 1) :[type: WIFI[] - WIFI, state: CONNECTED/CONNECTED, reason: (unspecified), extra: "UO Secure", roaming: false, failover: false, isAvailable: true, isConnectedToProvisioningNetwork: false]
D/ConnectivityService(  862): returning getNetworkInfo(networkType - 1) :[type: WIFI[] - WIFI, state: CONNECTED/CONNECTED, reason: (unspecified), extra: "UO Secure", roaming: false, failover: false, isAvailable: true, isConnectedToProvisioningNetwork: false]
D/StatusBar.NetworkController( 2470): refreshViews connected={ wifi } level=2 combinedSignalIconId=0x7f02051b/com.android.systemui:drawable/stat_sys_wifi_signal_3 mobileLabel=AT&T wifiLabel="UO Secure"xxxxXXXXxxxxXXXX emergencyOnly=false combinedLabel="UO Secure"xxxxXXXXxxxxXXXX mAirplaneMode=false mDataActivity=3 mPhoneSignalIconId=0x7f020610/com.android.systemui:drawable/tw_stat_sys_5_level_signal_2 mQSPhoneSignalIconId=0x7f02012a/com.android.systemui:drawable/ic_qs_signal_2 mDataDirectionIconId=0x0/(null) mDataSignalIconId=0x7f020610/com.android.systemui:drawable/tw_stat_sys_5_level_signal_2 mDataTypeIconId=0x7f02032e/com.android.systemui:drawable/stat_sys_data_connected_lte_att mQSDataTypeIconId=0x0/(null) mNoSimIconId=0x0/(null) mWifiIconId=0x7f02051b/com.android.systemui:drawable/stat_sys_wifi_signal_3 mQSWifiIconId=0x7f020142/com.android.systemui:drawable/ic_qs_wifi_3 mWifiActivityIconId=0x7f0204ed/com.android.systemui:drawable/stat_sys_signal_in mBluetoothTetherIconId=0x10808cc/android:drawable/stat_sys_tether_bluetooth
D/ConnectivityService(  862): returning getNetworkInfo(networkType - 1) :[type: WIFI[] - WIFI, state: CONNECTED/CONNECTED, reason: (unspecified), extra: "UO Secure", roaming: false, failover: false, isAvailable: true, isConnectedToProvisioningNetwork: false]
D/STATUSBAR-WifiQuickSettingButton( 2470): onWifiSignalChanged enabled=true enabledDesc:"UO Secure"
D/StatusBar.NetworkController( 2470): refreshSignalCluster - setNWBoosterIndicators(false)
D/StatusBar.NetworkController( 2470): applyOpen
D/StatusBar.NetworkController( 2470): refreshSignalCluster - setNWBoosterIndicators(false)
D/StatusBar.NetworkController( 2470): applyOpen
D/StatusBar.NetworkController( 2470): refreshSignalCluster - setNWBoosterIndicators(false)
D/StatusBar.NetworkController( 2470): applyOpen
D/StatusBar.NetworkController( 2470): refreshSignalCluster - setNWBoosterIndicators(false)
D/StatusBar.NetworkController( 2470): applyOpen
D/ConnectivityService(  862): returning getNetworkInfo(networkType - 1) :[type: WIFI[] - WIFI, state: CONNECTED/CONNECTED, reason: (unspecified), extra: "UO Secure", roaming: false, failover: false, isAvailable: true, isConnectedToProvisioningNetwork: false]
D/ConnectivityService(  862): returning getNetworkInfo(networkType - 1) :[type: WIFI[] - WIFI, state: CONNECTED/CONNECTED, reason: (unspecified), extra: "UO Secure", roaming: false, failover: false, isAvailable: true, isConnectedToProvisioningNetwork: false]
D/ConnectivityService(  862): returning getNetworkInfo(networkType - 1) :[type: WIFI[] - WIFI, state: CONNECTED/CONNECTED, reason: (unspecified), extra: "UO Secure", roaming: false, failover: false, isAvailable: true, isConnectedToProvisioningNetwork: false]
I/System.out( 4381): (HTTPLog)-Static: isSBSettingEnabled false
D/EnterpriseController(  294): mIsMarkChainAdded is 0 mIsBlockChainAdded is 0 netId is 0
D/Netd    (  294): getNetworkForDns: using netid 2044 for uid 10254
I/System.out( 4381): KnoxVpnUidStorageknoxVpnSupported API value returned is false
D/ActivityManager(  862): bindService callerProcessName:android, calleePkgName: com.android.defcontainer, action: null
E/ActivityManager(  862): checkUser: useridlist=null, currentuser=0
E/ActivityManager(  862): checkUser: useridlist=null, currentuser=0
E/ActivityManager(  862): checkUser: useridlist=null, currentuser=0
E/ActivityManager(  862): checkUser: useridlist=null, currentuser=0
E/Zygote  ( 4503): MountEmulatedStorage()
I/libpersona( 4503): KNOX_SDCARD checking this for 10007
E/Zygote  ( 4503): v2
I/libpersona( 4503): KNOX_SDCARD not a persona
I/SELinux ( 4503): Function: selinux_compare_spd_ram, SPD-policy is existed. and_ver=SEPF_SAMSUNG-SGH-I337_5.0.1-1 ver=51
I/ActivityManager(  862): Start proc com.android.defcontainer for service com.android.defcontainer/.DefaultContainerService: pid=4503 uid=10007 gids={50007, 9997, 1028, 1015, 1023, 2001, 1035} abi=armeabi-v7a
I/SELinux ( 4503): Function: selinux_compare_spd_ram , priority [1] , priority version is VE=SEPF_SAMSUNG-SGH-I337_5.0.1-1_0051
E/SELinux ( 4503): [DEBUG] get_category: variable seinfo: platform sensitivity: NULL, cateogry: NULL
I/Finsky  ( 4223): [1] com.google.android.finsky.installer.a.a.a(585): Request install of com.google.android.youtube v=120553134 pri=3 for auto_update
D/ConnectivityService(  862): returning getNetworkInfo(networkType - 1) :[type: WIFI[] - WIFI, state: CONNECTED/CONNECTED, reason: (unspecified), extra: "UO Secure", roaming: false, failover: false, isAvailable: true, isConnectedToProvisioningNetwork: false]
D/PackageInstaller(  862):  installation of android.content.pm.PackageInstaller$SessionParams@24a53d5e for non-container user 0
I/Finsky  ( 4223): [1] com.google.android.finsky.installer.a.a.c(1931): Installer kick - starting com.google.android.youtube
I/Finsky  ( 4223): [1] com.google.android.finsky.installer.a.a.a(585): Request install of com.google.android.apps.docs.editors.docs v=70521135 pri=3 for auto_update
D/ConnectivityService(  862): returning getNetworkInfo(networkType - 1) :[type: WIFI[] - WIFI, state: CONNECTED/CONNECTED, reason: (unspecified), extra: "UO Secure", roaming: false, failover: false, isAvailable: true, isConnectedToProvisioningNetwork: false]
I/Finsky  ( 4223): [1] com.google.android.finsky.installer.a.a.a(585): Request install of com.google.android.googlequicksearchbox v=300729367 pri=3 for auto_update
D/ConnectivityService(  862): returning getNetworkInfo(networkType - 1) :[type: WIFI[] - WIFI, state: CONNECTED/CONNECTED, reason: (unspecified), extra: "UO Secure", roaming: false, failover: false, isAvailable: true, isConnectedToProvisioningNetwork: false]
I/Finsky  ( 4223): [1] com.google.android.finsky.installer.a.a.a(585): Request install of com.google.android.keep v=70530530 pri=3 for auto_update
D/ConnectivityService(  862): returning getNetworkInfo(networkType - 1) :[type: WIFI[] - WIFI, state: CONNECTED/CONNECTED, reason: (unspecified), extra: "UO Secure", roaming: false, failover: false, isAvailable: true, isConnectedToProvisioningNetwork: false]
I/Finsky  ( 4223): [1] com.google.android.finsky.installer.a.a.a(585): Request install of com.facebook.orca v=50122238 pri=3 for auto_update
D/StatusBar.NetworkController( 2470): refreshViews connected={ wifi } level=2 combinedSignalIconId=0x7f02051b/com.android.systemui:drawable/stat_sys_wifi_signal_3 mobileLabel=AT&T wifiLabel="UO Secure"xxxxXXXXxxxxXXXX emergencyOnly=false combinedLabel="UO Secure"xxxxXXXXxxxxXXXX mAirplaneMode=false mDataActivity=3 mPhoneSignalIconId=0x7f020610/com.android.systemui:drawable/tw_stat_sys_5_level_signal_2 mQSPhoneSignalIconId=0x7f02012a/com.android.systemui:drawable/ic_qs_signal_2 mDataDirectionIconId=0x0/(null) mDataSignalIconId=0x7f020610/com.android.systemui:drawable/tw_stat_sys_5_level_signal_2 mDataTypeIconId=0x7f02032e/com.android.systemui:drawable/stat_sys_data_connected_lte_att mQSDataTypeIconId=0x0/(null) mNoSimIconId=0x0/(null) mWifiIconId=0x7f02051b/com.android.systemui:drawable/stat_sys_wifi_signal_3 mQSWifiIconId=0x7f020142/com.android.systemui:drawable/ic_qs_wifi_3 mWifiActivityIconId=0x7f0204ef/com.android.systemui:drawable/stat_sys_signal_inout mBluetoothTetherIconId=0x10808cc/android:drawable/stat_sys_tether_bluetooth
D/STATUSBAR-WifiQuickSettingButton( 2470): onWifiSignalChanged enabled=true enabledDesc:"UO Secure"
D/ConnectivityService(  862): returning getNetworkInfo(networkType - 1) :[type: WIFI[] - WIFI, state: CONNECTED/CONNECTED, reason: (unspecified), extra: "UO Secure", roaming: false, failover: false, isAvailable: true, isConnectedToProvisioningNetwork: false]
I/Finsky  ( 4223): [1] com.google.android.finsky.installer.a.a.a(585): Request install of com.google.android.webview v=292408700 pri=3 for auto_update
D/StatusBar.NetworkController( 2470): refreshSignalCluster - setNWBoosterIndicators(false)
D/StatusBar.NetworkController( 2470): applyOpen
D/ConnectivityService(  862): returning getNetworkInfo(networkType - 1) :[type: WIFI[] - WIFI, state: CONNECTED/CONNECTED, reason: (unspecified), extra: "UO Secure", roaming: false, failover: false, isAvailable: true, isConnectedToProvisioningNetwork: false]
D/StatusBar.NetworkController( 2470): refreshSignalCluster - setNWBoosterIndicators(false)
D/StatusBar.NetworkController( 2470): applyOpen
D/StatusBar.NetworkController( 2470): refreshSignalCluster - setNWBoosterIndicators(false)
D/StatusBar.NetworkController( 2470): applyOpen
I/Finsky  ( 4223): [1] com.google.android.finsky.autoupdate.ReschedulerUsingJobScheduler$CheckPreconditionsAndAutoUpdateJobService.a(362): auto-updates finished successfully.
D/StatusBar.NetworkController( 2470): refreshSignalCluster - setNWBoosterIndicators(false)
D/StatusBar.NetworkController( 2470): applyOpen
D/LightsService(  862): [api] [SvcLED] turnOff:: id = 4 (uid: 1000 pid: 862) 
D/LightsService(  862): [SvcLED] setSvcLedStateLocked:: SvcLEDState : 0x0 -> 0x0 | SvcLED(id=4) set Off
D/LightsService(  862): [SvcLED] Lux failed to be updated in 700ms. -> handleForcedSvcLEDTasK
D/LightsService(  862): [SvcLED]  setSvcLedLightLocked :: Current SvcLED(id=4) maintains its priority right
D/PersonaManager( 2470): isKioskContainerExistOnDevice
D/PersonaManager( 2470): isKioskContainerExistOnDevice
I/Finsky  ( 4223): [1] com.google.android.finsky.utils.cj.onTrimMemory(17): Memory trim requested to level 80
I/Finsky  ( 4223): [559482] com.google.android.finsky.installer.al.b(202): Created session 80883640 for com.google.android.youtube
D/PackageInstaller(  862):  installation of android.content.pm.PackageInstaller$SessionParams@2397d80d for non-container user 0
D/KeyguardUpdateMonitor( 2470): updateCMASText( show = false )
W/Settings( 2470): Setting airplane_mode_on has moved from android.provider.Settings.System to android.provider.Settings.Global, returning read-only value.
D/PanelView( 2470): There is/are notification(s) 
D/PanelView( 2470): kidsfalse mQsExpansionEnabled:true
D/KeyguardUpdateMonitor( 2470): updateCMASText( show = false )
W/Settings( 2470): Setting airplane_mode_on has moved from android.provider.Settings.System to android.provider.Settings.Global, returning read-only value.
D/PanelView( 2470): There is/are notification(s) 
D/PersonaManager( 2470): isKioskContainerExistOnDevice
D/KeyguardUpdateMonitor( 2470): updateCMASText( show = false )
W/Settings( 2470): Setting airplane_mode_on has moved from android.provider.Settings.System to android.provider.Settings.Global, returning read-only value.
D/PanelView( 2470): There is/are notification(s) 
D/PanelView( 2470): kidsfalse mQsExpansionEnabled:true
D/KeyguardUpdateMonitor( 2470): updateCMASText( show = false )
D/ResourcesManager( 4503): creating new AssetManager and set to /system/priv-app/DefaultContainerService/DefaultContainerService.apk
D/InputReader(  862): Input event: value=1
I/InputReader(  862): Touch event's action is 0x0 (deviceType=0) [pCnt=1, s=0.37013 ] when=1535092197128000
I/InputDispatcher(  862): Delivering touch to (2470): action: 0x0, toolType: 1
D/PowerManagerService(  862): [input device light] setInputDeviceLightOn is called : 1
D/PowerManagerService(  862): [input device light] handleInputDeviceLightOn
D/ViewRootImpl( 2470): ViewPostImeInputStage ACTION_DOWN
I/Finsky  ( 4223): [559482] com.google.android.finsky.installer.al.b(202): Created session 320236851 for com.google.android.apps.docs.editors.docs
D/PackageInstaller(  862):  installation of android.content.pm.PackageInstaller$SessionParams@2df6e809 for non-container user 0
I/Finsky  ( 4223): [559482] com.google.android.finsky.installer.al.b(202): Created session 637777233 for com.google.android.googlequicksearchbox
D/PackageInstaller(  862):  installation of android.content.pm.PackageInstaller$SessionParams@cc9ba0e for non-container user 0
D/PanelView( 2470): mClearAll.setVisibility - mIsFullyOpened : true isShade : true mHasNotification : true mIsUpwardFling : false mQsFullyExpanded : true isShadeLocked : false mClearAllVisible : true
I/Finsky  ( 4223): [559500] com.google.android.finsky.installer.o.a(62): File-by-file compatibility check finished, isCompatible=true
I/Finsky  ( 4223): [559500] com.google.android.finsky.installer.a.w.doInBackground(13172): File-by-File compatibility check result: true
D/InputReader(  862): Input event: value=0
I/InputReader(  862): Touch event's action is 0x1 (deviceType=0) [pCnt=1, s=] when=1535092332260000
I/InputDispatcher(  862): Delivering touch to (2470): action: 0x1, toolType: 1
I/Finsky  ( 4223): [559482] com.google.android.finsky.installer.al.b(202): Created session 1069460620 for com.google.android.keep
E/installd(  304): system dir 0 : /system/app/
E/installd(  304): system dir 1 : /system/priv-app/
E/installd(  304): system dir 2 : /vendor/app/
E/installd(  304): system dir 3 : /oem/app/
D/PackageInstaller(  862):  installation of android.content.pm.PackageInstaller$SessionParams@1d68ac2f for non-container user 0
I/Finsky  ( 4223): [559482] com.google.android.finsky.installer.al.b(202): Created session 186930592 for com.facebook.orca
D/PackageInstaller(  862):  installation of android.content.pm.PackageInstaller$SessionParams@561d23c for non-container user 0
I/art     (  862): Explicit concurrent mark sweep GC freed 154297(9MB) AllocSpace objects, 33(3MB) LOS objects, 16% free, 80MB/96MB, paused 3.387ms total 456.115ms
I/PhoneStatusBar( 2470): Send intent for dismiss clipboard dialog inside phonestatusbar() !
V/Scroll/Pause Worker(  862): onReceive: android.intent.action.CLOSE_SYSTEM_DIALOGS
D/PhoneStatusBar( 2470): animateCollapse(): mExpandedVisible=true flags=0
D/StatusBar-Window( 2470): fnf=true sanc=false, kni=false, sbf=false
D/CoverUI ( 2470): applyFocusableFlag() : Remove SAMSUNG_FLAG_SVIEW_COVER
E/PersonaManagerService(  862): inState():  stateMachine is null !!
I/PersonaManagerService(  862): PersonaId don't exist
I/ActivityManager(  862): do not start freezing screen for locked container getKeyguardshowstate = false
D/ResourcesManager(  862): creating new AssetManager and set to /system/priv-app/SecSettings/SecSettings.apk
W/ContextImpl(  862): Calling a method in the system process without a qualified user: android.app.ContextImpl.sendBroadcast:1699 com.android.server.accessibility.AccessibilityManagerService$DirectAccessBrocastReceiver.onReceive:393 android.app.LoadedApk$ReceiverDispatcher$Args.run:923 android.os.Handler.handleCallback:739 android.os.Handler.dispatchMessage:95 
I/Finsky  ( 4223): [559482] com.google.android.finsky.installer.al.b(202): Created session 599916932 for com.google.android.webview
W/ResourcesManager(  862): Asset path '/system/framework/sec_platform_library.jar' does not exist or contains no resources.
W/ResourcesManager(  862): Asset path '/system/framework/smatlib.jar' does not exist or contains no resources.
W/ResourcesManager(  862): Asset path '/system/framework/sechardware.jar' does not exist or contains no resources.
W/ResourcesManager(  862): Asset path '/system/framework/com.google.android.maps.jar' does not exist or contains no resources.
W/ResourcesManager(  862): Asset path '/system/framework/twframework.jar' does not exist or contains no resources.
W/ResourcesManager(  862): Asset path '/system/framework/com.broadcom.bt.jar' does not exist or contains no resources.
D/CustomFrequencyManagerService(  862): acquireDVFSLockLocked : type : DVFS_MIN_LIMIT  frequency : 1350000  uid : 1000  pid : 862  pkgName : ACTIVITY_RESUME_BOOSTER@7
W/ActivityManager(  862): mDVFSHelper.acquire()
D/GlobalActions(  862): mBroadcastReceiver : onReceive : android.intent.action.CLOSE_SYSTEM_DIALOGS
D/GlobalActions(  862): mBroadcastReceiver : onReceive : sendEmptyMessage(MESSAGE_DISMISS) reason #1
I/ActivityManager(  862): Killing 2467:com.wsomacp/u0a27 (adj 15): BG, 4642K, hotnessAdj=32, XmlFlag=false, oom_adj=15
I/ActivityManager(  862): Killing 2380:com.android.mms/u0a50 (adj 15): BG, 18235K, hotnessAdj=1630, XmlFlag=false, oom_adj=15
I/ActivityManager(  862): Killing 2032:com.sec.android.app.camera/u0a170 (adj 13): BG, 14825K, hotnessAdj=0, XmlFlag=false, oom_adj=13
D/CountryDetector(  862): No listener is left
D/PackageManager(  862): remove MCS_UNBIND message and Posting MCS_UNBIND 10 secs later
W/ContextImpl(  862): Calling a method in the system process without a qualified user: android.app.ContextImpl.sendBroadcast:1699 com.android.server.am.SmartAdjustManager.SPCMLocked:1137 com.android.server.am.SmartAdjustManager.smartAdjustProcessesLocked:673 com.android.server.am.ActivityManagerService.updateOomAdjLocked:22098 com.android.server.am.BroadcastQueue.processCurBroadcastLocked:278 
I/SAMP_SDHA(  862): F:059M, C:208M, ProcCnt:045K, mgn:083M, nF:30600K, fd:37702K, thd:180M, wm:05M, cch:00M, emp:09, svcB:27, skipBG:00, TOP:menny.anysoftkeyboard
D/ActivityManager(  862): bindService callerProcessName:android, calleePkgName: com.google.android.gms, action: android.accounts.AccountAuthenticator
D/ActivityManager(  862): cleanUpApplicationRecord -- 2032
D/ActivityManager(  862): cleanUpApplicationRecord -- 2467
D/ActivityManager(  862): cleanUpApplicationRecord -- 2380
V/WindowOrientationListener(  862): mSContextAutoRotationListener.getProposedRotation, mbResultFaceDectection: false
V/WindowOrientationListener(  862): mSContextAutoRotationListener.getProposedRotation, Rotation: -1
V/WindowManager(  862): rotationForOrientationLw(orient=-1, last=0); user=0 USER_ROTATION_LOCKED sensorRotation=-1 mLidState=-1 mDockMode=0 mHdmiPlugged=false
V/WindowOrientationListener(  862): mSContextAutoRotationListener.getProposedRotation, mbResultFaceDectection: false
V/WindowOrientationListener(  862): mSContextAutoRotationListener.getProposedRotation, Rotation: -1
D/ConnectivityService(  862): returning getNetworkInfo(networkType - 1) :[type: WIFI[] - WIFI, state: CONNECTED/CONNECTED, reason: (unspecified), extra: "UO Secure", roaming: false, failover: false, isAvailable: true, isConnectedToProvisioningNetwork: false]
D/PointerIcon(  862): setMouseIconStyle1 pointerType: 1001iconType:101 flag:0
D/PointerIcon(  862): setMouseCustomIcon IconType is same.101
D/PointerIcon(  862): setHoveringSpenIconStyle1 pointerType: 10001iconType:1 flag:0
D/PointerIcon(  862): setHoveringSpenCustomIcon IconType is same.1
E/Diag_Lib( 4542):  Diag_LSM_Init: Failed to open handle to diag driver, error = 2
D/TAG     (20996): deployGuide: nullfalse
D/StatusBar.NetworkController( 2470): refreshViews connected={ wifi } level=2 combinedSignalIconId=0x7f02051e/com.android.systemui:drawable/stat_sys_wifi_signal_4 mobileLabel=AT&T wifiLabel="UO Secure"xxxxXXXXxxxxXXXX emergencyOnly=false combinedLabel="UO Secure"xxxxXXXXxxxxXXXX mAirplaneMode=false mDataActivity=3 mPhoneSignalIconId=0x7f020610/com.android.systemui:drawable/tw_stat_sys_5_level_signal_2 mQSPhoneSignalIconId=0x7f02012a/com.android.systemui:drawable/ic_qs_signal_2 mDataDirectionIconId=0x0/(null) mDataSignalIconId=0x7f020610/com.android.systemui:drawable/tw_stat_sys_5_level_signal_2 mDataTypeIconId=0x7f02032e/com.android.systemui:drawable/stat_sys_data_connected_lte_att mQSDataTypeIconId=0x0/(null) mNoSimIconId=0x0/(null) mWifiIconId=0x7f02051e/com.android.systemui:drawable/stat_sys_wifi_signal_4 mQSWifiIconId=0x7f020143/com.android.systemui:drawable/ic_qs_wifi_4 mWifiActivityIconId=0x7f0204ef/com.android.systemui:drawable/stat_sys_signal_inout mBluetoothTetherIconId=0x10808cc/android:drawable/stat_sys_tether_bluetooth
D/STATUSBAR-WifiQuickSettingButton( 2470): onWifiSignalChanged enabled=true enabledDesc:"UO Secure"
D/StatusBar.NetworkController( 2470): refreshSignalCluster - setNWBoosterIndicators(false)
D/StatusBar.NetworkController( 2470): applyOpen
D/SecContentProvider(  862): uri = 18 selection = isWifiEnabled
D/SecContentProvider2(  862): uri = 20 selection = isWifiStateChangeAllowed
D/SecContentProvider2(  862): mCursor = null
D/StatusBar.NetworkController( 2470): refreshSignalCluster - setNWBoosterIndicators(false)
D/StatusBar.NetworkController( 2470): applyOpen
D/StatusBar.NetworkController( 2470): refreshSignalCluster - setNWBoosterIndicators(false)
D/StatusBar.NetworkController( 2470): applyOpen
D/StatusBar.NetworkController( 2470): refreshSignalCluster - setNWBoosterIndicators(false)
D/StatusBar.NetworkController( 2470): applyOpen
D/AirplaneModeTile( 2470): onReceive : android.intent.action.CLOSE_SYSTEM_DIALOGS
D/PhoneStatusBar( 2470): animateCollapse(): mExpandedVisible=true flags=0
D/StatusBar-Window( 2470): fnf=true sanc=false, kni=false, sbf=false
D/SecContentProvider(  862): uri = 15 selection = isAirplaneModeAllowed
D/CoverUI ( 2470): applyFocusableFlag() : Remove SAMSUNG_FLAG_SVIEW_COVER
D/STATUSBAR-LocationQuickSettingButton( 2470): onReceive : android.intent.action.CLOSE_SYSTEM_DIALOGS
D/Recents_AlternateRecentsComponent( 2470): isRecentsTopMost is getting called
