D/alsa_ucm(  303): Setting multi value: RX5 Digital Volume
I/OMXCodec(  303): OMXCodec::read : mch : 2, DDPoutput : 2
E/mm-camera(  285): sensor_client_set_params: cmd type: 1
D/alsa_ucm(  303): Set mixer controls for HiFi enable 1
D/alsa_ucm(  303): Setting mixer control: SLIMBUS_0_RX Audio Mixer MultiMedia1, value: 1
D/ALSADevice(  303): close: handle 0xb3d57700 h 0x0
D/ALSADevice(  303): open: handle 0xb3d57700, format 0x2
V/ALSADevice(  303): Music case
D/ALSADevice(  303): Device value returned is hw:0,0
V/ALSADevice(  303): flags 0, devName hw:0,0
I/OMXCodec(  303): OMXCodec::read : mch : 2, DDPoutput : 2
W/AudioSink(  303): Event underrun
D/AudioSink(  303): Callback!!!
I/OMXCodec(  303): OMXCodec::read : mch : 2, DDPoutput : 2
E/mm-camera(  285): DO NOT DISTURB frameprocESSING IF MODULES are not ENABLED
E/mm-camera-intf(  303): mm_camera_cmd_thread: cmd_type : 0
I/OMXCodec(  303): OMXCodec::read : mch : 2, DDPoutput : 2
D/CameraSource(  303): reset: X
I/OMXCodec(  303): OMXCodec::read : mch : 2, DDPoutput : 2
I/MediaCodecSource(  303): puller (video) stopped
D/MPEG4Writer(  303): Video track stopped status:0
D/MPEG4Writer(  303): pthread joined status:0
E/QCameraHWI_Preview(  303): before mVdisOCR_ModeOn check
D/MPEG4Writer(  303): Audio track stopping
D/MPEG4Writer(  303): Audio track source stopping
I/OMXCodec(  303): OMXCodec::read : mch : 2, DDPoutput : 2
I/OMXCodec(  303): OMXCodec::read : mch : 2, DDPoutput : 2
I/MediaCodecSource(  303): encoder (audio) stopping
I/MPEG4Writer(  303): Received total/0-length (299/0) buffers and encoded 298 frames. - Audio
I/MPEG4Writer(  303): Audio track drift time: 0 us
V/ALSADevice(  303): pcm_open returned fd 47
D/ALSADevice(  303): handle->format: 0x2
D/ALSADevice(  303): setHardwareParams: reqBuffSize 2048 channels 2 sampleRate 48000
I/OMXCodec(  303): OMXCodec::read : mch : 2, DDPoutput : 2
I/ACodec  (  303): [OMX.google.aac.encoder] Now Executing->Idle
D/ALSADevice(  303): setHardwareParams: buffer_size 16384, period_size 2048, period_cnt 8
I/ACodec  (  303): [OMX.google.aac.encoder] Now Idle->Loaded
I/ACodec  (  303): [OMX.google.aac.encoder] Now Loaded
D/TP/MmsProvider( 2672): Query uri=content://mms/1565/addr, match=13, calling pid = 2380
E/mm-camera(  285): sensor_client_set_params: cmd type: 1
D/SoundAliveResampler(  303): [SoundAliveResampler] Init+++
E/mm-camera(  285): DO NOT DISTURB frameprocESSING IF MODULES are not ENABLED
E/mm-camera-intf(  303): mm_camera_cmd_thread: cmd_type : 0
E/QCameraHWI_Preview(  303): before mVdisOCR_ModeOn check
I/ACodec  (  303):  [OMX.google.aac.encoder] Now uninitialized
I/MediaCodecSource(  303): encoder (audio) stopped
I/MediaCodecSource(  303): puller (audio) stopping
I/art     ( 2672): Explicit concurrent mark sweep GC freed 4899(203KB) AllocSpace objects, 0(0B) LOS objects, 39% free, 19MB/32MB, paused 762us total 42.724ms
D/TP/MmsProvider( 2672): Query uri=content://mms/1563/addr, match=13, calling pid = 2380
I/OMXCodec(  303): OMXCodec::read : mch : 2, DDPoutput : 2
I/OMXCodec(  303): OMXCodec::read : mch : 2, DDPoutput : 2
I/OMXCodec(  303): OMXCodec::read : mch : 2, DDPoutput : 2
I/OMXCodec(  303): OMXCodec::read : mch : 2, DDPoutput : 2
I/OMXCodec(  303): OMXCodec::read : mch : 2, DDPoutput : 2
I/OMXCodec(  303): OMXCodec::read : mch : 2, DDPoutput : 2
D/TP/MmsProvider( 2672): Query uri=content://mms/1559/addr, match=13, calling pid = 2380
V/AudioPolicyManager_legacy(  303): stopInput() input 4057
E/mm-camera(  285): sensor_client_set_params: cmd type: 1
D/TP/MmsProvider( 2672): Query uri=content://mms/1533/addr, match=13, calling pid = 2380
D/AudioStreamInALSA(  303): standby
D/AudioStreamInALSA(  303): standby
D/ALSADevice(  303): standby: handle 0xa1720980 h 0x0
V/ALSADevice(  303): standby handle h 0xa2628800
E/mm-camera(  285): DO NOT DISTURB frameprocESSING IF MODULES are not ENABLED
E/mm-camera-intf(  303): mm_camera_cmd_thread: cmd_type : 0
E/QCameraHWI_Preview(  303): before mVdisOCR_ModeOn check
D/TP/MmsProvider( 2672): Query uri=content://mms/1524/addr, match=13, calling pid = 2380
D/TP/MmsProvider( 2672): Query uri=content://mms/1521/addr, match=13, calling pid = 2380
I/OMXCodec(  303): OMXCodec::read : mch : 2, DDPoutput : 2
D/TP/MmsProvider( 2672): Query uri=content://mms/1501/addr, match=13, calling pid = 2380
D/alsa_ucm(  303): snd_use_case_set(): uc_mgr 0xb3d18510 identifier _dismod value Capture Music
D/alsa_ucm(  303): Set mixer controls for Capture Music enable 0
D/alsa_ucm(  303): Setting mixer control: MultiMedia1 Mixer SLIM_0_TX, value: 0
V/ALSADevice(  303): use case is HiFi
V/ALSADevice(  303): Number of modifiers 0
V/ALSADevice(  303): usecase_type is 1
D/alsa_ucm(  303): snd_use_case_set(): uc_mgr 0xb3d18510 identifier _disdev value Stereo Mic
D/alsa_ucm(  303): Set mixer controls for Stereo Mic enable 0
D/alsa_ucm(  303): Setting mixer control: SLIM TX7 MUX, value: ZERO
D/alsa_ucm(  303): Setting mixer control: DEC3 MUX, value: ZERO
D/alsa_ucm(  303): Setting mixer control: ADC4 Volume, value: 0
D/alsa_ucm(  303): Setting mixer control: SLIM TX8 MUX, value: ZERO
D/alsa_ucm(  303): Setting mixer control: DEC4 MUX, value: ZERO
D/alsa_ucm(  303): Setting mixer control: ADC3 Volume, value: 0
D/alsa_ucm(  303): Setting mixer control: MICBIAS1 CAPLESS Switch, value: 0
D/alsa_ucm(  303): Setting mixer control: MICBIAS3 CAPLESS Switch, value: 0
E/mm-camera(  285): sensor_client_set_params: cmd type: 1
V/AudioPolicyManager_legacy(  303): resetInputDevice() releaseAudioPatch returned -22
V/AudioPolicyManager_legacy(  303): removeAudioPatch() handle 308 af handle 4058
I/MediaCodecSource(  303): puller (audio) stopped
D/MPEG4Writer(  303): Audio track stopped status:0
D/MPEG4Writer(  303): pthread joined status:0
D/MPEG4Writer(  303): Duration from tracks range is [6131286, 6357532] us
D/MPEG4Writer(  303): Stopping writer thread
D/MPEG4Writer(  303): 0 chunks are written in the last batch
D/MPEG4Writer(  303): Writer thread stopped
E/mm-camera(  285): DO NOT DISTURB frameprocESSING IF MODULES are not ENABLED
E/mm-camera-intf(  303): mm_camera_cmd_thread: cmd_type : 0
E/QCameraHWI_Preview(  303): before mVdisOCR_ModeOn check
I/OMXCodec(  303): OMXCodec::read : mch : 2, DDPoutput : 2
I/MPEG4Writer(  303): The mp4 file will not be streamable.
D/MPEG4Writer(  303): Video track stopping
D/MPEG4Writer(  303): Audio track stopping
V/AudioPolicyManager_legacy(  303): releaseInput() 4057
V/AudioPolicyManager_legacy(  303): closeInput(4057)
D/AudioHardwareALSA(  303): closeInputStream: Remove mActiveInput 0xb111fe00
D/AudioStreamInALSA(  303): close
D/AudioStreamInALSA(  303): close
D/ALSAStreamOps(  303): close
D/ALSADevice(  303): close: handle 0xa1720980 h 0x0
D/ALSAStreamOps(  303): close
D/ALSADevice(  303): close: handle 0xa1720980 h 0x0
V/ALSADevice(  303): setFlags: flags 12
V/AudioPolicyManager_legacy(  303): releaseInput() exit
V/SecMediaRecorderJNI( 2032): process_sec_media_recorder_call
D/StatusBarManagerService(  862): manageDisableList userId=0 what=0x0 pkg=com.sec.android.app.camera
V/SecMediaRecorderJNI( 2032): native_reset
V/SecMediaRecorderJNI( 2032): process_sec_media_recorder_call
V/SecMediaRecorderJNI( 2032): release
D/SecContentProvider2(  862): uri = 14 selection = getSealedState
V/MediaPlayerService(  303): Delete media recorder client
E/mm-camera(  285): [LizKK] afd_peak_ctrl_byluma: exp_index 248, exp_tbl_val: 357
D/SecContentProvider2(  862): mCursor = null
E/mm-camera(  285): afd_multiple_peaks max_peaks 2
E/mm-camera(  285): afd_detect_flicker actual_peaks 5
D/PhoneStatusBar( 2470): disable: < expand icons alerts* system_info back home recent clock search >
E/mm-camera(  285): afd_detect_bands: flicker 0
E/mm-camera(  285): afd_algo_run: AFD success, std_width -1, flicker_freq 60
E/mm-camera(  285): sensor_client_set_params: cmd type: 1
D/SecContentProvider2(  862): uri = 14 selection = getSealedState
D/SecContentProvider2(  862): mCursor = null
I/OMXCodec(  303): OMXCodec::read : mch : 2, DDPoutput : 2
I/OMXCodec(  303): OMXCodec::read : mch : 2, DDPoutput : 2
D/SecContentProvider2(  862): uri = 14 selection = getSealedState
D/SecContentProvider2(  862): mCursor = null
D/SecContentProvider2(  862): uri = 14 selection = getSealedState
E/mm-camera(  285): DO NOT DISTURB frameprocESSING IF MODULES are not ENABLED
E/mm-camera-intf(  303): mm_camera_cmd_thread: cmd_type : 0
D/SecContentProvider2(  862): mCursor = null
E/QCameraHWI_Preview(  303): before mVdisOCR_ModeOn check
D/PhoneStatusBar( 2470): heads up is enabled
V/MediaPlayerService(  303): Create new media retriever from pid 2032
W/System.err( 2032): java.lang.IllegalArgumentException
D/StatusBar-DoNotDistrub( 2470): isDisableAlert isDormantModeOn:false isNotificationDisabled:true
I/OMXCodec(  303): OMXCodec::read : mch : 2, DDPoutput : 2
I/art     ( 2380): Explicit concurrent mark sweep GC freed 9185(334KB) AllocSpace objects, 1(16KB) LOS objects, 24% free, 20MB/27MB, paused 1.647ms total 75.622ms
D/TP/MmsProvider( 2672): Query uri=content://mms/1499/addr, match=13, calling pid = 2380
E/mm-camera(  285): sensor_client_set_params: cmd type: 1
W/System.err( 2032): 	at android.media.MediaMetadataRetriever.setDataSource(Native Method)
W/System.err( 2032): 	at android.media.MediaMetadataRetriever.setDataSource(MediaMetadataRetriever.java:144)
W/System.err( 2032): 	at com.sec.android.app.camera.imageviewer.MediaList.getVideoThumbnail(MediaList.java:407)
W/System.err( 2032): 	at com.sec.android.app.camera.imageviewer.MediaList.getVideoThumbnail(MediaList.java:463)
W/System.err( 2032): 	at com.sec.android.app.camera.Camera.onVideoStoringCompleted(Camera.java:14247)
W/System.err( 2032): 	at com.sec.android.app.camera.CommonEngine.registerVideo(CommonEngine.java:7801)
W/System.err( 2032): 	at com.sec.android.app.camera.CommonEngine.doStopVideoRecordingSyncNoThread(CommonEngine.java:7051)
W/System.err( 2032): 	at com.sec.android.app.camera.CommonEngine.doStopVideoRecordingSync(CommonEngine.java:7099)
W/System.err( 2032): 	at com.sec.android.app.camera.CeStateRecording.handleRequest(CeStateRecording.java:72)
W/System.err( 2032): 	at com.sec.android.app.camera.CeRequestQueue.startFirstRequest(CeRequestQueue.java:121)
W/System.err( 2032): 	at com.sec.android.app.camera.CeRequestQueue.access$200(CeRequestQueue.java:32)
W/System.err( 2032): 	at com.sec.android.app.camera.CeRequestQueue$MainHandler.handleMessage(CeRequestQueue.java:55)
W/System.err( 2032): 	at android.os.Handler.dispatchMessage(Handler.java:102)
W/System.err( 2032): 	at android.os.Looper.loop(Looper.java:145)
W/System.err( 2032): 	at android.app.ActivityThread.main(ActivityThread.java:5951)
W/System.err( 2032): 	at java.lang.reflect.Method.invoke(Native Method)
W/System.err( 2032): 	at java.lang.reflect.Method.invoke(Method.java:372)
W/System.err( 2032): 	at com.android.internal.os.ZygoteInit$MethodAndArgsCaller.run(ZygoteInit.java:1399)
D/TP/MmsProvider( 2672): Query uri=content://mms/1493/addr, match=13, calling pid = 2380
W/System.err( 2032): 	at com.android.internal.os.ZygoteInit.main(ZygoteInit.java:1194)
E/mm-camera(  285): DO NOT DISTURB frameprocESSING IF MODULES are not ENABLED
E/mm-camera-intf(  303): mm_camera_cmd_thread: cmd_type : 0
E/QCameraHWI_Preview(  303): before mVdisOCR_ModeOn check
I/Timeline( 2032): Timeline: Activity_launch_request id:com.sec.android.app.camera time:1535009550
E/PersonaManagerService(  862): inState():  stateMachine is null !!
I/PersonaManagerService(  862): PersonaId don't exist
I/ActivityManager(  862): do not start freezing screen for locked container getKeyguardshowstate = false
D/ResourcesManager(  862): creating new AssetManager and set to /system/app/SamsungCamera2/SamsungCamera2.apk
I/OMXCodec(  303): OMXCodec::read : mch : 2, DDPoutput : 2
I/OMXCodec(  303): OMXCodec::read : mch : 2, DDPoutput : 2
I/OMXCodec(  303): OMXCodec::read : mch : 2, DDPoutput : 2
W/ResourcesManager(  862): Asset path '/system/framework/secmediarecorder.jar' does not exist or contains no resources.
W/ResourcesManager(  862): Asset path '/system/framework/sechardware.jar' does not exist or contains no resources.
W/ResourcesManager(  862): Asset path '/system/framework/sec_feature.jar' does not exist or contains no resources.
W/ResourcesManager(  862): Asset path '/system/framework/seccamera.jar' does not exist or contains no resources.
W/ResourcesManager(  862): Asset path '/system/framework/secvision.jar' does not exist or contains no resources.
D/CustomFrequencyManagerService(  862): acquireDVFSLockLocked : type : DVFS_MIN_LIMIT  frequency : 1350000  uid : 1000  pid : 862  pkgName : ACTIVITY_RESUME_BOOSTER@7
W/ActivityManager(  862): mDVFSHelper.acquire()
E/mm-camera(  285): sensor_client_set_params: cmd type: 1
D/TP/MmsProvider( 2672): Query uri=content://mms/1488/addr, match=13, calling pid = 2380
I/MediaFocusControl(  862):  AudioFocus  abandonAudioFocus() from android.media.AudioManager$325d6fabcom.sec.android.app.camera.Camera$173$3310d608
V/CeRequestQueue( 2032): completeRequest
D/CeRequestQueue( 2032): []
V/CeRequestQueue( 2032): addRequest
D/CeRequestQueue( 2032): [42 ]
V/CeRequestQueue( 2032): addRequest
D/CeRequestQueue( 2032): [42 32 ]
E/mm-camera(  285): DO NOT DISTURB frameprocESSING IF MODULES are not ENABLED
E/mm-camera-intf(  303): mm_camera_cmd_thread: cmd_type : 0
E/QCameraHWI_Preview(  303): before mVdisOCR_ModeOn check
I/OMXCodec(  303): OMXCodec::read : mch : 2, DDPoutput : 2
I/OMXCodec(  303): OMXCodec::read : mch : 2, DDPoutput : 2
I/OMXCodec(  303): OMXCodec::read : mch : 2, DDPoutput : 2
D/TP/MmsProvider( 2672): Query uri=content://mms/1483/addr, match=13, calling pid = 2380
E/libseccameraeffect( 2032): deinit effect thumbnail
D/TP/MmsProvider( 2672): Query uri=content://mms/1481/addr, match=13, calling pid = 2380
E/libseccameraeffect( 2032): free thumbnailWrraper and Handle
E/libseccameraeffect( 2032): deInitExternalEffects 0xad214440 0xad214448 0xad214450 0xad214440 0xad214448 0xad214450
D/TP/MmsProvider( 2672): Query uri=content://mms/1470/addr, match=13, calling pid = 2380
I/MediaFocusControl(  862):  AudioFocus  abandonAudioFocus() from android.media.AudioManager$325d6fabcom.sec.android.app.camera.Camera$173$3310d608
I/OMXCodec(  303): OMXCodec::read : mch : 2, DDPoutput : 2
V/CommonEngine( 2032): setTouchAutoFocusActive : false
V/CeRequestQueue( 2032): removeRequest - deleteFirst:9 deleteFirst:true
V/CommonEngine( 2032): waitForPanoramaStartThreadComplete - start
V/CommonEngine( 2032): waitForPanoramaStartThreadComplete - end
E/mm-camera(  285): sensor_client_set_params: cmd type: 1
D/SecCameraCoreManager(  303): sendCommand : 7 0 0 
D/ShotSingle(  303): ShotSingle::sendCommand 7, 0, 0
D/ShotSingle(  303): CAMERA_CMD_STOP_FACE_DETECTION E
D/ShotSingle(  303): CAMERA_CMD_STOP_FACE_DETECTION X
I/ShotSingle(  303): sendCommand end
V/ShotSingle(  303): sendCommand(1)
E/QualcommCamera(  303): Qint android::send_command(camera_device*, int32_t, int32_t, int32_t): E
D/QCameraHWI(  303): sendCommand: E (cmd: 7, arg1: 0, arg2: 0)
D/QCameraHWI(  303): Face Detection off
D/SecCameraCoreManager(  303): disableMsgType: 0x10
E/QualcommCamera(  303): Qvoid android::disable_msg_type(camera_device*, int32_t): E
I/QCameraHWI(  303): disableMsgType: E
I/QCameraHWI(  303): disableMsgType: X, msgType =0x10, mMsgEnabled=0x80d
I/CameraClient(  303): stopPreview: Disable picture related messages 
D/SecCameraCoreManager(  303): disableMsgType: 0x3c2
E/QualcommCamera(  303): Qvoid android::disable_msg_type(camera_device*, int32_t): E
I/QCameraHWI(  303): disableMsgType: E
I/QCameraHWI(  303): disableMsgType: X, msgType =0x3c2, mMsgEnabled=0x80d
D/SecCameraCoreManager(  303): stopPreview
D/ShotSingle(  303): stopPreview
E/QualcommCamera(  303): Qvoid android::disable_msg_type(camera_device*, int32_t): E
I/QCameraHWI(  303): disableMsgType: E
I/QCameraHWI(  303): disableMsgType: X, msgType =0x3c2, mMsgEnabled=0x80d
V/ShotSingle(  303): stopPreview(1)
E/QualcommCamera(  303): Qvoid android::stop_preview(camera_device*): E
I/QCameraHWI(  303): stopPreview: stopPreview: E
I/QCameraHWI(  303): cancelPictureInternal: E mPreviewState=2
D/QCameraHWI(  303): sendCmd: enqueue cmd 2
E/QCameraHWI(  303): enqueue: queue size = 1
D/QCameraHWI(  303): sendCmd: waiting start! 
D/QCameraHWI(  303): dataProcessRoutine: get cmd 2
D/QCameraHWI(  303): sendCmd: waiting end! 
D/QCameraHWI(  303): sendCmd: enqueue cmd 2
E/QCameraHWI(  303): enqueue: queue size = 1
E/QCameraHWI(  303): isZSLMode, isZSLMode = 0
E/QCameraHWI(  303): cancelPictureInternal : destroy_stream_bundle of snapshot & thumbnail
D/QCameraStream(  303): streamOff: mActive = 0, streamid = 712194, image_mode = 2
E/QCameraStream(  303): streamOff: Stream:712194 is not active
D/QCameraStream(  303): streamOff: mActive = 0, streamid = 0, image_mode = 3
E/QCameraStream(  303): streamOff: Stream:0 is not active
D/QCameraStream(  303): deinitStream: E, mActive = 0, mInit = 1, streamid = 712194, image_mode = 2
D/QCameraStream(  303): deinitStream: X, mActive = 0, mInit = 0, streamid = 0, image_mode = 2
D/QCameraStream(  303): deinitStream: E, mActive = 0, mInit = 0, streamid = 0, image_mode = 3
I/QCameraHWI(  303): cancelPictureInternal: X (success)
I/QCameraHWI(  303): stopPreviewInternal: E
E/QCameraHWI(  303): isZSLMode, isZSLMode = 0
D/QCameraStream(  303): streamOff: mActive = 1, streamid = 711680, image_mode = 0
D/QCameraHWI(  303): dataNotifyRoutine: get cmd 2
E/mm-camera(  285): camera_plugin_client_isp_timing_notify_to_plugin: timing event 2
D/TP/MmsProvider( 2672): Query uri=content://mms/1469/addr, match=13, calling pid = 2380
E/mm-camera(  285): DO NOT DISTURB frameprocESSING IF MODULES are not ENABLED
D/TP/MmsProvider( 2672): Query uri=content://mms/1444/addr, match=13, calling pid = 2380
D/PointerIcon(  862): setMouseIconStyle1 pointerType: 1001iconType:101 flag:0
D/PointerIcon(  862): setMouseCustomIcon IconType is same.101
D/PointerIcon(  862): setHoveringSpenIconStyle1 pointerType: 10001iconType:1 flag:0
D/PointerIcon(  862): setHoveringSpenCustomIcon IconType is same.1
D/TP/MmsProvider( 2672): Query uri=content://mms/1441/addr, match=13, calling pid = 2380
D/TP/MmsProvider( 2672): Query uri=content://mms/1442/addr, match=13, calling pid = 2380
D/TP/MmsProvider( 2672): Query uri=content://mms/1438/addr, match=13, calling pid = 2380
I/OMXCodec(  303): OMXCodec::read : mch : 2, DDPoutput : 2
D/TP/MmsProvider( 2672): Query uri=content://mms/1436/addr, match=13, calling pid = 2380
E/mm-camera(  285): sensor_client_set_params: cmd type: 1
D/TP/MmsProvider( 2672): Query uri=content://mms/1431/addr, match=13, calling pid = 2380
E/mm-camera(  285): DO NOT DISTURB frameprocESSING IF MODULES are not ENABLED
D/TP/MmsProvider( 2672): Query uri=content://mms/1429/addr, match=13, calling pid = 2380
D/TP/MmsProvider( 2672): Query uri=content://mms/1427/addr, match=13, calling pid = 2380
I/OMXCodec(  303): OMXCodec::read : mch : 2, DDPoutput : 2
I/OMXCodec(  303): OMXCodec::read : mch : 2, DDPoutput : 2
I/OMXCodec(  303): [OMX.google.vorbis.decoder] End Of Stream
D/TP/MmsProvider( 2672): Query uri=content://mms/1424/addr, match=13, calling pid = 2380
E/mm-camera(  285): sensor_client_set_params: cmd type: 1
D/TP/MmsProvider( 2672): Query uri=content://mms/1422/addr, match=13, calling pid = 2380
D/TP/MmsProvider( 2672): Query uri=content://mms/1420/addr, match=13, calling pid = 2380
E/mm-camera(  285): DO NOT DISTURB frameprocESSING IF MODULES are not ENABLED
D/TP/MmsProvider( 2672): Query uri=content://mms/1418/addr, match=13, calling pid = 2380
I/OMXCodec(  303): OMXCodec::read : mch : 2, DDPoutput : 2
D/TP/MmsProvider( 2672): Query uri=content://mms/1416/addr, match=13, calling pid = 2380
D/TP/MmsProvider( 2672): Query uri=content://mms/1414/addr, match=13, calling pid = 2380
D/TP/MmsProvider( 2672): Query uri=content://mms/1412/addr, match=13, calling pid = 2380
D/TP/MmsProvider( 2672): Query uri=content://mms/1410/addr, match=13, calling pid = 2380
E/mm-camera(  285): mctl_pp_release_c2d:pipe release fds=73 74
D/TP/MmsProvider( 2672): Query uri=content://mms/1408/addr, match=13, calling pid = 2380
I/OMXCodec(  303): OMXCodec::read : mch : 2, DDPoutput : 2
E/mm-camera-intf(  303): 
E/mm-camera-intf(  303): mm_camera_cmd_thread_stop: enqueue cmd_type : 3
E/mm-camera-intf(  303): mm_camera_cmd_thread: cmd_type : 3
E/mm-camera-intf(  303): mm_camera_cmd_thread:191, exited
E/mm-camera(  285): cam_mctl_thread: Woke up Socket fd
E/mm-camera(  285): mctl_divert_socket_recvmsg: Receieved msg_type=1
E/mm-camera(  285): cam_mctl_thread: Woke up Socket fd
E/mm-camera(  285): mctl_divert_socket_recvmsg: Receieved msg_type=1
E/mm-camera(  285): cam_mctl_thread: Woke up Socket fd
E/mm-camera(  285): mctl_divert_socket_recvmsg: Receieved msg_type=1
E/mm-camera(  285): cam_mctl_thread: Woke up Socket fd
E/mm-camera(  285): mctl_divert_socket_recvmsg: Receieved msg_type=1
E/mm-camera(  285): cam_mctl_thread: Woke up Socket fd
E/mm-camera(  285): mctl_divert_socket_recvmsg: Receieved msg_type=1
E/mm-camera(  285): cam_mctl_thread: Woke up Socket fd
E/mm-camera(  285): mctl_divert_socket_recvmsg: Receieved msg_type=1
E/mm-camera(  285): cam_mctl_thread: Woke up Socket fd
E/mm-camera(  285): mctl_divert_socket_recvmsg: Receieved msg_type=1
E/mm-camera(  285): cam_mctl_thread: Woke up Socket fd
E/mm-camera(  285): mctl_divert_socket_recvmsg: Receieved msg_type=1
E/mm-camera(  285): cam_mctl_thread: Woke up Socket fd
E/mm-camera(  285): mctl_divert_socket_recvmsg: Receieved msg_type=1
E/mm-camera(  285): cam_mctl_thread: Woke up Socket fd
E/mm-camera(  285): mctl_divert_socket_recvmsg: Receieved msg_type=1
E/mm-camera(  285): cam_mctl_thread: Woke up Socket fd
E/mm-camera(  285): mctl_divert_socket_recvmsg: Receieved msg_type=1
E/QCameraHWI(  303): putBuf: E
I/QCameraHWI_Preview(  303):  putBufferToSurface : E 
D/QCameraHWI_Preview(  303):  put buffer 0 successfully
D/QCameraHWI_Preview(  303):  put buffer 1 successfully
D/QCameraHWI_Preview(  303):  put buffer 2 successfully
D/QCameraHWI_Preview(  303):  put buffer 3 successfully
D/QCameraHWI_Preview(  303):  put buffer 4 successfully
D/QCameraHWI_Preview(  303): putBufferToSurface: cancel_buffer: hdl =0xae4c41a0
D/QCameraHWI_Preview(  303):  put buffer 5 successfully
D/QCameraHWI_Preview(  303): putBufferToSurface: cancel_buffer: hdl =0xae4c4150
D/QCameraHWI_Preview(  303):  put buffer 6 successfully
D/QCameraHWI_Preview(  303): putBufferToSurface: cancel_buffer: hdl =0xae42bbf0
D/QCameraHWI_Preview(  303):  put buffer 7 successfully
D/QCameraHWI_Preview(  303): putBufferToSurface: cancel_buffer: hdl =0xade28970
D/QCameraHWI_Preview(  303):  put buffer 8 successfully
D/QCameraHWI_Preview(  303): putBufferToSurface: cancel_buffer: hdl =0xa1547510
D/QCameraHWI_Preview(  303):  put buffer 9 successfully
D/QCameraHWI_Preview(  303):  put buffer 10 successfully
I/QCameraHWI_Preview(  303):  putBufferToSurface : X 
E/QCameraHWI(  303): putBuf: X
D/QCameraStream(  303): streamOff: X, mActive = 0, mInit = 1, streamid = 711680, image_mode = 0
D/QCameraStream(  303): streamOff: mActive = 0, streamid = 0, image_mode = 2
E/QCameraStream(  303): streamOff: Stream:0 is not active
D/TP/MmsProvider( 2672): Query uri=content://mms/1406/addr, match=13, calling pid = 2380
E/QCameraHWI(  303): isZSLMode, isZSLMode = 0
D/QCameraStream(  303): deinitStream: E, mActive = 0, mInit = 0, streamid = 0, image_mode = 2
D/QCameraStream(  303): deinitStream: E, mActive = 0, mInit = 1, streamid = 711937, image_mode = 1
D/QCameraStream(  303): deinitStream: X, mActive = 0, mInit = 0, streamid = 0, image_mode = 1
D/QCameraStream(  303): deinitStream: E, mActive = 0, mInit = 1, streamid = 711680, image_mode = 0
D/QCameraStream(  303): deinitStream: X, mActive = 0, mInit = 0, streamid = 0, image_mode = 0
I/QCameraHWI(  303): stopPreviewInternal: X
D/TP/MmsProvider( 2672): Query uri=content://mms/1403/addr, match=13, calling pid = 2380
D/TP/MmsProvider( 2672): Query uri=content://mms/1401/addr, match=13, calling pid = 2380
I/QCameraHWI(  303): stopPreview: X, mPreviewState = 0
I/SecCamera-JNI-Java( 2032): stopPreview
D/SecCameraCoreManager(  303): disableMsgType: 0x10
E/QualcommCamera(  303): Qvoid android::disable_msg_type(camera_device*, int32_t): E
I/QCameraHWI(  303): disableMsgType: E
I/QCameraHWI(  303): disableMsgType: X, msgType =0x10, mMsgEnabled=0x80d
D/SensorManager( 2032): unregisterListener ::   
D/SecCameraCoreManager(  303): disableMsgType: 0x10
E/QualcommCamera(  303): Qvoid android::disable_msg_type(camera_device*, int32_t): E
I/QCameraHWI(  303): disableMsgType: E
I/QCameraHWI(  303): disableMsgType: X, msgType =0x10, mMsgEnabled=0x80d
I/CameraClient(  303): stopPreview: Disable picture related messages 
D/SecCameraCoreManager(  303): disableMsgType: 0x3c2
E/QualcommCamera(  303): Qvoid android::disable_msg_type(camera_device*, int32_t): E
I/QCameraHWI(  303): disableMsgType: E
I/QCameraHWI(  303): disableMsgType: X, msgType =0x3c2, mMsgEnabled=0x80d
D/SecCameraCoreManager(  303): stopPreview
D/ShotSingle(  303): stopPreview
E/QualcommCamera(  303): Qvoid android::disable_msg_type(camera_device*, int32_t): E
I/QCameraHWI(  303): disableMsgType: E
I/QCameraHWI(  303): disableMsgType: X, msgType =0x3c2, mMsgEnabled=0x80d
V/ShotSingle(  303): stopPreview(1)
E/QualcommCamera(  303): Qvoid android::stop_preview(camera_device*): E
I/QCameraHWI(  303): stopPreview: stopPreview: E
D/TP/MmsProvider( 2672): Query uri=content://mms/1399/addr, match=13, calling pid = 2380
I/QCameraHWI(  303): stopPreview: X, mPreviewState = 0
I/SecCamera-JNI-Java( 2032): stopPreview
I/OMXCodec(  303): OMXCodec::read : mch : 2, DDPoutput : 2
D/SecCameraCoreManager(  303): disableMsgType: 0x10
E/QualcommCamera(  303): Qvoid android::disable_msg_type(camera_device*, int32_t): E
I/QCameraHWI(  303): disableMsgType: E
I/QCameraHWI(  303): disableMsgType: X, msgType =0x10, mMsgEnabled=0x80d
D/SecCameraCoreManager(  303): disableMsgType: 0xffffffff
E/QualcommCamera(  303): Qvoid android::disable_msg_type(camera_device*, int32_t): E
I/QCameraHWI(  303): disableMsgType: E
I/QCameraHWI(  303): disableMsgType: X, msgType =0xffffffff, mMsgEnabled=0x0
D/SecCameraCoreManager(  303): stopPreview
D/ShotSingle(  303): stopPreview
E/QualcommCamera(  303): Qvoid android::disable_msg_type(camera_device*, int32_t): E
I/QCameraHWI(  303): disableMsgType: E
I/QCameraHWI(  303): disableMsgType: X, msgType =0x3c2, mMsgEnabled=0x0
V/ShotSingle(  303): stopPreview(1)
E/QualcommCamera(  303): Qvoid android::stop_preview(camera_device*): E
I/QCameraHWI(  303): stopPreview: stopPreview: E
D/TP/MmsProvider( 2672): Query uri=content://mms/1396/addr, match=13, calling pid = 2380
I/OMXCodec(  303): OMXCodec::read : mch : 2, DDPoutput : 2
D/TP/MmsProvider( 2672): Query uri=content://mms/1307/addr, match=13, calling pid = 2380
I/QCameraHWI(  303): stopPreview: X, mPreviewState = 0
D/SecCameraCoreManager(  303): cancelPicture
E/QualcommCamera(  303): Qint android::cancel_picture(camera_device*): E
I/QCameraHWI(  303): cancelPicture: E, mPreviewState = 0
I/QCameraHWI(  303): cancelPicture: X (success)
D/SecCameraCoreManager(  303): release
D/SecCameraCoreManager(  303): virtual void android::SecCameraCoreManager::release(): release IT policy checking thread
E/QualcommCamera(  303): Qvoid android::release(camera_device*): E
I/QCameraHWI(  303): release: E
I/QCameraHWI(  303): release: wait for complete encode callback. time is 0ms
I/QCameraHWI(  303): release set_gamma_thread
I/QCameraHWI(  303): release: X
I/QCameraHWI(  303): set_gamma_thread: E
I/QCameraHWI(  303): set_gamma_thread : gamma mode (1)
D/TP/MmsProvider( 2672): Query uri=content://mms/1122/addr, match=13, calling pid = 2380
D/TP/MmsProvider( 2672): Query uri=content://mms/1120/addr, match=13, calling pid = 2380
D/SecCameraCoreManager(  303): setPreviewWindow
I/QCameraHWI(  303):  setPreviewWindow: E mPreviewState = 0, mStreamDisplay = 0xade5a000
E/QCameraHWI(  303): setPreviewWindow:Received Setting NULL preview window
E/QCameraHWI(  303): setPreviewWindow: mPreviewWindow = 0x0x0, mStreamDisplay = 0x0xade5a000
E/QCameraHWI_Preview(  303):  setPreviewWindow: E 
W/QCameraHWI_Preview(  303):  Setting NULL preview window 
I/QCameraHWI(  303):  setPreviewWindow : X, mPreviewState = 0
D/SecCameraCoreManager(  303): SecCameraCoreManager destroyed: pid=303
I/ShotSingle(  303): ShotSingle destroyed: pid=303
I/ShotSingle(  303): Wait for compressed image callback to be done.
I/ShotSingle(  303): Wait done. (0s. 0ms.) with [0, 22]
I/ShotCommon(  303): ShotCommon destroyed: pid=303
D/SecCameraCoreManager(  303): SecCameraCoreManager destroyed: before mHardware.clear()
I/SecCameraCoreManager(  303): Destroying camera 1
E/QualcommCamera(  303): Qint android::close_camera_device(hw_device_t*): device =0xa1c01100 E
I/QCameraHWI(  303): ~QCameraHardwareInterface: E
I/QCameraHWI(  303): stopPreview: stopPreview: E
D/TP/MmsProvider( 2672): Query uri=content://mms/1118/addr, match=13, calling pid = 2380
I/QCameraHWI(  303): stopPreview: X, mPreviewState = 0
E/mm-still-omx(  303): mm_jpeg_close: E
E/mm-still-omx(  303): mm_jpeg_close: abort ongoing jobs
E/mm-still-omx(  303): mm_jpeg_close: abort todo jobs
E/mm-still-omx(  303): mm_jpeg_close: abort done jobs in cb threads
E/mm-still-omx(  303): mm_jpeg_close: X
I/mm-still-omx(  303): deinit:E
I/mm-still-omx(  303): jpegStop : E
I/mm-still-omx(  303): jpegStop :X
I/mm-still-omx(  303): releaseOMXBuffers :E
I/mm-still-omx(  303): releaseOMXBuffers :X
I/mm-still-omx(  303): deinit:X
E/mm-still-omx(  303): mm_jpeg_jobmgr_thread: jpeg encoder input queue 1
I/mm-still-omx(  303): release:E
I/mm-still-omx(  303): release:X
D/QCameraHWI(  303): sendCmd: enqueue cmd 6
E/QCameraHWI(  303): enqueue: queue size = 1
D/QCameraHWI(  303): dataNotifyRoutine: get cmd 6
I/QCameraHWI(  303): dataNotifyRoutine: X
D/QCameraHWI(  303): sendCmd: enqueue cmd 6
E/QCameraHWI(  303): enqueue: queue size = 1
D/QCameraHWI(  303): dataProcessRoutine: get cmd 6
I/QCameraHWI(  303): dataProcessRoutine: X
I/QCameraHWI(  303): deInitHistogramBuffers E
I/QCameraHWI(  303): deInitHistogramBuffers Histogram buffers not active. return. 
D/QCameraHWI_Preview(  303): release : BEGIN
E/QCameraHWI_Preview(  303): virtual void android::QCameraStream_preview::release() : Stream not Initalized
D/QCameraHWI_Preview(  303): ~QCameraStream_preview: E
D/QCameraHWI_Preview(  303): ~QCameraStream_preview: X
E/QCameraHWI_Record(  303): virtual void android::QCameraStream_record::release() : Stream not Initalized
D/QCameraHWI_Record(  303): ~QCameraStream_record: BEGIN
D/QCameraHWI_Record(  303): ~QCameraStream_record: END
D/QCameraStream(  303): streamOff: mActive = 0, streamid = 0, image_mode = 2
E/QCameraStream(  303): streamOff: Stream:0 is not active
D/QCameraStream(  303): deinitStream: E, mActive = 0, mInit = 0, streamid = 0, image_mode = 2
D/QCameraStream(  303): streamOff: mActive = 0, streamid = 0, image_mode = 2
E/QCameraStream(  303): streamOff: Stream:0 is not active
D/QCameraStream(  303): deinitStream: E, mActive = 0, mInit = 0, streamid = 0, image_mode = 2
E/mm-camera-intf(  303): 
E/mm-camera-intf(  303): mm_camera_cmd_thread_stop: enqueue cmd_type : 3
E/mm-camera-intf(  303): mm_camera_cmd_thread: cmd_type : 3
E/mm-camera-intf(  303): mm_camera_cmd_thread:191, exited
D/TP/MmsProvider( 2672): Query uri=content://mms/1116/addr, match=13, calling pid = 2380
E/mm-camera-intf(  303): 
E/mm-camera-intf(  303): mm_camera_cmd_thread_stop: enqueue cmd_type : 3
E/mm-camera-intf(  303): mm_camera_cmd_thread: cmd_type : 3
E/mm-camera-intf(  303): mm_camera_cmd_thread:191, exited
E/mm-camera(  285): config_shutdown_pp Camera not in streaming mode. Returning. 
E/mm-camera(  285): sensor_client_set_params: cmd type: 12
D/TP/MmsProvider( 2672): Query uri=content://mms/1112/addr, match=13, calling pid = 2380
I/OMXCodec(  303): OMXCodec::read : mch : 2, DDPoutput : 2
I/OMXCodec(  303): OMXCodec::read : mch : 2, DDPoutput : 2
I/OMXCodec(  303): OMXCodec::read : mch : 2, DDPoutput : 2
I/AudioPlayer(  303): getNumFramesPendingPlayout() mNumFramesPlayed (25398), numFramesPlayedOut (22964)
V/AwesomePlayer(  303): postAudioEOS delayUs (269526)
D/TP/MmsProvider( 2672): Query uri=content://mms/1065/addr, match=13, calling pid = 2380
D/TP/MmsProvider( 2672): Query uri=content://mms/784/addr, match=13, calling pid = 2380
D/TP/MmsProvider( 2672): Query uri=content://mms/693/addr, match=13, calling pid = 2380
D/TP/MmsProvider( 2672): Query uri=content://mms/689/addr, match=13, calling pid = 2380
D/TP/MmsProvider( 2672): Query uri=content://mms/665/addr, match=13, calling pid = 2380
D/TP/MmsProvider( 2672): Query uri=content://mms/653/addr, match=13, calling pid = 2380
D/TP/MmsProvider( 2672): Query uri=content://mms/651/addr, match=13, calling pid = 2380
E/mm-camera(  285): vfe_ops_deinit: E
D/TP/MmsProvider( 2672): Query uri=content://mms/649/addr, match=13, calling pid = 2380
E/mm-camera(  285): mctl_stats_deinit_ops, E p_cfg_ctrl->ion_dev_fd: 13
D/TP/MmsProvider( 2672): Query uri=content://mms/647/addr, match=13, calling pid = 2380
D/TP/MmsProvider( 2672): Query uri=content://mms/645/addr, match=13, calling pid = 2380
I/art     ( 2672): Explicit concurrent mark sweep GC freed 4593(191KB) AllocSpace objects, 0(0B) LOS objects, 40% free, 19MB/32MB, paused 976us total 43.426ms
I/QCameraHWI(  303): ~QCameraHardwareInterface: X
D/SecCameraCoreManager(  303): SecCameraCoreManager destroyed: after mHardware.clear()
I/SecExternalDisplayIntents_Java(  862): Intent Recieved ..  -com.sec.android.app.camera.ACTION_STOP_CAMERABroadCast Map value - 4
V/MenuResourceDepot( 2032): clearing : 1
V/MediaPlayer(  303): disconnect
D/SensorManager(  862): unregisterListener ::   
V/MediaPlayerService(  303): disconnect(2786) from pid 2032
V/StagefrightPlayer(  303): reset
V/AwesomePlayer(  303): reset_l()
V/AwesomePlayer(  303): notifyListner_l() msg (8-MEDIA_STOPPED), ext1 (0), ext2 (0)
V/AwesomePlayer(  303): cancelPlayerEvents (keepNotifications=0)
V/AwesomePlayer(  303): mAudioTrackVector clear
V/AwesomePlayer(  303): reset_l() stop AudioSource since AudioPlayer not exist
I/OMXCodec(  303): [OMX.google.vorbis.decoder] stop mState=4
I/OMXCodec(  303): [OMX.google.vorbis.decoder] stop() sendCommand(0x2168, OMX_CommandStateSet, OMX_StateIdle)
I/OMXCodec(  303): [OMX.google.vorbis.decoder] Now Idle. Component sends idle done Event 
I/OMXCodec(  303): [OMX.google.vorbis.decoder] stopOmxComponent_l() mstate = 1
I/OggExtractor(  303): OggSource::stop() mExtractor ref count = 1
I/OggExtractor(  303): OggSource::~OggSource() mExtractor !mStarted ref count = 1
I/OggExtractor(  303): ~OggSource --
I/OggExtractor(  303): ~OggExtractor ++
I/OggExtractor(  303): ~MyVorbisExtractor ++ 
I/OggExtractor(  303): ~MyVorbisExtractor --
I/OggExtractor(  303): ~OggExtractor --
E/Sensors (  862): Acc old sensor_state 1, new sensor_state : 0 en : 0
V/AwesomePlayer(  303): reset_l() mAudioPlayer successfully deleted
I/SecVideoCapture(  303): SecVideoCapture destructor
I/SecVideoCapture(  303): reset
V/AwesomePlayer(  303): mSecCapture clear
D/TP/MmsProvider( 2672): Query uri=content://mms/643/addr, match=13, calling pid = 2380
I/SecMediaClock(  303): SecMediaClock destructor
V/AwesomePlayer(  303): mSecMediaClock clear
V/StagefrightPlayer(  303): ~StagefrightPlayer
D/SensorManager( 2032): unregisterListener ::   
E/libEGL  ( 2032): call to OpenGL ES API with no current context (logged once per thread)
V/StagefrightPlayer(  303): reset
V/AwesomePlayer(  303): reset_l()
V/AwesomePlayer(  303): notifyListner_l() msg (8-MEDIA_STOPPED), ext1 (0), ext2 (0)
V/AwesomePlayer(  303): cancelPlayerEvents (keepNotifications=0)
V/AwesomePlayer(  303): mAudioTrackVector clear
V/AwesomePlayer(  303): reset_l() mAudioPlayer successfully deleted
D/Camera2 ( 2032): setmDNIeUIMode : 0
V/AwesomePlayer(  303): mSecCapture clear
V/AwesomePlayer(  303): mSecMediaClock clear
V/AwesomePlayer(  303): destructor
V/AwesomePlayer(  303): reset_l()
V/AwesomePlayer(  303): notifyListner_l() msg (8-MEDIA_STOPPED), ext1 (0), ext2 (0)
V/AwesomePlayer(  303): cancelPlayerEvents (keepNotifications=0)
V/AwesomePlayer(  303): mAudioTrackVector clear
V/AwesomePlayer(  303): reset_l() mAudioPlayer successfully deleted
V/AwesomePlayer(  303): mSecCapture clear
V/AwesomePlayer(  303): mSecMediaClock clear
V/MediaPlayerService(  303): Client(2786) destructor pid = 2032
V/AudioSink(  303): close
V/AudioSink(  303): --- close
V/MediaPlayerService(  303): disconnect(2786) from pid 2032
V/MediaPlayer(  303): destructor
V/MediaPlayer(  303): disconnect
V/MediaPlayer(  303): disconnect
V/MediaPlayerService(  303): disconnect(2787) from pid 2032
V/StagefrightPlayer(  303): reset
V/AwesomePlayer(  303): reset_l()
V/AwesomePlayer(  303): notifyListner_l() msg (8-MEDIA_STOPPED), ext1 (0), ext2 (0)
V/AwesomePlayer(  303): cancelPlayerEvents (keepNotifications=0)
V/AwesomePlayer(  303): mAudioTrackVector clear
D/AudioPlayer(  303): reset: mPlaying=0 mReachedEOS=1 useOffload=0
V/AudioSink(  303): stop
D/TP/MmsProvider( 2672): Query uri=content://mms/641/addr, match=13, calling pid = 2380
V/AudioSink(  303): flush
V/AudioSink(  303): close
V/AudioPolicyManager_legacy(  303): releaseOutput() 2
V/AudioSink(  303): --- close
I/OMXCodec(  303): [OMX.google.vorbis.decoder] stop mState=4
I/OMXCodec(  303): [OMX.google.vorbis.decoder] stop() sendCommand(0x2169, OMX_CommandStateSet, OMX_StateIdle)
I/OMXCodec(  303): [OMX.google.vorbis.decoder] Now Idle. Component sends idle done Event 
I/OMXCodec(  303): [OMX.google.vorbis.decoder] stopOmxComponent_l() mstate = 1
I/OggExtractor(  303): OggSource::stop() mExtractor ref count = 1
I/OggExtractor(  303): OggSource::~OggSource() mExtractor !mStarted ref count = 1
I/OggExtractor(  303): ~OggSource --
I/OggExtractor(  303): ~OggExtractor ++
I/OggExtractor(  303): ~MyVorbisExtractor ++ 
I/OggExtractor(  303): ~MyVorbisExtractor --
I/OggExtractor(  303): ~OggExtractor --
D/TP/MmsProvider( 2672): Query uri=content://mms/639/addr, match=13, calling pid = 2380
I/AudioPlayer(  303): reset out
V/AwesomePlayer(  303): reset_l() mAudioPlayer successfully deleted
I/SecVideoCapture(  303): SecVideoCapture destructor
I/SecVideoCapture(  303): reset
V/AwesomePlayer(  303): mSecCapture clear
I/SecMediaClock(  303): SecMediaClock destructor
V/AwesomePlayer(  303): mSecMediaClock clear
V/StagefrightPlayer(  303): ~StagefrightPlayer
V/StagefrightPlayer(  303): reset
V/AwesomePlayer(  303): reset_l()
V/AwesomePlayer(  303): notifyListner_l() msg (8-MEDIA_STOPPED), ext1 (0), ext2 (0)
V/AwesomePlayer(  303): cancelPlayerEvents (keepNotifications=0)
V/AwesomePlayer(  303): mAudioTrackVector clear
V/AwesomePlayer(  303): reset_l() mAudioPlayer successfully deleted
V/AwesomePlayer(  303): mSecCapture clear
V/AwesomePlayer(  303): mSecMediaClock clear
V/AwesomePlayer(  303): destructor
D/TP/MmsProvider( 2672): Query uri=content://mms/637/addr, match=13, calling pid = 2380
V/AwesomePlayer(  303): reset_l()
V/AwesomePlayer(  303): notifyListner_l() msg (8-MEDIA_STOPPED), ext1 (0), ext2 (0)
V/AwesomePlayer(  303): cancelPlayerEvents (keepNotifications=0)
V/AwesomePlayer(  303): mAudioTrackVector clear
V/AwesomePlayer(  303): reset_l() mAudioPlayer successfully deleted
V/AwesomePlayer(  303): mSecCapture clear
V/AwesomePlayer(  303): mSecMediaClock clear
V/MediaPlayerService(  303): Client(2787) destructor pid = 2032
V/AudioSink(  303): close
V/AudioSink(  303): --- close
V/MediaPlayerService(  303): disconnect(2787) from pid 2032
V/MediaPlayer(  303): destructor
V/MediaPlayer(  303): disconnect
V/MediaPlayer(  303): disconnect
V/MediaPlayerService(  303): disconnect(2788) from pid 2032
V/StagefrightPlayer(  303): reset
V/AwesomePlayer(  303): reset_l()
V/AwesomePlayer(  303): notifyListner_l() msg (8-MEDIA_STOPPED), ext1 (0), ext2 (0)
V/AwesomePlayer(  303): addBatteryData
V/AwesomePlayer(  303): cancelPlayerEvents (keepNotifications=0)
W/TimedEventQueue(  303): Event 3 was not found in the queue, already cancelled?
V/AwesomePlayer(  303): mAudioTrackVector clear
D/TP/MmsProvider( 2672): Query uri=content://mms/635/addr, match=13, calling pid = 2380
D/AudioPlayer(  303): reset: mPlaying=1 mReachedEOS=1 useOffload=0
V/AudioSink(  303): stop
V/AudioSink(  303): close
V/AudioSink(  303): --- close
I/OMXCodec(  303): [OMX.google.vorbis.decoder] stop mState=4
I/OMXCodec(  303): [OMX.google.vorbis.decoder] stop() sendCommand(0x216a, OMX_CommandStateSet, OMX_StateIdle)
I/OMXCodec(  303): [OMX.google.vorbis.decoder] Now Idle. Component sends idle done Event 
I/OMXCodec(  303): [OMX.google.vorbis.decoder] stopOmxComponent_l() mstate = 1
I/OggExtractor(  303): OggSource::stop() mExtractor ref count = 1
I/OggExtractor(  303): OggSource::~OggSource() mExtractor !mStarted ref count = 1
I/OggExtractor(  303): ~OggSource --
I/OggExtractor(  303): ~OggExtractor ++
I/OggExtractor(  303): ~MyVorbisExtractor ++ 
I/OggExtractor(  303): ~MyVorbisExtractor --
I/OggExtractor(  303): ~OggExtractor --
D/TP/MmsProvider( 2672): Query uri=content://mms/633/addr, match=13, calling pid = 2380
I/AudioPlayer(  303): reset out
V/AwesomePlayer(  303): reset_l() mAudioPlayer successfully deleted
I/SecVideoCapture(  303): SecVideoCapture destructor
I/SecVideoCapture(  303): reset
V/AwesomePlayer(  303): mSecCapture clear
I/SecMediaClock(  303): SecMediaClock destructor
V/AwesomePlayer(  303): mSecMediaClock clear
V/StagefrightPlayer(  303): ~StagefrightPlayer
V/StagefrightPlayer(  303): reset
V/AwesomePlayer(  303): reset_l()
V/AwesomePlayer(  303): notifyListner_l() msg (8-MEDIA_STOPPED), ext1 (0), ext2 (0)
V/AwesomePlayer(  303): cancelPlayerEvents (keepNotifications=0)
V/AwesomePlayer(  303): mAudioTrackVector clear
I/QCameraHWI(  303): set_gamma_thread: X
V/AwesomePlayer(  303): reset_l() mAudioPlayer successfully deleted
V/AwesomePlayer(  303): mSecCapture clear
V/AwesomePlayer(  303): mSecMediaClock clear
V/AwesomePlayer(  303): destructor
V/AwesomePlayer(  303): reset_l()
V/AwesomePlayer(  303): notifyListner_l() msg (8-MEDIA_STOPPED), ext1 (0), ext2 (0)
V/AwesomePlayer(  303): cancelPlayerEvents (keepNotifications=0)
V/AwesomePlayer(  303): mAudioTrackVector clear
V/AwesomePlayer(  303): reset_l() mAudioPlayer successfully deleted
V/AwesomePlayer(  303): mSecCapture clear
D/TP/MmsProvider( 2672): Query uri=content://mms/631/addr, match=13, calling pid = 2380
V/AwesomePlayer(  303): mSecMediaClock clear
V/MediaPlayerService(  303): Client(2788) destructor pid = 2032
V/AudioSink(  303): close
V/AudioSink(  303): --- close
V/MediaPlayerService(  303): disconnect(2788) from pid 2032
V/MediaPlayer(  303): destructor
V/MediaPlayer(  303): disconnect
D/PowerManagerService(  862): [api] release WakeLock flags=0xa tag=Camera2 uid=10170 pid=2032 (0x0)
I/Camera2 ( 2032): restoreNfcState : mNfcState = 3, mAndroidBeamState = true
D/TP/MmsProvider( 2672): Query uri=content://mms/628/addr, match=13, calling pid = 2380
W/ActivityManager(  862): getTasks: caller 10170 does not hold REAL_GET_TASKS; limiting output
W/ActivityManager(  862): getTasks: caller 10170 does not hold REAL_GET_TASKS; limiting output
D/TP/MmsProvider( 2672): Query uri=content://mms/625/addr, match=13, calling pid = 2380
D/TP/MmsProvider( 2672): Query uri=content://mms/623/addr, match=13, calling pid = 2380
D/TP/MmsProvider( 2672): Query uri=content://mms/621/addr, match=13, calling pid = 2380
D/TP/MmsProvider( 2672): Query uri=content://mms/618/addr, match=13, calling pid = 2380
D/TP/MmsProvider( 2672): Query uri=content://mms/616/addr, match=13, calling pid = 2380
D/TP/MmsProvider( 2672): Query uri=content://mms/614/addr, match=13, calling pid = 2380
D/TP/MmsProvider( 2672): Query uri=content://mms/611/addr, match=13, calling pid = 2380
D/TP/MmsProvider( 2672): Query uri=content://mms/608/addr, match=13, calling pid = 2380
D/TP/MmsProvider( 2672): Query uri=content://mms/606/addr, match=13, calling pid = 2380
D/TP/MmsProvider( 2672): Query uri=content://mms/604/addr, match=13, calling pid = 2380
I/art     ( 2032): Explicit concurrent mark sweep GC freed 10485(526KB) AllocSpace objects, 52(13MB) LOS objects, 39% free, 22MB/36MB, paused 457us total 57.678ms
V/SecMediaRecorderJNI( 2032): finalize
V/SecMediaRecorderJNI( 2032): release
E/ActivityManager(  862): checkUser: useridlist=null, currentuser=0
E/ActivityManager(  862): checkUser: useridlist=null, currentuser=0
E/ActivityManager(  862): checkUser: useridlist=null, currentuser=0
E/ActivityManager(  862): checkUser: useridlist=null, currentuser=0
E/Zygote  ( 2678): MountEmulatedStorage()
E/Zygote  ( 2678): v2
I/SELinux ( 2678): Function: selinux_compare_spd_ram, SPD-policy is existed. and_ver=SEPF_SAMSUNG-SGH-I337_5.0.1-1 ver=51
I/libpersona( 2678): KNOX_SDCARD checking this for 10170
I/libpersona( 2678): KNOX_SDCARD not a persona
I/SELinux ( 2678): Function: selinux_compare_spd_ram , priority [1] , priority version is VE=SEPF_SAMSUNG-SGH-I337_5.0.1-1_0051
E/SELinux ( 2678): [DEBUG] get_category: variable seinfo: platform sensitivity: NULL, cateogry: NULL
V/CeRequestQueue( 2032): startFirstRequest
I/ActivityManager(  862): Start proc com.sec.android.app.camera:CropImage for activity com.sec.android.app.camera/.CropImage: pid=2678 uid=10170 gids={50170, 9997, 1028, 1015, 3003, 1023} abi=armeabi-v7a
D/PowerManagerService(  862): [api] [s] userActivity : event: 0 flags: 0 (uid: 1000 pid: 862) eventTime = 1535010039
V/AudioPolicyManager_legacy(  303): stopOutput() output 2, stream 7, session 4055
V/AudioPolicyManager_legacy(  303): changeRefCount() stream 7, count 0
V/AudioPolicyManager_legacy(  303): getNewOutputDevice() selected device 0
V/AudioPolicyManager_legacy(  303): setOutputDevice() output 2 device 0000 delayMs 192
V/AudioPolicyManager_legacy(  303): setOutputDevice() prevDevice 0002
V/AudioPolicyManager_legacy(  303): setOutputDevice() setting same device 0000 or null device for output 2
V/AudioPolicyManager_legacy(  303): releaseOutput() 2
D/TP/MmsProvider( 2672): Query uri=content://mms/601/addr, match=13, calling pid = 2380
D/PowerManagerService(  862): [api] release WakeLock flags=0x2000000a tag=WindowManager uid=1000 pid=862 (0x0)
D/PowerManagerService(  862): [api] applyWakeLockFlagsOnReleaseLocked : userActivityNoUpdateLocked is called : SCREEN_BRIGHT_WAKE_LOCK        'WindowManager' ON_AFTER_RELEASE (uid=1000, pid=862, ws=WorkSource{10170}) (elapsedTime=10693)
D/TP/MmsProvider( 2672): Query uri=content://mms/599/addr, match=13, calling pid = 2380
V/WindowOrientationListener(  862): mSContextAutoRotationListener.getProposedRotation, mbResultFaceDectection: false
V/WindowOrientationListener(  862): mSContextAutoRotationListener.getProposedRotation, Rotation: -1
V/WindowOrientationListener(  862): mSContextAutoRotationListener.getProposedRotation, mbResultFaceDectection: false
V/WindowOrientationListener(  862): mSContextAutoRotationListener.getProposedRotation, Rotation: -1
V/WindowManager(  862): rotationForOrientationLw(orient=-1, last=1); user=0 USER_ROTATION_LOCKED sensorRotation=-1 mLidState=-1 mDockMode=0 mHdmiPlugged=false
D/SamsungWindowManager(  862): setRotationLw() : rotation=0
D/CustomFrequencyManagerService(  862): acquireDVFSLockLocked : type : DVFS_MIN_LIMIT  frequency : 1890000  uid : 1000  pid : 862  pkgName : ROTATION_BOOSTER@37
D/InputDispatcher(  862): setInputDispatchMode: enabled=1, frozen=1
I/InputReader(  862): Reconfiguring input devices.  changes=0x00000004
I/InputReader(  862): Device reconfigured: id=10, name='sec_touchscreen', size 1080x1920, orientation 0, mode 1, display id 0
I/ActivityManager(  862): Config changes=480 {0 1.0 310mcc410mnc en_US ldltr sw360dp w360dp h615dp 480dpi nrml long port finger -keyb/v/h -nav/h s.250}
D/MultiPhoneWindow( 3102): onMultiWindowConfigurationChanged com.android.incallui/com.android.incallui.InCallActivityoldRect=Rect(0, 0 - 1920, 1080)
D/Recents_AlternateRecentsComponent( 2470): reloadHeaderBarLayout is getting called
D/TextEntryState(30294): State = START
D/ASK_KF  (30294): getAllAddOns has 3 add on for com.anysoftkeyboard.keyboards.KeyboardFactory
D/ASK_KF  (30294): getAllAddOns will return 3 add on for com.anysoftkeyboard.keyboards.KeyboardFactory
I/ASK_KF  (30294): Creating enabled addons list. I have a total of 3 addons
D/ASK_KF  (30294): Factory provided addon: keyboard_c7535083-4fe6-49dc-81aa-c5438a1a343a
D/VolumePanel( 2470): ===== Start onConfigurationChanged =====
D/VolumePanel( 2470): onConfigurationChanged : call updateLayout
D/VolumePanel( 2470): ===== Start updateLayout =====
D/VolumePanel( 2470): updateLayout : lp.width = 951, lp.y = 129
D/StatusBar-QSPanel( 2470): updateButtonInfo mButtonWidth : 206 mColumns:5 orien: 1 displayWidth:1032
D/KeyguardUpdateMonitor( 2470): updateCMASText( show = false )
D/StatusBarManagerService(  862): manageDisableList userId=0 what=0x0 pkg=WindowManager.LayoutParams
D/Recents_TaskViewHeader( 2470): onFinishInflate
W/Settings( 2470): Setting airplane_mode_on has moved from android.provider.Settings.System to android.provider.Settings.Global, returning read-only value.
D/PanelView( 2470): There is/are notification(s) 
D/ResourcesManager(  862): creating new AssetManager and set to /system/app/Swype/Swype.apk
D/PanelView( 2470): onConfigurationChanged
