I/BatteryStatsDBHelper(  862): com.samsung.android.service.travel calculating percentage: totalPower0.016479139049547863 batteryDeltaInLastHour: 9 totalPowerInLastHour: 110.22329744724784 screenUsageInLastHour: 32.203581666666665 percentage: 0.0010413220620196914
I/BatteryStatsDBHelper(  862): com.matchboxmobile.wisp calculating percentage: totalPower0.18605400171592668 batteryDeltaInLastHour: 9 totalPowerInLastHour: 110.22329744724784 screenUsageInLastHour: 32.203581666666665 percentage: 0.011756811817129467
I/BatteryStatsDBHelper(  862): com.sec.android.daemonapp calculating percentage: totalPower0.5974742707786416 batteryDeltaInLastHour: 9 totalPowerInLastHour: 110.22329744724784 screenUsageInLastHour: 32.203581666666665 percentage: 0.037754590077810936
I/BatteryStatsDBHelper(  862): com.google.android.youtube calculating percentage: totalPower31.36415440932445 batteryDeltaInLastHour: 9 totalPowerInLastHour: 110.22329744724784 screenUsageInLastHour: 32.203581666666665 percentage: 1.9819109387221188
I/BatteryStatsDBHelper(  862): com.google.android.marvin.talkback calculating percentage: totalPower0.0 batteryDeltaInLastHour: 9 totalPowerInLastHour: 110.22329744724784 screenUsageInLastHour: 32.203581666666665 percentage: 0.0
I/BatteryStatsDBHelper(  862): com.facebook.orca calculating percentage: totalPower104.73975552014505 batteryDeltaInLastHour: 9 totalPowerInLastHour: 110.22329744724784 screenUsageInLastHour: 32.203581666666665 percentage: 6.618538618173034
I/BatteryStatsDBHelper(  862): com.amazon.mShop.android.shopping calculating percentage: totalPower14.613088170802843 batteryDeltaInLastHour: 9 totalPowerInLastHour: 110.22329744724784 screenUsageInLastHour: 32.203581666666665 percentage: 0.9234057107439411
I/BatteryStatsDBHelper(  862): com.weather.Weather calculating percentage: totalPower311.52808104691155 batteryDeltaInLastHour: 9 totalPowerInLastHour: 110.22329744724784 screenUsageInLastHour: 32.203581666666665 percentage: 19.68555898202146
I/BatteryStatsDBHelper(  862): com.bleacherreport.android.teamstream calculating percentage: totalPower189.32419113164624 batteryDeltaInLastHour: 9 totalPowerInLastHour: 110.22329744724784 screenUsageInLastHour: 32.203581666666665 percentage: 11.963456131212459
I/BatteryStatsDBHelper(  862): com.evernote calculating percentage: totalPower3.894139964538102 batteryDeltaInLastHour: 9 totalPowerInLastHour: 110.22329744724784 screenUsageInLastHour: 32.203581666666665 percentage: 0.2460719486299475
I/BatteryStatsDBHelper(  862): com.cequint.ecid calculating percentage: totalPower2.044394625844223 batteryDeltaInLastHour: 9 totalPowerInLastHour: 110.22329744724784 screenUsageInLastHour: 32.203581666666665 percentage: 0.1291859496400385
I/BatteryStatsDBHelper(  862): com.android.managedprovisioning calculating percentage: totalPower0.0 batteryDeltaInLastHour: 9 totalPowerInLastHour: 110.22329744724784 screenUsageInLastHour: 32.203581666666665 percentage: 0.0
I/BatteryStatsDBHelper(  862): com.samsung.aab calculating percentage: totalPower0.0 batteryDeltaInLastHour: 9 totalPowerInLastHour: 110.22329744724784 screenUsageInLastHour: 32.203581666666665 percentage: 0.0
I/BatteryStatsDBHelper(  862): com.samsung.android.app.FileShareServer calculating percentage: totalPower0.05893210883409824 batteryDeltaInLastHour: 9 totalPowerInLastHour: 110.22329744724784 screenUsageInLastHour: 32.203581666666665 percentage: 0.0037239387874438605
I/BatteryStatsDBHelper(  862): com.sec.android.app.chromecustomizations calculating percentage: totalPower0.0 batteryDeltaInLastHour: 9 totalPowerInLastHour: 110.22329744724784 screenUsageInLastHour: 32.203581666666665 percentage: 0.0
I/BatteryStatsDBHelper(  862): com.sec.android.widgetapp.SPlannerAppWidget calculating percentage: totalPower0.007214941697405792 batteryDeltaInLastHour: 9 totalPowerInLastHour: 110.22329744724784 screenUsageInLastHour: 32.203581666666665 percentage: 4.5591447120537444E-4
I/BatteryStatsDBHelper(  862): com.samsung.shareshot calculating percentage: totalPower0.0 batteryDeltaInLastHour: 9 totalPowerInLastHour: 110.22329744724784 screenUsageInLastHour: 32.203581666666665 percentage: 0.0
I/BatteryStatsDBHelper(  862): com.mlssoccer calculating percentage: totalPower8.28590588843643E-4 batteryDeltaInLastHour: 9 totalPowerInLastHour: 110.22329744724784 screenUsageInLastHour: 32.203581666666665 percentage: 5.2358904063525454E-5
I/BatteryStatsDBHelper(  862): com.android.defcontainer calculating percentage: totalPower0.0031877184912603488 batteryDeltaInLastHour: 9 totalPowerInLastHour: 110.22329744724784 screenUsageInLastHour: 32.203581666666665 percentage: 2.0143295001498278E-4
I/BatteryStatsDBHelper(  862): com.google.android.gsf calculating percentage: totalPower164.44470079932574 batteryDeltaInLastHour: 9 totalPowerInLastHour: 110.22329744724784 screenUsageInLastHour: 32.203581666666665 percentage: 10.39131318752137
I/BatteryStatsDBHelper(  862): com.android.providers.contacts calculating percentage: totalPower1.8188041734595073 batteryDeltaInLastHour: 9 totalPowerInLastHour: 110.22329744724784 screenUsageInLastHour: 32.203581666666665 percentage: 0.11493081687230736
I/BatteryStatsDBHelper(  862): com.android.providers.media calculating percentage: totalPower7.552328346450853 batteryDeltaInLastHour: 9 totalPowerInLastHour: 110.22329744724784 screenUsageInLastHour: 32.203581666666665 percentage: 0.47723404136162945
I/BatteryStatsDBHelper(  862): com.google.android.apps.docs.editors.docs calculating percentage: totalPower0.004768092765662859 batteryDeltaInLastHour: 9 totalPowerInLastHour: 110.22329744724784 screenUsageInLastHour: 32.203581666666665 percentage: 3.0129730538182753E-4
I/BatteryStatsDBHelper(  862): com.google.android.apps.docs calculating percentage: totalPower3.6010104311331324 batteryDeltaInLastHour: 9 totalPowerInLastHour: 110.22329744724784 screenUsageInLastHour: 32.203581666666665 percentage: 0.22754899975219606
I/BatteryStatsDBHelper(  862): com.google.android.videos calculating percentage: totalPower0.039653758542141225 batteryDeltaInLastHour: 9 totalPowerInLastHour: 110.22329744724784 screenUsageInLastHour: 32.203581666666665 percentage: 0.0025057336726014446
I/BatteryStatsDBHelper(  862): com.samsung.android.asksmanager calculating percentage: totalPower0.0 batteryDeltaInLastHour: 9 totalPowerInLastHour: 110.22329744724784 screenUsageInLastHour: 32.203581666666665 percentage: 0.0
I/BatteryStatsDBHelper(  862): com.sec.android.app.easylauncher calculating percentage: totalPower4.173245077169358 batteryDeltaInLastHour: 9 totalPowerInLastHour: 110.22329744724784 screenUsageInLastHour: 32.203581666666665 percentage: 0.2637086898778704
I/BatteryStatsDBHelper(  862): com.samsung.android.scloud.proxy.calendar calculating percentage: totalPower0.0 batteryDeltaInLastHour: 9 totalPowerInLastHour: 110.22329744724784 screenUsageInLastHour: 32.203581666666665 percentage: 0.0
I/BatteryStatsDBHelper(  862): com.samsung.groupcast calculating percentage: totalPower0.0 batteryDeltaInLastHour: 9 totalPowerInLastHour: 110.22329744724784 screenUsageInLastHour: 32.203581666666665 percentage: 0.0
I/BatteryStatsDBHelper(  862): com.android.musicfx calculating percentage: totalPower0.0070673563396915304 batteryDeltaInLastHour: 9 totalPowerInLastHour: 110.22329744724784 screenUsageInLastHour: 32.203581666666665 percentage: 4.465885052943614E-4
I/BatteryStatsDBHelper(  862): com.samsung.android.provider.filterprovider calculating percentage: totalPower0.0 batteryDeltaInLastHour: 9 totalPowerInLastHour: 110.22329744724784 screenUsageInLastHour: 32.203581666666665 percentage: 0.0
I/BatteryStatsDBHelper(  862): com.sec.kidsplat.installer calculating percentage: totalPower0.0 batteryDeltaInLastHour: 9 totalPowerInLastHour: 110.22329744724784 screenUsageInLastHour: 32.203581666666665 percentage: 0.0
I/BatteryStatsDBHelper(  862): com.sec.android.service.health calculating percentage: totalPower0.0 batteryDeltaInLastHour: 9 totalPowerInLastHour: 110.22329744724784 screenUsageInLastHour: 32.203581666666665 percentage: 0.0
I/BatteryStatsDBHelper(  862): com.samsung.android.sdk.samsunglink calculating percentage: totalPower0.020430754602928904 batteryDeltaInLastHour: 9 totalPowerInLastHour: 110.22329744724784 screenUsageInLastHour: 32.203581666666665 percentage: 0.0012910259114734483
I/BatteryStatsDBHelper(  862): com.google.android.apps.youtube.music calculating percentage: totalPower9.739942259613155 batteryDeltaInLastHour: 9 totalPowerInLastHour: 110.22329744724784 screenUsageInLastHour: 32.203581666666665 percentage: 0.6154700635292825
I/BatteryStatsDBHelper(  862): com.google.android.play.games calculating percentage: totalPower0.0 batteryDeltaInLastHour: 9 totalPowerInLastHour: 110.22329744724784 screenUsageInLastHour: 32.203581666666665 percentage: 0.0
I/BatteryStatsDBHelper(  862): com.google.android.apps.books calculating percentage: totalPower0.2812472454849521 batteryDeltaInLastHour: 9 totalPowerInLastHour: 110.22329744724784 screenUsageInLastHour: 32.203581666666665 percentage: 0.017772103307410594
I/BatteryStatsDBHelper(  862): com.samsung.android.allshare.service.mediashare calculating percentage: totalPower0.035941851371861726 batteryDeltaInLastHour: 9 totalPowerInLastHour: 110.22329744724784 screenUsageInLastHour: 32.203581666666665 percentage: 0.0022711770724684315
I/BatteryStatsDBHelper(  862): com.sec.android.app.translator calculating percentage: totalPower0.0 batteryDeltaInLastHour: 9 totalPowerInLastHour: 110.22329744724784 screenUsageInLastHour: 32.203581666666665 percentage: 0.0
I/BatteryStatsDBHelper(  862): com.espn.fantasy.lm.football calculating percentage: totalPower0.0 batteryDeltaInLastHour: 9 totalPowerInLastHour: 110.22329744724784 screenUsageInLastHour: 32.203581666666665 percentage: 0.0
I/BatteryStatsDBHelper(  862): com.android.sharedstoragebackup calculating percentage: totalPower0.0 batteryDeltaInLastHour: 9 totalPowerInLastHour: 110.22329744724784 screenUsageInLastHour: 32.203581666666665 percentage: 0.0
I/BatteryStatsDBHelper(  862): com.google.android.gm calculating percentage: totalPower0.0 batteryDeltaInLastHour: 9 totalPowerInLastHour: 110.22329744724784 screenUsageInLastHour: 32.203581666666665 percentage: 0.0
I/BatteryStatsDBHelper(  862): com.venmo calculating percentage: totalPower61.68274981918421 batteryDeltaInLastHour: 9 totalPowerInLastHour: 110.22329744724784 screenUsageInLastHour: 32.203581666666665 percentage: 3.897752670186976
I/BatteryStatsDBHelper(  862): com.sec.android.app.FlashBarService calculating percentage: totalPower0.0 batteryDeltaInLastHour: 9 totalPowerInLastHour: 110.22329744724784 screenUsageInLastHour: 32.203581666666665 percentage: 0.0
I/BatteryStatsDBHelper(  862): com.samsung.android.nearby.mediaserver calculating percentage: totalPower0.00522021857934616 batteryDeltaInLastHour: 9 totalPowerInLastHour: 110.22329744724784 screenUsageInLastHour: 32.203581666666665 percentage: 3.2986728001347813E-4
I/BatteryStatsDBHelper(  862): com.diotek.diodict3.service calculating percentage: totalPower0.0 batteryDeltaInLastHour: 9 totalPowerInLastHour: 110.22329744724784 screenUsageInLastHour: 32.203581666666665 percentage: 0.0
I/BatteryStatsDBHelper(  862): com.infraware.polarisoffice5 calculating percentage: totalPower0.0 batteryDeltaInLastHour: 9 totalPowerInLastHour: 110.22329744724784 screenUsageInLastHour: 32.203581666666665 percentage: 0.0
I/BatteryStatsDBHelper(  862): com.sec.android.app.ocr calculating percentage: totalPower0.0 batteryDeltaInLastHour: 9 totalPowerInLastHour: 110.22329744724784 screenUsageInLastHour: 32.203581666666665 percentage: 0.0
I/BatteryStatsDBHelper(  862): com.sec.android.app.popupcalculator calculating percentage: totalPower0.0 batteryDeltaInLastHour: 9 totalPowerInLastHour: 110.22329744724784 screenUsageInLastHour: 32.203581666666665 percentage: 0.0
I/BatteryStatsDBHelper(  862): org.selco.mobile calculating percentage: totalPower0.0 batteryDeltaInLastHour: 9 totalPowerInLastHour: 110.22329744724784 screenUsageInLastHour: 32.203581666666665 percentage: 0.0
I/BatteryStatsDBHelper(  862): com.sec.android.mmapp calculating percentage: totalPower0.0 batteryDeltaInLastHour: 9 totalPowerInLastHour: 110.22329744724784 screenUsageInLastHour: 32.203581666666665 percentage: 0.0
I/BatteryStatsDBHelper(  862): com.menny.android.anysoftkeyboard calculating percentage: totalPower6.452814919336303E-4 batteryDeltaInLastHour: 9 totalPowerInLastHour: 110.22329744724784 screenUsageInLastHour: 32.203581666666665 percentage: 4.077554365814438E-5
I/BatteryStatsDBHelper(  862): com.android.packageinstaller calculating percentage: totalPower0.006401616992826931 batteryDeltaInLastHour: 9 totalPowerInLastHour: 110.22329744724784 screenUsageInLastHour: 32.203581666666665 percentage: 4.0452022324635544E-4
I/BatteryStatsDBHelper(  862):  Sending EXCESS_DRAIN broadcast
W/ContextImpl(  862): Calling a method in the system process without a qualified user: android.app.ContextImpl.sendBroadcast:1699 com.android.internal.os.BatteryStatsDBHelper.checkForPowerThreshold:545 com.android.internal.os.BatteryStatsDBHelper.addStatsToDB:339 com.android.internal.os.BatteryStatsDumper.refreshStats:540 com.android.server.ssrm.aY.run:-1 
I/BatteryStatsDBHelper(  862): com.google.android.configupdater calculating percentage: totalPower0.0 batteryDeltaInLast24Hours: 128 totalPowerInLast24Hours: 2053.137157591638 screenUsageIn24Hour: 188.45885866666657 percentage: 0.0
I/BatteryStatsDBHelper(  862): com.samsung.android.providers.context calculating percentage: totalPower0.3889508722007402 batteryDeltaInLast24Hours: 128 totalPowerInLast24Hours: 2053.137157591638 screenUsageIn24Hour: 188.45885866666657 percentage: 0.02220993938274283
I/BatteryStatsDBHelper(  862): com.drivemode calculating percentage: totalPower0.16987211728035792 batteryDeltaInLast24Hours: 128 totalPowerInLast24Hours: 2053.137157591638 screenUsageIn24Hour: 188.45885866666657 percentage: 0.009700066762333256
I/BatteryStatsDBHelper(  862): com.android.externalstorage calculating percentage: totalPower0.0 batteryDeltaInLast24Hours: 128 totalPowerInLast24Hours: 2053.137157591638 screenUsageIn24Hour: 188.45885866666657 percentage: 0.0
I/BatteryStatsDBHelper(  862): com.google.android.partnersetup calculating percentage: totalPower0.046307482400737766 batteryDeltaInLast24Hours: 128 totalPowerInLast24Hours: 2053.137157591638 screenUsageIn24Hour: 188.45885866666657 percentage: 0.0026442577985967526
I/BatteryStatsDBHelper(  862): com.google.android.keep calculating percentage: totalPower1.381858003927979 batteryDeltaInLast24Hours: 128 totalPowerInLast24Hours: 2053.137157591638 screenUsageIn24Hour: 188.45885866666657 percentage: 0.07890709263394734
I/BatteryStatsDBHelper(  862): com.samsung.klmsagent calculating percentage: totalPower0.020014615705401112 batteryDeltaInLast24Hours: 128 totalPowerInLast24Hours: 2053.137157591638 screenUsageIn24Hour: 188.45885866666657 percentage: 0.0011428780171405034
I/BatteryStatsDBHelper(  862): com.lookout calculating percentage: totalPower5.268601851462763 batteryDeltaInLast24Hours: 128 totalPowerInLast24Hours: 2053.137157591638 screenUsageIn24Hour: 188.45885866666657 percentage: 0.30084860612525427
I/BatteryStatsDBHelper(  862): com.wsomacp calculating percentage: totalPower0.011685897569386056 batteryDeltaInLast24Hours: 128 totalPowerInLast24Hours: 2053.137157591638 screenUsageIn24Hour: 188.45885866666657 percentage: 6.67290126335169E-4
I/BatteryStatsDBHelper(  862): com.google.android.onetimeinitializer calculating percentage: totalPower0.0 batteryDeltaInLast24Hours: 128 totalPowerInLast24Hours: 2053.137157591638 screenUsageIn24Hour: 188.45885866666657 percentage: 0.0
I/BatteryStatsDBHelper(  862): com.sec.android.pagebuddynotisvc calculating percentage: totalPower0.13574543571122466 batteryDeltaInLast24Hours: 128 totalPowerInLast24Hours: 2053.137157591638 screenUsageIn24Hour: 188.45885866666657 percentage: 0.007751359140992758
I/BatteryStatsDBHelper(  862): com.vlingo.midas calculating percentage: totalPower0.7437516870797658 batteryDeltaInLast24Hours: 128 totalPowerInLast24Hours: 2053.137157591638 screenUsageIn24Hour: 188.45885866666657 percentage: 0.04246983633791392
I/BatteryStatsDBHelper(  862): com.sec.android.widgetapp.diotek.smemo calculating percentage: totalPower0.05621085310167319 batteryDeltaInLast24Hours: 128 totalPowerInLast24Hours: 2053.137157591638 screenUsageIn24Hour: 188.45885866666657 percentage: 0.0032097617701088354
I/BatteryStatsDBHelper(  862): com.sec.android.app.sns3 calculating percentage: totalPower0.04635494418912017 batteryDeltaInLast24Hours: 128 totalPowerInLast24Hours: 2053.137157591638 screenUsageIn24Hour: 188.45885866666657 percentage: 0.002646967969773399
I/BatteryStatsDBHelper(  862): com.sec.android.provider.snote calculating percentage: totalPower0.12538700242170642 batteryDeltaInLast24Hours: 128 totalPowerInLast24Hours: 2053.137157591638 screenUsageIn24Hour: 188.45885866666657 percentage: 0.007159870107535468
I/BatteryStatsDBHelper(  862): com.sec.spp.push calculating percentage: totalPower0.13766789888201447 batteryDeltaInLast24Hours: 128 totalPowerInLast24Hours: 2053.137157591638 screenUsageIn24Hour: 188.45885866666657 percentage: 0.007861135962541472
I/BatteryStatsDBHelper(  862): com.sec.android.app.samsungapps calculating percentage: totalPower1.113577697608501 batteryDeltaInLast24Hours: 128 totalPowerInLast24Hours: 2053.137157591638 screenUsageIn24Hour: 188.45885866666657 percentage: 0.06358770459086288
I/BatteryStatsDBHelper(  862): com.osp.app.signin calculating percentage: totalPower0.015015349366134245 batteryDeltaInLast24Hours: 128 totalPowerInLast24Hours: 2053.137157591638 screenUsageIn24Hour: 188.45885866666657 percentage: 8.57409053605184E-4
I/BatteryStatsDBHelper(  862): com.android.providers.calendar calculating percentage: totalPower0.08607308807514115 batteryDeltaInLast24Hours: 128 totalPowerInLast24Hours: 2053.137157591638 screenUsageIn24Hour: 188.45885866666657 percentage: 0.004914960230884222
I/BatteryStatsDBHelper(  862): com.sec.android.gallery3d calculating percentage: totalPower0.9199312914040326 batteryDeltaInLast24Hours: 128 totalPowerInLast24Hours: 2053.137157591638 screenUsageIn24Hour: 188.45885866666657 percentage: 0.05253007430672889
I/BatteryStatsDBHelper(  862): com.android.mms calculating percentage: totalPower3.021665183197592 batteryDeltaInLast24Hours: 128 totalPowerInLast24Hours: 2053.137157591638 screenUsageIn24Hour: 188.45885866666657 percentage: 0.17254364329880348
I/BatteryStatsDBHelper(  862): com.sec.android.app.myfiles calculating percentage: totalPower0.0 batteryDeltaInLast24Hours: 128 totalPowerInLast24Hours: 2053.137157591638 screenUsageIn24Hour: 188.45885866666657 percentage: 0.0
I/BatteryStatsDBHelper(  862): com.sec.android.app.videoplayer calculating percentage: totalPower0.1062109964352732 batteryDeltaInLast24Hours: 128 totalPowerInLast24Hours: 2053.137157591638 screenUsageIn24Hour: 188.45885866666657 percentage: 0.006064878526331386
I/BatteryStatsDBHelper(  862): com.google.android.setupwizard calculating percentage: totalPower1.8656494923806832 batteryDeltaInLast24Hours: 128 totalPowerInLast24Hours: 2053.137157591638 screenUsageIn24Hour: 188.45885866666657 percentage: 0.10653263714455567
I/BatteryStatsDBHelper(  862): com.sec.android.app.mv.player calculating percentage: totalPower0.001657181177687286 batteryDeltaInLast24Hours: 128 totalPowerInLast24Hours: 2053.137157591638 screenUsageIn24Hour: 188.45885866666657 percentage: 9.462864370094849E-5
I/BatteryStatsDBHelper(  862): com.google.android.googlequicksearchbox calculating percentage: totalPower3.7191037849747755 batteryDeltaInLast24Hours: 128 totalPowerInLast24Hours: 2053.137157591638 screenUsageIn24Hour: 188.45885866666657 percentage: 0.21236890190025903
I/BatteryStatsDBHelper(  862): com.smlds calculating percentage: totalPower0.19675750661040337 batteryDeltaInLast24Hours: 128 totalPowerInLast24Hours: 2053.137157591638 screenUsageIn24Hour: 188.45885866666657 percentage: 0.011235280872853545
I/BatteryStatsDBHelper(  862): net.aetherpal.device calculating percentage: totalPower0.0 batteryDeltaInLast24Hours: 128 totalPowerInLast24Hours: 2053.137157591638 screenUsageIn24Hour: 188.45885866666657 percentage: 0.0
I/BatteryStatsDBHelper(  862): air.WatchESPN calculating percentage: totalPower25.4277678528948 batteryDeltaInLast24Hours: 128 totalPowerInLast24Hours: 2053.137157591638 screenUsageIn24Hour: 188.45885866666657 percentage: 1.4519807590501541
I/BatteryStatsDBHelper(  862): com.sec.android.widgetapp.ap.hero.accuweather calculating percentage: totalPower0.0 batteryDeltaInLast24Hours: 128 totalPowerInLast24Hours: 2053.137157591638 screenUsageIn24Hour: 188.45885866666657 percentage: 0.0
I/BatteryStatsDBHelper(  862): com.sec.android.provider.badge calculating percentage: totalPower0.26758328478435395 batteryDeltaInLast24Hours: 128 totalPowerInLast24Hours: 2053.137157591638 screenUsageIn24Hour: 188.45885866666657 percentage: 0.015279586599894512
I/BatteryStatsDBHelper(  862): com.sec.android.band calculating percentage: totalPower0.0 batteryDeltaInLast24Hours: 128 totalPowerInLast24Hours: 2053.137157591638 screenUsageIn24Hour: 188.45885866666657 percentage: 0.0
I/BatteryStatsDBHelper(  862): com.blurb.checkout calculating percentage: totalPower0.0 batteryDeltaInLast24Hours: 128 totalPowerInLast24Hours: 2053.137157591638 screenUsageIn24Hour: 188.45885866666657 percentage: 0.0
I/BatteryStatsDBHelper(  862): com.android.chrome calculating percentage: totalPower2.005804899398809 batteryDeltaInLast24Hours: 128 totalPowerInLast24Hours: 2053.137157591638 screenUsageIn24Hour: 188.45885866666657 percentage: 0.11453581522312203
I/BatteryStatsDBHelper(  862): com.sec.android.app.clockpackage calculating percentage: totalPower2.2267798061707924 batteryDeltaInLast24Hours: 128 totalPowerInLast24Hours: 2053.137157591638 screenUsageIn24Hour: 188.45885866666657 percentage: 0.12715396223162143
I/BatteryStatsDBHelper(  862): com.sec.android.widgetapp.digitalclock calculating percentage: totalPower0.0020360743052556564 batteryDeltaInLast24Hours: 128 totalPowerInLast24Hours: 2053.137157591638 screenUsageIn24Hour: 188.45885866666657 percentage: 1.1626426402548195E-4
I/BatteryStatsDBHelper(  862): com.sec.android.widgetapp.dualclockdigital calculating percentage: totalPower0.0030699829139084617 batteryDeltaInLast24Hours: 128 totalPowerInLast24Hours: 2053.137157591638 screenUsageIn24Hour: 188.45885866666657 percentage: 1.753026906410248E-4
I/BatteryStatsDBHelper(  862): com.sec.esdk.elm calculating percentage: totalPower2.1366265872118707E-4 batteryDeltaInLast24Hours: 128 totalPowerInLast24Hours: 2053.137157591638 screenUsageIn24Hour: 188.45885866666657 percentage: 1.220060176675496E-5
I/BatteryStatsDBHelper(  862): com.google.android.apps.maps calculating percentage: totalPower1.1195332080239202 batteryDeltaInLast24Hours: 128 totalPowerInLast24Hours: 2053.137157591638 screenUsageIn24Hour: 188.45885866666657 percentage: 0.06392777716756477
I/BatteryStatsDBHelper(  862): com.samsung.android.app.watchmanagerstub calculating percentage: totalPower0.0 batteryDeltaInLast24Hours: 128 totalPowerInLast24Hours: 2053.137157591638 screenUsageIn24Hour: 188.45885866666657 percentage: 0.0
I/BatteryStatsDBHelper(  862): com.sec.android.app.GlanceView calculating percentage: totalPower0.3436164404490423 batteryDeltaInLast24Hours: 128 totalPowerInLast24Hours: 2053.137157591638 screenUsageIn24Hour: 188.45885866666657 percentage: 0.019621244889118847
I/BatteryStatsDBHelper(  862): com.google.android.talk calculating percentage: totalPower5.317140061407408 batteryDeltaInLast24Hours: 128 totalPowerInLast24Hours: 2053.137157591638 screenUsageIn24Hour: 188.45885866666657 percentage: 0.30362024331047965
I/BatteryStatsDBHelper(  862): com.samsung.scrc.idi.server calculating percentage: totalPower0.0 batteryDeltaInLast24Hours: 128 totalPowerInLast24Hours: 2053.137157591638 screenUsageIn24Hour: 188.45885866666657 percentage: 0.0
I/BatteryStatsDBHelper(  862): com.sec.android.app.controlpanel calculating percentage: totalPower0.06699220766239633 batteryDeltaInLast24Hours: 128 totalPowerInLast24Hours: 2053.137157591638 screenUsageIn24Hour: 188.45885866666657 percentage: 0.0038254005264963913
I/BatteryStatsDBHelper(  862): com.LocalFota calculating percentage: totalPower0.0 batteryDeltaInLast24Hours: 128 totalPowerInLast24Hours: 2053.137157591638 screenUsageIn24Hour: 188.45885866666657 percentage: 0.0
I/BatteryStatsDBHelper(  862): com.google.android.apps.magazines calculating percentage: totalPower0.18498366239055572 batteryDeltaInLast24Hours: 128 totalPowerInLast24Hours: 2053.137157591638 screenUsageIn24Hour: 188.45885866666657 percentage: 0.010562968801806915
I/BatteryStatsDBHelper(  862): com.google.android.music calculating percentage: totalPower0.6163643202636194 batteryDeltaInLast24Hours: 128 totalPowerInLast24Hours: 2053.137157591638 screenUsageIn24Hour: 188.45885866666657 percentage: 0.03519574107980217
I/BatteryStatsDBHelper(  862): com.sec.android.app.music calculating percentage: totalPower6.177310886002219 batteryDeltaInLast24Hours: 128 totalPowerInLast24Hours: 2053.137157591638 screenUsageIn24Hour: 188.45885866666657 percentage: 0.3527378651966565
I/BatteryStatsDBHelper(  862): com.android.providers.partnerbookmarks calculating percentage: totalPower0.0 batteryDeltaInLast24Hours: 128 totalPowerInLast24Hours: 2053.137157591638 screenUsageIn24Hour: 188.45885866666657 percentage: 0.0
I/BatteryStatsDBHelper(  862): com.google.android.apps.plus calculating percentage: totalPower2.520186937716722 batteryDeltaInLast24Hours: 128 totalPowerInLast24Hours: 2053.137157591638 screenUsageIn24Hour: 188.45885866666657 percentage: 0.14390814655630987
I/BatteryStatsDBHelper(  862): com.sec.android.app.sbrowser calculating percentage: totalPower0.0 batteryDeltaInLast24Hours: 128 totalPowerInLast24Hours: 2053.137157591638 screenUsageIn24Hour: 188.45885866666657 percentage: 0.0
I/BatteryStatsDBHelper(  862): com.android.printspooler calculating percentage: totalPower0.0 batteryDeltaInLast24Hours: 128 totalPowerInLast24Hours: 2053.137157591638 screenUsageIn24Hour: 188.45885866666657 percentage: 0.0
I/BatteryStatsDBHelper(  862): com.sec.android.app.camera calculating percentage: totalPower0.08878678687304287 batteryDeltaInLast24Hours: 128 totalPowerInLast24Hours: 2053.137157591638 screenUsageIn24Hour: 188.45885866666657 percentage: 0.005069918324854796
I/BatteryStatsDBHelper(  862): com.sec.android.widgetapp.activeapplicationwidget calculating percentage: totalPower0.011353331917591102 batteryDeltaInLast24Hours: 128 totalPowerInLast24Hours: 2053.137157591638 screenUsageIn24Hour: 188.45885866666657 percentage: 6.482999054742264E-4
I/BatteryStatsDBHelper(  862): com.android.calendar calculating percentage: totalPower0.24735310625468193 batteryDeltaInLast24Hours: 128 totalPowerInLast24Hours: 2053.137157591638 screenUsageIn24Hour: 188.45885866666657 percentage: 0.014124399477408286
I/BatteryStatsDBHelper(  862): com.android.exchange calculating percentage: totalPower0.18274722872693167 batteryDeltaInLast24Hours: 128 totalPowerInLast24Hours: 2053.137157591638 screenUsageIn24Hour: 188.45885866666657 percentage: 0.010435263583352023
I/BatteryStatsDBHelper(  862): com.sec.smartcard.manager calculating percentage: totalPower0.0 batteryDeltaInLast24Hours: 128 totalPowerInLast24Hours: 2053.137157591638 screenUsageIn24Hour: 188.45885866666657 percentage: 0.0
I/BatteryStatsDBHelper(  862): com.nuance.swype.input calculating percentage: totalPower1.7968825935860007 batteryDeltaInLast24Hours: 128 totalPowerInLast24Hours: 2053.137157591638 screenUsageIn24Hour: 188.45885866666657 percentage: 0.10260589790078595
I/BatteryStatsDBHelper(  862): com.sec.tetheringprovision calculating percentage: totalPower0.020911648598642286 batteryDeltaInLast24Hours: 128 totalPowerInLast24Hours: 2053.137157591638 screenUsageIn24Hour: 188.45885866666657 percentage: 0.0011941005431898356
I/BatteryStatsDBHelper(  862): com.samsung.android.service.travel calculating percentage: totalPower0.016479139049547863 batteryDeltaInLast24Hours: 128 totalPowerInLast24Hours: 2053.137157591638 screenUsageIn24Hour: 188.45885866666657 percentage: 9.40994623046771E-4
I/BatteryStatsDBHelper(  862): com.matchboxmobile.wisp calculating percentage: totalPower0.18605400171592668 batteryDeltaInLast24Hours: 128 totalPowerInLast24Hours: 2053.137157591638 screenUsageIn24Hour: 188.45885866666657 percentage: 0.01062408750145386
I/BatteryStatsDBHelper(  862): com.sec.android.daemonapp calculating percentage: totalPower0.5974742707786416 batteryDeltaInLast24Hours: 128 totalPowerInLast24Hours: 2053.137157591638 screenUsageIn24Hour: 188.45885866666657 percentage: 0.034117078235766075
I/BatteryStatsDBHelper(  862): com.google.android.marvin.talkback calculating percentage: totalPower0.0 batteryDeltaInLast24Hours: 128 totalPowerInLast24Hours: 2053.137157591638 screenUsageIn24Hour: 188.45885866666657 percentage: 0.0
I/BatteryStatsDBHelper(  862): com.evernote calculating percentage: totalPower3.894139964538102 batteryDeltaInLast24Hours: 128 totalPowerInLast24Hours: 2053.137157591638 screenUsageIn24Hour: 188.45885866666657 percentage: 0.22236384783235605
I/BatteryStatsDBHelper(  862): com.cequint.ecid calculating percentage: totalPower2.044394625844223 batteryDeltaInLast24Hours: 128 totalPowerInLast24Hours: 2053.137157591638 screenUsageIn24Hour: 188.45885866666657 percentage: 0.11673937239809329
I/BatteryStatsDBHelper(  862): com.android.managedprovisioning calculating percentage: totalPower0.0 batteryDeltaInLast24Hours: 128 totalPowerInLast24Hours: 2053.137157591638 screenUsageIn24Hour: 188.45885866666657 percentage: 0.0
I/BatteryStatsDBHelper(  862): com.samsung.aab calculating percentage: totalPower0.0 batteryDeltaInLast24Hours: 128 totalPowerInLast24Hours: 2053.137157591638 screenUsageIn24Hour: 188.45885866666657 percentage: 0.0
I/BatteryStatsDBHelper(  862): com.samsung.android.app.FileShareServer calculating percentage: totalPower0.05893210883409824 batteryDeltaInLast24Hours: 128 totalPowerInLast24Hours: 2053.137157591638 screenUsageIn24Hour: 188.45885866666657 percentage: 0.003365151381450056
I/BatteryStatsDBHelper(  862): com.sec.android.app.chromecustomizations calculating percentage: totalPower0.0 batteryDeltaInLast24Hours: 128 totalPowerInLast24Hours: 2053.137157591638 screenUsageIn24Hour: 188.45885866666657 percentage: 0.0
I/BatteryStatsDBHelper(  862): com.sec.android.widgetapp.SPlannerAppWidget calculating percentage: totalPower0.007214941697405792 batteryDeltaInLast24Hours: 128 totalPowerInLast24Hours: 2053.137157591638 screenUsageIn24Hour: 188.45885866666657 percentage: 4.119888376717756E-4
I/BatteryStatsDBHelper(  862): com.samsung.shareshot calculating percentage: totalPower0.0 batteryDeltaInLast24Hours: 128 totalPowerInLast24Hours: 2053.137157591638 screenUsageIn24Hour: 188.45885866666657 percentage: 0.0
I/BatteryStatsDBHelper(  862): com.mlssoccer calculating percentage: totalPower8.28590588843643E-4 batteryDeltaInLast24Hours: 128 totalPowerInLast24Hours: 2053.137157591638 screenUsageIn24Hour: 188.45885866666657 percentage: 4.7314321850474245E-5
I/BatteryStatsDBHelper(  862): com.android.defcontainer calculating percentage: totalPower0.0031877184912603488 batteryDeltaInLast24Hours: 128 totalPowerInLast24Hours: 2053.137157591638 screenUsageIn24Hour: 188.45885866666657 percentage: 1.8202564776253005E-4
I/BatteryStatsDBHelper(  862): com.android.providers.contacts calculating percentage: totalPower1.8188041734595073 batteryDeltaInLast24Hours: 128 totalPowerInLast24Hours: 2053.137157591638 screenUsageIn24Hour: 188.45885866666657 percentage: 0.10385766771276687
I/BatteryStatsDBHelper(  862): com.android.providers.media calculating percentage: totalPower7.552328346450853 batteryDeltaInLast24Hours: 128 totalPowerInLast24Hours: 2053.137157591638 screenUsageIn24Hour: 188.45885866666657 percentage: 0.43125434794416334
I/BatteryStatsDBHelper(  862): com.google.android.apps.docs.editors.docs calculating percentage: totalPower0.004768092765662859 batteryDeltaInLast24Hours: 128 totalPowerInLast24Hours: 2053.137157591638 screenUsageIn24Hour: 188.45885866666657 percentage: 2.722684505050075E-4
I/BatteryStatsDBHelper(  862): com.google.android.apps.docs calculating percentage: totalPower3.6010104311331324 batteryDeltaInLast24Hours: 128 totalPowerInLast24Hours: 2053.137157591638 screenUsageIn24Hour: 188.45885866666657 percentage: 0.20562551496430168
I/BatteryStatsDBHelper(  862): com.google.android.videos calculating percentage: totalPower0.039653758542141225 batteryDeltaInLast24Hours: 128 totalPowerInLast24Hours: 2053.137157591638 screenUsageIn24Hour: 188.45885866666657 percentage: 0.0022643157181669415
I/BatteryStatsDBHelper(  862): com.samsung.android.asksmanager calculating percentage: totalPower0.0 batteryDeltaInLast24Hours: 128 totalPowerInLast24Hours: 2053.137157591638 screenUsageIn24Hour: 188.45885866666657 percentage: 0.0
I/BatteryStatsDBHelper(  862): com.sec.android.app.easylauncher calculating percentage: totalPower4.173245077169358 batteryDeltaInLast24Hours: 128 totalPowerInLast24Hours: 2053.137157591638 screenUsageIn24Hour: 188.45885866666657 percentage: 0.23830135582116574
I/BatteryStatsDBHelper(  862): com.samsung.android.scloud.proxy.calendar calculating percentage: totalPower0.0 batteryDeltaInLast24Hours: 128 totalPowerInLast24Hours: 2053.137157591638 screenUsageIn24Hour: 188.45885866666657 percentage: 0.0
I/BatteryStatsDBHelper(  862): com.samsung.groupcast calculating percentage: totalPower0.0 batteryDeltaInLast24Hours: 128 totalPowerInLast24Hours: 2053.137157591638 screenUsageIn24Hour: 188.45885866666657 percentage: 0.0
I/BatteryStatsDBHelper(  862): com.android.musicfx calculating percentage: totalPower0.0070673563396915304 batteryDeltaInLast24Hours: 128 totalPowerInLast24Hours: 2053.137157591638 screenUsageIn24Hour: 188.45885866666657 percentage: 4.0356139327483276E-4
I/BatteryStatsDBHelper(  862): com.samsung.android.provider.filterprovider calculating percentage: totalPower0.0 batteryDeltaInLast24Hours: 128 totalPowerInLast24Hours: 2053.137157591638 screenUsageIn24Hour: 188.45885866666657 percentage: 0.0
I/BatteryStatsDBHelper(  862): com.sec.kidsplat.installer calculating percentage: totalPower0.0 batteryDeltaInLast24Hours: 128 totalPowerInLast24Hours: 2053.137157591638 screenUsageIn24Hour: 188.45885866666657 percentage: 0.0
I/BatteryStatsDBHelper(  862): com.sec.android.service.health calculating percentage: totalPower0.0 batteryDeltaInLast24Hours: 128 totalPowerInLast24Hours: 2053.137157591638 screenUsageIn24Hour: 188.45885866666657 percentage: 0.0
I/BatteryStatsDBHelper(  862): com.samsung.android.sdk.samsunglink calculating percentage: totalPower0.020430754602928904 batteryDeltaInLast24Hours: 128 totalPowerInLast24Hours: 2053.137157591638 screenUsageIn24Hour: 188.45885866666657 percentage: 0.0011666404518063489
I/BatteryStatsDBHelper(  862): com.google.android.apps.youtube.music calculating percentage: totalPower9.739942259613155 batteryDeltaInLast24Hours: 128 totalPowerInLast24Hours: 2053.137157591638 screenUsageIn24Hour: 188.45885866666657 percentage: 0.5561718526389557
I/BatteryStatsDBHelper(  862): com.google.android.play.games calculating percentage: totalPower0.0 batteryDeltaInLast24Hours: 128 totalPowerInLast24Hours: 2053.137157591638 screenUsageIn24Hour: 188.45885866666657 percentage: 0.0
I/BatteryStatsDBHelper(  862): com.google.android.apps.books calculating percentage: totalPower0.2812472454849521 batteryDeltaInLast24Hours: 128 totalPowerInLast24Hours: 2053.137157591638 screenUsageIn24Hour: 188.45885866666657 percentage: 0.01605982842625
I/BatteryStatsDBHelper(  862): com.samsung.android.allshare.service.mediashare calculating percentage: totalPower0.035941851371861726 batteryDeltaInLast24Hours: 128 totalPowerInLast24Hours: 2053.137157591638 screenUsageIn24Hour: 188.45885866666657 percentage: 0.0020523577585927367
I/BatteryStatsDBHelper(  862): com.sec.android.app.translator calculating percentage: totalPower0.0 batteryDeltaInLast24Hours: 128 totalPowerInLast24Hours: 2053.137157591638 screenUsageIn24Hour: 188.45885866666657 percentage: 0.0
I/BatteryStatsDBHelper(  862): com.espn.fantasy.lm.football calculating percentage: totalPower0.0 batteryDeltaInLast24Hours: 128 totalPowerInLast24Hours: 2053.137157591638 screenUsageIn24Hour: 188.45885866666657 percentage: 0.0
I/BatteryStatsDBHelper(  862): com.android.sharedstoragebackup calculating percentage: totalPower0.0 batteryDeltaInLast24Hours: 128 totalPowerInLast24Hours: 2053.137157591638 screenUsageIn24Hour: 188.45885866666657 percentage: 0.0
I/BatteryStatsDBHelper(  862): com.google.android.gm calculating percentage: totalPower0.0 batteryDeltaInLast24Hours: 128 totalPowerInLast24Hours: 2053.137157591638 screenUsageIn24Hour: 188.45885866666657 percentage: 0.0
I/BatteryStatsDBHelper(  862): com.sec.android.app.FlashBarService calculating percentage: totalPower0.0 batteryDeltaInLast24Hours: 128 totalPowerInLast24Hours: 2053.137157591638 screenUsageIn24Hour: 188.45885866666657 percentage: 0.0
I/BatteryStatsDBHelper(  862): com.samsung.android.nearby.mediaserver calculating percentage: totalPower0.00522021857934616 batteryDeltaInLast24Hours: 128 totalPowerInLast24Hours: 2053.137157591638 screenUsageIn24Hour: 188.45885866666657 percentage: 2.9808581622644696E-4
I/BatteryStatsDBHelper(  862): com.diotek.diodict3.service calculating percentage: totalPower0.0 batteryDeltaInLast24Hours: 128 totalPowerInLast24Hours: 2053.137157591638 screenUsageIn24Hour: 188.45885866666657 percentage: 0.0
I/BatteryStatsDBHelper(  862): com.infraware.polarisoffice5 calculating percentage: totalPower0.0 batteryDeltaInLast24Hours: 128 totalPowerInLast24Hours: 2053.137157591638 screenUsageIn24Hour: 188.45885866666657 percentage: 0.0
I/BatteryStatsDBHelper(  862): com.sec.android.app.ocr calculating percentage: totalPower0.0 batteryDeltaInLast24Hours: 128 totalPowerInLast24Hours: 2053.137157591638 screenUsageIn24Hour: 188.45885866666657 percentage: 0.0
I/BatteryStatsDBHelper(  862): com.sec.android.app.popupcalculator calculating percentage: totalPower0.0 batteryDeltaInLast24Hours: 128 totalPowerInLast24Hours: 2053.137157591638 screenUsageIn24Hour: 188.45885866666657 percentage: 0.0
I/BatteryStatsDBHelper(  862): org.selco.mobile calculating percentage: totalPower0.0 batteryDeltaInLast24Hours: 128 totalPowerInLast24Hours: 2053.137157591638 screenUsageIn24Hour: 188.45885866666657 percentage: 0.0
I/BatteryStatsDBHelper(  862): com.sec.android.mmapp calculating percentage: totalPower0.0 batteryDeltaInLast24Hours: 128 totalPowerInLast24Hours: 2053.137157591638 screenUsageIn24Hour: 188.45885866666657 percentage: 0.0
I/BatteryStatsDBHelper(  862): com.menny.android.anysoftkeyboard calculating percentage: totalPower6.452814919336303E-4 batteryDeltaInLast24Hours: 128 totalPowerInLast24Hours: 2053.137157591638 screenUsageIn24Hour: 188.45885866666657 percentage: 3.684697437381016E-5
I/BatteryStatsDBHelper(  862): com.android.packageinstaller calculating percentage: totalPower0.006401616992826931 batteryDeltaInLast24Hours: 128 totalPowerInLast24Hours: 2053.137157591638 screenUsageIn24Hour: 188.45885866666657 percentage: 3.655462309616386E-4
I/BatteryStatsDumper(  862): Writing to database completed
D/ConnectivityService(  862): returning getNetworkInfo(networkType - 1) :[type: WIFI[] - WIFI, state: CONNECTED/CONNECTED, reason: (unspecified), extra: "UO Secure", roaming: false, failover: false, isAvailable: true, isConnectedToProvisioningNetwork: false]
D/ActivityManager(  862): startService callerProcessName:com.google.android.gms, calleePkgName: com.google.android.gms
D/ActivityManager(  862): caller:android.app.ApplicationThreadProxy@1c08bbaa, r.packageName :com.google.android.gms
D/MediaScanner(30430): Prescan. DB items number : 2732 DB_FILES_NUMBER_CACHING_LIMITATION : 7000  Caching mode : true
W/Settings( 7560): Setting android_id has moved from android.provider.Settings.System to android.provider.Settings.Secure, returning read-only value.
D/ResourcesManager( 7560): creating new AssetManager and set to /data/app/com.google.android.gms-1/base.apk
D/ActivityManager(  862): bindService callerProcessName:com.google.android.gms, calleePkgName: com.google.android.gms, action: null
W/ResourcesManager( 7560): Asset path '/system/framework/com.android.media.remotedisplay.jar' does not exist or contains no resources.
W/ResourcesManager( 7560): Asset path '/system/framework/com.android.location.provider.jar' does not exist or contains no resources.
I/System.out( 5389): (HTTPLog)-Static: isSBSettingEnabled false
D/EnterpriseController(  294): mIsMarkChainAdded is 0 mIsBlockChainAdded is 0 netId is 0
D/Netd    (  294): getNetworkForDns: using netid 2044 for uid 10013
V/MediaPlayerService(  303): Create new media retriever from pid 30430
I/System.out( 5389): KnoxVpnUidStorageknoxVpnSupported API value returned is false
D/EnterpriseController(  294): mIsMarkChainAdded is 0 mIsBlockChainAdded is 0 netId is 0
D/Netd    (  294): getNetworkForDns: using netid 2044 for uid 10224
W/GeofencerStateMachine( 5389): Ignoring removeGeofence because network location is disabled.
D/StatusBar.NetworkController( 2470): refreshViews connected={ wifi } level=2 combinedSignalIconId=0x7f02051e/com.android.systemui:drawable/stat_sys_wifi_signal_4 mobileLabel=AT&T wifiLabel="UO Secure"xxxxXXXXxxxxXXXX emergencyOnly=false combinedLabel="UO Secure"xxxxXXXXxxxxXXXX mAirplaneMode=false mDataActivity=3 mPhoneSignalIconId=0x7f020610/com.android.systemui:drawable/tw_stat_sys_5_level_signal_2 mQSPhoneSignalIconId=0x7f02012a/com.android.systemui:drawable/ic_qs_signal_2 mDataDirectionIconId=0x0/(null) mDataSignalIconId=0x7f020610/com.android.systemui:drawable/tw_stat_sys_5_level_signal_2 mDataTypeIconId=0x7f02032e/com.android.systemui:drawable/stat_sys_data_connected_lte_att mQSDataTypeIconId=0x0/(null) mNoSimIconId=0x0/(null) mWifiIconId=0x7f02051e/com.android.systemui:drawable/stat_sys_wifi_signal_4 mQSWifiIconId=0x7f020143/com.android.systemui:drawable/ic_qs_wifi_4 mWifiActivityIconId=0x7f0204ef/com.android.systemui:drawable/stat_sys_signal_inout mBluetoothTetherIconId=0x10808cc/android:drawable/stat_sys_tether_bluetooth
D/STATUSBAR-WifiQuickSettingButton( 2470): onWifiSignalChanged enabled=true enabledDesc:"UO Secure"
D/StatusBar.NetworkController( 2470): refreshSignalCluster - setNWBoosterIndicators(false)
D/StatusBar.NetworkController( 2470): applyOpen
D/StatusBar.NetworkController( 2470): refreshSignalCluster - setNWBoosterIndicators(false)
D/StatusBar.NetworkController( 2470): applyOpen
D/StatusBar.NetworkController( 2470): refreshSignalCluster - setNWBoosterIndicators(false)
D/StatusBar.NetworkController( 2470): applyOpen
D/StatusBar.NetworkController( 2470): refreshSignalCluster - setNWBoosterIndicators(false)
D/StatusBar.NetworkController( 2470): applyOpen
I/SoundUtil( 7560): Scanned /storage/emulated/0/Notifications/My Weather.mp3, uri=content://media/external/audio/media/3903
I/SoundUtil( 7560): (TwcGeneral) BREAKING_NEWS_ALERT_SOUND was already set to content://media/external/audio/media/3903
W/Conscrypt( 5389): Could not set socket write timeout: null
D/MediaScanner(30430): scanSingleFile : 7klwibgf7fvntblfd7(7Uwlrercblrwuk7Vz Kfmfif Ofblpfi5vh+
D/MediaScanner(30430): Prescan. DB items number : 2732 DB_FILES_NUMBER_CACHING_LIMITATION : 7000  Caching mode : true
V/MediaPlayerService(  303): Create new media retriever from pid 30430
I/SoundUtil( 7560): Scanned /storage/emulated/0/Notifications/My Severe Weather.mp3, uri=content://media/external/audio/media/3904
I/SoundUtil( 7560): (TwcGeneral) SEVERE_ALERT_SOUND was already set to content://media/external/audio/media/3904
D/MediaScanner(30430): scanSingleFile : 7klwibgf7fvntblfd7(7Uwlrercblrwuk7Vz Ofblpfi5vh+
D/MediaScanner(30430): Prescan. DB items number : 2732 DB_FILES_NUMBER_CACHING_LIMITATION : 7000  Caching mode : true
V/MediaPlayerService(  303): Create new media retriever from pid 30430
D/airlock.AirlockDAO( 7560): The content has not changed, url:
D/airlock.AirlockDAO( 7560): The content has not changed, url:
I/AirlockContextManager( 7560): (LogAirlock) Airlock feature configuration is synchronized
W/Conscrypt( 5389): Could not set socket write timeout: null
I/SoundUtil( 7560): Scanned /storage/emulated/0/Notifications/My Weather.mp3, uri=content://media/external/audio/media/3903
I/SoundUtil( 7560): (TwcGeneral) RAIN_SNOW_ALERT_SOUND was already set to content://media/external/audio/media/3903
D/MediaScanner(30430): scanSingleFile : 7klwibgf7fvntblfd7(7Uwlrercblrwuk7Vz Ofblpfi5vh+
D/MediaScanner(30430): Prescan. DB items number : 2732 DB_FILES_NUMBER_CACHING_LIMITATION : 7000  Caching mode : true
V/MediaPlayerService(  303): Create new media retriever from pid 30430
I/SoundUtil( 7560): Scanned /storage/emulated/0/Notifications/My Weather.mp3, uri=content://media/external/audio/media/3903
I/SoundUtil( 7560): (TwcGeneral) POLLEN_ALERT_SOUND was already set to content://media/external/audio/media/3903
D/MediaScanner(30430): scanSingleFile : 7klwibgf7fvntblfd7(7Uwlrercblrwuk7Vz Ofblpfi5vh+
D/MediaScanner(30430): Prescan. DB items number : 2732 DB_FILES_NUMBER_CACHING_LIMITATION : 7000  Caching mode : true
V/MediaPlayerService(  303): Create new media retriever from pid 30430
I/SoundUtil( 7560): Scanned /storage/emulated/0/Notifications/My Weather.mp3, uri=content://media/external/audio/media/3903
I/SoundUtil( 7560): (TwcGeneral) REAL_TIME_RAIN_ALERT_SOUND was already set to content://media/external/audio/media/3903
D/MediaScanner(30430): scanSingleFile : 7klwibgf7fvntblfd7(7Uwlrercblrwuk7Vz Kfmfif Ofblpfi5vh+
D/MediaScanner(30430): Prescan. DB items number : 2732 DB_FILES_NUMBER_CACHING_LIMITATION : 7000  Caching mode : true
I/art     (  449): Explicit concurrent mark sweep GC freed 13970(662KB) AllocSpace objects, 0(0B) LOS objects, 40% free, 15MB/26MB, paused 640us total 57.708ms
E/Diag_Lib( 7730):  Diag_LSM_Init: Failed to open handle to diag driver, error = 2
I/GcmRegistration( 7560): (TwcGeneral) registerId=ezfbjtBSUcY:APA91bFfSFcAla0hA1Hu3PzTpDfBG0DYr6gyYURwa419MBaU1ft6tNGDhcTdxxNT9Zfq33F9tBzHx_bpFEpV_uSRh3cSnXZPN32tNTdOZSHcGHwDDCFl1dWidjjJRh-PXr6k0J73FxUd
D/StatusBar.NetworkController( 2470): refreshViews connected={ wifi } level=2 combinedSignalIconId=0x7f02051b/com.android.systemui:drawable/stat_sys_wifi_signal_3 mobileLabel=AT&T wifiLabel="UO Secure"xxxxXXXXxxxxXXXX emergencyOnly=false combinedLabel="UO Secure"xxxxXXXXxxxxXXXX mAirplaneMode=false mDataActivity=3 mPhoneSignalIconId=0x7f020610/com.android.systemui:drawable/tw_stat_sys_5_level_signal_2 mQSPhoneSignalIconId=0x7f02012a/com.android.systemui:drawable/ic_qs_signal_2 mDataDirectionIconId=0x0/(null) mDataSignalIconId=0x7f020610/com.android.systemui:drawable/tw_stat_sys_5_level_signal_2 mDataTypeIconId=0x7f02032e/com.android.systemui:drawable/stat_sys_data_connected_lte_att mQSDataTypeIconId=0x0/(null) mNoSimIconId=0x0/(null) mWifiIconId=0x7f02051b/com.android.systemui:drawable/stat_sys_wifi_signal_3 mQSWifiIconId=0x7f020142/com.android.systemui:drawable/ic_qs_wifi_3 mWifiActivityIconId=0x7f0204ef/com.android.systemui:drawable/stat_sys_signal_inout mBluetoothTetherIconId=0x10808cc/android:drawable/stat_sys_tether_bluetooth
D/STATUSBAR-WifiQuickSettingButton( 2470): onWifiSignalChanged enabled=true enabledDesc:"UO Secure"
D/StatusBar.NetworkController( 2470): refreshSignalCluster - setNWBoosterIndicators(false)
D/StatusBar.NetworkController( 2470): applyOpen
D/StatusBar.NetworkController( 2470): refreshSignalCluster - setNWBoosterIndicators(false)
D/StatusBar.NetworkController( 2470): applyOpen
D/StatusBar.NetworkController( 2470): refreshSignalCluster - setNWBoosterIndicators(false)
D/StatusBar.NetworkController( 2470): applyOpen
D/StatusBar.NetworkController( 2470): refreshSignalCluster - setNWBoosterIndicators(false)
D/StatusBar.NetworkController( 2470): applyOpen
I/art     (  862): Explicit concurrent mark sweep GC freed 187412(9MB) AllocSpace objects, 27(3MB) LOS objects, 16% free, 81MB/97MB, paused 4.913ms total 278.869ms
V/MediaPlayerService(  303): Create new media retriever from pid 30430
I/SoundUtil( 7560): Scanned /storage/emulated/0/Notifications/My Severe Weather.mp3, uri=content://media/external/audio/media/3904
I/SoundUtil( 7560): (TwcGeneral) LIGHTNING_ALERT_SOUND was already set to content://media/external/audio/media/3903
D/MediaScanner(30430): scanSingleFile : 7klwibgf7fvntblfd7(7Uwlrercblrwuk7Vz Ofblpfi5vh+
D/MediaScanner(30430): Prescan. DB items number : 2732 DB_FILES_NUMBER_CACHING_LIMITATION : 7000  Caching mode : true
V/MediaPlayerService(  303): Create new media retriever from pid 30430
I/SoundUtil( 7560): Scanned /storage/emulated/0/Notifications/My Weather.mp3, uri=content://media/external/audio/media/3903
I/SoundUtil( 7560): (TwcGeneral) SIGNIFICANT_WEATHER_FORECAST_ALERTS_SOUND was already set to content://media/external/audio/media/3903
