I/BatteryStatsDBHelper(  862): In checkForPowerThreshold, Package name = com.sec.android.app.samsungapps
I/BatteryStatsDBHelper(  862): Checking to remove old data from [com.sec.android.app.samsungapps] before adding this new one at 48:10:50
I/BatteryStatsDBHelper(  862): First entry has timestamp as 47:10:41
I/BatteryStatsDBHelper(  862): Deleting entry for time = 47:10:41in table name : [com.sec.android.app.samsungapps]
I/BatteryStatsDBHelper(  862): Next entry's timestamp is 47:10:52
I/BatteryStatsDBHelper(  862):  maintainNotifiedAppList called 
I/BatteryStatsDBHelper(  862): checkForPowerThreshold:: lcdOffPowerInLastHour : 0.026383582947389097Package:com.sec.android.app.samsungapps
I/BatteryStatsDBHelper(  862): checkForPowerThreshold:: Total Power in last hour : 9.213275960262687
I/BatteryStatsDBHelper(  862): Added in Sipper List for last Hour :com.sec.android.app.samsungapps
I/BatteryStatsDBHelper(  862): Total Power in last 24 hours : 98.12761943790727
I/BatteryStatsDBHelper(  862): Added in Sipper List for 24 Hours :com.sec.android.app.samsungapps
I/BatteryStatsDBHelper(  862): In checkForPowerThreshold, Package name = com.osp.app.signin
I/BatteryStatsDBHelper(  862): Checking to remove old data from [com.osp.app.signin] before adding this new one at 48:10:50
I/BatteryStatsDBHelper(  862): First entry has timestamp as 47:10:41
I/BatteryStatsDBHelper(  862): Deleting entry for time = 47:10:41in table name : [com.osp.app.signin]
I/BatteryStatsDBHelper(  862): Next entry's timestamp is 47:10:52
I/BatteryStatsDBHelper(  862):  maintainNotifiedAppList called 
I/BatteryStatsDBHelper(  862): checkForPowerThreshold:: lcdOffPowerInLastHour : 0.00799427371162586Package:com.osp.app.signin
I/BatteryStatsDBHelper(  862): checkForPowerThreshold:: Total Power in last hour : 9.221270233974312
I/BatteryStatsDBHelper(  862): Added in Sipper List for last Hour :com.osp.app.signin
I/BatteryStatsDBHelper(  862): Total Power in last 24 hours : 98.1442478139339
I/BatteryStatsDBHelper(  862): Added in Sipper List for 24 Hours :com.osp.app.signin
I/BatteryStatsDBHelper(  862): In checkForPowerThreshold, Package name = com.android.providers.calendar
I/BatteryStatsDBHelper(  862): Checking to remove old data from [com.android.providers.calendar] before adding this new one at 48:10:50
I/BatteryStatsDBHelper(  862): First entry has timestamp as 47:10:41
I/BatteryStatsDBHelper(  862): Deleting entry for time = 47:10:41in table name : [com.android.providers.calendar]
I/BatteryStatsDBHelper(  862): Next entry's timestamp is 47:10:52
I/BatteryStatsDBHelper(  862):  maintainNotifiedAppList called 
I/BatteryStatsDBHelper(  862): checkForPowerThreshold:: lcdOffPowerInLastHour : 0.027206993828876584Package:com.android.providers.calendar
I/BatteryStatsDBHelper(  862): checkForPowerThreshold:: Total Power in last hour : 9.248477227803189
I/BatteryStatsDBHelper(  862): Added in Sipper List for last Hour :com.android.providers.calendar
I/BatteryStatsDBHelper(  862): Total Power in last 24 hours : 98.27916185474918
I/BatteryStatsDBHelper(  862): Added in Sipper List for 24 Hours :com.android.providers.calendar
I/BatteryStatsDBHelper(  862): In checkForPowerThreshold, Package name = com.sec.android.gallery3d
I/BatteryStatsDBHelper(  862): Checking to remove old data from [com.sec.android.gallery3d] before adding this new one at 48:10:50
I/BatteryStatsDBHelper(  862): First entry has timestamp as 47:10:41
I/BatteryStatsDBHelper(  862): Deleting entry for time = 47:10:41in table name : [com.sec.android.gallery3d]
I/BatteryStatsDBHelper(  862): Next entry's timestamp is 47:10:52
I/BatteryStatsDBHelper(  862):  maintainNotifiedAppList called 
I/BatteryStatsDBHelper(  862): checkForPowerThreshold:: lcdOffPowerInLastHour : 0.3884072284993518Package:com.sec.android.gallery3d
I/BatteryStatsDBHelper(  862): checkForPowerThreshold:: Total Power in last hour : 10.470214253288049
I/BatteryStatsDBHelper(  862): Added in Sipper List for last Hour :com.sec.android.gallery3d
I/BatteryStatsDBHelper(  862): Total Power in last 24 hours : 101.20306883712736
I/BatteryStatsDBHelper(  862): Added in Sipper List for 24 Hours :com.sec.android.gallery3d
I/BatteryStatsDBHelper(  862): In checkForPowerThreshold, Package name = com.android.mms
I/BatteryStatsDBHelper(  862): Checking to remove old data from [com.android.mms] before adding this new one at 48:10:50
I/BatteryStatsDBHelper(  862): First entry has timestamp as 47:10:41
I/BatteryStatsDBHelper(  862): Deleting entry for time = 47:10:41in table name : [com.android.mms]
I/BatteryStatsDBHelper(  862): Next entry's timestamp is 47:10:52
I/BatteryStatsDBHelper(  862):  maintainNotifiedAppList called 
I/BatteryStatsDBHelper(  862): checkForPowerThreshold:: lcdOffPowerInLastHour : 0.0Package:com.android.mms
I/BatteryStatsDBHelper(  862): checkForPowerThreshold:: Total Power in last hour : 11.254097586913346
I/BatteryStatsDBHelper(  862): Added in Sipper List for last Hour :com.android.mms
I/BatteryStatsDBHelper(  862): Total Power in last 24 hours : 107.5817017870033
I/BatteryStatsDBHelper(  862): Added in Sipper List for 24 Hours :com.android.mms
I/BatteryStatsDBHelper(  862): In checkForPowerThreshold, Package name = com.sec.android.app.myfiles
I/BatteryStatsDBHelper(  862): Checking to remove old data from [com.sec.android.app.myfiles] before adding this new one at 48:10:50
I/BatteryStatsDBHelper(  862): First entry has timestamp as 47:10:41
I/BatteryStatsDBHelper(  862): Deleting entry for time = 47:10:41in table name : [com.sec.android.app.myfiles]
I/BatteryStatsDBHelper(  862): Next entry's timestamp is 47:10:52
I/BatteryStatsDBHelper(  862):  maintainNotifiedAppList called 
I/BatteryStatsDBHelper(  862): checkForPowerThreshold:: lcdOffPowerInLastHour : 0.0Package:com.sec.android.app.myfiles
I/BatteryStatsDBHelper(  862): checkForPowerThreshold:: Total Power in last hour : 11.254097586913346
I/BatteryStatsDBHelper(  862): Added in Sipper List for last Hour :com.sec.android.app.myfiles
I/BatteryStatsDBHelper(  862): Total Power in last 24 hours : 107.5817017870033
I/BatteryStatsDBHelper(  862): Added in Sipper List for 24 Hours :com.sec.android.app.myfiles
I/BatteryStatsDBHelper(  862): In checkForPowerThreshold, Package name = com.sec.android.app.videoplayer
I/BatteryStatsDBHelper(  862): Checking to remove old data from [com.sec.android.app.videoplayer] before adding this new one at 48:10:50
I/BatteryStatsDBHelper(  862): First entry has timestamp as 47:10:41
I/BatteryStatsDBHelper(  862): Deleting entry for time = 47:10:41in table name : [com.sec.android.app.videoplayer]
I/BatteryStatsDBHelper(  862): Next entry's timestamp is 47:10:52
I/BatteryStatsDBHelper(  862):  maintainNotifiedAppList called 
I/BatteryStatsDBHelper(  862): checkForPowerThreshold:: lcdOffPowerInLastHour : 0.008274871803505144Package:com.sec.android.app.videoplayer
I/BatteryStatsDBHelper(  862): checkForPowerThreshold:: Total Power in last hour : 11.264917312514735
I/BatteryStatsDBHelper(  862): Added in Sipper List for last Hour :com.sec.android.app.videoplayer
I/BatteryStatsDBHelper(  862): Total Power in last 24 hours : 107.70076017436811
I/BatteryStatsDBHelper(  862): Added in Sipper List for 24 Hours :com.sec.android.app.videoplayer
I/BatteryStatsDBHelper(  862): In checkForPowerThreshold, Package name = com.google.android.setupwizard
I/BatteryStatsDBHelper(  862): Checking to remove old data from [com.google.android.setupwizard] before adding this new one at 48:10:50
I/BatteryStatsDBHelper(  862): First entry has timestamp as 47:10:41
I/BatteryStatsDBHelper(  862): Deleting entry for time = 47:10:41in table name : [com.google.android.setupwizard]
I/BatteryStatsDBHelper(  862): Next entry's timestamp is 47:10:52
I/BatteryStatsDBHelper(  862):  maintainNotifiedAppList called 
I/BatteryStatsDBHelper(  862): checkForPowerThreshold:: lcdOffPowerInLastHour : 0.28847620629609316Package:com.google.android.setupwizard
I/BatteryStatsDBHelper(  862): checkForPowerThreshold:: Total Power in last hour : 11.553393518810827
I/BatteryStatsDBHelper(  862): Added in Sipper List for last Hour :com.google.android.setupwizard
I/BatteryStatsDBHelper(  862): Total Power in last 24 hours : 109.57337351995488
I/BatteryStatsDBHelper(  862): Added in Sipper List for 24 Hours :com.google.android.setupwizard
I/BatteryStatsDBHelper(  862): In checkForPowerThreshold, Package name = com.sec.android.app.mv.player
I/BatteryStatsDBHelper(  862): Checking to remove old data from [com.sec.android.app.mv.player] before adding this new one at 48:10:50
I/BatteryStatsDBHelper(  862): First entry has timestamp as 47:10:41
I/BatteryStatsDBHelper(  862): Deleting entry for time = 47:10:41in table name : [com.sec.android.app.mv.player]
I/System.out( 7560): KnoxVpnUidStorageknoxVpnSupported API value returned is false
I/System.out( 7560): KnoxVpnUidStorageknoxVpnSupported API value returned is false
I/System.out( 7560): KnoxVpnUidStorageknoxVpnSupported API value returned is false
I/BatteryStatsDBHelper(  862): Next entry's timestamp is 47:10:52
I/BatteryStatsDBHelper(  862):  maintainNotifiedAppList called 
I/BatteryStatsDBHelper(  862): checkForPowerThreshold:: lcdOffPowerInLastHour : 0.0Package:com.sec.android.app.mv.player
I/BatteryStatsDBHelper(  862): checkForPowerThreshold:: Total Power in last hour : 11.553393518810827
I/BatteryStatsDBHelper(  862): Added in Sipper List for last Hour :com.sec.android.app.mv.player
I/BatteryStatsDBHelper(  862): Total Power in last 24 hours : 109.57503070113258
I/BatteryStatsDBHelper(  862): Added in Sipper List for 24 Hours :com.sec.android.app.mv.player
I/BatteryStatsDBHelper(  862): In checkForPowerThreshold, Package name = com.google.android.googlequicksearchbox
I/BatteryStatsDBHelper(  862): Checking to remove old data from [com.google.android.googlequicksearchbox] before adding this new one at 48:10:50
I/BatteryStatsDBHelper(  862): First entry has timestamp as 47:10:41
I/BatteryStatsDBHelper(  862): Deleting entry for time = 47:10:41in table name : [com.google.android.googlequicksearchbox]
D/ResourcesManager( 7560): creating new AssetManager and set to /data/app/com.google.android.gms-1/base.apk
D/ResourcesManager( 7560): creating new AssetManager and set to /data/app/com.google.android.gms-1/base.apk
I/BatteryStatsDBHelper(  862): Next entry's timestamp is 47:10:52
I/BatteryStatsDBHelper(  862):  maintainNotifiedAppList called 
I/BatteryStatsDBHelper(  862): checkForPowerThreshold:: lcdOffPowerInLastHour : 0.16236510239179477Package:com.google.android.googlequicksearchbox
I/BatteryStatsDBHelper(  862): checkForPowerThreshold:: Total Power in last hour : 11.770762687145753
I/BatteryStatsDBHelper(  862): Added in Sipper List for last Hour :com.google.android.googlequicksearchbox
I/BatteryStatsDBHelper(  862): Total Power in last 24 hours : 113.93072990741287
I/BatteryStatsDBHelper(  862): Added in Sipper List for 24 Hours :com.google.android.googlequicksearchbox
I/BatteryStatsDBHelper(  862): In checkForPowerThreshold, Package name = com.smlds
I/System.out( 7560): (HTTPLog)-Static: isSBSettingEnabled false
I/BatteryStatsDBHelper(  862): Checking to remove old data from [com.smlds] before adding this new one at 48:10:50
D/EnterpriseController(  294): mIsMarkChainAdded is 0 mIsBlockChainAdded is 0 netId is 0
D/Netd    (  294): getNetworkForDns: using netid 2044 for uid 10224
I/BatteryStatsDBHelper(  862): First entry has timestamp as 47:10:41
I/BatteryStatsDBHelper(  862): Deleting entry for time = 47:10:41in table name : [com.smlds]
W/ResourcesManager( 7560): Asset path '/system/framework/com.android.media.remotedisplay.jar' does not exist or contains no resources.
W/ResourcesManager( 7560): Asset path '/system/framework/com.android.location.provider.jar' does not exist or contains no resources.
W/ResourcesManager( 7560): Asset path '/system/framework/com.android.media.remotedisplay.jar' does not exist or contains no resources.
W/ResourcesManager( 7560): Asset path '/system/framework/com.android.location.provider.jar' does not exist or contains no resources.
I/BatteryStatsDBHelper(  862): Next entry's timestamp is 47:10:52
I/BatteryStatsDBHelper(  862):  maintainNotifiedAppList called 
I/BatteryStatsDBHelper(  862): checkForPowerThreshold:: lcdOffPowerInLastHour : 0.006092820443667374Package:com.smlds
I/BatteryStatsDBHelper(  862): checkForPowerThreshold:: Total Power in last hour : 11.78213460569386
I/BatteryStatsDBHelper(  862): Added in Sipper List for last Hour :com.smlds
I/BatteryStatsDBHelper(  862): Total Power in last 24 hours : 114.15794374208892
I/BatteryStatsDBHelper(  862): Added in Sipper List for 24 Hours :com.smlds
I/BatteryStatsDBHelper(  862): In checkForPowerThreshold, Package name = net.aetherpal.device
I/BatteryStatsDBHelper(  862): Checking to remove old data from [net.aetherpal.device] before adding this new one at 48:10:50
I/BatteryStatsDBHelper(  862): First entry has timestamp as 47:10:41
I/BatteryStatsDBHelper(  862): Deleting entry for time = 47:10:41in table name : [net.aetherpal.device]
I/BatteryStatsDBHelper(  862): Next entry's timestamp is 47:10:52
I/BatteryStatsDBHelper(  862):  maintainNotifiedAppList called 
I/BatteryStatsDBHelper(  862): checkForPowerThreshold:: lcdOffPowerInLastHour : 0.0Package:net.aetherpal.device
I/BatteryStatsDBHelper(  862): checkForPowerThreshold:: Total Power in last hour : 11.78213460569386
I/BatteryStatsDBHelper(  862): Added in Sipper List for last Hour :net.aetherpal.device
I/BatteryStatsDBHelper(  862): Total Power in last 24 hours : 114.15794374208892
I/BatteryStatsDBHelper(  862): Added in Sipper List for 24 Hours :net.aetherpal.device
I/BatteryStatsDBHelper(  862): In checkForPowerThreshold, Package name = air.WatchESPN
I/BatteryStatsDBHelper(  862): Checking to remove old data from [air.WatchESPN] before adding this new one at 48:10:50
I/BatteryStatsDBHelper(  862): First entry has timestamp as 47:10:41
I/BatteryStatsDBHelper(  862): Deleting entry for time = 47:10:41in table name : [air.WatchESPN]
I/BatteryStatsDBHelper(  862): Next entry's timestamp is 47:10:52
I/BatteryStatsDBHelper(  862):  maintainNotifiedAppList called 
I/BatteryStatsDBHelper(  862): checkForPowerThreshold:: lcdOffPowerInLastHour : 1.802799861390138Package:air.WatchESPN
I/BatteryStatsDBHelper(  862): checkForPowerThreshold:: Total Power in last hour : 13.584934467083999
I/BatteryStatsDBHelper(  862): Added in Sipper List for last Hour :air.WatchESPN
I/BatteryStatsDBHelper(  862): Total Power in last 24 hours : 140.04067486741965
I/BatteryStatsDBHelper(  862): Added in Sipper List for 24 Hours :air.WatchESPN
I/BatteryStatsDBHelper(  862): In checkForPowerThreshold, Package name = com.sec.android.widgetapp.ap.hero.accuweather
I/BatteryStatsDBHelper(  862): Checking to remove old data from [com.sec.android.widgetapp.ap.hero.accuweather] before adding this new one at 48:10:50
I/BatteryStatsDBHelper(  862): First entry has timestamp as 47:10:41
I/BatteryStatsDBHelper(  862): Deleting entry for time = 47:10:41in table name : [com.sec.android.widgetapp.ap.hero.accuweather]
I/BatteryStatsDBHelper(  862): Next entry's timestamp is 47:10:52
I/BatteryStatsDBHelper(  862):  maintainNotifiedAppList called 
I/BatteryStatsDBHelper(  862): checkForPowerThreshold:: lcdOffPowerInLastHour : 0.0Package:com.sec.android.widgetapp.ap.hero.accuweather
I/BatteryStatsDBHelper(  862): checkForPowerThreshold:: Total Power in last hour : 13.584934467083999
I/BatteryStatsDBHelper(  862): Added in Sipper List for last Hour :com.sec.android.widgetapp.ap.hero.accuweather
I/BatteryStatsDBHelper(  862): Total Power in last 24 hours : 140.0447726927793
I/BatteryStatsDBHelper(  862): Added in Sipper List for 24 Hours :com.sec.android.widgetapp.ap.hero.accuweather
I/BatteryStatsDBHelper(  862): In checkForPowerThreshold, Package name = com.sec.android.provider.badge
I/BatteryStatsDBHelper(  862): Checking to remove old data from [com.sec.android.provider.badge] before adding this new one at 48:10:50
I/BatteryStatsDBHelper(  862): First entry has timestamp as 47:10:41
I/BatteryStatsDBHelper(  862): Deleting entry for time = 47:10:41in table name : [com.sec.android.provider.badge]
D/ActivityManager(  862): bindService callerProcessName:com.weather.Weather, calleePkgName: com.android.providers.media, action: android.media.IMediaScannerService
D/ActivityManager(  862): bindService callerProcessName:com.weather.Weather, calleePkgName: com.android.providers.media, action: android.media.IMediaScannerService
D/ActivityManager(  862): bindService callerProcessName:com.weather.Weather, calleePkgName: com.android.providers.media, action: android.media.IMediaScannerService
D/ActivityManager(  862): bindService callerProcessName:com.weather.Weather, calleePkgName: com.android.providers.media, action: android.media.IMediaScannerService
D/ActivityManager(  862): bindService callerProcessName:com.weather.Weather, calleePkgName: com.android.providers.media, action: android.media.IMediaScannerService
D/ActivityManager(  862): bindService callerProcessName:com.weather.Weather, calleePkgName: com.android.providers.media, action: android.media.IMediaScannerService
I/BatteryStatsDBHelper(  862): Next entry's timestamp is 47:10:52
D/ActivityManager(  862): bindService callerProcessName:com.weather.Weather, calleePkgName: com.android.providers.media, action: android.media.IMediaScannerService
I/BatteryStatsDBHelper(  862):  maintainNotifiedAppList called 
I/BatteryStatsDBHelper(  862): checkForPowerThreshold:: lcdOffPowerInLastHour : 0.005593233686196061Package:com.sec.android.provider.badge
I/BatteryStatsDBHelper(  862): checkForPowerThreshold:: Total Power in last hour : 13.594960750594105
I/BatteryStatsDBHelper(  862): Added in Sipper List for last Hour :com.sec.android.provider.badge
I/BatteryStatsDBHelper(  862): Total Power in last 24 hours : 140.37080956838292
I/BatteryStatsDBHelper(  862): Added in Sipper List for 24 Hours :com.sec.android.provider.badge
I/BatteryStatsDBHelper(  862): In checkForPowerThreshold, Package name = com.sec.android.band
I/BatteryStatsDBHelper(  862): Checking to remove old data from [com.sec.android.band] before adding this new one at 48:10:50
I/BatteryStatsDBHelper(  862): First entry has timestamp as 47:10:41
I/BatteryStatsDBHelper(  862): Deleting entry for time = 47:10:41in table name : [com.sec.android.band]
D/LocationManagerService(  862): getProviders()=[passive]
I/BatteryStatsDBHelper(  862): Next entry's timestamp is 47:10:52
I/BatteryStatsDBHelper(  862):  maintainNotifiedAppList called 
I/BatteryStatsDBHelper(  862): checkForPowerThreshold:: lcdOffPowerInLastHour : 0.0Package:com.sec.android.band
I/BatteryStatsDBHelper(  862): checkForPowerThreshold:: Total Power in last hour : 13.594960750594105
I/BatteryStatsDBHelper(  862): Added in Sipper List for last Hour :com.sec.android.band
I/BatteryStatsDBHelper(  862): Total Power in last 24 hours : 140.37080956838292
I/BatteryStatsDBHelper(  862): Added in Sipper List for 24 Hours :com.sec.android.band
I/BatteryStatsDBHelper(  862): In checkForPowerThreshold, Package name = com.blurb.checkout
I/BatteryStatsDBHelper(  862): Checking to remove old data from [com.blurb.checkout] before adding this new one at 48:10:50
I/BatteryStatsDBHelper(  862): First entry has timestamp as 47:10:41
I/BatteryStatsDBHelper(  862): Deleting entry for time = 47:10:41in table name : [com.blurb.checkout]
I/LoadedApk( 7625): No resource references to update in package FFFFFFFFFFFFFFFFFFFFFF
I/BatteryStatsDBHelper(  862): Next entry's timestamp is 47:10:52
I/BatteryStatsDBHelper(  862):  maintainNotifiedAppList called 
I/BatteryStatsDBHelper(  862): checkForPowerThreshold:: lcdOffPowerInLastHour : 0.0Package:com.blurb.checkout
D/ActivityManager(  862): startService callerProcessName:com.weather.Weather, calleePkgName: com.weather.Weather
I/BatteryStatsDBHelper(  862): checkForPowerThreshold:: Total Power in last hour : 13.594960750594105
D/ActivityManager(  862): caller:android.app.ApplicationThreadProxy@1c00aef9, r.packageName :com.weather.Weather
I/BatteryStatsDBHelper(  862): Added in Sipper List for last Hour :com.blurb.checkout
I/BatteryStatsDBHelper(  862): Total Power in last 24 hours : 140.37080956838292
I/BatteryStatsDBHelper(  862): Added in Sipper List for 24 Hours :com.blurb.checkout
I/BatteryStatsDBHelper(  862): In checkForPowerThreshold, Package name = com.android.chrome
I/BatteryStatsDBHelper(  862): Checking to remove old data from [com.android.chrome] before adding this new one at 48:10:50
I/BatteryStatsDBHelper(  862): First entry has timestamp as 47:10:41
I/BatteryStatsDBHelper(  862): Deleting entry for time = 47:10:41in table name : [com.android.chrome]
I/BatteryStatsDBHelper(  862): Next entry's timestamp is 47:10:52
I/BatteryStatsDBHelper(  862):  maintainNotifiedAppList called 
I/BatteryStatsDBHelper(  862): checkForPowerThreshold:: lcdOffPowerInLastHour : 0.0Package:com.android.chrome
I/BatteryStatsDBHelper(  862): checkForPowerThreshold:: Total Power in last hour : 13.594960750594105
I/BatteryStatsDBHelper(  862): Added in Sipper List for last Hour :com.android.chrome
I/BatteryStatsDBHelper(  862): Total Power in last 24 hours : 142.49822215714246
I/BatteryStatsDBHelper(  862): Added in Sipper List for 24 Hours :com.android.chrome
I/BatteryStatsDBHelper(  862): In checkForPowerThreshold, Package name = com.sec.android.app.clockpackage
I/BatteryStatsDBHelper(  862): Checking to remove old data from [com.sec.android.app.clockpackage] before adding this new one at 48:10:50
I/BatteryStatsDBHelper(  862): First entry has timestamp as 47:10:41
I/BatteryStatsDBHelper(  862): Deleting entry for time = 47:10:41in table name : [com.sec.android.app.clockpackage]
I/BatteryStatsDBHelper(  862): Next entry's timestamp is 47:10:52
I/BatteryStatsDBHelper(  862):  maintainNotifiedAppList called 
I/BatteryStatsDBHelper(  862): checkForPowerThreshold:: lcdOffPowerInLastHour : 0.2146239056457948Package:com.sec.android.app.clockpackage
I/BatteryStatsDBHelper(  862): checkForPowerThreshold:: Total Power in last hour : 13.853461427479541
I/BatteryStatsDBHelper(  862): Added in Sipper List for last Hour :com.sec.android.app.clockpackage
I/BatteryStatsDBHelper(  862): Total Power in last 24 hours : 150.98335036959872
I/BatteryStatsDBHelper(  862): Added in Sipper List for 24 Hours :com.sec.android.app.clockpackage
I/BatteryStatsDBHelper(  862): In checkForPowerThreshold, Package name = com.sec.android.widgetapp.digitalclock
I/BatteryStatsDBHelper(  862): Checking to remove old data from [com.sec.android.widgetapp.digitalclock] before adding this new one at 48:10:50
I/System.out( 7560): KnoxVpnUidStorageknoxVpnSupported API value returned is false
I/BatteryStatsDBHelper(  862): First entry has timestamp as 47:10:41
I/BatteryStatsDBHelper(  862): Deleting entry for time = 47:10:41in table name : [com.sec.android.widgetapp.digitalclock]
I/BatteryStatsDBHelper(  862): Next entry's timestamp is 47:10:52
I/BatteryStatsDBHelper(  862):  maintainNotifiedAppList called 
I/BatteryStatsDBHelper(  862): checkForPowerThreshold:: lcdOffPowerInLastHour : 0.0Package:com.sec.android.widgetapp.digitalclock
I/BatteryStatsDBHelper(  862): checkForPowerThreshold:: Total Power in last hour : 13.854473367894453
I/BatteryStatsDBHelper(  862): Added in Sipper List for last Hour :com.sec.android.widgetapp.digitalclock
I/BatteryStatsDBHelper(  862): Total Power in last 24 hours : 151.00500711791133
I/BatteryStatsDBHelper(  862): Added in Sipper List for 24 Hours :com.sec.android.widgetapp.digitalclock
I/BatteryStatsDBHelper(  862): In checkForPowerThreshold, Package name = com.sec.android.widgetapp.dualclockdigital
I/BatteryStatsDBHelper(  862): Checking to remove old data from [com.sec.android.widgetapp.dualclockdigital] before adding this new one at 48:10:50
I/BatteryStatsDBHelper(  862): First entry has timestamp as 47:10:41
I/BatteryStatsDBHelper(  862): Deleting entry for time = 47:10:41in table name : [com.sec.android.widgetapp.dualclockdigital]
I/BatteryStatsDBHelper(  862): Next entry's timestamp is 47:10:52
I/BatteryStatsDBHelper(  862):  maintainNotifiedAppList called 
I/BatteryStatsDBHelper(  862): checkForPowerThreshold:: lcdOffPowerInLastHour : 0.0Package:com.sec.android.widgetapp.dualclockdigital
I/BatteryStatsDBHelper(  862): checkForPowerThreshold:: Total Power in last hour : 13.854473367894453
I/BatteryStatsDBHelper(  862): Added in Sipper List for last Hour :com.sec.android.widgetapp.dualclockdigital
I/BatteryStatsDBHelper(  862): Total Power in last 24 hours : 151.02288060758556
I/BatteryStatsDBHelper(  862): Added in Sipper List for 24 Hours :com.sec.android.widgetapp.dualclockdigital
I/BatteryStatsDBHelper(  862): In checkForPowerThreshold, Package name = com.sec.esdk.elm
I/BatteryStatsDBHelper(  862): Checking to remove old data from [com.sec.esdk.elm] before adding this new one at 48:10:50
I/BatteryStatsDBHelper(  862): First entry has timestamp as 47:10:41
I/BatteryStatsDBHelper(  862): Deleting entry for time = 47:10:41in table name : [com.sec.esdk.elm]
I/BatteryStatsDBHelper(  862): Next entry's timestamp is 47:10:52
D/ConnectivityService(  862): returning getNetworkInfo(networkType - 1) :[type: WIFI[] - WIFI, state: CONNECTED/CONNECTED, reason: (unspecified), extra: "UO Secure", roaming: false, failover: false, isAvailable: true, isConnectedToProvisioningNetwork: false]
I/BatteryStatsDBHelper(  862):  maintainNotifiedAppList called 
I/BatteryStatsDBHelper(  862): checkForPowerThreshold:: lcdOffPowerInLastHour : 0.0Package:com.sec.esdk.elm
I/BatteryStatsDBHelper(  862): checkForPowerThreshold:: Total Power in last hour : 13.854473367894453
I/BatteryStatsDBHelper(  862): Added in Sipper List for last Hour :com.sec.esdk.elm
I/BatteryStatsDBHelper(  862): Total Power in last 24 hours : 151.0230942702443
I/BatteryStatsDBHelper(  862): Added in Sipper List for 24 Hours :com.sec.esdk.elm
I/BatteryStatsDBHelper(  862): In checkForPowerThreshold, Package name = com.google.android.apps.maps
I/BatteryStatsDBHelper(  862): Checking to remove old data from [com.google.android.apps.maps] before adding this new one at 48:10:50
I/BatteryStatsDBHelper(  862): First entry has timestamp as 47:10:41
I/BatteryStatsDBHelper(  862): Deleting entry for time = 47:10:41in table name : [com.google.android.apps.maps]
I/BatteryStatsDBHelper(  862): Next entry's timestamp is 47:10:52
I/BatteryStatsDBHelper(  862):  maintainNotifiedAppList called 
I/BatteryStatsDBHelper(  862): checkForPowerThreshold:: lcdOffPowerInLastHour : 0.027865044999999998Package:com.google.android.apps.maps
I/BatteryStatsDBHelper(  862): checkForPowerThreshold:: Total Power in last hour : 13.882338412894454
I/BatteryStatsDBHelper(  862): Added in Sipper List for last Hour :com.google.android.apps.maps
I/BatteryStatsDBHelper(  862): Total Power in last 24 hours : 152.14595765320036
I/BatteryStatsDBHelper(  862): Added in Sipper List for 24 Hours :com.google.android.apps.maps
I/BatteryStatsDBHelper(  862): In checkForPowerThreshold, Package name = com.samsung.android.app.watchmanagerstub
I/BatteryStatsDBHelper(  862): Checking to remove old data from [com.samsung.android.app.watchmanagerstub] before adding this new one at 48:10:50
I/BatteryStatsDBHelper(  862): First entry has timestamp as 47:10:41
I/BatteryStatsDBHelper(  862): Deleting entry for time = 47:10:41in table name : [com.samsung.android.app.watchmanagerstub]
I/BatteryStatsDBHelper(  862): Next entry's timestamp is 47:10:52
I/BatteryStatsDBHelper(  862):  maintainNotifiedAppList called 
I/BatteryStatsDBHelper(  862): checkForPowerThreshold:: lcdOffPowerInLastHour : 0.0Package:com.samsung.android.app.watchmanagerstub
I/BatteryStatsDBHelper(  862): checkForPowerThreshold:: Total Power in last hour : 13.882338412894454
I/BatteryStatsDBHelper(  862): Added in Sipper List for last Hour :com.samsung.android.app.watchmanagerstub
I/BatteryStatsDBHelper(  862): Total Power in last 24 hours : 152.14595765320036
I/BatteryStatsDBHelper(  862): Added in Sipper List for 24 Hours :com.samsung.android.app.watchmanagerstub
I/BatteryStatsDBHelper(  862): In checkForPowerThreshold, Package name = com.sec.android.app.GlanceView
I/BatteryStatsDBHelper(  862): Checking to remove old data from [com.sec.android.app.GlanceView] before adding this new one at 48:10:50
I/BatteryStatsDBHelper(  862): First entry has timestamp as 47:10:41
I/BatteryStatsDBHelper(  862): Deleting entry for time = 47:10:41in table name : [com.sec.android.app.GlanceView]
I/BatteryStatsDBHelper(  862): Next entry's timestamp is 47:10:52
I/BatteryStatsDBHelper(  862):  maintainNotifiedAppList called 
I/BatteryStatsDBHelper(  862): checkForPowerThreshold:: lcdOffPowerInLastHour : 0.02192232730362363Package:com.sec.android.app.GlanceView
I/BatteryStatsDBHelper(  862): checkForPowerThreshold:: Total Power in last hour : 13.912468738106693
I/BatteryStatsDBHelper(  862): Added in Sipper List for last Hour :com.sec.android.app.GlanceView
I/BatteryStatsDBHelper(  862): Total Power in last 24 hours : 152.5419340475077
I/BatteryStatsDBHelper(  862): Added in Sipper List for 24 Hours :com.sec.android.app.GlanceView
I/BatteryStatsDBHelper(  862): In checkForPowerThreshold, Package name = com.google.android.talk
I/BatteryStatsDBHelper(  862): Checking to remove old data from [com.google.android.talk] before adding this new one at 48:10:50
I/BatteryStatsDBHelper(  862): First entry has timestamp as 47:10:41
I/BatteryStatsDBHelper(  862): Deleting entry for time = 47:10:41in table name : [com.google.android.talk]
I/ConfigManager( 7560): (TwcGeneral) Updated config for configStoreKey=CONFIG_FILE_CONFIG from https://s.w-x.co/mobile.prod.twc/android/config/phone/6.0.0/config_files.json
I/ConfigManager( 7560): (TwcGeneral) Updated config for configStoreKey=MODULE_CONFIG from https://s.w-x.co/mobile.prod.twc/android/config/phone/6.0.0/en_us/modules_config.json
I/ConfigManager( 7560): (TwcGeneral) Updated config for configStoreKey=FLAGSHIP_CONFIG from https://s.w-x.co/mobile.prod.twc/android/config/phone/6.0.0/flagship_config.json
I/BatteryStatsDBHelper(  862): Next entry's timestamp is 47:10:52
I/BatteryStatsDBHelper(  862):  maintainNotifiedAppList called 
I/BatteryStatsDBHelper(  862): checkForPowerThreshold:: lcdOffPowerInLastHour : 0.9017148957176205Package:com.google.android.talk
I/BatteryStatsDBHelper(  862): checkForPowerThreshold:: Total Power in last hour : 14.814183633824314
I/BatteryStatsDBHelper(  862): Added in Sipper List for last Hour :com.google.android.talk
I/BatteryStatsDBHelper(  862): Total Power in last 24 hours : 157.88957709139746
I/BatteryStatsDBHelper(  862): Added in Sipper List for 24 Hours :com.google.android.talk
I/BatteryStatsDBHelper(  862): In checkForPowerThreshold, Package name = com.samsung.scrc.idi.server
I/BatteryStatsDBHelper(  862): Checking to remove old data from [com.samsung.scrc.idi.server] before adding this new one at 48:10:50
I/BatteryStatsDBHelper(  862): First entry has timestamp as 47:10:41
I/BatteryStatsDBHelper(  862): Deleting entry for time = 47:10:41in table name : [com.samsung.scrc.idi.server]
I/BatteryStatsDBHelper(  862): Next entry's timestamp is 47:10:52
I/BatteryStatsDBHelper(  862):  maintainNotifiedAppList called 
I/BatteryStatsDBHelper(  862): checkForPowerThreshold:: lcdOffPowerInLastHour : 0.0Package:com.samsung.scrc.idi.server
I/BatteryStatsDBHelper(  862): checkForPowerThreshold:: Total Power in last hour : 14.814183633824314
I/BatteryStatsDBHelper(  862): Added in Sipper List for last Hour :com.samsung.scrc.idi.server
I/BatteryStatsDBHelper(  862): Total Power in last 24 hours : 157.88957709139746
I/BatteryStatsDBHelper(  862): Added in Sipper List for 24 Hours :com.samsung.scrc.idi.server
I/BatteryStatsDBHelper(  862): In checkForPowerThreshold, Package name = com.sec.android.app.controlpanel
I/BatteryStatsDBHelper(  862): Checking to remove old data from [com.sec.android.app.controlpanel] before adding this new one at 48:10:50
I/BatteryStatsDBHelper(  862): First entry has timestamp as 47:10:41
I/BatteryStatsDBHelper(  862): Deleting entry for time = 47:10:41in table name : [com.sec.android.app.controlpanel]
I/BatteryStatsDBHelper(  862): Next entry's timestamp is 47:10:52
I/BatteryStatsDBHelper(  862):  maintainNotifiedAppList called 
I/BatteryStatsDBHelper(  862): checkForPowerThreshold:: lcdOffPowerInLastHour : 0.005075057696223706Package:com.sec.android.app.controlpanel
I/BatteryStatsDBHelper(  862): checkForPowerThreshold:: Total Power in last hour : 14.820092110356091
I/BatteryStatsDBHelper(  862): Added in Sipper List for last Hour :com.sec.android.app.controlpanel
I/BatteryStatsDBHelper(  862): Total Power in last 24 hours : 157.95841397138216
I/BatteryStatsDBHelper(  862): Added in Sipper List for 24 Hours :com.sec.android.app.controlpanel
I/BatteryStatsDBHelper(  862): In checkForPowerThreshold, Package name = com.LocalFota
I/BatteryStatsDBHelper(  862): Checking to remove old data from [com.LocalFota] before adding this new one at 48:10:50
I/BatteryStatsDBHelper(  862): First entry has timestamp as 47:10:41
I/BatteryStatsDBHelper(  862): Deleting entry for time = 47:10:41in table name : [com.LocalFota]
I/BatteryStatsDBHelper(  862): Next entry's timestamp is 47:10:52
I/BatteryStatsDBHelper(  862):  maintainNotifiedAppList called 
I/BatteryStatsDBHelper(  862): checkForPowerThreshold:: lcdOffPowerInLastHour : 0.0Package:com.LocalFota
I/BatteryStatsDBHelper(  862): checkForPowerThreshold:: Total Power in last hour : 14.820092110356091
I/BatteryStatsDBHelper(  862): Added in Sipper List for last Hour :com.LocalFota
I/BatteryStatsDBHelper(  862): Total Power in last 24 hours : 157.95841397138216
I/BatteryStatsDBHelper(  862): Added in Sipper List for 24 Hours :com.LocalFota
I/BatteryStatsDBHelper(  862): In checkForPowerThreshold, Package name = com.google.android.apps.magazines
I/BatteryStatsDBHelper(  862): Checking to remove old data from [com.google.android.apps.magazines] before adding this new one at 48:10:50
I/BatteryStatsDBHelper(  862): First entry has timestamp as 47:10:41
I/BatteryStatsDBHelper(  862): Deleting entry for time = 47:10:41in table name : [com.google.android.apps.magazines]
D/ConnectivityService(  862): returning getNetworkInfo(networkType - 1) :[type: WIFI[] - WIFI, state: CONNECTED/CONNECTED, reason: (unspecified), extra: "UO Secure", roaming: false, failover: false, isAvailable: true, isConnectedToProvisioningNetwork: false]
D/LocationManagerService(  862): getProviders()=[passive]
D/EnterpriseController(  294): mIsMarkChainAdded is 0 mIsBlockChainAdded is 0 netId is 0
D/Netd    (  294): getNetworkForDns: using netid 2044 for uid 10224
I/BatteryStatsDBHelper(  862): Next entry's timestamp is 47:10:52
I/BatteryStatsDBHelper(  862):  maintainNotifiedAppList called 
I/BatteryStatsDBHelper(  862): checkForPowerThreshold:: lcdOffPowerInLastHour : 0.031517606038343984Package:com.google.android.apps.magazines
I/BatteryStatsDBHelper(  862): checkForPowerThreshold:: Total Power in last hour : 14.851609716394435
I/BatteryStatsDBHelper(  862): Added in Sipper List for last Hour :com.google.android.apps.magazines
I/ConfigManager( 7560): (TwcGeneral) Updated config for configStoreKey=HURRICANE_MODULE_CONFIG from https://s.w-x.co/mobile.prod.twc/android/config/phone/6.0.0/hurricane_modules_config.json
I/BatteryStatsDBHelper(  862): Total Power in last 24 hours : 158.16736118396432
I/BatteryStatsDBHelper(  862): Added in Sipper List for 24 Hours :com.google.android.apps.magazines
I/ConfigManager( 7560): (TwcGeneral) Updated config for configStoreKey=ALLERGY_MODULE_CONFIG from https://s.w-x.co/mobile.prod.twc/android/config/phone/6.0.0/allergy_modules_config.json
I/BatteryStatsDBHelper(  862): In checkForPowerThreshold, Package name = com.google.android.music
I/ConfigManager( 7560): (TwcGeneral) No remote config loaded, no remoteResourceLocation for configStoreKey=RUN_MODULE_CONFIG
D/StatusBar.NetworkController( 2470): refreshViews connected={ wifi } level=2 combinedSignalIconId=0x7f02051e/com.android.systemui:drawable/stat_sys_wifi_signal_4 mobileLabel=AT&T wifiLabel="UO Secure"xxxxXXXXxxxxXXXX emergencyOnly=false combinedLabel="UO Secure"xxxxXXXXxxxxXXXX mAirplaneMode=false mDataActivity=3 mPhoneSignalIconId=0x7f020610/com.android.systemui:drawable/tw_stat_sys_5_level_signal_2 mQSPhoneSignalIconId=0x7f02012a/com.android.systemui:drawable/ic_qs_signal_2 mDataDirectionIconId=0x0/(null) mDataSignalIconId=0x7f020610/com.android.systemui:drawable/tw_stat_sys_5_level_signal_2 mDataTypeIconId=0x7f02032e/com.android.systemui:drawable/stat_sys_data_connected_lte_att mQSDataTypeIconId=0x0/(null) mNoSimIconId=0x0/(null) mWifiIconId=0x7f02051e/com.android.systemui:drawable/stat_sys_wifi_signal_4 mQSWifiIconId=0x7f020143/com.android.systemui:drawable/ic_qs_wifi_4 mWifiActivityIconId=0x7f0204ed/com.android.systemui:drawable/stat_sys_signal_in mBluetoothTetherIconId=0x10808cc/android:drawable/stat_sys_tether_bluetooth
D/STATUSBAR-WifiQuickSettingButton( 2470): onWifiSignalChanged enabled=true enabledDesc:"UO Secure"
I/BatteryStatsDBHelper(  862): Checking to remove old data from [com.google.android.music] before adding this new one at 48:10:50
D/StatusBar.NetworkController( 2470): refreshSignalCluster - setNWBoosterIndicators(false)
D/StatusBar.NetworkController( 2470): applyOpen
D/StatusBar.NetworkController( 2470): refreshSignalCluster - setNWBoosterIndicators(false)
D/StatusBar.NetworkController( 2470): applyOpen
D/StatusBar.NetworkController( 2470): refreshSignalCluster - setNWBoosterIndicators(false)
D/StatusBar.NetworkController( 2470): applyOpen
D/StatusBar.NetworkController( 2470): refreshSignalCluster - setNWBoosterIndicators(false)
D/StatusBar.NetworkController( 2470): applyOpen
I/BatteryStatsDBHelper(  862): First entry has timestamp as 47:10:41
I/BatteryStatsDBHelper(  862): Deleting entry for time = 47:10:41in table name : [com.google.android.music]
I/ConfigManager( 7560): (TwcGeneral) Updated config for configStoreKey=APP_RATING_CONFIG from https://s.w-x.co/mobile.prod.twc/android/config/phone/6.0.0/properties_app_ratings_v5.properties
I/BatteryStatsDBHelper(  862): Next entry's timestamp is 47:10:52
I/ConfigManager( 7560): (TwcGeneral) Updated config for configStoreKey=SKI_MODULE_CONFIG from https://s.w-x.co/mobile.prod.twc/android/config/phone/6.0.0/ski_modules_config.json
D/StatusBar.NetworkController( 2470): refreshViews connected={ wifi } level=2 combinedSignalIconId=0x7f02051e/com.android.systemui:drawable/stat_sys_wifi_signal_4 mobileLabel=AT&T wifiLabel="UO Secure"xxxxXXXXxxxxXXXX emergencyOnly=false combinedLabel="UO Secure"xxxxXXXXxxxxXXXX mAirplaneMode=false mDataActivity=3 mPhoneSignalIconId=0x7f020610/com.android.systemui:drawable/tw_stat_sys_5_level_signal_2 mQSPhoneSignalIconId=0x7f02012a/com.android.systemui:drawable/ic_qs_signal_2 mDataDirectionIconId=0x0/(null) mDataSignalIconId=0x7f020610/com.android.systemui:drawable/tw_stat_sys_5_level_signal_2 mDataTypeIconId=0x7f02032e/com.android.systemui:drawable/stat_sys_data_connected_lte_att mQSDataTypeIconId=0x0/(null) mNoSimIconId=0x0/(null) mWifiIconId=0x7f02051e/com.android.systemui:drawable/stat_sys_wifi_signal_4 mQSWifiIconId=0x7f020143/com.android.systemui:drawable/ic_qs_wifi_4 mWifiActivityIconId=0x7f0204ef/com.android.systemui:drawable/stat_sys_signal_inout mBluetoothTetherIconId=0x10808cc/android:drawable/stat_sys_tether_bluetooth
D/STATUSBAR-WifiQuickSettingButton( 2470): onWifiSignalChanged enabled=true enabledDesc:"UO Secure"
D/StatusBar.NetworkController( 2470): refreshSignalCluster - setNWBoosterIndicators(false)
D/StatusBar.NetworkController( 2470): applyOpen
D/StatusBar.NetworkController( 2470): refreshSignalCluster - setNWBoosterIndicators(false)
D/StatusBar.NetworkController( 2470): applyOpen
D/StatusBar.NetworkController( 2470): refreshSignalCluster - setNWBoosterIndicators(false)
D/StatusBar.NetworkController( 2470): applyOpen
I/BatteryStatsDBHelper(  862):  maintainNotifiedAppList called 
D/StatusBar.NetworkController( 2470): refreshSignalCluster - setNWBoosterIndicators(false)
D/StatusBar.NetworkController( 2470): applyOpen
I/BatteryStatsDBHelper(  862): checkForPowerThreshold:: lcdOffPowerInLastHour : 0.0Package:com.google.android.music
I/BatteryStatsDBHelper(  862): checkForPowerThreshold:: Total Power in last hour : 14.860653739269667
I/BatteryStatsDBHelper(  862): Added in Sipper List for last Hour :com.google.android.music
I/BatteryStatsDBHelper(  862): Total Power in last 24 hours : 158.79276952710316
I/BatteryStatsDBHelper(  862): Added in Sipper List for 24 Hours :com.google.android.music
I/BatteryStatsDBHelper(  862): In checkForPowerThreshold, Package name = com.sec.android.app.music
I/BatteryStatsDBHelper(  862): Checking to remove old data from [com.sec.android.app.music] before adding this new one at 48:10:50
I/BatteryStatsDBHelper(  862): First entry has timestamp as 47:10:41
I/BatteryStatsDBHelper(  862): Deleting entry for time = 47:10:41in table name : [com.sec.android.app.music]
I/ConfigManager( 7560): (TwcGeneral) Updated config for configStoreKey=AD_CONFIG from https://s.w-x.co/mobile.prod.twc/android/config/phone/6.0.0/android_ads_prod_phone_600.json
I/BatteryStatsDBHelper(  862): Next entry's timestamp is 47:10:52
I/BatteryStatsDBHelper(  862):  maintainNotifiedAppList called 
I/BatteryStatsDBHelper(  862): checkForPowerThreshold:: lcdOffPowerInLastHour : 0.0Package:com.sec.android.app.music
I/BatteryStatsDBHelper(  862): checkForPowerThreshold:: Total Power in last hour : 14.860653739269667
I/BatteryStatsDBHelper(  862): Added in Sipper List for last Hour :com.sec.android.app.music
I/BatteryStatsDBHelper(  862): Total Power in last 24 hours : 165.72016946751666
I/BatteryStatsDBHelper(  862): Added in Sipper List for 24 Hours :com.sec.android.app.music
I/BatteryStatsDBHelper(  862): In checkForPowerThreshold, Package name = com.android.providers.partnerbookmarks
I/BatteryStatsDBHelper(  862): Checking to remove old data from [com.android.providers.partnerbookmarks] before adding this new one at 48:10:50
I/BatteryStatsDBHelper(  862): First entry has timestamp as 47:10:41
I/BatteryStatsDBHelper(  862): Deleting entry for time = 47:10:41in table name : [com.android.providers.partnerbookmarks]
I/ConfigManager( 7560): (TwcGeneral) Updated config for configStoreKey=AD_TEST_CONFIG from https://s.w-x.co/mobile.prod.twc/android/config/phone/6.0.0/android_ads_test_phone_600.json
I/ConfigManager( 7560): (TwcGeneral) No remote config loaded, no remoteResourceLocation for configStoreKey=LAYERS_CONFIG
I/ConfigManager( 7560): (TwcGeneral) No remote config loaded, no remoteResourceLocation for configStoreKey=MAP_CONFIG
D/StatusBar.NetworkController( 2470): refreshViews connected={ wifi } level=2 combinedSignalIconId=0x7f02051b/com.android.systemui:drawable/stat_sys_wifi_signal_3 mobileLabel=AT&T wifiLabel="UO Secure"xxxxXXXXxxxxXXXX emergencyOnly=false combinedLabel="UO Secure"xxxxXXXXxxxxXXXX mAirplaneMode=false mDataActivity=3 mPhoneSignalIconId=0x7f020610/com.android.systemui:drawable/tw_stat_sys_5_level_signal_2 mQSPhoneSignalIconId=0x7f02012a/com.android.systemui:drawable/ic_qs_signal_2 mDataDirectionIconId=0x0/(null) mDataSignalIconId=0x7f020610/com.android.systemui:drawable/tw_stat_sys_5_level_signal_2 mDataTypeIconId=0x7f02032e/com.android.systemui:drawable/stat_sys_data_connected_lte_att mQSDataTypeIconId=0x0/(null) mNoSimIconId=0x0/(null) mWifiIconId=0x7f02051b/com.android.systemui:drawable/stat_sys_wifi_signal_3 mQSWifiIconId=0x7f020142/com.android.systemui:drawable/ic_qs_wifi_3 mWifiActivityIconId=0x7f0204ef/com.android.systemui:drawable/stat_sys_signal_inout mBluetoothTetherIconId=0x10808cc/android:drawable/stat_sys_tether_bluetooth
D/STATUSBAR-WifiQuickSettingButton( 2470): onWifiSignalChanged enabled=true enabledDesc:"UO Secure"
D/StatusBar.NetworkController( 2470): refreshSignalCluster - setNWBoosterIndicators(false)
D/StatusBar.NetworkController( 2470): applyOpen
D/StatusBar.NetworkController( 2470): refreshSignalCluster - setNWBoosterIndicators(false)
D/StatusBar.NetworkController( 2470): applyOpen
D/StatusBar.NetworkController( 2470): refreshSignalCluster - setNWBoosterIndicators(false)
D/StatusBar.NetworkController( 2470): applyOpen
D/StatusBar.NetworkController( 2470): refreshSignalCluster - setNWBoosterIndicators(false)
D/StatusBar.NetworkController( 2470): applyOpen
I/BatteryStatsDBHelper(  862): Next entry's timestamp is 47:10:52
I/BatteryStatsDBHelper(  862):  maintainNotifiedAppList called 
I/BatteryStatsDBHelper(  862): checkForPowerThreshold:: lcdOffPowerInLastHour : 0.0Package:com.android.providers.partnerbookmarks
W/art     ( 7560): Suspending all threads took: 12.390ms
I/BatteryStatsDBHelper(  862): checkForPowerThreshold:: Total Power in last hour : 14.860653739269667
I/BatteryStatsDBHelper(  862): Added in Sipper List for last Hour :com.android.providers.partnerbookmarks
I/BatteryStatsDBHelper(  862): Total Power in last 24 hours : 165.72016946751666
I/BatteryStatsDBHelper(  862): Added in Sipper List for 24 Hours :com.android.providers.partnerbookmarks
I/BatteryStatsDBHelper(  862): In checkForPowerThreshold, Package name = tv.peel.samsung.app
I/BatteryStatsDBHelper(  862): Checking to remove old data from [tv.peel.samsung.app] before adding this new one at 48:10:50
I/BatteryStatsDBHelper(  862): First entry has timestamp as 47:10:41
I/BatteryStatsDBHelper(  862): Deleting entry for time = 47:10:41in table name : [tv.peel.samsung.app]
I/BatteryStatsDBHelper(  862): Next entry's timestamp is 47:10:52
I/BatteryStatsDBHelper(  862):  maintainNotifiedAppList called 
I/BatteryStatsDBHelper(  862): checkForPowerThreshold:: lcdOffPowerInLastHour : 1.0770367008554338Package:tv.peel.samsung.app
I/BatteryStatsDBHelper(  862): checkForPowerThreshold:: Total Power in last hour : 15.9376904401251
I/BatteryStatsDBHelper(  862): Added in Sipper List for last Hour :tv.peel.samsung.app
I/BatteryStatsDBHelper(  862): Total Power in last 24 hours : 180.1789551600655
I/BatteryStatsDBHelper(  862): In checkForPowerThreshold, Package name = com.google.android.apps.plus
I/BatteryStatsDBHelper(  862): Checking to remove old data from [com.google.android.apps.plus] before adding this new one at 48:10:50
I/BatteryStatsDBHelper(  862): First entry has timestamp as 47:10:41
I/BatteryStatsDBHelper(  862): Deleting entry for time = 47:10:41in table name : [com.google.android.apps.plus]
I/ConfigManager( 7560): (TwcGeneral) Updated config for configStoreKey=COLD_FLU_MODULE_CONFIG from https://s.w-x.co/mobile.prod.twc/android/config/phone/6.0.0/cold_flu_modules_config.json
I/BatteryStatsDBHelper(  862): Next entry's timestamp is 47:10:52
I/BatteryStatsDBHelper(  862):  maintainNotifiedAppList called 
I/BatteryStatsDBHelper(  862): checkForPowerThreshold:: lcdOffPowerInLastHour : 0.09664238764126093Package:com.google.android.apps.plus
I/BatteryStatsDBHelper(  862): checkForPowerThreshold:: Total Power in last hour : 16.05435405038374
I/BatteryStatsDBHelper(  862): Added in Sipper List for last Hour :com.google.android.apps.plus
I/BatteryStatsDBHelper(  862): Total Power in last 24 hours : 182.82246379456797
I/BatteryStatsDBHelper(  862): Added in Sipper List for 24 Hours :com.google.android.apps.plus
I/BatteryStatsDBHelper(  862): In checkForPowerThreshold, Package name = com.sec.android.app.sbrowser
I/BatteryStatsDBHelper(  862): Checking to remove old data from [com.sec.android.app.sbrowser] before adding this new one at 48:10:50
I/BatteryStatsDBHelper(  862): First entry has timestamp as 47:10:41
I/BatteryStatsDBHelper(  862): Deleting entry for time = 47:10:41in table name : [com.sec.android.app.sbrowser]
I/BatteryStatsDBHelper(  862): Next entry's timestamp is 47:10:52
I/BatteryStatsDBHelper(  862):  maintainNotifiedAppList called 
I/BatteryStatsDBHelper(  862): checkForPowerThreshold:: lcdOffPowerInLastHour : 0.0Package:com.sec.android.app.sbrowser
I/BatteryStatsDBHelper(  862): checkForPowerThreshold:: Total Power in last hour : 16.05435405038374
I/BatteryStatsDBHelper(  862): Added in Sipper List for last Hour :com.sec.android.app.sbrowser
I/BatteryStatsDBHelper(  862): Total Power in last 24 hours : 182.82246379456797
I/BatteryStatsDBHelper(  862): Added in Sipper List for 24 Hours :com.sec.android.app.sbrowser
I/BatteryStatsDBHelper(  862): In checkForPowerThreshold, Package name = com.android.printspooler
I/BatteryStatsDBHelper(  862): Checking to remove old data from [com.android.printspooler] before adding this new one at 48:10:50
I/BatteryStatsDBHelper(  862): First entry has timestamp as 47:10:41
I/BatteryStatsDBHelper(  862): Deleting entry for time = 47:10:41in table name : [com.android.printspooler]
I/ConfigManager( 7560): (TwcGeneral) Updated config for configStoreKey=DAL_CONFIG from https://s.w-x.co/mobile.prod.twc/android/config/phone/6.0.0/dal_config.json
D/ActivityManager(  862): getContentProviderImpl callerProcessName:com.google.android.gms, calleePkgName: com.google.android.gsf
E/ActivityManager(  862): checkUser: useridlist=null, currentuser=0
E/ActivityManager(  862): checkUser: useridlist=null, currentuser=0
E/ActivityManager(  862): checkUser: useridlist=null, currentuser=0
E/ActivityManager(  862): checkUser: useridlist=null, currentuser=0
I/BatteryStatsDBHelper(  862): Next entry's timestamp is 47:10:52
I/BatteryStatsDBHelper(  862):  maintainNotifiedAppList called 
I/BatteryStatsDBHelper(  862): checkForPowerThreshold:: lcdOffPowerInLastHour : 0.0Package:com.android.printspooler
