W/System.err( 2811): 	at com.android.internal.os.ZygoteInit.main(ZygoteInit.java:1194)
W/System.err( 2811): Caused by: android.system.ErrnoException: open failed: EROFS (Read-only file system)
W/System.err( 2811): 	at libcore.io.Posix.open(Native Method)
W/System.err( 2811): 	at libcore.io.BlockGuardOs.open(BlockGuardOs.java:186)
W/System.err( 2811): 	at libcore.io.IoBridge.open(IoBridge.java:442)
W/System.err( 2811): 	... 23 more
D/ASK_APP ( 2811): ** Starting application in DEBUG mode.
D/FrankenRobotImpl( 2811): Raw mapping: com.anysoftkeyboard.backup.CloudBackupRequester is @string/frankenrobot_cloud_backup_implementation
D/FrankenRobotImpl( 2811): Raw mapping: com.anysoftkeyboard.dictionaries.DictionaryContentObserver is @string/frankenrobot_dictionary_observer_implementation
D/FrankenRobotImpl( 2811): Raw mapping: com.anysoftkeyboard.devicespecific.Clipboard is @string/frankenrobot_clipboard_implementation
D/FrankenRobotImpl( 2811): Raw mapping: com.anysoftkeyboard.devicespecific.StrictModeAble is @string/frankenrobot_strict_mode_implementation
D/FrankenRobotImpl( 2811): Interface com.anysoftkeyboard.backup.CloudBackupRequester is mapped to concrete class com.anysoftkeyboard.backup.CloudBackupRequesterApi8
D/FrankenRobotImpl( 2811): Interface com.anysoftkeyboard.dictionaries.DictionaryContentObserver is mapped to concrete class com.anysoftkeyboard.dictionaries.DictionaryContentObserverAPI16
D/FrankenRobotImpl( 2811): Interface com.anysoftkeyboard.devicespecific.Clipboard is mapped to concrete class com.anysoftkeyboard.devicespecific.ClipboardV11
D/StatusBarManagerService(  862): manageDisableList userId=0 what=0x0 pkg=WindowManager.LayoutParams
D/FrankenRobotImpl( 2811): Interface com.anysoftkeyboard.devicespecific.StrictModeAble is mapped to concrete class com.anysoftkeyboard.devicespecific.StrictModeImpl
E/qdoverlay(  273): Failed to call ioctl MSMFB_OVERLAY_SET err=Invalid argument
E/qdoverlay(  273): MdpCtrl failed to setOverlay, restoring last known good ov info
E/qdoverlay(  273): == Bad OVInfo is:  mdp_overlay z=0 fg=0 alpha=255 mask=-1 flags=0x20000 id=-1
E/qdoverlay(  273): src msmfb_img w=1152 h=1920 format=13 MDP_RGBA_8888
E/qdoverlay(  273): src_rect mdp_rect x=1079 y=0 w=1 h=1920
E/qdoverlay(  273): dst_rect mdp_rect x=1079 y=0 w=1 h=1920
E/qdoverlay(  273): == Last good known OVInfo is:  mdp_overlay z=0 fg=0 alpha=0 mask=0 flags=0x0 id=-1
E/qdoverlay(  273): src msmfb_img w=0 h=0 format=0 MDP_RGB_565
E/qdoverlay(  273): src_rect mdp_rect x=0 y=0 w=0 h=0
E/qdoverlay(  273): dst_rect mdp_rect x=0 y=0 w=0 h=0
E/qdoverlay(  273): MdpCtrl Lkgo ov has id -1, will not restore
E/qdoverlay(  273): Ctrl commit failed set overlay
E/qdhwcomposer(  273): configure: configMdp failed for dpy 0
I/ASK_Cfg ( 2811): ** Version: 1.8.-1324
I/ASK_Cfg ( 2811): ** Release code: -1324
I/ASK_Cfg ( 2811): ** BUILD_TYPE: debug
I/ASK_Cfg ( 2811): ** DEBUG: true
V/WindowOrientationListener(  862): mSContextAutoRotationListener.getProposedRotation, mbResultFaceDectection: false
V/WindowOrientationListener(  862): mSContextAutoRotationListener.getProposedRotation, Rotation: -1
V/WindowOrientationListener(  862): mSContextAutoRotationListener.getProposedRotation, mbResultFaceDectection: false
V/WindowOrientationListener(  862): mSContextAutoRotationListener.getProposedRotation, Rotation: -1
D/alsa_ucm(  303): snd_use_case_set(): uc_mgr 0xb3d18510 identifier _verb value Inactive
D/alsa_ucm(  303): Set mixer controls for HiFi enable 0
D/alsa_ucm(  303): Setting mixer control: SLIMBUS_0_RX Audio Mixer MultiMedia1, value: 0
V/ALSADevice(  303): Number of modifiers 0
V/ALSADevice(  303): usecase_type is 0
D/alsa_ucm(  303): snd_use_case_set(): uc_mgr 0xb3d18510 identifier _disdev value Stereo Mic
D/alsa_ucm(  303): disdev: device Stereo Mic not enabled, no need to disable
D/alsa_ucm(  303): snd_use_case_set(): uc_mgr 0xb3d18510 identifier _disdev value Speaker
D/alsa_ucm(  303): Set mixer controls for Speaker enable 0
D/alsa_ucm(  303): Setting mixer control: RX5 MIX1 INP1, value: ZERO
D/alsa_ucm(  303): Setting mixer control: RX5 MIX1 INP2, value: ZERO
D/alsa_ucm(  303): Setting mixer control: LINEOUT2 Volume, value: 0
D/alsa_ucm(  303): Setting mixer control: LINEOUT4 Volume, value: 0
D/alsa_ucm(  303): Setting mixer control: RX5 Digital Volume, value: 0
I/ASK_Cfg ( 2811): ** TESTING_BUILD: true
I/ASK_Cfg ( 2811): ** CUTTING_EDGE: true
D/InputDispatcher(  862): setInputDispatchMode: enabled=1, frozen=1
V/WindowManager(  862): rotationForOrientationLw(orient=1, last=1); user=0 USER_ROTATION_LOCKED sensorRotation=-1 mLidState=-1 mDockMode=0 mHdmiPlugged=false
D/SamsungWindowManager(  862): setRotationLw() : rotation=0
D/CustomFrequencyManagerService(  862): releaseDVFSLockLocked : Getting Lock type frm List : DVFS_MIN_LIMIT  frequency : 1890000  uid : 1000  pid : 862  tag : ROTATION_BOOSTER@37
D/CustomFrequencyManagerService(  862): acquireDVFSLockLocked : type : DVFS_MIN_LIMIT  frequency : 1890000  uid : 1000  pid : 862  pkgName : ROTATION_BOOSTER@37
D/ASK_Cfg ( 2811): Checking if configuration upgrade is needed.
D/ASK_Cfg ( 2811): **** onSharedPreferenceChanged: 
D/ASK_Cfg ( 2811): ** mDomainText: .com
D/ASK_Cfg ( 2811): ** mShowKeyPreview: true
D/ASK_Cfg ( 2811): ** mKeyPreviewAboveKey: true
D/ASK_Cfg ( 2811): ** mShowKeyboardNameText: true
D/ASK_Cfg ( 2811): ** mShowHintTextOnKeys: true
D/ASK_Cfg ( 2811): ** mUseCustomHintAlign: false
D/ASK_Cfg ( 2811): ** mCustomHintAlign: 17
D/ASK_Cfg ( 2811): ** mCustomHintVAlign: 48
D/ASK_Cfg ( 2811): ** mSwitchKeyboardOnSpace: true
D/ASK_Cfg ( 2811): ** mUseFullScreenInputInLandscape: true
D/ASK_Cfg ( 2811): ** mUseFullScreenInputInPortrait: false
D/ASK_Cfg ( 2811): ** mUseKeyRepeat: true
D/ASK_Cfg ( 2811): ** mKeysHeightFactorInPortrait: 1.0
D/ASK_Cfg ( 2811): ** mKeysHeightFactorInLandscape: 1.0
D/ASK_Cfg ( 2811): ** mInsertSpaceAfterCandidatePick: true
D/ASK_Cfg ( 2811): ** mSwipeUpKeyCode: -1
D/ASK_Cfg ( 2811): ** mSwipeUpFromSpaceBarKeyCode: -120
D/ASK_Cfg ( 2811): ** mSwipeDownKeyCode: -3
D/ASK_Cfg ( 2811): ** mSwipeLeftKeyCode: -2
D/ASK_Cfg ( 2811): ** mSwipeRightKeyCode: -99
D/ASK_Cfg ( 2811): ** mPinchKeyCode: -111
D/ASK_Cfg ( 2811): ** mSeparateKeyCode: -110
D/ASK_Cfg ( 2811): ** mSwipeLeftFromSpaceBarKeyCode: -2
D/ASK_Cfg ( 2811): ** mSwipeRightFromSpaceBarKeyCode: -99
D/ASK_Cfg ( 2811): ** mSwipeLeftWithTwoFingersKeyCode: -112
D/ASK_Cfg ( 2811): ** mSwipeRightWithTwoFingersKeyCode: -113
D/ASK_Cfg ( 2811): ** mActionKeyInvisibleWhenRequested: false
D/ASK_Cfg ( 2811): ** mIsDoubleSpaceChangesToPeroid: true
D/ASK_Cfg ( 2811): ** mShouldPopupForLanguageSwitch: false
D/ASK_Cfg ( 2811): ** mHideSoftKeyboardWhenPhysicalKeyPressed: true
D/ASK_Cfg ( 2811): ** mUse16KeysSymbolsKeyboard: false
D/ASK_Cfg ( 2811): ** mUseBackword: false
D/ASK_Cfg ( 2811): ** mCycleOverAllSymbolsKeyboard: true
D/ASK_Cfg ( 2811): ** mUseCameraKeyForBackspaceBackword: false
D/ASK_Cfg ( 2811): ** mUseVolumeKeyForLeftRight: false
D/ASK_Cfg ( 2811): ** mUseContactsDictionary: true
D/ASK_Cfg ( 2811): ** mAutoDictionaryInsertionThreshold: 9
D/ASK_Cfg ( 2811): ** mIsStickyExtensionKeyboard: false
D/ASK_Cfg ( 2811): ** mDrawExtensionKeyboardAboveMainKeyboard: true
D/ASK_Cfg ( 2811): ** mSwipeDistanceThreshold: 140
D/ASK_Cfg ( 2811): ** mSwipeVelocityThreshold: 380
D/ASK_Cfg ( 2811): ** mLongPressTimeout: 350
D/ASK_Cfg ( 2811): ** mMultiTapTimeout: 700
D/ASK_Cfg ( 2811): ** mWorkaround_alwaysUseDrawText: true
D/ASK_Cfg ( 2811): ** mInitialKeyboardCondenseState: merged_always
D/ASK_Cfg ( 2811): ** mUseChewbacca: true
D/ASK_Cfg ( 2811): ** mSwapPunctuationAndSpace: true
D/ASK_Cfg ( 2811): ** mAnimationsLevel: Some
D/ASK_Cfg ( 2811): ** mAlwaysUseFallBackUserDictionary: false
D/ASK_Cfg ( 2811): ** mAutomaticallySwitchToAppLayout: true
I/ASK_APP ( 2811): Loaded DeviceSpecific DeviceSpecific_V19 concrete class com.anysoftkeyboard.devicespecific.DeviceSpecific_V19
D/StrictMode( 2811): StrictMode policy violation; ~duration=58 ms: android.os.StrictMode$StrictModeDiskReadViolation: policy=2079 violation=2
D/StrictMode( 2811): 	at android.os.StrictMode$AndroidBlockGuardPolicy.onReadFromDisk(StrictMode.java:1137)
D/StrictMode( 2811): 	at android.app.SharedPreferencesImpl.awaitLoadedLocked(SharedPreferencesImpl.java:202)
D/StrictMode( 2811): 	at android.app.SharedPreferencesImpl.contains(SharedPreferencesImpl.java:267)
D/StrictMode( 2811): 	at com.anysoftkeyboard.AskPrefsImpl.updateStatistics(AskPrefsImpl.java:131)
D/StrictMode( 2811): 	at com.anysoftkeyboard.AskPrefsImpl.<init>(AskPrefsImpl.java:117)
D/StrictMode( 2811): 	at com.menny.android.anysoftkeyboard.AnyApplication.onCreate(AnyApplication.java:72)
D/StrictMode( 2811): 	at android.app.Instrumentation.callApplicationOnCreate(Instrumentation.java:1020)
D/StrictMode( 2811): 	at android.app.ActivityThread.handleBindApplication(ActivityThread.java:5122)
D/StrictMode( 2811): 	at android.app.ActivityThread.access$1600(ActivityThread.java:177)
D/StrictMode( 2811): 	at android.app.ActivityThread$H.handleMessage(ActivityThread.java:1510)
D/StrictMode( 2811): 	at android.os.Handler.dispatchMessage(Handler.java:102)
D/StrictMode( 2811): 	at android.os.Looper.loop(Looper.java:145)
D/StrictMode( 2811): 	at android.app.ActivityThread.main(ActivityThread.java:5951)
D/StrictMode( 2811): 	at java.lang.reflect.Method.invoke(Native Method)
D/StrictMode( 2811): 	at java.lang.reflect.Method.invoke(Method.java:372)
D/StrictMode( 2811): 	at com.android.internal.os.ZygoteInit$MethodAndArgsCaller.run(ZygoteInit.java:1399)
D/StrictMode( 2811): 	at com.android.internal.os.ZygoteInit.main(ZygoteInit.java:1194)
D/StrictMode( 2811): StrictMode policy violation; ~duration=49 ms: android.os.StrictMode$StrictModeDiskReadViolation: policy=2079 violation=2
D/StrictMode( 2811): 	at android.os.StrictMode$AndroidBlockGuardPolicy.onReadFromDisk(StrictMode.java:1137)
D/StrictMode( 2811): 	at libcore.io.BlockGuardOs.access(BlockGuardOs.java:67)
D/StrictMode( 2811): 	at java.io.File.doAccess(File.java:283)
D/StrictMode( 2811): 	at java.io.File.exists(File.java:363)
D/StrictMode( 2811): 	at android.app.SharedPreferencesImpl.writeToFile(SharedPreferencesImpl.java:567)
D/StrictMode( 2811): 	at android.app.SharedPreferencesImpl.access$800(SharedPreferencesImpl.java:51)
D/StrictMode( 2811): 	at android.app.SharedPreferencesImpl$2.run(SharedPreferencesImpl.java:512)
D/StrictMode( 2811): 	at android.app.SharedPreferencesImpl.enqueueDiskWrite(SharedPreferencesImpl.java:533)
D/StrictMode( 2811): 	at android.app.SharedPreferencesImpl.access$100(SharedPreferencesImpl.java:51)
D/StrictMode( 2811): 	at android.app.SharedPreferencesImpl$EditorImpl.commit(SharedPreferencesImpl.java:455)
D/StrictMode( 2811): 	at com.anysoftkeyboard.AskPrefsImpl.upgradeSettingsValues(AskPrefsImpl.java:315)
D/StrictMode( 2811): 	at com.anysoftkeyboard.AskPrefsImpl.<init>(AskPrefsImpl.java:120)
D/StrictMode( 2811): 	at com.menny.android.anysoftkeyboard.AnyApplication.onCreate(AnyApplication.java:72)
D/StrictMode( 2811): 	at android.app.Instrumentation.callApplicationOnCreate(Instrumentation.java:1020)
D/StrictMode( 2811): 	at android.app.ActivityThread.handleBindApplication(ActivityThread.java:5122)
D/StrictMode( 2811): 	at android.app.ActivityThread.access$1600(ActivityThread.java:177)
D/StrictMode( 2811): 	at android.app.ActivityThread$H.handleMessage(ActivityThread.java:1510)
D/StrictMode( 2811): 	at android.os.Handler.dispatchMessage(Handler.java:102)
D/StrictMode( 2811): 	at android.os.Looper.loop(Looper.java:145)
D/StrictMode( 2811): 	at android.app.ActivityThread.main(ActivityThread.java:5951)
D/StrictMode( 2811): 	at java.lang.reflect.Method.invoke(Native Method)
D/StrictMode( 2811): 	at java.lang.reflect.Method.invoke(Method.java:372)
D/StrictMode( 2811): 	at com.android.internal.os.ZygoteInit$MethodAndArgsCaller.run(ZygoteInit.java:1399)
D/StrictMode( 2811): 	at com.android.internal.os.ZygoteInit.main(ZygoteInit.java:1194)
D/StrictMode( 2811): StrictMode policy violation; ~duration=47 ms: android.os.StrictMode$StrictModeDiskReadViolation: policy=2079 violation=2
D/StrictMode( 2811): 	at android.os.StrictMode$AndroidBlockGuardPolicy.onReadFromDisk(StrictMode.java:1137)
D/StrictMode( 2811): 	at libcore.io.BlockGuardOs.access(BlockGuardOs.java:67)
D/StrictMode( 2811): 	at java.io.File.doAccess(File.java:283)
D/StrictMode( 2811): 	at java.io.File.exists(File.java:363)
D/StrictMode( 2811): 	at android.app.SharedPreferencesImpl.writeToFile(SharedPreferencesImpl.java:567)
D/StrictMode( 2811): 	at android.app.SharedPreferencesImpl.access$800(SharedPreferencesImpl.java:51)
D/StrictMode( 2811): 	at android.app.SharedPreferencesImpl$2.run(SharedPreferencesImpl.java:512)
D/StrictMode( 2811): 	at android.app.SharedPreferencesImpl.enqueueDiskWrite(SharedPreferencesImpl.java:533)
D/StrictMode( 2811): 	at android.app.SharedPreferencesImpl.access$100(SharedPreferencesImpl.java:51)
D/StrictMode( 2811): 	at android.app.SharedPreferencesImpl$EditorImpl.commit(SharedPreferencesImpl.java:455)
D/StrictMode( 2811): 	at com.anysoftkeyboard.AskPrefsImpl.initializeComputedValues(AskPrefsImpl.java:206)
D/StrictMode( 2811): 	at com.anysoftkeyboard.AskPrefsImpl.<init>(AskPrefsImpl.java:121)
D/StrictMode( 2811): 	at com.menny.android.anysoftkeyboard.AnyApplication.onCreate(AnyApplication.java:72)
D/StrictMode( 2811): 	at android.app.Instrumentation.callApplicationOnCreate(Instrumentation.java:1020)
D/StrictMode( 2811): 	at android.app.ActivityThread.handleBindApplication(ActivityThread.java:5122)
D/StrictMode( 2811): 	at android.app.ActivityThread.access$1600(ActivityThread.java:177)
D/StrictMode( 2811): 	at android.app.ActivityThread$H.handleMessage(ActivityThread.java:1510)
D/StrictMode( 2811): 	at android.os.Handler.dispatchMessage(Handler.java:102)
D/StrictMode( 2811): 	at android.os.Looper.loop(Looper.java:145)
D/StrictMode( 2811): 	at android.app.ActivityThread.main(ActivityThread.java:5951)
D/StrictMode( 2811): 	at java.lang.reflect.Method.invoke(Native Method)
D/StrictMode( 2811): 	at java.lang.reflect.Method.invoke(Method.java:372)
D/StrictMode( 2811): 	at com.android.internal.os.ZygoteInit$MethodAndArgsCaller.run(ZygoteInit.java:1399)
D/StrictMode( 2811): 	at com.android.internal.os.ZygoteInit.main(ZygoteInit.java:1194)
D/StrictMode( 2811): StrictMode policy violation; ~duration=0 ms: android.os.StrictMode$StrictModeDiskReadViolation: policy=2079 violation=2
D/StrictMode( 2811): 	at android.os.StrictMode$AndroidBlockGuardPolicy.onReadFromDisk(StrictMode.java:1137)
D/StrictMode( 2811): 	at libcore.io.BlockGuardOs.access(BlockGuardOs.java:67)
D/StrictMode( 2811): 	at java.io.File.doAccess(File.java:283)
D/StrictMode( 2811): 	at java.io.File.exists(File.java:363)
D/StrictMode( 2811): 	at android.app.SharedPreferencesImpl.writeToFile(SharedPreferencesImpl.java:567)
D/StrictMode( 2811): 	at android.app.SharedPreferencesImpl.access$800(SharedPreferencesImpl.java:51)
D/StrictMode( 2811): 	at android.app.SharedPreferencesImpl$2.run(SharedPreferencesImpl.java:512)
D/StrictMode( 2811): 	at android.app.SharedPreferencesImpl.enqueueDiskWrite(SharedPreferencesImpl.java:533)
D/StrictMode( 2811): 	at android.app.SharedPreferencesImpl.access$100(SharedPreferencesImpl.java:51)
D/StrictMode( 2811): 	at android.app.SharedPreferencesImpl$EditorImpl.commit(SharedPreferencesImpl.java:455)
D/StrictMode( 2811): 	at com.anysoftkeyboard.ui.tutorials.TutorialsProvider.firstTestersTimeVersionLoaded(TutorialsProvider.java:69)
D/StrictMode( 2811): 	at com.anysoftkeyboard.ui.tutorials.TutorialsProvider.showDragonsIfNeeded(TutorialsProvider.java:38)
D/StrictMode( 2811): 	at com.menny.android.anysoftkeyboard.AnyApplication.onCreate(AnyApplication.java:83)
D/StrictMode( 2811): 	at android.app.Instrumentation.callApplicationOnCreate(Instrumentation.java:1020)
D/StrictMode( 2811): 	at android.app.ActivityThread.handleBindApplication(ActivityThread.java:5122)
D/StrictMode( 2811): 	at android.app.ActivityThread.access$1600(ActivityThread.java:177)
D/StrictMode( 2811): 	at android.app.ActivityThread$H.handleMessage(ActivityThread.java:1510)
D/StrictMode( 2811): 	at android.os.Handler.dispatchMessage(Handler.java:102)
D/StrictMode( 2811): 	at android.os.Looper.loop(Looper.java:145)
D/StrictMode( 2811): 	at android.app.ActivityThread.main(ActivityThread.java:5951)
D/StrictMode( 2811): 	at java.lang.reflect.Method.invoke(Native Method)
D/StrictMode( 2811): 	at java.lang.reflect.Method.invoke(Method.java:372)
D/StrictMode( 2811): 	at com.android.internal.os.ZygoteInit$MethodAndArgsCaller.run(ZygoteInit.java:1399)
D/StrictMode( 2811): 	at com.android.internal.os.ZygoteInit.main(ZygoteInit.java:1194)
E/SurfaceFlinger(  273): rejecting buffer: bufWidth=1920, bufHeight=1080, front.active.{w=1080, h=1920}
V/ActivityManager(  862): Display changed displayId=0
I/InputReader(  862): Reconfiguring input devices.  changes=0x00000004
I/InputReader(  862): Device reconfigured: id=10, name='sec_touchscreen', size 1080x1920, orientation 0, mode 1, display id 0
I/ActivityManager(  862): Config changes=480 {0 1.0 310mcc410mnc en_US ldltr sw360dp w360dp h615dp 480dpi nrml long port finger -keyb/v/h -nav/h s.252}
D/Mms/MmsApp( 2380): [start]    onConfigurationChanged(), newConfig = {0 1.0 310mcc410mnc en_US ldltr sw360dp w360dp h615dp 480dpi nrml long port finger -keyb/v/h -nav/h s.252} consume time = 589.294432
D/Mms/MmsApp( 2380): [end]    onConfigurationChanged(), newConfig = {0 1.0 310mcc410mnc en_US ldltr sw360dp w360dp h615dp 480dpi nrml long port finger -keyb/v/h -nav/h s.252} consume time = 0.122071
D/MultiPhoneWindow( 3102): onMultiWindowConfigurationChanged com.android.incallui/com.android.incallui.InCallActivityoldRect=Rect(0, 0 - 1920, 1080)
D/VolumePanel( 2470): ===== Start onConfigurationChanged =====
D/VolumePanel( 2470): onConfigurationChanged : call updateLayout
D/VolumePanel( 2470): ===== Start updateLayout =====
D/VolumePanel( 2470): updateLayout : lp.width = 951, lp.y = 129
D/Recents_AlternateRecentsComponent( 2470): reloadHeaderBarLayout is getting called
D/Recents_TaskViewHeader( 2470): onFinishInflate
D/StatusBar-QSPanel( 2470): updateButtonInfo mButtonWidth : 206 mColumns:5 orien: 1 displayWidth:1032
D/KeyguardUpdateMonitor( 2470): updateCMASText( show = false )
W/Settings( 2470): Setting airplane_mode_on has moved from android.provider.Settings.System to android.provider.Settings.Global, returning read-only value.
D/PanelView( 2470): There is/are notification(s) 
V/WindowOrientationListener(  862): mSContextAutoRotationListener.getProposedRotation, mbResultFaceDectection: false
V/WindowOrientationListener(  862): mSContextAutoRotationListener.getProposedRotation, Rotation: -1
V/WindowOrientationListener(  862): mSContextAutoRotationListener.getProposedRotation, mbResultFaceDectection: false
V/WindowOrientationListener(  862): mSContextAutoRotationListener.getProposedRotation, Rotation: -1
V/WindowManager(  862): rotationForOrientationLw(orient=1, last=0); user=0 USER_ROTATION_LOCKED sensorRotation=-1 mLidState=-1 mDockMode=0 mHdmiPlugged=false
E/SmartFaceService(  862): onReceive: android.intent.action.CONFIGURATION_CHANGED
E/SmartFaceService(  862): mFolderCoverOpened: (true, true) -> true
D/GestureService(28998): deviceConditionChangeReceiver: onReceive - android.intent.action.CONFIGURATION_CHANGED
W/ContextImpl(28998): Calling a method in the system process without a qualified user: android.app.ContextImpl.sendStickyBroadcast:1866 android.content.ContextWrapper.sendStickyBroadcast:463 com.samsung.android.app.gestureservice.GestureService.updateStatusBar:826 com.samsung.android.app.gestureservice.GestureService.access$1300:40 com.samsung.android.app.gestureservice.GestureService$2.onReceive:242 
D/PanelView( 2470): onConfigurationChanged
D/PanelView( 2470): mQsDetailviewPanelHeight : 1371
D/StatusBar-QSPanel( 2470): setSingleLine:true
D/StatusBar-QSPanel( 2470): updateButtonInfo mButtonWidth : 206 mColumns:5 orien: 1 displayWidth:1032
D/StatusBar-QSPanel( 2470): setSingleLine height:0
D/STATUSBAR-QSTileView( 2470): dynamicallyReduceTextSize: 206
D/STATUSBAR-QSTileView( 2470): dynamicallyReduceTextSize: 206
D/STATUSBAR-QSTileView( 2470): dynamicallyReduceTextSize: 206
D/STATUSBAR-QSTileView( 2470): dynamicallyReduceTextSize: 206
D/STATUSBAR-QSTileView( 2470): dynamicallyReduceTextSize: 206
D/STATUSBAR-QSTileView( 2470): dynamicallyReduceTextSize: 206
D/STATUSBAR-QSTileView( 2470): dynamicallyReduceTextSize: 206
D/STATUSBAR-QSTileView( 2470): dynamicallyReduceTextSize: 206
D/STATUSBAR-QSTileView( 2470): dynamicallyReduceTextSize: 206
D/STATUSBAR-QSTileView( 2470): dynamicallyReduceTextSize: 206
D/STATUSBAR-QSTileView( 2470): dynamicallyReduceTextSize: 206
D/STATUSBAR-QSTileView( 2470): dynamicallyReduceTextSize: 206
D/STATUSBAR-QSTileView( 2470): dynamicallyReduceTextSize: 206
W/Settings(  862): Setting tether_dun_required has moved from android.provider.Settings.System to android.provider.Settings.Global
D/SettingsProvider(  862): name = tether_dun_required
D/AudioService(  862): cameraSoundForced : false mCameraSoundForced : false
D/STATUSBAR-QSTileView( 2470): dynamicallyReduceTextSize: 206
D/STATUSBAR-QSTileView( 2470): dynamicallyReduceTextSize: 206
D/STATUSBAR-QSTileView( 2470): dynamicallyReduceTextSize: 206
D/STATUSBAR-QSTileView( 2470): dynamicallyReduceTextSize: 206
D/STATUSBAR-QSTileView( 2470): dynamicallyReduceTextSize: 206
D/STATUSBAR-QSTileView( 2470): dynamicallyReduceTextSize: 206
D/STATUSBAR-QSTileView( 2470): dynamicallyReduceTextSize: 206
D/StatusBar.NetworkController( 2470): refreshViews connected={ wifi } level=2 combinedSignalIconId=0x7f02051e/com.android.systemui:drawable/stat_sys_wifi_signal_4 mobileLabel=AT&T wifiLabel="UO Secure"xxxxXXXXxxxxXXXX emergencyOnly=false combinedLabel="UO Secure"xxxxXXXXxxxxXXXX mAirplaneMode=false mDataActivity=3 mPhoneSignalIconId=0x7f020610/com.android.systemui:drawable/tw_stat_sys_5_level_signal_2 mQSPhoneSignalIconId=0x7f02012a/com.android.systemui:drawable/ic_qs_signal_2 mDataDirectionIconId=0x0/(null) mDataSignalIconId=0x7f020610/com.android.systemui:drawable/tw_stat_sys_5_level_signal_2 mDataTypeIconId=0x7f02032e/com.android.systemui:drawable/stat_sys_data_connected_lte_att mQSDataTypeIconId=0x0/(null) mNoSimIconId=0x0/(null) mWifiIconId=0x7f02051e/com.android.systemui:drawable/stat_sys_wifi_signal_4 mQSWifiIconId=0x7f020143/com.android.systemui:drawable/ic_qs_wifi_4 mWifiActivityIconId=0x7f0204ed/com.android.systemui:drawable/stat_sys_signal_in mBluetoothTetherIconId=0x10808cc/android:drawable/stat_sys_tether_bluetooth
D/STATUSBAR-WifiQuickSettingButton( 2470): onWifiSignalChanged enabled=true enabledDesc:"UO Secure"
W/art     ( 2811): Before Android 4.1, method android.graphics.PorterDuffColorFilter android.support.graphics.drawable.VectorDrawableCompat.updateTintFilter(android.graphics.PorterDuffColorFilter, android.content.res.ColorStateList, android.graphics.PorterDuff$Mode) would have incorrectly overridden the package-private method in android.graphics.drawable.Drawable
D/VolumePanel( 2470): updateSliderProgress : progress = -1
V/AudioPolicyManager_legacy(  303): getOutputsForDevice device 0002 -> 0002
I/AudioService(  862): getStreamVolume 2 index 0
D/VolumePanel( 2470): updateSliderProgress : progress = -1
I/AudioService(  862): getStreamVolume 3 index 0
I/AudioService(  862): getStreamVolume 3 index 0
D/VolumePanel( 2470): updateSliderProgress : progress = -1
V/AudioPolicyManager_legacy(  303): getOutputsForDevice device 0002 -> 0002
I/AudioService(  862): getStreamVolume 5 index 0
D/VolumePanel( 2470): updateSliderProgress : progress = -1
I/AudioService(  862): getStreamVolume 1 index 40
D/PanelView( 2470): mClearAll.setVisibility - mIsFullyOpened : false isShade : true mHasNotification : true mIsUpwardFling : false mQsFullyExpanded : true isShadeLocked : false mClearAllVisible : true
I/System.out( 2811): The time changed into nice format is: 17/02/2017 10:46:19
D/the time is: ( 2811): 1487357179786 
I/Timeline( 2811): Timeline: Activity_launch_request id:com.menny.android.anysoftkeyboard time:1535013441
E/PersonaManagerService(  862): inState():  stateMachine is null !!
I/PersonaManagerService(  862): Failed to execute isKioskModeEnabled. java.lang.SecurityException: You need MANAGE_USERS permission to: query user
I/ActivityManager(  862): do not start freezing screen for locked container getKeyguardshowstate = false
D/Activity( 2811): performCreate Call secproduct feature valuefalse
D/Activity( 2811): performCreate Call debug elastic valuetrue
D/CustomFrequencyManagerService(  862): releaseDVFSLockLocked : Getting Lock type frm List : DVFS_MIN_LIMIT  frequency : 1350000  uid : 1000  pid : 862  tag : ACTIVITY_RESUME_BOOSTER@7
D/CustomFrequencyManagerService(  862): acquireDVFSLockLocked : type : DVFS_MIN_LIMIT  frequency : 1350000  uid : 1000  pid : 862  pkgName : ACTIVITY_RESUME_BOOSTER@7
W/ActivityManager(  862): mDVFSHelper.acquire()
I/Timeline( 2811): Timeline: Activity_launch_request id:com.menny.android.anysoftkeyboard time:1535013450
E/PersonaManagerService(  862): inState():  stateMachine is null !!
I/PersonaManagerService(  862): Failed to execute isKioskModeEnabled. java.lang.SecurityException: You need MANAGE_USERS permission to: query user
I/ActivityManager(  862): do not start freezing screen for locked container getKeyguardshowstate = false
D/CustomFrequencyManagerService(  862): releaseDVFSLockLocked : Getting Lock type frm List : DVFS_MIN_LIMIT  frequency : 1350000  uid : 1000  pid : 862  tag : ACTIVITY_RESUME_BOOSTER@7
D/CustomFrequencyManagerService(  862): acquireDVFSLockLocked : type : DVFS_MIN_LIMIT  frequency : 1350000  uid : 1000  pid : 862  pkgName : ACTIVITY_RESUME_BOOSTER@7
W/ActivityManager(  862): mDVFSHelper.acquire()
D/OpenGLRenderer( 2811): Render dirty regions requested: true
D/ActivityManager(  862): post active user change for 0
D/KnoxTimeoutHandler(  862): postActiveUserChange for user 0
D/KnoxTimeoutHandler(  862): handleActiveUserChange for user 0
D/InputMethodService( 2811): mBR.registerReceiver()
I/ASK     ( 2811): ****** AnySoftKeyboard v1.8.-1324 (-1324) service started.
I/ASK     ( 2811): ****** AnySoftKeyboard v1.8.-1324 (-1324) service started.
W/ASK     ( 2811): Could not find Animation_InputMethodFancy, using default animation
I/ASK     ( 2811): Custom volume un-checked.
E/InputMethodManagerService(  862): Ignoring updateStatusIcon due to an invalid token. uid:1000 token:null
D/LogManager( 2811): This is LogManager before init
D/LogManager( 2811): This is LogManager in init
D/LogUploadtask( 2811): This is LogUplaodTask in registerTasks 1
D/LogUploadtask( 2811): Upload interval minutes in registerTasks = 120
D/LogUploadtask( 2811): The value of LOG_UPLOAD_INTERVAL_MINUTES IS: 120the value of boolean USE_AUTO_UPLOAD IS: true
D/LogUploadTask( 2811): Registering repeating upload tasks. Runs every 120 minutes.
D/LogUploadtask( 2811): This is LogUplaodTask in registerTasks 2
D/LogUploadtask( 2811): This is LogUplaodTask in registerTasks 3
E/Log     ( 2811): In Buffer constructor
D/Log     ( 2811): This is LogManager 1
D/Log     ( 2811): This is LogManager 3
D/Log     ( 2811): This is FileWriter 2
D/Log     ( 2811): This encryption is enabled? : true
D/Log     ( 2811): This is FileWriter 3
D/Log     ( 2811): This is FileWriter 1
D/SecContentProvider2(  862): uri = 14 selection = getSealedState
D/SecContentProvider2(  862): mCursor = null
D/ApplicationPolicy(  862): isStatusBarNotificationAllowedAsUser: packageName = com.menny.android.anysoftkeyboard,userId = 0
V/ApplicationPolicy(  862): isApplicationStateBlocked userId 0 pkgname com.menny.android.anysoftkeyboard
E/Log     ( 2811): In Buffer constructor
D/LightsService(  862): [api] [SvcLED] turnOff:: id = 4 (uid: 1000 pid: 862) 
D/LightsService(  862): [SvcLED] setSvcLedStateLocked:: SvcLEDState : 0x0 -> 0x0 | SvcLED(id=4) set Off
D/LightsService(  862): [SvcLED] Lux failed to be updated in 700ms. -> handleForcedSvcLEDTasK
D/LightsService(  862): [SvcLED]  setSvcLedLightLocked :: Current SvcLED(id=4) maintains its priority right
D/StatusBar( 2470): ----- contentsUnchanged : true, bigContentsUnchanged - true, headsUpContentsUnchanged - true , publicUnchanged true
D/ASK_KF  ( 2811): getAllAddOns has 0 add on for com.anysoftkeyboard.keyboards.KeyboardFactory
D/ASK_KF  ( 2811): External addon details: prefId:c7535083-4fe6-49dc-81aa-c5438a1a343a nameId:2131230779
D/ASK_KF  ( 2811): External keyboard details: prefId:c7535083-4fe6-49dc-81aa-c5438a1a343a nameId:2131230779 resId:2131099711 landscapeResId:0 iconResId:2130837657 defaultDictionary:en
D/ASK_KF  ( 2811): External addon details: prefId:12335055-4aa6-49dc-8456-c7d38a1a5123 nameId:2131230779
D/ASK_KF  ( 2811): External keyboard details: prefId:12335055-4aa6-49dc-8456-c7d38a1a5123 nameId:2131230779 resId:2131099650 landscapeResId:2131099711 iconResId:2130837657 defaultDictionary:en
D/ASK_KF  ( 2811): External addon details: prefId:34CC76A3-91B3-4204-BB1B-421BA8FC8430 nameId:2131230779
D/ASK_KF  ( 2811): External keyboard details: prefId:34CC76A3-91B3-4204-BB1B-421BA8FC8430 nameId:2131230779 resId:2131099712 landscapeResId:2131099712 iconResId:2130837657 defaultDictionary:en
D/ASK_KF  ( 2811): Local add-on keyboard_c7535083-4fe6-49dc-81aa-c5438a1a343a loaded
D/ASK_KF  ( 2811): Local add-on keyboard_12335055-4aa6-49dc-8456-c7d38a1a5123 loaded
D/ASK_KF  ( 2811): Local add-on keyboard_34CC76A3-91B3-4204-BB1B-421BA8FC8430 loaded
D/ASK_KF  ( 2811): Have 3 add on for com.anysoftkeyboard.keyboards.KeyboardFactory
D/ASK_KF  ( 2811): Have 3 add on for com.anysoftkeyboard.keyboards.KeyboardFactory (after sort)
D/ASK_KF  ( 2811): getAllAddOns will return 3 add on for com.anysoftkeyboard.keyboards.KeyboardFactory
I/ASK_KF  ( 2811): Creating enabled addons list. I have a total of 3 addons
D/ASK_KF  ( 2811): Factory provided addon: keyboard_c7535083-4fe6-49dc-81aa-c5438a1a343a
D/PersonaManager( 2470): isKioskContainerExistOnDevice
D/PersonaManager( 2470): isKioskContainerExistOnDevice
D/KeyguardUpdateMonitor( 2470): updateCMASText( show = false )
W/Settings( 2470): Setting airplane_mode_on has moved from android.provider.Settings.System to android.provider.Settings.Global, returning read-only value.
D/PanelView( 2470): There is/are notification(s) 
D/PanelView( 2470): kidsfalse mQsExpansionEnabled:true
D/KeyguardUpdateMonitor( 2470): updateCMASText( show = false )
W/Settings( 2470): Setting airplane_mode_on has moved from android.provider.Settings.System to android.provider.Settings.Global, returning read-only value.
D/PanelView( 2470): There is/are notification(s) 
D/PersonaManager( 2470): isKioskContainerExistOnDevice
D/KeyguardUpdateMonitor( 2470): updateCMASText( show = false )
W/Settings( 2470): Setting airplane_mode_on has moved from android.provider.Settings.System to android.provider.Settings.Global, returning read-only value.
D/PanelView( 2470): There is/are notification(s) 
D/PanelView( 2470): kidsfalse mQsExpansionEnabled:true
D/KeyguardUpdateMonitor( 2470): updateCMASText( show = false )
W/InputMethodInfo(  862): Duplicated subtype definition found: , voice
I/art     ( 2811): Explicit concurrent mark sweep GC freed 20281(1387KB) AllocSpace objects, 5(80KB) LOS objects, 47% free, 17MB/33MB, paused 366us total 34.851ms
D/ActivityManager(  862): startService callerProcessName:com.menny.android.anysoftkeyboard, calleePkgName: com.menny.android.anysoftkeyboard
W/ActivityManager(  862): Unable to start service Intent { cmp=com.menny.android.anysoftkeyboard/com.radicalninja.logger.MainActivity } U=0: not found
D/PanelView( 2470): mClearAll.setVisibility - mIsFullyOpened : false isShade : true mHasNotification : true mIsUpwardFling : false mQsFullyExpanded : true isShadeLocked : false mClearAllVisible : true
I/System.out( 2811): The time changed into nice format is: 17/02/2017 10:46:20
D/the time is: ( 2811): 1487357180056 
I/Timeline( 2811): Timeline: Activity_launch_request id:com.menny.android.anysoftkeyboard time:1535013702
E/PersonaManagerService(  862): inState():  stateMachine is null !!
I/PersonaManagerService(  862): Failed to execute isKioskModeEnabled. java.lang.SecurityException: You need MANAGE_USERS permission to: query user
I/ActivityManager(  862): do not start freezing screen for locked container getKeyguardshowstate = false
D/Activity( 2811): performCreate Call secproduct feature valuefalse
D/Activity( 2811): performCreate Call debug elastic valuetrue
I/Timeline( 2811): Timeline: Activity_launch_request id:com.menny.android.anysoftkeyboard time:1535013706
E/PersonaManagerService(  862): inState():  stateMachine is null !!
I/PersonaManagerService(  862): Failed to execute isKioskModeEnabled. java.lang.SecurityException: You need MANAGE_USERS permission to: query user
I/ActivityManager(  862): do not start freezing screen for locked container getKeyguardshowstate = false
D/CustomFrequencyManagerService(  862): releaseDVFSLockLocked : Getting Lock type frm List : DVFS_MIN_LIMIT  frequency : 1350000  uid : 1000  pid : 862  tag : ACTIVITY_RESUME_BOOSTER@7
D/CustomFrequencyManagerService(  862): acquireDVFSLockLocked : type : DVFS_MIN_LIMIT  frequency : 1350000  uid : 1000  pid : 862  pkgName : ACTIVITY_RESUME_BOOSTER@7
W/ActivityManager(  862): mDVFSHelper.acquire()
D/CustomFrequencyManagerService(  862): releaseDVFSLockLocked : Getting Lock type frm List : DVFS_MIN_LIMIT  frequency : 1350000  uid : 1000  pid : 862  tag : ACTIVITY_RESUME_BOOSTER@7
D/CustomFrequencyManagerService(  862): acquireDVFSLockLocked : type : DVFS_MIN_LIMIT  frequency : 1350000  uid : 1000  pid : 862  pkgName : ACTIVITY_RESUME_BOOSTER@7
W/ActivityManager(  862): mDVFSHelper.acquire()
D/ActivityManager(  862): post active user change for 0
D/KnoxTimeoutHandler(  862): postActiveUserChange for user 0
D/KnoxTimeoutHandler(  862): handleActiveUserChange for user 0
I/WindowManager(  862): Screen frozen for +611ms due to AppWindowToken{32abede1 token=Token{3e00e7cf ActivityRecord{3e35202e u0 com.menny.android.anysoftkeyboard/com.radicalninja.logger.MainActivity t10349}}}
D/InputDispatcher(  862): setInputDispatchMode: enabled=1, frozen=0
D/SettingsProvider(  862): name = aw_daemon_service_key_app_service_status
D/SettingsProvider(  862): edmUri: content://com.sec.knox.provider/RestrictionPolicy3
D/SettingsProvider(  862): projectionArgs: isSettingsChangesAllowed
D/SettingsProvider(  862): selectionArgs: false
D/SettingsProvider(  862): selectionArgs: 10170
D/SecContentProvider(  862): uri = 17 selection = isSettingsChangesAllowed
D/SettingsProvider(  862): ret = -1
D/ScoverManager( 2032): unregisterListener
D/CoverManager.StateNotifier(  862): unregisterCallback : binder = android.os.BinderProxy@3a985349, pid : 2032, uid : 10170
D/daemonapp(23860): [MSC_Accu_Daemon]>>> AWDS:70 [0:0] Act : widgetappapaccuweatherdaemonactionCURRENT_LOCATION_WEATHER_DATA, run:true
D/comsamsunglog(23860): [MSC_Accu_Daemon]>>> ====================================================================================================================
D/comsamsunglog(23860): [MSC_Accu_Daemon]>>> daemonapp [Version : 15012901 ] [ 1 ] 
D/comsamsunglog(23860): [MSC_Accu_Daemon]>>> Header set to : ===> "daemonapp" <===
D/comsamsunglog(23860): [MSC_Accu_Daemon]>>> ====================================================================================================================
D/daemonapp(23860): [MSC_Accu_Daemon]>>> ACP:435 [0:0] Provider query : content://apaccuweatherprovider/packagename
D/daemonapp(23860): [MSC_Accu_Daemon]>>> AWDS:1099 [0:0] PakNme size = 2
E/ViewSystem( 2811): ViewRootImpl #2 Surface is not valid.
D/daemonapp(23860): [MSC_Accu_Daemon]>>> ACP:435 [0:0] Provider query : content://apaccuweatherprovider/current_weatherinfo
E/Diag_Lib( 2846):  Diag_LSM_Init: Failed to open handle to diag driver, error = 2
D/StatusBar.NetworkController( 2470): refreshViews connected={ wifi } level=2 combinedSignalIconId=0x7f02051e/com.android.systemui:drawable/stat_sys_wifi_signal_4 mobileLabel=AT&T wifiLabel="UO Secure"xxxxXXXXxxxxXXXX emergencyOnly=false combinedLabel="UO Secure"xxxxXXXXxxxxXXXX mAirplaneMode=false mDataActivity=3 mPhoneSignalIconId=0x7f020610/com.android.systemui:drawable/tw_stat_sys_5_level_signal_2 mQSPhoneSignalIconId=0x7f02012a/com.android.systemui:drawable/ic_qs_signal_2 mDataDirectionIconId=0x0/(null) mDataSignalIconId=0x7f020610/com.android.systemui:drawable/tw_stat_sys_5_level_signal_2 mDataTypeIconId=0x7f02032e/com.android.systemui:drawable/stat_sys_data_connected_lte_att mQSDataTypeIconId=0x0/(null) mNoSimIconId=0x0/(null) mWifiIconId=0x7f02051e/com.android.systemui:drawable/stat_sys_wifi_signal_4 mQSWifiIconId=0x7f020143/com.android.systemui:drawable/ic_qs_wifi_4 mWifiActivityIconId=0x7f0204ef/com.android.systemui:drawable/stat_sys_signal_inout mBluetoothTetherIconId=0x10808cc/android:drawable/stat_sys_tether_bluetooth
D/STATUSBAR-WifiQuickSettingButton( 2470): onWifiSignalChanged enabled=true enabledDesc:"UO Secure"
D/StatusBar.NetworkController( 2470): refreshSignalCluster - setNWBoosterIndicators(false)
D/StatusBar.NetworkController( 2470): applyOpen
D/StatusBar.NetworkController( 2470): refreshSignalCluster - setNWBoosterIndicators(false)
D/StatusBar.NetworkController( 2470): applyOpen
D/StatusBar.NetworkController( 2470): refreshSignalCluster - setNWBoosterIndicators(false)
D/StatusBar.NetworkController( 2470): applyOpen
D/StatusBar.NetworkController( 2470): refreshSignalCluster - setNWBoosterIndicators(false)
D/StatusBar.NetworkController( 2470): applyOpen
W/InputMethodManager( 2678): Ignoring onBind: cur seq=-1, given seq=9010
D/daemonapp(23860): [MSC_Accu_Daemon]>>> ACP:435 [0:0] Provider query : content://apaccuweatherprovider/current_weatherinfo
V/CameraSettings( 2032): getDefaultAutoNightDetectionMode: 1
V/CameraSettings( 2032): getDefaultAutoNightDetectionMode: 1
D/daemonapp(23860): [MSC_Accu_Daemon]>>> ACP:435 [0:0] Provider query : content://apaccuweatherprovider/current_weatherinfo
D/daemonapp(23860): [MSC_Accu_Daemon]>>> ACP:435 [0:0] Provider query : content://apaccuweatherprovider/settings
D/daemonapp(23860): [MSC_Accu_Daemon]>>> AWDS:113 [0:0] SerStus:true,TmpS:0,AtRfr:0, checkCurrent: 1
D/daemonapp(23860): [MSC_Accu_Daemon]>>> AWDS:138 [0:0] start_app:false, packagename:appcamera, cp:accuweather
I/MediaFocusControl(  862):  AudioFocus  abandonAudioFocus() from android.media.AudioManager$325d6fabcom.sec.android.app.camera.Camera$173$3310d608
D/daemonapp(23860): [MSC_Accu_Daemon]>>> ACP:435 [0:0] Provider query : content://apaccuweatherprovider/packagename
D/daemonapp(23860): [MSC_Accu_Daemon]>>> AWDS:166 [0:0] not AR
D/daemonapp(23860): [MSC_Accu_Daemon]>>> ACP:435 [0:0] Provider query : content://apaccuweatherprovider/packagename
I/System.out( 2811): The time changed into nice format is: 17-02-2017 10-46-20
D/daemonapp(23860): [MSC_Accu_Daemon]>>> AWDS:1099 [0:0] PakNme size = 2
D/daemonapp(23860): [MSC_Accu_Daemon]>>> AWDS:171 [0:0] SetservStus:true
D/CognitoCachingCredentialsProvider( 2811): Loading credentials from SharedPreferences
D/Activity( 2811): performCreate Call secproduct feature valuefalse
D/Activity( 2811): performCreate Call debug elastic valuetrue
D/Encrypt ( 2811): onResume: before transfer utility
D/Encrypt ( 2811): onResume: before encryption
D/Encrypt ( 2811): onResume: after encryption
D/ActivityManager(  862): post active user change for 0
D/KnoxTimeoutHandler(  862): postActiveUserChange for user 0
D/KnoxTimeoutHandler(  862): handleActiveUserChange for user 0
D/PointerIcon(  862): setMouseIconStyle1 pointerType: 1001iconType:101 flag:0
D/PointerIcon(  862): setMouseCustomIcon IconType is same.101
D/PointerIcon(  862): setHoveringSpenIconStyle1 pointerType: 10001iconType:1 flag:0
D/PointerIcon(  862): setHoveringSpenCustomIcon IconType is same.1
I/Adreno-EGL( 2811): <qeglDrvAPI_eglInitialize:410>: EGL 1.4 QUALCOMM build:  ()
I/Adreno-EGL( 2811): OpenGL ES Shader Compiler Version: E031.25.03.06
I/Adreno-EGL( 2811): Build Date: 01/24/15 Sat
I/Adreno-EGL( 2811): Local Branch: AF11_RB1_AU15
I/Adreno-EGL( 2811): Remote Branch: 
I/Adreno-EGL( 2811): Local Patches: 
I/Adreno-EGL( 2811): Reconstruct Branch: 
I/OpenGLRenderer( 2811): Initialized EGL, version 1.4
D/StatusBarManagerService(  862): manageDisableList userId=0 what=0x0 pkg=WindowManager.LayoutParams
D/OpenGLRenderer( 2811): Enabling debug mode 0
D/TextEntryState( 2811): State = START
D/InputMethodManagerService(  862): windowGainedFocus mCurrentFocusedUserId - 0 and mSecureKeypadEnabled-false
W/ContextImpl(  862): Calling a method in the system process without a qualified user: android.app.ContextImpl.sendBroadcast:1699 com.android.server.InputMethodManagerService$6.run:2734 java.lang.Thread.run:818 <bottom of call stack> <bottom of call stack> 
I/ActivityManager(  862): Displayed Component not be shown by security: +330ms (total +1s171ms)
I/Timeline(  862): Timeline: Activity_windows_visible id: ActivityRecord{31ae217a u0 com.menny.android.anysoftkeyboard/com.radicalninja.logger.VideoActivity t10349} time:1535014046
D/CustomFrequencyManagerService(  862): releaseDVFSLockLocked : Getting Lock type frm List : DVFS_MIN_LIMIT  frequency : 1350000  uid : 1000  pid : 862  tag : ACTIVITY_RESUME_BOOSTER@7
W/ActivityManager(  862): mDVFSHelper.release()
D/CustomFrequencyManagerService(  862): acquireDVFSLockLocked : type : DVFS_MIN_LIMIT  frequency : 1350000  uid : 1000  pid : 862  pkgName : ACTIVITY_RESUME_BOOSTER@11
I/Timeline( 2811): Timeline: Activity_idle id: android.os.BinderProxy@211cf6c5 time:1535014073
I/Timeline( 2811): Timeline: Activity_idle id: android.os.BinderProxy@3cadfe4e time:1535014073
I/Timeline( 2811): Timeline: Activity_idle id: android.os.BinderProxy@3cadfe4e time:1535014075
D/Log     ( 2811): clearBuffers 1
D/Log     ( 2811): clearBuffers 2
D/Log     ( 2811): We are in saveBuffer line 235
D/Log     ( 2811): this is in write to file, LogManager
D/Log     ( 2811): clearBuffers 3
D/GestureService(28998): serviceOnOffReceiver: onReceive - ResponseAxT9Info
V/GestureService(28998): enableService!!!!
E/GestureService(28998): updateFlags started
V/GestureService(28998): ================== GestureService Listener List ==================
E/GestureService(28998): bVertical = false
E/GestureService(28998): bHorizontal = false
E/GestureService(28998): bHorizontalWave = false
D/SSRM:a  (  862): DeviceInfo:: 000000000000
D/SSRM:a  (  862): SettingsAirViewInfo:: 000000000
E/OpenGLRenderer( 2678): SFEffectCache:clear(), mSize = 0
D/TextEntryState( 2811): State = START
W/ContextImpl(28998): Calling a method in the system process without a qualified user: android.app.ContextImpl.sendStickyBroadcast:1866 android.content.ContextWrapper.sendStickyBroadcast:463 com.samsung.android.app.gestureservice.GestureService.updateStatusBar:826 com.samsung.android.app.gestureservice.GestureService.enableService:967 com.samsung.android.app.gestureservice.GestureService.access$1800:40 
V/ActivityThread( 2811): updateVisibility : ActivityRecord{165b3a41 token=android.os.BinderProxy@3cadfe4e {com.menny.android.anysoftkeyboard/com.radicalninja.logger.MainActivity}} show : false
V/WindowOrientationListener(  862): mSContextAutoRotationListener.getProposedRotation, mbResultFaceDectection: false
V/WindowOrientationListener(  862): mSContextAutoRotationListener.getProposedRotation, Rotation: -1
V/WindowOrientationListener(  862): mSContextAutoRotationListener.getProposedRotation, mbResultFaceDectection: false
V/WindowOrientationListener(  862): mSContextAutoRotationListener.getProposedRotation, Rotation: -1
V/WindowManager(  862): rotationForOrientationLw(orient=1, last=0); user=0 USER_ROTATION_LOCKED sensorRotation=-1 mLidState=-1 mDockMode=0 mHdmiPlugged=false
D/CustomFrequencyManagerService(  862): releaseDVFSLockLocked : Getting Lock type frm List : DVFS_MIN_LIMIT  frequency : 1350000  uid : 1000  pid : 862  tag : ACTIVITY_RESUME_BOOSTER@11
D/StatusBar.NetworkController( 2470): refreshViews connected={ wifi } level=2 combinedSignalIconId=0x7f02051e/com.android.systemui:drawable/stat_sys_wifi_signal_4 mobileLabel=AT&T wifiLabel="UO Secure"xxxxXXXXxxxxXXXX emergencyOnly=false combinedLabel="UO Secure"xxxxXXXXxxxxXXXX mAirplaneMode=false mDataActivity=3 mPhoneSignalIconId=0x7f020610/com.android.systemui:drawable/tw_stat_sys_5_level_signal_2 mQSPhoneSignalIconId=0x7f02012a/com.android.systemui:drawable/ic_qs_signal_2 mDataDirectionIconId=0x0/(null) mDataSignalIconId=0x7f020610/com.android.systemui:drawable/tw_stat_sys_5_level_signal_2 mDataTypeIconId=0x7f02032e/com.android.systemui:drawable/stat_sys_data_connected_lte_att mQSDataTypeIconId=0x0/(null) mNoSimIconId=0x0/(null) mWifiIconId=0x7f02051e/com.android.systemui:drawable/stat_sys_wifi_signal_4 mQSWifiIconId=0x7f020143/com.android.systemui:drawable/ic_qs_wifi_4 mWifiActivityIconId=0x7f0204ed/com.android.systemui:drawable/stat_sys_signal_in mBluetoothTetherIconId=0x10808cc/android:drawable/stat_sys_tether_bluetooth
D/STATUSBAR-WifiQuickSettingButton( 2470): onWifiSignalChanged enabled=true enabledDesc:"UO Secure"
D/StatusBar.NetworkController( 2470): refreshSignalCluster - setNWBoosterIndicators(false)
D/StatusBar.NetworkController( 2470): applyOpen
D/StatusBar.NetworkController( 2470): refreshSignalCluster - setNWBoosterIndicators(false)
D/StatusBar.NetworkController( 2470): applyOpen
D/StatusBar.NetworkController( 2470): refreshSignalCluster - setNWBoosterIndicators(false)
D/StatusBar.NetworkController( 2470): applyOpen
D/StatusBar.NetworkController( 2470): refreshSignalCluster - setNWBoosterIndicators(false)
D/StatusBar.NetworkController( 2470): applyOpen
D/CustomFrequencyManagerService(  862): releaseDVFSLockLocked : Getting Lock type frm List : DVFS_MIN_LIMIT  frequency : 1890000  uid : 1000  pid : 862  tag : ROTATION_BOOSTER@37
I/art     (  862): Explicit concurrent mark sweep GC freed 30497(1676KB) AllocSpace objects, 4(64KB) LOS objects, 16% free, 80MB/96MB, paused 2.838ms total 283.508ms
I/art     (  862): WaitForGcToComplete blocked for 112.548ms for cause HeapTrim
D/StatusBar.NetworkController( 2470): refreshViews connected={ wifi } level=2 combinedSignalIconId=0x7f02051b/com.android.systemui:drawable/stat_sys_wifi_signal_3 mobileLabel=AT&T wifiLabel="UO Secure"xxxxXXXXxxxxXXXX emergencyOnly=false combinedLabel="UO Secure"xxxxXXXXxxxxXXXX mAirplaneMode=false mDataActivity=3 mPhoneSignalIconId=0x7f020610/com.android.systemui:drawable/tw_stat_sys_5_level_signal_2 mQSPhoneSignalIconId=0x7f02012a/com.android.systemui:drawable/ic_qs_signal_2 mDataDirectionIconId=0x0/(null) mDataSignalIconId=0x7f020610/com.android.systemui:drawable/tw_stat_sys_5_level_signal_2 mDataTypeIconId=0x7f02032e/com.android.systemui:drawable/stat_sys_data_connected_lte_att mQSDataTypeIconId=0x0/(null) mNoSimIconId=0x0/(null) mWifiIconId=0x7f02051b/com.android.systemui:drawable/stat_sys_wifi_signal_3 mQSWifiIconId=0x7f020142/com.android.systemui:drawable/ic_qs_wifi_3 mWifiActivityIconId=0x7f0204ed/com.android.systemui:drawable/stat_sys_signal_in mBluetoothTetherIconId=0x10808cc/android:drawable/stat_sys_tether_bluetooth
D/STATUSBAR-WifiQuickSettingButton( 2470): onWifiSignalChanged enabled=true enabledDesc:"UO Secure"
D/StatusBar.NetworkController( 2470): refreshSignalCluster - setNWBoosterIndicators(false)
D/StatusBar.NetworkController( 2470): applyOpen
D/StatusBar.NetworkController( 2470): refreshSignalCluster - setNWBoosterIndicators(false)
W/NotificationService(  862): Object died trying to hide notification android.app.ITransientNotification$Stub$Proxy@973e4da in package com.menny.android.anysoftkeyboard
W/ActivityManager(  862): setProcessForeground called on unknown pid: 30294
W/NotificationService(  862): Object died trying to show notification android.app.ITransientNotification$Stub$Proxy@30af0d0b in package com.menny.android.anysoftkeyboard
D/StatusBar.NetworkController( 2470): applyOpen
D/StatusBar.NetworkController( 2470): refreshSignalCluster - setNWBoosterIndicators(false)
D/StatusBar.NetworkController( 2470): applyOpen
D/StatusBar.NetworkController( 2470): refreshSignalCluster - setNWBoosterIndicators(false)
D/StatusBar.NetworkController( 2470): applyOpen
D/SSRM:n  (  862): SIOP:: AP = 450, CUR = 1000
W/ProcessCpuTracker(  862): Skipping unknown process pid 2954
W/ProcessCpuTracker(  862): Skipping unknown process pid 2956
W/ProcessCpuTracker(  862): Skipping unknown process pid 2957
W/ProcessCpuTracker(  862): Skipping unknown process pid 2958
V/AlarmManager(  862): waitForAlarm result :8
D/CustomFrequencyManagerService(  862): acquireDVFSLockLocked : type : DVFS_MIN_LIMIT  frequency : 1350000  uid : 1000  pid : 862  pkgName : ACTIVITY_RESUME_BOOSTER@7
D/BatteryService(  862): !@BatteryListener : batteryPropertiesChanged!
D/BatteryService(  862): level:86, scale:100, status:2, health:2, present:true, voltage: 4250, temperature: 302, technology: Li-ion, AC powered:false, USB powered:true, Wireless powered:false, icon:17303687, invalid charger:0
D/BatteryService(  862): online:6, current avg:1000, charge type:1, power sharing:false, high voltage charger:false, capacity:280000, current_now:1000
D/BatteryService(  862): Sending ACTION_BATTERY_CHANGED.
W/ActivityManager(  862): mDVFSHelper.acquire()
D/KeyguardUpdateMonitor( 2470): received broadcast android.intent.action.BATTERY_CHANGED
D/STATUSBAR-PhoneStatusBar( 2470):  mBrightnessEnablebySettings = true mBrightnessEnablebyBattery = true mBrightnessEnablebyDisableFlag = true mPmsBrightnessEnablebySettings = true
