01-17 21:08:32.872 E/SecNfcJni(26497): nfaConnectionCallback: unknown event ????
01-17 21:08:32.902 D/ACRA    (27608): ACRA init; reportURL: https://www.facebook.com/mobile/generic_android_crash_logs/659091980805095
01-17 21:08:32.902 D/ACRA    (27608): ACRA is enabled for com.facebook.appmanager, intializing...
01-17 21:08:32.922 V/fb-UnpackingSoSource(27608): locked dso store /data/user/0/com.facebook.appmanager/lib-main
01-17 21:08:32.922 I/fb-UnpackingSoSource(27608): dso store is up-to-date: /data/user/0/com.facebook.appmanager/lib-main
01-17 21:08:32.922 V/fb-UnpackingSoSource(27608): releasing dso store lock for /data/user/0/com.facebook.appmanager/lib-main
01-17 21:08:32.952 W/com.facebook.appmanager:cp(27608): Verify
01-17 21:08:32.962 D/SecNfcJni(26497): RoutingManager::commitRouting
01-17 21:08:32.962 D/SecNfcJni(26497): RoutingManager::nfaEeCallback: NFA_EE_UPDATED_EVT
01-17 21:08:32.962 D/InjectionManager(27608): InjectionManager
01-17 21:08:32.962 D/InjectionManager(27608): fillFeatureStoreMap com.facebook.appmanager
01-17 21:08:32.962 I/InjectionManager(27608): Constructor com.facebook.appmanager, Feature store :{}
01-17 21:08:32.962 I/InjectionManager(27608): featureStore :{}
01-17 21:08:32.972 D/NfcService(26497): index : 0
01-17 21:08:32.982 D/NfcService(26497): index : 1
01-17 21:08:32.982 D/NfcService(26497): index : 2
01-17 21:08:32.982 D/NfcService(26497): call the commitRouting - NfcService
01-17 21:08:32.982 D/SecNfcJni(26497): RoutingManager::commitRouting
01-17 21:08:32.982 D/SecNfcJni(26497): RoutingManager::nfaEeCallback: NFA_EE_UPDATED_EVT
01-17 21:08:33.002 I/SpayFw_PayConfigurator(27508): CC2 : AU
01-17 21:08:33.052 I/art     (24942): Background partial concurrent mark sweep GC freed 92262(5MB) AllocSpace objects, 18(500KB) LOS objects, 24% free, 48MB/64MB, paused 7.116ms total 280.923ms
01-17 21:08:33.082 E/Drive.UninstallOperation(25903): Package still installed com.menny.android.anysoftkeyboard
01-17 21:08:33.112 W/System.err(25903): remove failed: ENOENT (No such file or directory) : /data/user/0/com.google.android.gms/databases/history_query.db
01-17 21:08:33.112 W/System.err(25903): remove failed: ENOENT (No such file or directory) : /data/user/0/com.google.android.gms/databases/history_query.db-journal
01-17 21:08:33.112 W/System.err(25903): remove failed: ENOENT (No such file or directory) : /data/user/0/com.google.android.gms/databases/history_query.db-shm
01-17 21:08:33.112 W/System.err(25903): remove failed: ENOENT (No such file or directory) : /data/user/0/com.google.android.gms/databases/history_query.db-wal
01-17 21:08:33.122 E/NetworkScheduler.SR(26925): Invalid parameter app
01-17 21:08:33.122 E/NetworkScheduler.SR(26925): Invalid package name : Perhaps you didn't include a PendingIntent in the extras?
01-17 21:08:33.152 W/JavaBinder(24942): BinderProxy is being destroyed but the application did not call unlinkToDeath to unlink all of its death recipients beforehand.  Releasing leaked death recipient: com.android.server.spay.PaymentManagerService$FrameworkClient$ClientBinderDeathReceiver
01-17 21:08:33.182 D/InjectionManager(27508): InjectionManager
01-17 21:08:33.182 D/InjectionManager(27508): fillFeatureStoreMap com.samsung.android.spayfw
01-17 21:08:33.192 I/InjectionManager(27508): Constructor com.samsung.android.spayfw, Feature store :{}
01-17 21:08:33.192 I/InjectionManager(27508): featureStore :{}
01-17 21:08:33.192 D/PackageManager(24942): setEnabledSetting : userId = 0 packageName = com.samsung.android.spayfw cmp = com.samsung.android.spayfw.core.PackageStateReceiver newState = 1 callingPackage = 1200
01-17 21:08:33.202 D/PackageManager(24942): setEnabledSetting : userId = 0 packageName = com.samsung.android.spayfw cmp = com.samsung.android.spayfw.fraud.FraudReceiver newState = 1 callingPackage = 1200
01-17 21:08:33.212 D/PackageManager(24942): setEnabledSetting : userId = 0 packageName = com.samsung.android.spayfw cmp = com.samsung.android.spayfw.core.hce.SPayHCEService newState = 1 callingPackage = 1200
01-17 21:08:33.212 D/PackageManager(24942): setEnabledSetting : userId = 0 packageName = com.samsung.android.spayfw cmp = com.samsung.android.spayfw.core.hce.SPayHCEReceiver newState = 1 callingPackage = 1200
01-17 21:08:33.222 I/PaymentFramework(27471): Connected! Name: com.samsung.android.spayfw.core.PaymentFrameworkService
01-17 21:08:33.222 D/PaymentFramework(27471): resetBindTimer: timerTask cancel return true 
01-17 21:08:33.222 D/PaymentFramework(27471): resetBindTimer: resetCount 
01-17 21:08:33.222 D/PaymentFramework(27471): notifyAndDeleteRequests: 
01-17 21:08:33.222 D/PaymentFramework(27471): notifyAndDeleteRequests: opt: 15
01-17 21:08:33.222 D/SAMSUNGPAY(27471): [PaymentOperationUsFwCallBack] mGetAllCardStateCallback onReady
01-17 21:08:33.222 D/SAMSUNGPAY(27471): [PaymentOperationUsFw.OnReadyHandler] Measurement - OnReadyHandler.handleMessage() : enter time = 1484716113232
01-17 21:08:33.222 D/SAMSUNGPAY(27471): [PropertyUtil] getProvValue : prefsValue is empty
01-17 21:08:33.222 I/SAMSUNGPAY(27471): [PropertyUtil] Object is user_auth_access_token, Value is empty
01-17 21:08:33.232 D/SAMSUNGPAY(27471): [PaymentOperationUsFw.OnReadyHandler] jwt token is not ready
01-17 21:08:33.242 I/SpayFw_TokenChangeChecker(27508): restart
01-17 21:08:33.242 E/SpayFw_TokenManager(27508): getAllCardState  - mAccount is null
01-17 21:08:33.252 I/SAMSUNGPAY(27471): [SpayPaymentOperationFw] ResultCardListener - onSuccess() : (EResult.OK, EStatus.GET_ALL_TOKEN_STATE) hash = 155122575
01-17 21:08:33.252 D/SAMSUNGPAY(27471): [SamsungPayApplicationMediator] syncCardList : success
01-17 21:08:33.252 D/SAMSUNGPAY(27471): [PaymentOperationUsFw.OnReadyHandler] Measurement - OnReadyHandler.handleMessage() : exit time = 1484716113259
01-17 21:08:33.252 D/SAMSUNGPAY(27471): [acl] handleMessage(what : 10)
01-17 21:08:33.262 D/PeopleNotiListenerService(26389): onEdgeNotificationRemoved() : pkg com.samsung.android.spayfw,id=10436,extra=Bundle[mParcelledData.dataSize=84]
01-17 21:08:33.262 D/PeopleNotiListenerService(26389): removeEdgeNotification:Bundle[{samsung.notification.id=10436, samsung.notification.type=normal, samsung.people.package_name=com.samsung.android.spayfw}]
01-17 21:08:33.262 I/PeopleStripeService(26389): PeopleNotificationReceiver:3
01-17 21:08:33.262 I/PeopleStripeService(26389): sendEdgeNotification  peopleEnabled true lightingEnabled true edgeEnabled true
01-17 21:08:33.262 I/PeopleDataManager(26389): removeNotification
01-17 21:08:33.262 I/NotificationParser(26389): getNotiType:com.samsung.android.spayfw,null
01-17 21:08:33.262 D/PeopleDataManager(26389): removeNotiInfo: id =10436,packageName=com.samsung.android.spayfw,isEdgeNotification=false,key=null,removeAll=false
01-17 21:08:33.262 D/PeopleDataManager(26389): removeNotiInfo =null
01-17 21:08:33.272 D/SAMSUNGPAY(27471): [SPayContentProvider] db is available (1)
01-17 21:08:33.282 D/SAMSUNGPAY(27471): [SPayContentProvider] close database (0)
01-17 21:08:33.282 I/SAMSUNGPAY(27471): [SpayCardManager] create cardMgr instance102500346
01-17 21:08:33.282 D/bauth_FPBAuthService( 4884): FPBAuthService, 6910
01-17 21:08:33.282 D/bauth_FPBAuthService( 4884): FPBAuthService, 7033
01-17 21:08:33.282 D/SAMSUNGPAY(27471): [acl] updateAllCardState : all token state retrieved :0
01-17 21:08:33.282 I/TLC_BAUTH( 4884): Call FP cmd 0xc (30);1546
01-17 21:08:33.282 D/SAMSUNGPAY(27471): [acl] updateAllCardState :  update complete
01-17 21:08:33.282 I/tlc_communication( 4884): Send Trustlet TCI Message;213
01-17 21:08:33.282 I/tlc_communication( 4884): mcNotify is completed;223
01-17 21:08:33.282 D/PeopleNotiListenerService(26389): onEdgeNotificationRemoved() : pkg com.android.vending,id=-1050172287,extra=Bundle[mParcelledData.dataSize=84]
01-17 21:08:33.282 D/PeopleNotiListenerService(26389): removeEdgeNotification:Bundle[{samsung.notification.id=-1050172287, samsung.notification.type=normal, samsung.people.package_name=com.android.vending}]
01-17 21:08:33.282 I/PeopleStripeService(26389): PeopleNotificationReceiver:3
01-17 21:08:33.282 I/PeopleStripeService(26389): sendEdgeNotification  peopleEnabled true lightingEnabled true edgeEnabled true
01-17 21:08:33.282 I/PeopleDataManager(26389): removeNotification
01-17 21:08:33.282 I/NotificationParser(26389): getNotiType:com.android.vending,null
01-17 21:08:33.282 D/PeopleDataManager(26389): removeNotiInfo: id =-1050172287,packageName=com.android.vending,isEdgeNotification=false,key=null,removeAll=false
01-17 21:08:33.282 D/PeopleDataManager(26389): removeNotiInfo =null
01-17 21:08:33.292 D/PackageManager(24942): setEnabledSetting : userId = 0 packageName = com.facebook.appmanager cmp = com.facebook.oxygen.appmanager.crashmanager.CrashManagerActivity newState = 2 callingPackage = 10112
01-17 21:08:33.312 I/tlc_communication( 4884): mcWaitNotification is completed;247
01-17 21:08:33.312 I/TLC_BAUTH( 4884): Check the Trustlet return code is completed;1646
01-17 21:08:33.312 D/bauth_FPBAuthService( 4884): check_opcode status = 5, opcode = 0, func_ret_val = 0, function_status = 0, timeout = 0
01-17 21:08:33.312 D/PackageManager(24942): setEnabledSetting : userId = 0 packageName = com.facebook.appmanager cmp = com.facebook.oxygen.appmanager.firstparty.tos.ShouldAcceptTos newState = 2 callingPackage = 10112
01-17 21:08:33.322 I/SpayFw_PackageStateReceiver(27508): PackageName : com.menny.android.anysoftkeyboard
01-17 21:08:33.322 I/SpayFw_PackageStateReceiver(27508): Data Removed : false
01-17 21:08:33.322 D/PackageManager(24942): setEnabledSetting : userId = 0 packageName = com.facebook.appmanager cmp = com.facebook.oxygen.appmanager.firstparty.tos.ShouldShowTos newState = 2 callingPackage = 10112
01-17 21:08:33.332 D/bauth_FPBAuthService( 4884): FPBAuthService, 7090
01-17 21:08:33.332 I/TLC_BAUTH( 4884): Call FUNC ID 0x4;682
01-17 21:08:33.332 I/TLC_BAUTH( 4884): Free ION Memory;711
01-17 21:08:33.332 I/TLC_BAUTH( 4884): Call FUNC ID 0x20;254
01-17 21:08:33.332 I/TLC_BAUTH( 4884): FUNC ID 0x20 is completed;280
01-17 21:08:33.332 I/tlc_communication( 4884): tlc_close() called;152
01-17 21:08:33.332 I/tlc_communication( 4884): Closing the session;156
01-17 21:08:33.332 D/PackageManager(24942): setEnabledSetting : userId = 0 packageName = com.facebook.appmanager cmp = com.facebook.oxygen.appmanager.firstparty.tos.ShouldShowExplicitTos newState = 2 callingPackage = 10112
01-17 21:08:33.342 D/PackageManager(24942): setEnabledSetting : userId = 0 packageName = com.facebook.appmanager cmp = com.facebook.oxygen.appmanager.nekodirect.NekoDirectService newState = 2 callingPackage = 10112
01-17 21:08:33.352 D/PackageManager(24942): setEnabledSetting : userId = 0 packageName = com.facebook.appmanager cmp = com.facebook.oxygen.appmanager.nekodirect.progress.ProgressContentProvider newState = 2 callingPackage = 10112
01-17 21:08:33.352 E/Zygote  (27660): v2
01-17 21:08:33.352 I/SELinux (27660): Function: selinux_compare_spd_ram, index[1], SPD-policy is existed. and_ver=SEPF_SECMOBILE_6.0.1 ver=11
01-17 21:08:33.352 W/SELinux (27660): Function: selinux_compare_spd_ram, index[1], priority [2], priority version is VE=SEPF_SECMOBILE_6.0.1_0013
01-17 21:08:33.362 E/Zygote  (27660): accessInfo : 0
01-17 21:08:33.362 W/SELinux (27660): SELinux: seapp_context_lookup: seinfo=platform, level=s0:c512,c768, pkgname=com.samsung.android.app.appsedge 
01-17 21:08:33.362 I/tlc_communication( 4884): Free WSM;172
01-17 21:08:33.362 I/tlc_communication( 4884): Closing MobiCore device;188
01-17 21:08:33.372 I/tlc_communication( 4884): tlc_close() successed;200
01-17 21:08:33.372 I/TLC_BAUTH( 4884): FUNC ID 0x4 is completed;812
01-17 21:08:33.372 D/bauth_FPBAuthSensorControl( 4884): FPBAuthSensorControl, 221
01-17 21:08:33.372 D/bauth_FPBAuthService( 4884): FPBAuthService, 630
01-17 21:08:33.372 D/bauth_FPBAuthService( 4884): FPBAuthService, 7130
01-17 21:08:33.372 D/bauth_FPBAuthService( 4884): FPBAuthService, 7297
01-17 21:08:33.372 D/bauth_FPBAuthService( 4884): FPBAuthService, 6933
01-17 21:08:33.402 D/TimaKeyStoreProvider(27660): TimaSignature is unavailable
01-17 21:08:33.402 D/ActivityThread(27660): Added TimaKeyStore provider
01-17 21:08:33.432 I/InjectionManager(27660): Inside getClassLibPath + mLibMap{0=, 1=}
01-17 21:08:33.442 I/InjectionManager(27660): Inside getClassLibPath caller 
01-17 21:08:33.452 W/System  (27660): ClassLoader referenced unknown path: /data/app/com.samsung.android.app.appsedge-2/lib/arm64
01-17 21:08:33.462 D/InjectionManager(27660): InjectionManager
01-17 21:08:33.472 D/InjectionManager(27660): fillFeatureStoreMap com.samsung.android.app.appsedge
01-17 21:08:33.472 I/InjectionManager(27660): Constructor com.samsung.android.app.appsedge, Feature store :{}
01-17 21:08:33.472 I/InjectionManager(27660): featureStore :{}
01-17 21:08:33.472 I/AppsEdgeBroadcastReceiver(27660): onReceive: android.intent.action.PACKAGE_REMOVED
01-17 21:08:33.492 E/Zygote  (27675): v2
01-17 21:08:33.492 I/SELinux (27675): Function: selinux_compare_spd_ram, index[1], SPD-policy is existed. and_ver=SEPF_SECMOBILE_6.0.1 ver=11
01-17 21:08:33.492 W/SELinux (27675): Function: selinux_compare_spd_ram, index[1], priority [2], priority version is VE=SEPF_SECMOBILE_6.0.1_0013
01-17 21:08:33.492 E/Zygote  (27675): accessInfo : 0
01-17 21:08:33.492 W/SELinux (27675): SELinux: seapp_context_lookup: seinfo=platform, level=s0:c512,c768, pkgname=com.samsung.android.app.watchmanager 
01-17 21:08:33.512 I/ServiceManager(24326): [#CMH#] Disconnected to Service  com.samsung.enhanceservice.EnhanceService
01-17 21:08:33.522 D/TimaKeyStoreProvider(27675): TimaSignature is unavailable
01-17 21:08:33.522 D/ActivityThread(27675): Added TimaKeyStore provider
01-17 21:08:33.552 I/InjectionManager(27675): Inside getClassLibPath + mLibMap{0=, 1=}
01-17 21:08:33.582 I/InjectionManager(27675): Inside getClassLibPath caller 
01-17 21:08:33.592 W/System  (27675): ClassLoader referenced unknown path: /data/app/com.samsung.android.app.watchmanager-1/lib/arm64
01-17 21:08:33.612 D/tUHM:HostManagerUtils(27675): Build.Type : user
01-17 21:08:33.622 V/tUHM:TWatchManagerApplication(27675): onCreate
01-17 21:08:33.622 D/FeatureUtil(27675): checkSupportSemAPI
01-17 21:08:33.622 D/tUHM:TWatchManagerApplication(27675): AppVersion : 2.2.16101261
01-17 21:08:33.622 D/InjectionManager(27675): InjectionManager
01-17 21:08:33.622 D/InjectionManager(27675): fillFeatureStoreMap com.samsung.android.app.watchmanager
01-17 21:08:33.622 I/InjectionManager(27675): Constructor com.samsung.android.app.watchmanager, Feature store :{}
01-17 21:08:33.622 I/InjectionManager(27675): featureStore :{}
01-17 21:08:33.622 I/tUHM:PackageControlReceiver(27675): intent getAction=android.intent.action.PACKAGE_REMOVED
01-17 21:08:33.632 I/tUHM:PackageControlReceiver(27675): forReplacing=true intent=Intent { act=android.intent.action.PACKAGE_REMOVED dat=package:com.menny.android.anysoftkeyboard flg=0x4000010 cmp=com.samsung.android.app.watchmanager/com.samsung.android.app.twatchmanager.receiver.PackageControlReceiver bqHint=4 (has extras) }
01-17 21:08:33.632 D/tUHM:PackageControlReceiver(27675): Uninstalled Package :com.menny.android.anysoftkeyboard
01-17 21:08:33.632 D/tUHM:PackageControlReceiver(27675):  removeBlockedPackage [com.menny.android.anysoftkeyboard]
01-17 21:08:33.632 D/tUHM:TWatchManagerApplication(27675): getAppContext()
01-17 21:08:33.632 D/tUHM:TWatchManagerApplication(27675): mAppContext = com.samsung.android.app.twatchmanager.TWatchManagerApplication@3e0ec8
01-17 21:08:33.632 D/tUHM:PackageControlReceiver(27675):  current list of blocked apps [null]
01-17 21:08:33.652 I/ServiceManager(24326): [#CMH#] Disconnected to Service  com.samsung.ipservice.IPService
01-17 21:08:33.702 E/Zygote  (27691): v2
01-17 21:08:33.702 I/SELinux (27691): Function: selinux_compare_spd_ram, index[1], SPD-policy is existed. and_ver=SEPF_SECMOBILE_6.0.1 ver=11
01-17 21:08:33.702 W/SELinux (27691): Function: selinux_compare_spd_ram, index[1], priority [2], priority version is VE=SEPF_SECMOBILE_6.0.1_0013
01-17 21:08:33.702 E/Zygote  (27691): accessInfo : 0
01-17 21:08:33.702 W/SELinux (27691): SELinux: seapp_context_lookup: seinfo=release, level=s0:c512,c768, pkgname=com.sec.android.app.shealth:remote 
01-17 21:08:33.732 D/TimaKeyStoreProvider(27691): TimaSignature is unavailable
01-17 21:08:33.732 D/ActivityThread(27691): Added TimaKeyStore provider
01-17 21:08:33.762 I/InjectionManager(27691): Inside getClassLibPath + mLibMap{0=, 1=}
01-17 21:08:33.782 I/InjectionManager(27691): Inside getClassLibPath caller 
01-17 21:08:33.852 I/MultiDex(27691): VM with version 2.1.0 has multidex support
01-17 21:08:33.852 I/MultiDex(27691): install
01-17 21:08:33.852 I/MultiDex(27691): VM has multidex support, MultiDex support library is disabled.
01-17 21:08:33.852 I/MultiDex(27691): install
01-17 21:08:33.852 I/MultiDex(27691): VM has multidex support, MultiDex support library is disabled.
01-17 21:08:34.002 E/Zygote  (27715): v2
01-17 21:08:34.002 I/SELinux (27715): Function: selinux_compare_spd_ram, index[1], SPD-policy is existed. and_ver=SEPF_SECMOBILE_6.0.1 ver=11
01-17 21:08:34.002 W/SELinux (27715): Function: selinux_compare_spd_ram, index[1], priority [2], priority version is VE=SEPF_SECMOBILE_6.0.1_0013
01-17 21:08:34.002 E/Zygote  (27715): accessInfo : 0
01-17 21:08:34.012 W/SELinux (27715): SELinux: seapp_context_lookup: seinfo=release, level=s0:c512,c768, pkgname=com.sec.android.app.shealth 
01-17 21:08:34.012 D/PackageManager(24942): setEnabledSetting : userId = 0 packageName = com.sec.android.app.shealth cmp = com.sec.android.app.shealth.widget.WalkMateAppWidget newState = 1 callingPackage = 10032
01-17 21:08:34.012 D/PackageManager(24942): setEnabledSetting : userId = 0 packageName = com.sec.android.app.shealth cmp = com.sec.android.app.shealth.widget.WalkMatePlainAppWidget newState = 1 callingPackage = 10032
01-17 21:08:34.022 D/PackageManager(24942): setEnabledSetting : userId = 0 packageName = com.sec.android.app.shealth cmp = com.sec.android.app.shealth.widget.WalkMateAppEasyWidget newState = 1 callingPackage = 10032
01-17 21:08:34.032 D/PackageManager(24942): setEnabledSetting : userId = 0 packageName = com.sec.android.app.shealth cmp = com.samsung.android.sdk.healthdata.privileged.status.PackageDelegateReceiver newState = 1 callingPackage = 10032
01-17 21:08:34.042 D/TimaKeyStoreProvider(27715): TimaSignature is unavailable
01-17 21:08:34.042 D/ActivityThread(27715): Added TimaKeyStore provider
01-17 21:08:34.052 D/InjectionManager(27691): InjectionManager
01-17 21:08:34.052 D/InjectionManager(27691): fillFeatureStoreMap com.sec.android.app.shealth
01-17 21:08:34.052 I/InjectionManager(27691): Constructor com.sec.android.app.shealth, Feature store :{}
01-17 21:08:34.052 I/InjectionManager(27691): featureStore :{}
01-17 21:08:34.082 E/Zygote  (27730): v2
01-17 21:08:34.082 I/SELinux (27730): Function: selinux_compare_spd_ram, index[1], SPD-policy is existed. and_ver=SEPF_SECMOBILE_6.0.1 ver=11
01-17 21:08:34.082 W/SELinux (27730): Function: selinux_compare_spd_ram, index[1], priority [2], priority version is VE=SEPF_SECMOBILE_6.0.1_0013
01-17 21:08:34.082 I/InjectionManager(27715): Inside getClassLibPath + mLibMap{0=, 1=}
01-17 21:08:34.082 E/Zygote  (27730): accessInfo : 0
01-17 21:08:34.082 W/SELinux (27730): SELinux: seapp_context_lookup: seinfo=default, level=s0:c512,c768, pkgname=com.devuni.flashlight 
01-17 21:08:34.092 I/Health.HealthService(27691): HealthService: onCreate() start (27691)
01-17 21:08:34.092 I/InjectionManager(27715): Inside getClassLibPath caller 
01-17 21:08:34.122 D/TimaKeyStoreProvider(27730): TimaSignature is unavailable
01-17 21:08:34.122 D/ActivityThread(27730): Added TimaKeyStore provider
01-17 21:08:34.122 I/MultiDex(27715): VM with version 2.1.0 has multidex support
01-17 21:08:34.122 I/MultiDex(27715): install
01-17 21:08:34.122 I/MultiDex(27715): VM has multidex support, MultiDex support library is disabled.
01-17 21:08:34.122 I/MultiDex(27715): install
01-17 21:08:34.122 I/MultiDex(27715): VM has multidex support, MultiDex support library is disabled.
01-17 21:08:34.132 D/S HEALTH - MultiprocessSharedPreferencesProviderForSDK(27715): onCreate() - ContextHolder.getContext() is Null
01-17 21:08:34.152 I/InjectionManager(27730): Inside getClassLibPath + mLibMap{0=, 1=}
01-17 21:08:34.162 D/HealthDataStore(27691): Service for HealthDataStore is connected
01-17 21:08:34.162 D/HealthDataStore(27691): HealthConnectionErrorResult code : 9
01-17 21:08:34.162 D/HealthConsole(27691): Service for HealthDataConsole is connected
01-17 21:08:34.162 D/HealthDataStore(27691): Trying to connect with Health Service fails (error code: 9)
01-17 21:08:34.162 E/HealthDataStore(27691): disconnectService: Context instance is invalid
01-17 21:08:34.182 I/InjectionManager(27730): Inside getClassLibPath caller 
01-17 21:08:34.182 I/ServiceManager(24326): [#CMH#] Disconnected to Service  com.samsung.dcmservice.DCMService
01-17 21:08:34.192 D/InjectionManager(27730): InjectionManager
01-17 21:08:34.202 D/InjectionManager(27730): fillFeatureStoreMap com.devuni.flashlight
01-17 21:08:34.202 I/ServiceManager(24326): [#CMH#] Disconnected to Service  com.samsung.faceservice.FaceService
01-17 21:08:34.202 I/InjectionManager(27730): Constructor com.devuni.flashlight, Feature store :{}
01-17 21:08:34.202 I/InjectionManager(27730): featureStore :{}
01-17 21:08:34.222 W/System.err(27691): stat failed: ENOENT (No such file or directory) : /data/user/0/com.sec.android.app.shealth/databases/SecureHealthData.db.back
01-17 21:08:34.242 E/Zygote  (27756): v2
01-17 21:08:34.242 I/SELinux (27756): Function: selinux_compare_spd_ram, index[1], SPD-policy is existed. and_ver=SEPF_SECMOBILE_6.0.1 ver=11
01-17 21:08:34.242 W/SELinux (27756): Function: selinux_compare_spd_ram, index[1], priority [2], priority version is VE=SEPF_SECMOBILE_6.0.1_0013
01-17 21:08:34.242 W/System.err(27691): stat failed: ENOENT (No such file or directory) : /data/user/0/com.sec.android.app.shealth/databases/SecureHealthData.db.back
01-17 21:08:34.242 E/Zygote  (27756): accessInfo : 0
01-17 21:08:34.242 W/SELinux (27756): SELinux: seapp_context_lookup: seinfo=default, level=s0:c512,c768, pkgname=com.yahoo.mobile.client.android.mail 
01-17 21:08:34.252 D/Health.KeyManager(27691): Set now
01-17 21:08:34.262 W/System.err(27691): stat failed: ENOENT (No such file or directory) : /data/user/0/com.sec.android.app.shealth/databases/SecureHealthData.db.back
01-17 21:08:34.262 I/ServiceManager(24326): [#CMH#] Disconnected to Service  com.samsung.storyservice.StoryService
01-17 21:08:34.282 D/TimaKeyStoreProvider(27756): TimaSignature is unavailable
01-17 21:08:34.282 D/ActivityThread(27756): Added TimaKeyStore provider
01-17 21:08:34.312 W/System.err(27691): stat failed: ENOENT (No such file or directory) : /data/user/0/com.sec.android.app.shealth/databases/HealthFramework.db.back
01-17 21:08:34.322 I/InjectionManager(27756): Inside getClassLibPath + mLibMap{0=, 1=}
01-17 21:08:34.332 I/InjectionManager(27756): Inside getClassLibPath caller 
01-17 21:08:34.352 I/ApiInterface(27715): Context is null: isSemAvailable: false
01-17 21:08:34.352 D/Interface SE-SDL(27715): Log
01-17 21:08:34.352 I/ApiInterface(27715): isSemAvailable: false
01-17 21:08:34.362 D/Interface SE-SDL(27715): SystemProperties
01-17 21:08:34.362 I/ApiInterface(27715): Context is null: isSemAvailable: false
01-17 21:08:34.362 D/Interface SE-SDL(27715): FloatingFeature
01-17 21:08:34.362 I/ApiInterface(27715): isSemAvailable: false
01-17 21:08:34.362 D/LibSDL Log(27715): SEC_LOG - true
01-17 21:08:34.382 D/Interface SE-SDL(27715): MultiSimManager
01-17 21:08:34.382 I/ApiInterface(27715): isSemAvailable: false
01-17 21:08:34.402 I/MultiDex(27756): VM with version 2.1.0 has multidex support
01-17 21:08:34.402 W/System.err(27691): stat failed: ENOENT (No such file or directory) : /data/user/0/com.sec.android.app.shealth/databases/Permission.db.back
01-17 21:08:34.402 I/MultiDex(27756): install
01-17 21:08:34.402 I/MultiDex(27756): VM has multidex support, MultiDex support library is disabled.
01-17 21:08:34.432 D/InjectionManager(27715): InjectionManager
01-17 21:08:34.432 D/InjectionManager(27715): fillFeatureStoreMap com.sec.android.app.shealth
01-17 21:08:34.442 I/InjectionManager(27715): Constructor com.sec.android.app.shealth, Feature store :{}
01-17 21:08:34.442 I/InjectionManager(27715): featureStore :{}
01-17 21:08:34.442 D/HealthDataStore(27715): Service for HealthDataStore is connected
01-17 21:08:34.442 W/System.err(27691): stat failed: ENOENT (No such file or directory) : /data/user/0/com.sec.android.app.shealth/databases/SecureHealthData.db.back
01-17 21:08:34.442 W/System.err(27691): stat failed: ENOENT (No such file or directory) : /data/user/0/com.sec.android.app.shealth/databases/SecureHealthData.db.back
01-17 21:08:34.442 W/System.err(27691): stat failed: ENOENT (No such file or directory) : /data/user/0/com.sec.android.app.shealth/databases/SecureHealthData.db.back
01-17 21:08:34.442 D/HealthDataStore(27715): HealthConnectionErrorResult code : 9
01-17 21:08:34.442 D/HealthConsole(27715): Service for HealthDataConsole is connected
01-17 21:08:34.442 D/HealthDataStore(27715): Trying to connect with Health Service fails (error code: 9)
01-17 21:08:34.442 E/HealthDataStore(27715): disconnectService: Context instance is invalid
01-17 21:08:34.532 E/Zygote  (27784): v2
01-17 21:08:34.532 I/SELinux (27784): Function: selinux_compare_spd_ram, index[1], SPD-policy is existed. and_ver=SEPF_SECMOBILE_6.0.1 ver=11
01-17 21:08:34.532 W/SELinux (27784): Function: selinux_compare_spd_ram, index[1], priority [2], priority version is VE=SEPF_SECMOBILE_6.0.1_0013
01-17 21:08:34.532 E/Zygote  (27784): accessInfo : 0
01-17 21:08:34.532 W/SELinux (27784): SELinux: seapp_context_lookup: seinfo=platform, level=s0:c512,c768, pkgname=com.samsung.enhanceservice 
01-17 21:08:34.542 E/Zygote  (27793): v2
01-17 21:08:34.542 I/SELinux (27793): Function: selinux_compare_spd_ram, index[1], SPD-policy is existed. and_ver=SEPF_SECMOBILE_6.0.1 ver=11
01-17 21:08:34.542 W/SELinux (27793): Function: selinux_compare_spd_ram, index[1], priority [2], priority version is VE=SEPF_SECMOBILE_6.0.1_0013
01-17 21:08:34.542 E/Zygote  (27793): accessInfo : 0
01-17 21:08:34.542 W/SELinux (27793): SELinux: seapp_context_lookup: seinfo=platform, level=s0:c512,c768, pkgname=com.sec.android.service.health 
01-17 21:08:34.572 D/TimaKeyStoreProvider(27784): TimaSignature is unavailable
01-17 21:08:34.572 D/ActivityThread(27784): Added TimaKeyStore provider
01-17 21:08:34.582 D/TimaKeyStoreProvider(27793): TimaSignature is unavailable
01-17 21:08:34.582 D/ActivityThread(27793): Added TimaKeyStore provider
01-17 21:08:34.602 I/InjectionManager(27784): Inside getClassLibPath + mLibMap{0=, 1=}
01-17 21:08:34.612 I/YCrashManager(27756): Crash reporting enabled
01-17 21:08:34.612 E/YCrashManager(27756): [LibraryLoader] Not up to date library /data/app/com.yahoo.mobile.client.android.mail-2/lib/arm64/libyahoo_crashmanager.so
01-17 21:08:34.622 I/InjectionManager(27784): Inside getClassLibPath caller 
01-17 21:08:34.622 I/InjectionManager(27793): Inside getClassLibPath + mLibMap{0=, 1=}
01-17 21:08:34.632 D/YCrashManager(27756): [yahoo_crashmanager.cpp:159] JNI_OnLoad started
01-17 21:08:34.632 D/YCrashManager(27756): [yahoo_crashmanager.cpp:182] JNI_OnLoad completed
01-17 21:08:34.632 D/YCrashManager(27756): [yahoo_crashmanager.cpp:121] breadcrumbs_ptr: 0x7abe6010
01-17 21:08:34.632 D/YCrashManager(27756): [yahoo_crashmanager.cpp:122] breadcrumbs_len: 130571
01-17 21:08:34.632 D/YCrashManager(27756): [yahoo_crashmanager.cpp:123] breadcrumbs_path: '/data/user/0/com.yahoo.mobile.client.android.mail/files/153ab91c-b9af-564e-412b36df-60c2681b.dmp.ycmb'
01-17 21:08:34.632 D/YCrashManager(27756): [yahoo_crashmanager.cpp:124] context_ptr: 0x76b26cb0
01-17 21:08:34.632 D/YCrashManager(27756): [yahoo_crashmanager.cpp:125] context_len: 652
01-17 21:08:34.632 D/YCrashManager(27756): [yahoo_crashmanager.cpp:126] context_path: '/data/user/0/com.yahoo.mobile.client.android.mail/files/153ab91c-b9af-564e-412b36df-60c2681b.dmp.yctx'
01-17 21:08:34.632 I/YCrashManager(27756): Native crash reporting enabled
01-17 21:08:34.632 W/System  (27784): ClassLoader referenced unknown path: /system/priv-app/EnhanceService/lib/arm64
01-17 21:08:34.632 I/InjectionManager(27793): Inside getClassLibPath caller 
01-17 21:08:34.632 D/InjectionManager(27784): InjectionManager
01-17 21:08:34.632 D/InjectionManager(27784): fillFeatureStoreMap com.samsung.enhanceservice
01-17 21:08:34.642 I/InjectionManager(27784): Constructor com.samsung.enhanceservice, Feature store :{}
01-17 21:08:34.642 I/InjectionManager(27784): featureStore :{}
01-17 21:08:34.642 I/EnhanceService(27784): [EnhanceService] onbind () called 
01-17 21:08:34.652 I/EnhanceService(27784): [EnhanceService] onDestroy () called 
01-17 21:08:34.662 D/InjectionManager(27793): InjectionManager
01-17 21:08:34.662 D/InjectionManager(27793): fillFeatureStoreMap com.sec.android.service.health
01-17 21:08:34.672 I/InjectionManager(27793): Constructor com.sec.android.service.health, Feature store :{}
01-17 21:08:34.672 I/InjectionManager(27793): featureStore :{}
01-17 21:08:34.682 W/$NPYUtils(27756): SpaceID, YWA_ProjectID and YMETA Property_ID are required to initialize Snoopy. Please refer to yo/mobileappids or yo/newanalyticskeys for more information.
01-17 21:08:34.682 W/$NPYUtils(27756): java.lang.IllegalArgumentException: SpaceID, YWA_ProjectID and YMETA Property_ID are required to initialize Snoopy. Please refer to yo/mobileappids or yo/newanalyticskeys for more information.
01-17 21:08:34.682 W/$NPYUtils(27756): 	at com.yahoo.mobile.client.android.snoopy.r.a(Yahoo:357)
01-17 21:08:34.682 W/$NPYUtils(27756): 	at com.yahoo.mobile.client.android.snoopy.r.a(Yahoo:308)
01-17 21:08:34.682 W/$NPYUtils(27756): 	at com.yahoo.mail.MailPlusPlusApplication.onCreate(Yahoo:2521)
01-17 21:08:34.682 W/$NPYUtils(27756): 	at android.app.Instrumentation.callApplicationOnCreate(Instrumentation.java:1036)
01-17 21:08:34.682 W/$NPYUtils(27756): 	at android.app.ActivityThread.handleBindApplication(ActivityThread.java:6321)
01-17 21:08:34.682 W/$NPYUtils(27756): 	at android.app.ActivityThread.access$1800(ActivityThread.java:222)
01-17 21:08:34.682 W/$NPYUtils(27756): 	at android.app.ActivityThread$H.handleMessage(ActivityThread.java:1861)
01-17 21:08:34.682 W/$NPYUtils(27756): 	at android.os.Handler.dispatchMessage(Handler.java:102)
01-17 21:08:34.682 W/$NPYUtils(27756): 	at android.os.Looper.loop(Looper.java:158)
01-17 21:08:34.682 W/$NPYUtils(27756): 	at android.app.ActivityThread.main(ActivityThread.java:7229)
01-17 21:08:34.682 W/$NPYUtils(27756): 	at java.lang.reflect.Method.invoke(Native Method)
01-17 21:08:34.682 W/$NPYUtils(27756): 	at com.android.internal.os.ZygoteInit$MethodAndArgsCaller.run(ZygoteInit.java:1230)
01-17 21:08:34.682 W/$NPYUtils(27756): 	at com.android.internal.os.ZygoteInit.main(ZygoteInit.java:1120)
01-17 21:08:34.692 W/System.err(27691): stat failed: ENOENT (No such file or directory) : /data/user/0/com.sec.android.app.shealth/databases/platform.db
01-17 21:08:34.692 W/System.err(27691): stat failed: ENOENT (No such file or directory) : /data/user/0/com.sec.android.app.shealth/databases/secure_shealth2.db
01-17 21:08:34.692 W/System.err(27691): stat failed: ENOENT (No such file or directory) : /data/user/0/com.sec.android.app.shealth/databases/secure_sec_health.db
01-17 21:08:34.802 D/YI13N   (27756): Location Tracker : not allowed to initialize googlePlay service
01-17 21:08:34.822 D/YCONFIG (27756): getURL:https://config.mobile.yahoo.com/php/v2/getConfig.php
01-17 21:08:34.822 V/stateside(27756): Scheduling command [com.yahoo.android.yconfig.a.o@5fbc50f] on target control state [STARTING]
01-17 21:08:34.832 I/stateside(27756): Machine was transitioned from control state [START] to [STARTING]
01-17 21:08:34.832 V/stateside(27756): Scheduling command [com.yahoo.android.yconfig.a.o@5fbc50f] on target control state [FETCHING]
01-17 21:08:34.832 I/stateside(27756): Machine was transitioned from control state [STARTING] to [FETCHING]
01-17 21:08:34.842 W/AccountsCache(27756): No active account, not updating tracking cookies
01-17 21:08:34.842 E/AccountsCache(27756): updateActiveAccount: no active mail account
01-17 21:08:34.842 I/System.out(27756): (HTTPLog)-Static: isSBSettingEnabled false
01-17 21:08:34.852 I/System.out(27756): (HTTPLog)-Static: isSBSettingEnabled false
01-17 21:08:34.852 W/System.err(27756): remove failed: ENOENT (No such file or directory) : /storage/emulated/0/Android/data/com.yahoo.mobile.client.android.mail/files/snp_log.txt
01-17 21:08:34.852 W/FoldersCache(27756): The folders cursor is either invalid or contains no data.
01-17 21:08:34.862 D/EnterpriseController(24802): netId is 0
01-17 21:08:34.862 D/Netd    (24802): getNetworkForDns: using netid 508 for uid 10200
01-17 21:08:34.882 W/YCONFIG (27756): JSON Exception : No value for telemetry_enabled
01-17 21:08:34.882 W/YCONFIG (27756): JSON Exception : No value for imap_provider_keys
01-17 21:08:34.882 W/YCONFIG (27756): JSON Exception : No value for imap_provider_yahoo
01-17 21:08:34.882 W/YCONFIG (27756): JSON Exception : No value for imap_provider_google
01-17 21:08:34.892 W/YCONFIG (27756): JSON Exception : No value for imap_provider_microsoft
01-17 21:08:34.892 W/YCONFIG (27756): JSON Exception : No value for imap_provider_aol
01-17 21:08:34.912 E/ap      (27756): Initialize videoAdsSdk
01-17 21:08:34.952 E/a       (27756): ConfigManager has not been setup, default values are used! Please run ConfigManager.getInstance(context).setup().
01-17 21:08:34.952 E/a       (27756): java.lang.IllegalAccessError
01-17 21:08:34.952 E/a       (27756): 	at com.yahoo.mobile.client.android.yvideosdk.d.a.a(Yahoo:64)
01-17 21:08:34.952 E/a       (27756): 	at com.yahoo.mobile.client.android.yvideosdk.aq.run(Yahoo:1105)
01-17 21:08:34.952 E/a       (27756): 	at android.os.Handler.handleCallback(Handler.java:739)
01-17 21:08:34.952 E/a       (27756): 	at android.os.Handler.dispatchMessage(Handler.java:95)
01-17 21:08:34.952 E/a       (27756): 	at android.os.Looper.loop(Looper.java:158)
01-17 21:08:34.952 E/a       (27756): 	at android.os.HandlerThread.run(HandlerThread.java:61)
01-17 21:08:34.992 E/f       (27756): Logging WARN: ecode=27 estring=VideoSDK already initialized, trying to re-init with siteId=mail, yvapId=1227, devType=smartphone-app
01-17 21:08:34.992 D/InjectionManager(27756): InjectionManager
01-17 21:08:34.992 D/InjectionManager(27756): fillFeatureStoreMap com.yahoo.mobile.client.android.mail
01-17 21:08:34.992 I/InjectionManager(27756): Constructor com.yahoo.mobile.client.android.mail, Feature store :{}
01-17 21:08:34.992 I/InjectionManager(27756): featureStore :{}
01-17 21:08:35.012 E/Zygote  (27866): v2
01-17 21:08:35.012 I/SELinux (27866): Function: selinux_compare_spd_ram, index[1], SPD-policy is existed. and_ver=SEPF_SECMOBILE_6.0.1 ver=11
01-17 21:08:35.012 W/SELinux (27866): Function: selinux_compare_spd_ram, index[1], priority [2], priority version is VE=SEPF_SECMOBILE_6.0.1_0013
01-17 21:08:35.012 E/Zygote  (27866): accessInfo : 0
01-17 21:08:35.022 W/SELinux (27866): SELinux: seapp_context_lookup: seinfo=default, level=s0:c512,c768, pkgname=com.urbandroid.sleep.addon.port 
01-17 21:08:35.042 W/YCONFIG (27756): JSON Exception : No value for enable_related_articles
01-17 21:08:35.042 W/YCONFIG (27756): JSON Exception : No value for enable_top_comments
01-17 21:08:35.042 W/YCONFIG (27756): JSON Exception : No value for enable_article_mini_browser
01-17 21:08:35.042 W/YCONFIG (27756): JSON Exception : No value for enable_telemetry
01-17 21:08:35.042 W/YCONFIG (27756): JSON Exception : No value for enable_chromecast
01-17 21:08:35.042 W/YCONFIG (27756): JSON Exception : No value for enable_related_articles
01-17 21:08:35.042 W/YCONFIG (27756): JSON Exception : No value for enable_top_comments
01-17 21:08:35.042 W/YCONFIG (27756): JSON Exception : No value for storyline_carousel_index
01-17 21:08:35.042 W/YCONFIG (27756): JSON Exception : No value for enable_article_mini_browser
01-17 21:08:35.062 D/TimaKeyStoreProvider(27866): TimaSignature is unavailable
01-17 21:08:35.062 D/ActivityThread(27866): Added TimaKeyStore provider
01-17 21:08:35.082 D/bg      (27756): Unsubscription succeeded for topic: breaking_news
01-17 21:08:35.092 D/bg      (27756): Subscription succeeded for topic: gondor_homerun_news
01-17 21:08:35.092 D/bg      (27756): Unsubscription succeeded for topic: gondor_homerun_live_coverage
01-17 21:08:35.092 D/bg      (27756): Unsubscription succeeded for topic: gondor_local_news
01-17 21:08:35.092 D/bg      (27756): Unsubscription succeeded for topic: homerun_single_nfl
01-17 21:08:35.092 I/System.out(27756): (HTTPLog)-Static: isSBSettingEnabled false
01-17 21:08:35.092 I/System.out(27756): (HTTPLog)-Static: isSBSettingEnabled false
01-17 21:08:35.102 D/EnterpriseController(24802): netId is 0
01-17 21:08:35.102 D/Netd    (24802): getNetworkForDns: using netid 508 for uid 10200
01-17 21:08:35.102 I/InjectionManager(27866): Inside getClassLibPath + mLibMap{0=, 1=}
01-17 21:08:35.112 I/InjectionManager(27866): Inside getClassLibPath caller 
01-17 21:08:35.132 W/SmartContactsProviderInjector(27756): Warning: Creation of ServiceConfigDatabase took 6ms, longer than the threshold of 3ms
01-17 21:08:35.132 W/System  (27866): ClassLoader referenced unknown path: /data/app/com.urbandroid.sleep.addon.port-2/lib/arm64
01-17 21:08:35.182 D/InjectionManager(27866): InjectionManager
01-17 21:08:35.182 D/InjectionManager(27866): fillFeatureStoreMap com.urbandroid.sleep.addon.port
01-17 21:08:35.182 I/InjectionManager(27866): Constructor com.urbandroid.sleep.addon.port, Feature store :{}
01-17 21:08:35.182 I/InjectionManager(27866): featureStore :{}
01-17 21:08:35.222 I/SleepAsAndroid-Backup(27866): [21:08:35.225, main]: Full uninstall of: com.menny.android.anysoftkeyboard Replacing: true
01-17 21:08:35.232 E/Zygote  (27886): v2
01-17 21:08:35.232 I/SELinux (27886): Function: selinux_compare_spd_ram, index[1], SPD-policy is existed. and_ver=SEPF_SECMOBILE_6.0.1 ver=11
01-17 21:08:35.232 W/SELinux (27886): Function: selinux_compare_spd_ram, index[1], priority [2], priority version is VE=SEPF_SECMOBILE_6.0.1_0013
01-17 21:08:35.242 E/Zygote  (27886): accessInfo : 0
01-17 21:08:35.272 D/TimaKeyStoreProvider(27886): TimaSignature is unavailable
01-17 21:08:35.272 D/ActivityThread(27886): Added TimaKeyStore provider
01-17 21:08:35.312 I/InjectionManager(27886): Inside getClassLibPath + mLibMap{0=, 1=}
01-17 21:08:35.322 I/InjectionManager(27886): Inside getClassLibPath caller 
01-17 21:08:35.332 W/System  (27886): ClassLoader referenced unknown path: /system/app/AASAservice/lib/arm64
01-17 21:08:35.332 D/InjectionManager(27886): InjectionManager
01-17 21:08:35.332 D/InjectionManager(27886): fillFeatureStoreMap com.samsung.aasaservice
01-17 21:08:35.332 I/InjectionManager(27886): Constructor com.samsung.aasaservice, Feature store :{}
01-17 21:08:35.332 I/InjectionManager(27886): featureStore :{}
01-17 21:08:35.332 I/AASAservice-TokenRule(27886): parseToken()
01-17 21:08:35.332 E/AASAservice-TokenRule(27886): parseToken() : TokenFile is null
01-17 21:08:35.332 D/AASAservice-UpdateReceiver(27886): AASAUpdateReceiver : android.intent.action.PACKAGE_ADDED, package = com.menny.android.anysoftkeyboard, uid = -1
01-17 21:08:35.342 D/AASAinstall(24942): there is not AASApackages.xml file
01-17 21:08:35.342 I/AASAdebug(24942):  readUids-end
01-17 21:08:35.342 D/AASAservice-AASABinder(27886): getManagedSharedPkgList() : packageName - com.menny.android.anysoftkeyboard, uid - -1
01-17 21:08:35.622 W/System.err(27557): remove failed: ENOENT (No such file or directory) : /data/user/0/com.google.android.apps.docs/databases/ClientFlag.db
01-17 21:08:35.622 W/System.err(27557): remove failed: ENOENT (No such file or directory) : /data/user/0/com.google.android.apps.docs/databases/ClientFlag.db-journal
01-17 21:08:35.622 W/System.err(27557): remove failed: ENOENT (No such file or directory) : /data/user/0/com.google.android.apps.docs/databases/ClientFlag.db-shm
01-17 21:08:35.622 W/System.err(27557): remove failed: ENOENT (No such file or directory) : /data/user/0/com.google.android.apps.docs/databases/ClientFlag.db-wal
01-17 21:08:35.622 W/Flag    (27557): Duration spec must be at least 2 characters long: 
01-17 21:08:35.652 I/InjectionManager(27557): Inside getClassLibPath caller 
01-17 21:08:35.732 W/linker  (27557): /data/app/com.google.android.gms-1/lib/arm64/libgmscore.so: unused DT entry: type 0x7ffffffd arg 0x885
01-17 21:08:35.742 W/linker  (27557): /data/app/com.google.android.gms-1/lib/arm64/libconscrypt_gmscore_jni.so: unused DT entry: type 0x1d arg 0x80
01-17 21:08:35.742 W/linker  (27557): /data/app/com.google.android.gms-1/lib/arm64/libconscrypt_gmscore_jni.so: unused DT entry: type 0x7ffffffd arg 0x169
01-17 21:08:35.752 V/JNIHelp (27557): Registering com/google/android/gms/org/conscrypt/NativeCrypto's 235 native methods...
01-17 21:08:35.762 I/art     (27557): Rejecting re-init on previously-failed class java.lang.Class<com.google.android.gms.org.conscrypt.OpenSSLExtendedSessionImpl>
01-17 21:08:35.762 I/art     (27557): Rejecting re-init on previously-failed class java.lang.Class<com.google.android.gms.org.conscrypt.OpenSSLExtendedSessionImpl>
01-17 21:08:35.772 D/AASAservice-RuleManager(27886): IsSharedUID() : pkgname - com.menny.android.anysoftkeyboard, mSharedUserId - null
01-17 21:08:35.772 D/AASAservice-UpdateReceiver(27886): AASAUpdateReceiver : check SharedUID package.
01-17 21:08:35.772 E/AASAservice-UpdateReceiver(27886): AASAUpdateReceiver : myrule is null.
01-17 21:08:35.772 I/art     (27886): System.exit called, status: 0
01-17 21:08:35.772 I/AndroidRuntime(27886): VM exiting with result code 0, cleanup skipped.
01-17 21:08:35.782 I/ProviderInstaller(27557): Installed default security provider GmsCore_OpenSSL
01-17 21:08:35.782 W/System.err(27557): remove failed: ENOTEMPTY (Directory not empty) : /data/user/0/com.google.android.apps.docs/cache/diskCache
01-17 21:08:35.782 W/System.err(27557): remove failed: ENOTEMPTY (Directory not empty) : /data/user/0/com.google.android.apps.docs/cache/docs_glide
01-17 21:08:35.782 W/System.err(27557): remove failed: ENOTEMPTY (Directory not empty) : /data/user/0/com.google.android.apps.docs/cache/projector
01-17 21:08:35.812 E/Zygote  (27900): v2
01-17 21:08:35.812 I/SELinux (27900): Function: selinux_compare_spd_ram, index[1], SPD-policy is existed. and_ver=SEPF_SECMOBILE_6.0.1 ver=11
01-17 21:08:35.812 W/SELinux (27900): Function: selinux_compare_spd_ram, index[1], priority [2], priority version is VE=SEPF_SECMOBILE_6.0.1_0013
01-17 21:08:35.812 E/Zygote  (27900): accessInfo : 0
01-17 21:08:35.812 W/SELinux (27900): SELinux: seapp_context_lookup: seinfo=untrusted, level=s0:c512,c768, pkgname=com.google.android.partnersetup 
01-17 21:08:35.852 D/TimaKeyStoreProvider(27900): TimaSignature is unavailable
01-17 21:08:35.852 D/ActivityThread(27900): Added TimaKeyStore provider
01-17 21:08:35.882 I/InjectionManager(27900): Inside getClassLibPath + mLibMap{0=, 1=}
01-17 21:08:35.892 I/InjectionManager(27900): Inside getClassLibPath caller 
01-17 21:08:35.902 W/System  (27900): ClassLoader referenced unknown path: /system/priv-app/GooglePartnerSetup/lib/arm64
01-17 21:08:35.922 D/InjectionManager(27900): InjectionManager
01-17 21:08:35.922 D/InjectionManager(27900): fillFeatureStoreMap com.google.android.partnersetup
01-17 21:08:35.922 I/InjectionManager(27900): Constructor com.google.android.partnersetup, Feature store :{}
01-17 21:08:35.922 I/InjectionManager(27900): featureStore :{}
01-17 21:08:36.022 I/DataWarningReceiver(27224): DataWarningReceiver
01-17 21:08:36.072 E/Zygote  (27915): v2
01-17 21:08:36.072 I/SELinux (27915): Function: selinux_compare_spd_ram, index[1], SPD-policy is existed. and_ver=SEPF_SECMOBILE_6.0.1 ver=11
01-17 21:08:36.072 W/SELinux (27915): Function: selinux_compare_spd_ram, index[1], priority [2], priority version is VE=SEPF_SECMOBILE_6.0.1_0013
01-17 21:08:36.072 E/Zygote  (27915): accessInfo : 0
01-17 21:08:36.102 D/TimaKeyStoreProvider(27915): TimaSignature is unavailable
01-17 21:08:36.112 D/ActivityThread(27915): Added TimaKeyStore provider
01-17 21:08:36.132 I/InjectionManager(27915): Inside getClassLibPath + mLibMap{0=, 1=}
01-17 21:08:36.152 I/InjectionManager(27915): Inside getClassLibPath caller 
01-17 21:08:36.152 W/System  (27915): ClassLoader referenced unknown path: /system/priv-app/ThemeCenter/lib/arm64
01-17 21:08:36.162 D/InjectionManager(27915): InjectionManager
01-17 21:08:36.162 D/InjectionManager(27915): fillFeatureStoreMap com.samsung.android.themecenter
01-17 21:08:36.162 I/InjectionManager(27915): Constructor com.samsung.android.themecenter, Feature store :{}
01-17 21:08:36.162 I/InjectionManager(27915): featureStore :{}
01-17 21:08:36.262 I/art     (24801): Starting a blocking GC HeapTrim
01-17 21:08:36.282 E/Zygote  (27930): v2
01-17 21:08:36.282 I/SELinux (27930): Function: selinux_compare_spd_ram, index[1], SPD-policy is existed. and_ver=SEPF_SECMOBILE_6.0.1 ver=11
01-17 21:08:36.282 W/SELinux (27930): Function: selinux_compare_spd_ram, index[1], priority [2], priority version is VE=SEPF_SECMOBILE_6.0.1_0013
01-17 21:08:36.282 E/Zygote  (27930): accessInfo : 0
01-17 21:08:36.312 D/TimaKeyStoreProvider(27930): TimaSignature is unavailable
01-17 21:08:36.312 D/ActivityThread(27930): Added TimaKeyStore provider
01-17 21:08:36.342 I/InjectionManager(27930): Inside getClassLibPath + mLibMap{0=, 1=}
01-17 21:08:36.352 I/InjectionManager(27930): Inside getClassLibPath caller 
01-17 21:08:36.362 W/System  (27930): ClassLoader referenced unknown path: /system/app/BBCAgent/lib/arm64
01-17 21:08:36.372 D/InjectionManager(27930): InjectionManager
01-17 21:08:36.372 D/InjectionManager(27930): fillFeatureStoreMap com.samsung.android.bbc.bbcagent
01-17 21:08:36.372 I/InjectionManager(27930): Constructor com.samsung.android.bbc.bbcagent, Feature store :{}
01-17 21:08:36.372 I/InjectionManager(27930): featureStore :{}
01-17 21:08:36.402 E/FilterPackageIntentReceiver(27270): This package is not a effect filter
01-17 21:08:36.432 E/Zygote  (27943): v2
01-17 21:08:36.432 I/SELinux (27943): Function: selinux_compare_spd_ram, index[1], SPD-policy is existed. and_ver=SEPF_SECMOBILE_6.0.1 ver=11
01-17 21:08:36.442 W/SELinux (27943): Function: selinux_compare_spd_ram, index[1], priority [2], priority version is VE=SEPF_SECMOBILE_6.0.1_0013
01-17 21:08:36.442 E/Zygote  (27943): accessInfo : 0
01-17 21:08:36.472 D/TimaKeyStoreProvider(27943): TimaSignature is unavailable
01-17 21:08:36.472 D/ActivityThread(27943): Added TimaKeyStore provider
01-17 21:08:36.502 I/InjectionManager(27943): Inside getClassLibPath + mLibMap{0=, 1=}
01-17 21:08:36.512 I/InjectionManager(27943): Inside getClassLibPath caller 
01-17 21:08:36.522 W/System  (27943): ClassLoader referenced unknown path: /system/app/MirrorLink/lib/arm
01-17 21:08:36.562 D/InjectionManager(27943): InjectionManager
01-17 21:08:36.562 D/InjectionManager(27943): fillFeatureStoreMap com.samsung.android.app.mirrorlink
01-17 21:08:36.562 I/InjectionManager(27943): Constructor com.samsung.android.app.mirrorlink, Feature store :{}
01-17 21:08:36.562 I/InjectionManager(27943): featureStore :{}
01-17 21:08:36.572 D/AcmsPackageEventListener(27943): action2:android.intent.action.PACKAGE_ADDED
01-17 21:08:36.572 D/AcmsPackageEventListener(27943): pkgName:com.menny.android.anysoftkeyboard ,10534
01-17 21:08:36.612 D/PackageManager(24942): setEnabledSetting : userId = 0 packageName = com.google.android.apps.plus cmp = com.google.android.apps.plus.phone.PhotosLegacyLauncherActivity newState = 1 callingPackage = 10143
01-17 21:08:36.642 I/SAMSUNGPAY(27471): [SppReceiver] onReceive
01-17 21:08:36.662 I/SAMSUNGPAY(27471): [GcmReceiver] onReceive
01-17 21:08:36.882 E/Zygote  (27959): v2
01-17 21:08:36.882 I/SELinux (27959): Function: selinux_compare_spd_ram, index[1], SPD-policy is existed. and_ver=SEPF_SECMOBILE_6.0.1 ver=11
01-17 21:08:36.882 W/SELinux (27959): Function: selinux_compare_spd_ram, index[1], priority [2], priority version is VE=SEPF_SECMOBILE_6.0.1_0013
01-17 21:08:36.882 E/Zygote  (27959): accessInfo : 0
01-17 21:08:36.882 W/SELinux (27959): SELinux: seapp_context_lookup: seinfo=default, level=s0:c512,c768, pkgname=com.facebook.system 
01-17 21:08:36.902 D/PackageManager(24942): setEnabledSetting : userId = 0 packageName = com.google.android.gms cmp = com.google.android.gms.icing.proxy.SmsMonitor newState = 1 callingPackage = 10013
01-17 21:08:36.922 D/TimaKeyStoreProvider(27959): TimaSignature is unavailable
01-17 21:08:36.922 D/ActivityThread(27959): Added TimaKeyStore provider
01-17 21:08:36.982 I/InjectionManager(27959): Inside getClassLibPath + mLibMap{0=, 1=}
01-17 21:08:37.002 I/InjectionManager(27959): Inside getClassLibPath caller 
01-17 21:08:37.012 W/System  (27959): ClassLoader referenced unknown path: /data/app/com.facebook.system-1/lib/arm64
01-17 21:08:37.052 D/InjectionManager(27959): InjectionManager
01-17 21:08:37.052 D/InjectionManager(27959): fillFeatureStoreMap com.facebook.system
01-17 21:08:37.052 I/Icing   (25903): Usage reports 0 indexed 0 rejected 0 imm upload false
01-17 21:08:37.052 I/InjectionManager(27959): Constructor com.facebook.system, Feature store :{}
