--------- beginning of main
01-17 21:15:52.172 24834  1448 V NuPlayer: [audio] flushDecoder needShutdown=1
01-17 21:15:52.172 24834  1448 V NuPlayer: postponing action mFlushingAudio=2, mFlushingVideo=0
01-17 21:15:52.172 24834  1448 V NuPlayer: mResetInProgress=1, mVideoEOS =0, mAudioEOS =0
01-17 21:15:52.172 24834  1448 V NuPlayer: (mAudioDecoder != NULL) = true, (mVideoDecoder != NULL) = false
01-17 21:15:52.172 24834  1452 I NuPlayerRenderer: flush audio, notifyComplete 1
01-17 21:15:52.172 24834  1452 D NuPlayerRenderer: signalTimeDiscontinuity() mHasAudio = 1 , mHasVideo = 0
01-17 21:15:52.172 24834  1451 I NuPlayerRenderer: flushing audio
01-17 21:15:52.172 24834  1451 I NuPlayerRenderer: onFlush mAudioDrainGeneration : 2
01-17 21:15:52.172 24834  1451 V AudioSink: flush
01-17 21:15:52.172 24834  1451 V AudioSink: stop
01-17 21:15:52.172 24834  1453 I ACodec  : [OMX.google.vorbis.decoder] signalFlush
01-17 21:15:52.172 24834  1453 I ACodec  : [OMX.google.vorbis.decoder] ExecutingState flushing now (codec owns 4/4 input, 0/4 output).
01-17 21:15:52.172 24834  1448 V NuPlayer: renderer audio flush completed.
01-17 21:15:52.172 24834  1453 I ACodec  : [OMX.google.vorbis.decoder] Now Flushing
01-17 21:15:52.172 25375 25403 V MediaPlayer: notify(8, 0, 0) callback on disconnected mediaplayer
01-17 21:15:52.172 24834  1453 I ACodec  : [OMX.google.vorbis.decoder] FlushingState onOMXEvent(0,1,0)
01-17 21:15:52.172 24834  1453 I ACodec  : [OMX.google.vorbis.decoder] FlushingState onOMXEvent(0,1,1)
01-17 21:15:52.172 24834  1453 I ACodec  : [OMX.google.vorbis.decoder] Now Executing
01-17 21:15:52.172 24834  1448 V NuPlayer: decoder audio flush completed
01-17 21:15:52.172 24942 25825 E MotionRecognitionService: setMotionCMD 303
01-17 21:15:52.172 24834  1448 V NuPlayer: initiating audio decoder shutdown
01-17 21:15:52.172 24834  1453 I ACodec  : [OMX.google.vorbis.decoder] Now Executing->Idle
01-17 21:15:52.172 24834  1453 I ACodec  : [OMX.google.vorbis.decoder] Now Idle->Loaded
01-17 21:15:52.172 24834  1453 I ACodec  : [OMX.google.vorbis.decoder] Now Loaded
01-17 21:15:52.172 24942 25825 I Sensors : Gyro old sensor_state 278531, new sensor_state : 278529 en : 0
01-17 21:15:52.172 24834  1453 I ACodec  :  [OMX.google.vorbis.decoder] Now uninitialized
01-17 21:15:52.172 24834  1453 I ACodec  :  [] Now kWhatShutdownCompleted event : 6916
01-17 21:15:52.172 24834  1453 I MediaCodec: Codec shutdown complete
01-17 21:15:52.172 24834  1452 I NuPlayerDecoder: onShutdown notifyComplete : Yes
01-17 21:15:52.172 24834  1448 V NuPlayer: audio shutdown completed
01-17 21:15:52.172 24834  1448 V NuPlayer: both audio and video are flushed now.
01-17 21:15:52.172 24834  1448 V NuPlayer: Reset was postponed execute processDeferredActions
01-17 21:15:52.172 24834  1448 V NuPlayer: performReset
01-17 21:15:52.172 24834  1448 V GenericSource: stop()
01-17 21:15:52.172 24834  1448 V GenericSource: PREPARE_CANCELLED set to true
01-17 21:15:52.172 24834  1448 V GenericSource: [Flag] set 0x40 -> mFlags = 0x48
01-17 21:15:52.172 24834  1448 V GenericSource: [Flag] clear 0x8 -> mFlags = 0x40
01-17 21:15:52.172 24834  1448 V GenericSource: stop() end
01-17 21:15:52.172 24834  1448 V GenericSource: ~GenericSource()
01-17 21:15:52.172 24834  1448 I OggExtractor: OggSource::stop() mExtractor ref count = 2
01-17 21:15:52.172 24834  1448 I OggExtractor: ~OggSource --
01-17 21:15:52.172 24834  1448 D NuPlayerDriver: notifyResetComplete(0xef37c7c0)
01-17 21:15:52.172 24834  9054 V NuPlayerDriver: ~NuPlayerDriver(0xef37c7c0)
01-17 21:15:52.172 24834  9054 I OggExtractor: ~OggExtractor ++
01-17 21:15:52.172 24834  9054 I OggExtractor: ~MyOggExtractor ++ 
01-17 21:15:52.172 24834  9054 I OggExtractor: ~MyOggExtractor --
01-17 21:15:52.172 24834  9054 I OggExtractor: ~OggExtractor --
01-17 21:15:52.172 25375  1468 V MediaPlayer: destructor
01-17 21:15:52.172 24942 25825 E MotionRecognitionService: disable_sensor 
01-17 21:15:52.172 24942 25825 E MotionRecognitionService: setMotionCMD 301
01-17 21:15:52.172 24942 25825 E MotionRecognitionService: setMotionCMD 303
01-17 21:15:52.172 24942 25825 E MotionRecognitionService: setMotionCMD 305
01-17 21:15:52.172 24942 25825 E MotionRecognitionService: setMotionCMD 309
01-17 21:15:52.172 24942 25825 D MotionEngine: [@@@SR Motion Engine @@@] finalize
01-17 21:15:52.172 24942 25825 I MotionRecognitionManager:   .unregisterListener : / listener count = 1->0,  
01-17 21:15:52.172 25375  1468 V MediaPlayer: disconnect
01-17 21:15:52.172 24834 25510 V MediaPlayerService: Client(29) destructor pid = 25375
01-17 21:15:52.172 24834 25510 V AudioSink: +++ close
01-17 21:15:52.172 24942 25825 V Vibrator: Called cancel() API - PUID: 1000, PackageName: android
01-17 21:15:52.172 24834 25510 V AudioSink: --- close
01-17 21:15:52.172 24834 25510 V MediaPlayerService: disconnect(29) from pid 25375
01-17 21:15:52.172 24942 26576 I MediaFocusControl:  AudioFocus  abandonAudioFocus() from android.media.AudioManager$b68d351
01-17 21:15:52.182 24942 25825 D EdgeLight: Turning off
01-17 21:15:52.182 26389 26401 D PeopleNotiListenerService: onEdgeNotificationRemoved() : pkg android,id=0,extra=Bundle[mParcelledData.dataSize=112]
01-17 21:15:52.182 26389 26389 D PeopleNotiListenerService: removeEdgeNotification:Bundle[{samsung.notification.id=0, samsung.people.package_name=android, samsung.people.notification_type=led_indicator}]
01-17 21:15:52.182 24834 25511 V MediaPlayerService: Create new media retriever from pid 28211
01-17 21:15:52.182 26389 26389 I PeopleStripeService: PeopleNotificationReceiver:3
01-17 21:15:52.182 26389 26389 I PeopleStripeService: sendEdgeNotification  peopleEnabled true lightingEnabled true edgeEnabled true
01-17 21:15:52.182 26389 26389 I PeopleDataManager: removeNotification
01-17 21:15:52.182 26389 26389 I NotificationParser: getNotiType:android,led_indicator
01-17 21:15:52.182 26389 26389 D PeopleDataManager: removeNotiInfo: id =0,packageName=android,isEdgeNotification=true,key=null,removeAll=false
01-17 21:15:52.182 26389 26389 D PeopleDataManager: removeNotiInfo =null
01-17 21:15:52.182 24834 26741 I OggExtractor: ~OggExtractor ++
01-17 21:15:52.182 24834 26741 I OggExtractor: ~MyOggExtractor ++ 
01-17 21:15:52.182 24834 26741 I OggExtractor: ~MyOggExtractor --
01-17 21:15:52.182 24834 26741 I OggExtractor: ~OggExtractor --
01-17 21:15:52.202  3006  3051 D libEGL  : eglTerminate EGLDisplay = 0x7fa4d00e78
01-17 21:15:52.202  3006  3051 D libEGL  : eglTerminate EGLDisplay = 0x7fa4d00e78
01-17 21:15:52.212 25375 25750 D mali_winsys: new_window_surface returns 0x3000,  [1440x2560]-format:1
01-17 21:15:52.212 25375 25375 D KeyguardEffectViewController: onLayoutChange() v: com.android.keyguard.effect.EffectBehindView{389d00b I.E...... ......ID 0,0-1440,2560 #7f0e0324 app:id/keyguard_effect_behind}, bottom : 2560, oldBottom : 96
01-17 21:15:52.212 25375 25375 D KeyguardEffectViewController: mShowing=false, mOccluded=false, mKeyguardFadingAway=false, match_parent=true
01-17 21:15:52.212 30813 30813 I TrayVisibilityController: handleMessage : msg.what = 1
01-17 21:15:52.212 30813 30813 I Utils   : isCurrentUser current = 0, ownerId = 0
01-17 21:15:52.212 30813 30813 I TrayVisibilityController: updateTrayVisible : State : 513 visible = 2 mCurrentVisible = 1
01-17 21:15:52.222 30813 30813 D TrayStateController: putInputRect mDynamicInputRegion=239930638@LastEvent=t=1484716540402Rect(8, 0 - 64, 588),Rect=Rect(0, 0 - 0, 0)
01-17 21:15:52.222 30813 30813 D TrayStateController: setUiState: 0 --> 2
01-17 21:15:52.222 26389 26389 D PeopleStripeManager: onVisibilityChanged : 2
01-17 21:15:52.222 26389 26389 D PeopleStripeVisibilityController: setHiddenEdgePanel enable=true
01-17 21:15:52.222 26389 26389 I PeopleStripeVisibilityController: updateStripeVisible : State 1025 visible = 2
01-17 21:15:52.222 26389 26389 I PeopleStripeManager: hideStripe
01-17 21:15:52.232 25375 25375 D StatusBar-Window: fnf=false sanc=false, kni=true, sbf=true
01-17 21:15:52.232 25375 25375 D CoverUI : applyFocusableFlag() : Remove SAMSUNG_FLAG_SVIEW_COVER
01-17 21:15:52.232 25375 25375 D StatusBarWindowManager: forceCollapsed : false isKeyguardShowingAndNotOccluded() : false panelVisible : true keyguardFadingAway : false bouncerShowing : false headsUpShowing : false
01-17 21:15:52.232 25375 25375 D CoverUI : applyHeight h = -1, oc = false, fa = false, ac = false, sc = false
01-17 21:15:52.232  3006  4820 D libEGL  : eglTerminate EGLDisplay = 0x7f9ed03e78
01-17 21:15:52.232  3006  4322 I SurfaceFlinger: id=4351 Removed DocktailBar (8/9)
01-17 21:15:52.232  3006  3053 I SurfaceFlinger: id=4351 Removed DocktailBar (-2/9)
01-17 21:15:52.242 30813 30813 D CocktailBarUiController: onCocktailBarStateChanged: flag=0x1 vis=2 bgType=0 showTimeout=-1 activate=true
01-17 21:15:52.242 24942 25268 D InputReader: Input event(4): value=0 when=241925657842000
01-17 21:15:52.242 24942 25268 D InputReader: Input event(4): value=0 when=241925657842000
01-17 21:15:52.242 24942 25268 I InputReader: Touch event's action is 0x1 (deviceType=0) [pCnt=1, s=] when=241925657842000
01-17 21:15:52.242 24942 25267 I InputDispatcher: Delivering touch to (25375): action: 0x1, toolType: 1
01-17 21:15:52.242  3006  3006 D libEGL  : eglTerminate EGLDisplay = 0x7ff90986d8
01-17 21:15:52.252  3006  3006 D libEGL  : eglInitialize EGLDisplay = 0x7ff90985a8
01-17 21:15:52.252  3006  3006 D libEGL  : eglTerminate EGLDisplay = 0x7ff9098638
01-17 21:15:52.272 24942 26576 D InputDispatcher: Focus left window: 26521
01-17 21:15:52.272 24942 26576 D InputDispatcher: Focus entered window: 25375
01-17 21:15:52.272 24942 25017 D PointerIcon: setMouseIconStyle1 pointerType: 1001 iconType:101 flag:0 pid:24942 uid:1000
01-17 21:15:52.272 24942 25017 D PointerIcon: setMouseCustomIcon IconType is same.101
01-17 21:15:52.282 25375 25375 D ViewRootImpl: ViewPostImeInputStage processPointer 1
01-17 21:15:52.282 25375 25375 D PhoneStatusBar: Touch: rawY=811.875 event=MotionEvent { action=ACTION_UP, actionButton=0, id[0]=0, x[0]=172.96875, y[0]=811.875, toolType[0]=TOOL_TYPE_FINGER, buttonState=0, metaState=0, flags=0x0, edgeFlags=0x0, pointerCount=1, historySize=0, eventTime=241925657, downTime=241925562, deviceId=4, source=0x1002 } mDisabled1=0 mDisabled2=0 mTracking=false
01-17 21:15:52.292  3006  3006 D libEGL  : eglInitialize EGLDisplay = 0x7ff90985a8
01-17 21:15:52.312  3006  3006 D libEGL  : eglInitialize EGLDisplay = 0x7ff90985a8
01-17 21:15:52.332 24834 25062 I APM::AudioPolicyManager: stopOutput() output 2, stream 5, session 51
01-17 21:15:52.482 25375 25375 D StatusBar.BrightnessController: setListening  = true
01-17 21:15:53.042 26521 26521 D Launcher: onPause, Launcher: 182025636
01-17 21:15:53.042 26521 26521 D Launcher.HomeView: onPause
01-17 21:15:53.042 26521 26521 D Launcher.Workspace: exitWidgetResizeMode. isClearResizeFrame is false
01-17 21:15:53.042 24942 25255 D InputDispatcher: Focused application set to: xxxx
01-17 21:15:53.042 24942 25017 D ViewRootImpl: #1 mView = com.android.internal.policy.PhoneWindow$DecorView{c781313 V.E...... R.....ID 0,0-0,0}
01-17 21:15:53.042 24942 25017 D ISSUE_DEBUG: InputChannelName : 49b5749 Starting com.menny.android.anysoftkeyboard
01-17 21:15:53.052  3006  3006 I SurfaceFlinger: id=4362 createSurf (1440x2560),1 flag=404, bnysoftkeyb
01-17 21:15:53.052 24942 25017 D ViewRootImpl: MSG_RESIZED_REPORT: ci=Rect(0, 96 - 0, 0) vi=Rect(0, 96 - 0, 0) or=1
01-17 21:15:53.092 24942 25017 V WindowStateAnimator: Finishing drawing window Window{49b5749 u0 d0 Starting com.menny.android.anysoftkeyboard}: mDrawState=DRAW_PENDING
01-17 21:15:53.102  3006  3006 D libEGL  : eglInitialize EGLDisplay = 0x7ff90985a8
01-17 21:15:53.112  3006  3051 D libEGL  : eglTerminate EGLDisplay = 0x7fa4d00e78
01-17 21:15:53.162  1428  1428 W art     : Before Android 4.1, method android.graphics.PorterDuffColorFilter android.support.graphics.drawable.VectorDrawableCompat.updateTintFilter(android.graphics.PorterDuffColorFilter, android.content.res.ColorStateList, android.graphics.PorterDuff$Mode) would have incorrectly overridden the package-private method in android.graphics.drawable.Drawable
01-17 21:15:53.272  1428  1428 I System.out: The time changed into nice format is: 17/01/2017 09:15:53
01-17 21:15:53.272  1428  1428 D the time is: : 1484716553275 
01-17 21:15:53.272 24942 26547 I AppOps  : sendInfoToFLP, code=41 , uid=10534 , packageName=com.menny.android.anysoftkeyboard , type=startOp
01-17 21:15:53.272  1428  1428 D Network : Network
01-17 21:15:53.272  1428  1428 D GPS     : 111 WE HAVE GOT YOUR LOCATION: LATITUDE = 44.0238117LONGITUDE = -123.0722279
01-17 21:15:53.272  1428  1428 I Timeline: Timeline: Activity_launch_request id:com.menny.android.anysoftkeyboard time:241926686
01-17 21:15:53.282 24942 26574 D InputDispatcher: Focused application set to: xxxx
01-17 21:15:53.282  1428  1428 D Activity: performCreate Call Injection manager
01-17 21:15:53.282  1428  1428 I InjectionManager: dispatchOnViewCreated > Target : com.radicalninja.logger.MainActivity isFragment :false
01-17 21:15:53.282  1428  1428 I Timeline: Timeline: Activity_launch_request id:com.menny.android.anysoftkeyboard time:241926693
01-17 21:15:53.302  1428  1428 D ViewRootImpl: #1 mView = com.android.internal.policy.PhoneWindow$DecorView{5966e5d I.E...... R.....ID 0,0-0,0}
01-17 21:15:53.302  1428  1470 D OpenGLRenderer: Use EGL_SWAP_BEHAVIOR_PRESERVED: true
01-17 21:15:53.302 24942 26574 D ISSUE_DEBUG: InputChannelName : adbe703 com.menny.android.anysoftkeyboard/com.radicalninja.logger.MainActivity
01-17 21:15:53.302 24942 25760 D ActivityManager: post active user change for 0 fullscreen true isFloatingActivity() false isHomeActivity() false
01-17 21:15:53.302 24942 25760 D KnoxTimeoutHandler: postActiveUserChange [MsgParam] userId: 0 fullscreen is true showWhenlocked is false
01-17 21:15:53.302 24942 24942 D KnoxTimeoutHandler: handleActiveUserChange [MsgParam] userId: 0 fullscreen is true showWhenlocked is false
01-17 21:15:53.312 24942 24942 I KnoxTimeoutHandler: Shared devices show user statefalse
01-17 21:15:53.332  1428  1428 E ViewSystem: ViewRootImpl #2 Surface is not valid.
01-17 21:15:53.362  1428  1428 D Encrypt : onCreate: ********************************** transfer Utility = null
01-17 21:15:53.372 24942 25760 I AppOps  : sendInfoToFLP, code=41 , uid=10534 , packageName=com.menny.android.anysoftkeyboard , type=startOp
01-17 21:15:53.372  1428  1428 D Network : Network
01-17 21:15:53.372  1428  1428 I System.out: The time changed into nice format is: 17-01-2017 09-15-53
01-17 21:15:53.472 24942 25268 D InputReader: Input event(4): value=1 when=241926881701000
01-17 21:15:53.472 24942 25268 D InputReader: Input event(4): value=1 when=241926881701000
01-17 21:15:53.472 24942 25268 I InputReader: Touch event's action is 0x0 (deviceType=0) [pCnt=1, s=0.9393 ] when=241926881701000
01-17 21:15:53.472 24942 25268 D InputReader: lastThreadEndTime = 241925658075967, currentThreadStartTime = 241925658081051, diff = 0
01-17 21:15:53.472 24942 25267 I InputDispatcher: Delivering touch to (25375): action: 0x0, toolType: 1
01-17 21:15:53.472 25375 25375 D ViewRootImpl: ViewPostImeInputStage processPointer 0
01-17 21:15:53.472 24942 26574 D SecContentProvider: query(), uri = 17 selection = isStatusBarExpansionallowedAsUser
01-17 21:15:53.472  3006  4322 I SurfaceFlinger: id=4361 Removed MauncherAct (2/9)
01-17 21:15:53.472  3006  4084 I SurfaceFlinger: id=4361 Removed MauncherAct (-2/9)
01-17 21:15:53.472 24942 24955 I Sensors : Acc old sensor_state 278529, new sensor_state : 278528 en : 0
01-17 21:15:53.482 26421 26421 D SensorManager: unregisterListener ::   
01-17 21:15:53.492  3006  3006 D libEGL  : eglTerminate EGLDisplay = 0x7ff90986d8
01-17 21:15:53.502  3006  4820 D libEGL  : eglTerminate EGLDisplay = 0x7f9ed03e78
01-17 21:15:53.502  3006  4820 D libEGL  : eglTerminate EGLDisplay = 0x7f9ed03e78
01-17 21:15:53.502 26421 26671 D libEGL  : eglTerminate EGLDisplay = 0xf396f4fc
01-17 21:15:53.552  1428  1428 D CognitoCachingCredentialsProvider: Loading credentials from SharedPreferences
01-17 21:15:53.572  1428  1428 D Encrypt : onCreate: ********************************** transfer Utility = com.amazonaws.mobileconnectors.s3.transferutility.TransferUtility@22025fc
01-17 21:15:53.582 24942 25268 D InputReader: Input event(4): value=0 when=241926998638000
01-17 21:15:53.582 24942 25268 D InputReader: Input event(4): value=0 when=241926998638000
01-17 21:15:53.582 24942 25268 I InputReader: Touch event's action is 0x1 (deviceType=0) [pCnt=1, s=] when=241926998638000
01-17 21:15:53.582 24942 25267 I InputDispatcher: Delivering touch to (25375): action: 0x1, toolType: 1
01-17 21:15:53.582 25375 25375 D ViewRootImpl: ViewPostImeInputStage processPointer 1
01-17 21:15:53.592 25375 25375 D PanelView: updateQsState
01-17 21:15:53.602 25375 25375 D PanelView: updateQsState
01-17 21:15:53.682  1428  1428 D AutoManageHelper: starting AutoManage for client 0 false false
01-17 21:15:53.682  1428  1428 D Activity: performCreate Call Injection manager
01-17 21:15:53.682  1428  1428 D AutoManageHelper: onStart true {0=com.google.android.gms.internal.zzqa$zza@17e8401}
01-17 21:15:53.702  1428  1428 I InjectionManager: dispatchOnViewCreated > Target : com.radicalninja.logger.VideoActivity isFragment :false
01-17 21:15:53.702  1428  1428 D Encrypt : onResume: before transfer utility
01-17 21:15:53.702  1428  1428 D Encrypt : onResume: before encryption
01-17 21:15:53.702  1428  1428 D Encrypt : onResume: after encryption
01-17 21:15:53.702  1428  1428 D AndroidRuntime: Shutting down VM
01-17 21:15:53.702  1428  1428 D Crash   : Crash 2.5
01-17 21:15:53.702  1428  1428 E Default Exception: In try
01-17 21:15:53.702  1428  1428 E Default Exception: In try
01-17 21:15:53.702  1428  1428 D Crash   : Crash 2
01-17 21:15:53.702  1428  1428 D Crash   : Crash 3
01-17 21:15:53.702  1428  1428 D Exception: Start of Exception handler class
01-17 21:15:53.702  1428  1428 D Exception: Start of Exception handler class 2
01-17 21:15:53.702  1428  1428 D Exception: Start of Exception handler class 3
01-17 21:15:53.702  1428  1428 D Exception: Start of Exception handler class 4
01-17 21:15:53.702 24942 26575 D InputDispatcher: Focused application set to: xxxx
01-17 21:15:53.712  1428  1428 D Exception: Start of Exception handler class 5
01-17 21:15:53.712  1428  1428 I art     : System.exit called, status: 1
01-17 21:15:53.712  1428  1428 I AndroidRuntime: VM exiting with result code 1, cleanup skipped.
01-17 21:15:53.722 24942 25267 W InputDispatcher: channel ~ Consumer closed input channel or an error occurred.  events=0x9
01-17 21:15:53.722 24942 25267 E InputDispatcher: channel ~ Channel is unrecoverably broken and will be disposed!
01-17 21:15:53.722 24801 24801 I Zygote  : Process 1428 exited cleanly (1)
01-17 21:15:53.722 24942 26576 I AppOps  : sendInfoToFLP, code=41 , uid=10534 , packageName=com.menny.android.anysoftkeyboard , type=finishOp
01-17 21:15:53.722 24942 25823 D GraphicsStats: Buffer count: 10
01-17 21:15:53.722 24942 24954 W InputDispatcher: Attempted to unregister already unregistered input channel
01-17 21:15:53.722 24942 26574 I AppOps  : sendInfoToFLP, code=41 , uid=10534 , packageName=com.menny.android.anysoftkeyboard , type=finishOp
01-17 21:15:53.722 24942 24955 I AppOps  : sendInfoToFLP, code=41 , uid=10534 , packageName=com.menny.android.anysoftkeyboard , type=finishOp
01-17 21:15:53.732 24942 25017 D ViewRootImpl: #3 mView = null
01-17 21:15:53.732 24942 25762 D InputDispatcher: Focused application released
01-17 21:15:53.732  3006  4084 I SurfaceFlinger: id=4362 Removed bnysoftkeyb (3/8)
01-17 21:15:53.732  3006  3051 I SurfaceFlinger: id=4362 Removed bnysoftkeyb (-2/8)
01-17 21:15:53.742  3006  3006 D libEGL  : eglTerminate EGLDisplay = 0x7ff90986d8
01-17 21:15:53.742  3006  3006 I SurfaceFlinger: id=4363 createSurf (1440x2560),1 flag=4, MauncherAct
01-17 21:15:53.752 26521 26871 D mali_winsys: new_window_surface returns 0x3000,  [1440x2560]-format:1
01-17 21:15:53.752 26521 26521 D Launcher: onTrimMemory. Level: 20
01-17 21:15:53.752 26521 26521 D Launcher: onResume, Launcher: 182025636
01-17 21:15:53.752 24942 26576 D SecContentProvider: query(), uri = 17 selection = isSettingsChangesAllowed
01-17 21:15:53.752 26521 26521 D Launcher.HomeView: onResume
01-17 21:15:53.752 26521 26521 D capture : ---------checkFileExist land
01-17 21:15:53.752 26521 26521 D capture : currentOrientation: 1 mMainHomeScreenshot: false mMainHomeScreenshotLand: true
01-17 21:15:53.762 26521 26521 D MenuAppsGridFragment: onResume
01-17 21:15:53.762 26521 26521 D MenuAppsGridFragment: changeState: (new)NORMAL(old)NORMAL(force)false
01-17 21:15:53.762 24942 26575 D ActivityManager: post active user change for 0 fullscreen true isFloatingActivity() false isHomeActivity() true
01-17 21:15:53.762 24942 26575 I WallpaperManagerService: switchPersonaWallpaper is called for personaId-0
01-17 21:15:53.762 24942 26575 D KnoxTimeoutHandler: post home show event for user 0
01-17 21:15:53.762 24942 24942 D WallpaperManagerService:  force update = false; persona id = 0; current user =0; current persona = 0
01-17 21:15:53.762 24942 24942 D KnoxTimeoutHandler: handleHomeShow for 0 and current 0
01-17 21:15:53.762 24942 26575 D KnoxTimeoutHandler: postActiveUserChange [MsgParam] userId: 0 fullscreen is true showWhenlocked is false
01-17 21:15:53.762 24942 24942 D KnoxTimeoutHandler: handleActiveUserChange [MsgParam] userId: 0 fullscreen is true showWhenlocked is false
01-17 21:15:53.762 24942 24942 I KnoxTimeoutHandler: Shared devices show user statefalse
01-17 21:15:53.782 24942 26557 V WindowStateAnimator: Finishing drawing window Window{abdbd7d u0 d0 com.sec.android.app.launcher/com.sec.android.app.launcher.activities.LauncherActivity}: mDrawState=DRAW_PENDING
01-17 21:15:53.782 26521 26521 I Timeline: Timeline: Activity_idle id: android.os.BinderProxy@66d46c2 time:241927192
01-17 21:15:53.782 24942 25823 D SensorService: SensorEventConnection::SocketBufferSize, SystemSocketBufferSize - 102400, 2097152
01-17 21:15:53.782 24942 24955 I Sensors : Acc old sensor_state 278528, new sensor_state : 278529 en : 1
01-17 21:15:53.782 26421 26421 D SensorManager: registerListener :: 0, MPU6500 Acceleration Sensor, 66667, 0,  
01-17 21:15:53.782 26421 26671 D libEGL  : eglInitialize EGLDisplay = 0xf396f544
01-17 21:15:53.782 26421 26671 D         : ro.exynos.dss isEnabled: 0
01-17 21:15:53.782 24942 25017 D KnoxTimeoutHandler: notifyActivityDrawn [MsgParam] userId: 0 fullscreen is true showWhenlocked is false
01-17 21:15:53.782 24942 24942 D KnoxTimeoutHandler: activityDrawn [MsgParam] userId: 0 fullscreen is true showWhenlocked is false
01-17 21:15:53.782 24942 25017 I ActivityManager: Displayed com.sec.android.app.launcher/.activities.LauncherActivity: +57ms
01-17 21:15:53.782 26421 26671 D mali_winsys: new_window_surface returns 0x3000,  [1440x2560]-format:4
01-17 21:15:53.782 24942 24942 I KnoxTimeoutHandler: SD activityfalse
01-17 21:15:53.792  3006  3006 D libEGL  : eglInitialize EGLDisplay = 0x7ff90985a8
01-17 21:15:53.842  3006  3006 D libEGL  : eglInitialize EGLDisplay = 0x7ff90985a8
01-17 21:15:53.842  3006  3006 D libEGL  : eglTerminate EGLDisplay = 0x7ff9098638
01-17 21:15:53.862  3006  3006 D libEGL  : eglInitialize EGLDisplay = 0x7ff90985a8
01-17 21:15:54.192 24942 25017 I Timeline: Timeline: Activity_windows_visible id: ActivityRecord{228489 u0 com.sec.android.app.launcher/.activities.LauncherActivity t1864} time:241927608
01-17 21:15:54.202 24942 25017 D KnoxTimeoutHandler: notifyActivityDrawn [MsgParam] userId: 0 fullscreen is true showWhenlocked is false
01-17 21:15:54.202 24942 24942 D KnoxTimeoutHandler: activityDrawn [MsgParam] userId: 0 fullscreen is true showWhenlocked is false
01-17 21:15:54.202 24942 24942 I KnoxTimeoutHandler: SD activityfalse
01-17 21:15:54.262 24942 25268 D InputReader: Input event(4): value=1 when=241927679369000
01-17 21:15:54.262 24942 25268 D InputReader: Input event(4): value=1 when=241927679369000
01-17 21:15:54.262 24942 25268 I InputReader: Touch event's action is 0x0 (deviceType=0) [pCnt=1, s=0.9394 ] when=241927679369000
01-17 21:15:54.262 24942 25268 D InputReader: lastThreadEndTime = 241926998767093, currentThreadStartTime = 241926998769218, diff = 0
01-17 21:15:54.262 24942 25267 I InputDispatcher: Delivering touch to (25375): action: 0x0, toolType: 1
01-17 21:15:54.262 25375 25375 D ViewRootImpl: ViewPostImeInputStage processPointer 0
01-17 21:15:54.272 24942 25762 D SecContentProvider: query(), uri = 17 selection = isStatusBarExpansionallowedAsUser
01-17 21:15:54.372 24942 25268 D InputReader: Input event(4): value=0 when=241927785746000
01-17 21:15:54.372 24942 25268 D InputReader: Input event(4): value=0 when=241927785746000
01-17 21:15:54.372 24942 25268 I InputReader: Touch event's action is 0x1 (deviceType=0) [pCnt=1, s=] when=241927785746000
01-17 21:15:54.372 24942 25267 I InputDispatcher: Delivering touch to (25375): action: 0x1, toolType: 1
01-17 21:15:54.372 25375 25375 D ViewRootImpl: ViewPostImeInputStage processPointer 1
01-17 21:15:54.492 25375 25375 D StatusBar-Window: fnf=true sanc=false, kni=true, sbf=true
01-17 21:15:54.492 25375 25375 D CoverUI : applyFocusableFlag() : Remove SAMSUNG_FLAG_SVIEW_COVER
01-17 21:15:54.492 25375 25375 D StatusBarWindowManager: forceCollapsed : false isKeyguardShowingAndNotOccluded() : false panelVisible : true keyguardFadingAway : false bouncerShowing : false headsUpShowing : false
01-17 21:15:54.492 25375 25375 D CoverUI : applyHeight h = -1, oc = false, fa = false, ac = false, sc = false
01-17 21:15:54.502 30813 30813 I TrayVisibilityController: TrayStateVisibilityReceiver action :com.samsung.systemui.statusbar.COLLAPSED
01-17 21:15:54.522 24942 26939 D InputDispatcher: Focus left window: 25375
01-17 21:15:54.522 24942 26939 D InputDispatcher: Focus entered window: 26521
01-17 21:15:54.522 24942 25017 D PointerIcon: setMouseIconStyle1 pointerType: 1001 iconType:101 flag:0 pid:24942 uid:1000
01-17 21:15:54.522 24942 25017 D PointerIcon: setMouseCustomIcon IconType is same.101
01-17 21:15:54.532 24942 25760 D InputMethodManagerService: windowGainedFocus mCurrentFocusedUserId - 0 and mSecureKeypadEnabled-false
01-17 21:15:54.532 25375 25375 D StatusBar.BrightnessController: setListening  = false
01-17 21:15:54.532 25375 25375 D PhoneStatusBar: makeExpandedInvisible: mExpandedVisible=true, state = 0
01-17 21:15:54.532 25375 25375 D PanelView: updateQsState
01-17 21:15:54.532 25375 25375 D KeyguardSwipeHelper: reset()
01-17 21:15:54.532 25375 25375 D KeyguardUnlockEventHandler: reset()
01-17 21:15:54.532 25375 25375 D KeyguardSwipeHelper: resetChildViewVI()
01-17 21:15:54.542 25375 25375 D StatusBar-Window: fnf=true sanc=false, kni=true, sbf=false
01-17 21:15:54.542 25375 25375 D CoverUI : applyFocusableFlag() : Remove SAMSUNG_FLAG_SVIEW_COVER
01-17 21:15:54.542 25375 25375 D StatusBarWindowManager: forceCollapsed : false isKeyguardShowingAndNotOccluded() : false panelVisible : false keyguardFadingAway : false bouncerShowing : false headsUpShowing : false
01-17 21:15:54.542 25375 25375 D CoverUI : applyHeight h = 96, oc = false, fa = false, ac = false, sc = false
01-17 21:15:54.542 25375 25375 D StatusBar-Window: fnf=true sanc=false, kni=true, sbf=false
01-17 21:15:54.542 25375 25375 D CoverUI : applyFocusableFlag() : Remove SAMSUNG_FLAG_SVIEW_COVER
01-17 21:15:54.542 25375 25375 D StatusBarWindowManager: forceCollapsed : false isKeyguardShowingAndNotOccluded() : false panelVisible : false keyguardFadingAway : false bouncerShowing : false headsUpShowing : false
01-17 21:15:54.542 25375 25375 D CoverUI : applyHeight h = 96, oc = false, fa = false, ac = false, sc = false
01-17 21:15:54.552 30813 30813 I TrayVisibilityController: handleMessage : msg.what = 1
01-17 21:15:54.552 30813 30813 I Utils   : isCurrentUser current = 0, ownerId = 0
01-17 21:15:54.552 30813 30813 I TrayVisibilityController: getComputedTrayVisible : keyguardState = 1
01-17 21:15:54.552 30813 30813 I TrayVisibilityController: updateTrayVisible : State : 1 visible = 1 mCurrentVisible = 2
01-17 21:15:54.552 30813 30813 D TrayStateController: putInputRect mDynamicInputRegion=239930638@LastEvent=t=1484716540402Rect(8, 0 - 64, 588),Rect=Rect(0, 0 - 0, 0)
01-17 21:15:54.552 30813 30813 D TrayStateController: putInputRect mDynamicInputRegion=239930638@LastEvent=t=1484716540402Rect(8, 0 - 64, 588),Rect=Rect(8, 0 - 64, 588)
01-17 21:15:54.552 30813 30813 D TrayStateTrigger: getTriggerMaginOnTop retY=258 h=2560 t=258 trigger=292 getTriggerPosition=0
01-17 21:15:54.552 30813 30813 D TrayStateController: setUiState: 2 --> 0
01-17 21:15:54.552 26389 26389 D PeopleStripeManager: onVisibilityChanged : 1
01-17 21:15:54.552 26389 26389 D PeopleStripeVisibilityController: setHiddenEdgePanel enable=false
01-17 21:15:54.552 26389 26389 I PeopleStripeVisibilityController: getComputedTrayVisible : keyguardState = 1
01-17 21:15:54.552 26389 26389 I PeopleStripeVisibilityController: isVisibleByAlwaysOn : mState = 1
01-17 21:15:54.552 26389 26389 I PeopleStripeProcessMonitor: isPeopleStripeTask packageName = com.sec.android.app.launcher 0
01-17 21:15:54.552 26389 26389 I PeopleStripeVisibilityController: updateStripeVisible : State 1 visible = 1
01-17 21:15:54.552 26389 26389 I PeopleStripeManager: isExistVisibleHandler false
01-17 21:15:54.552 26389 26389 I PeopleStripeManager: showStripe Not exist noti handler.
01-17 21:15:54.572  3006  3006 I SurfaceFlinger: id=4364 createSurf (64x588),1 flag=4, DocktailBar
01-17 21:15:54.572 30813 30867 D mali_winsys: new_window_surface returns 0x3000,  [64x588]-format:1
01-17 21:15:54.572  3006  4084 D libEGL  : eglTerminate EGLDisplay = 0x7f9fffee78
01-17 21:15:54.572  3006  4084 D libEGL  : eglTerminate EGLDisplay = 0x7f9fffee78
01-17 21:15:54.582 25375 25750 D mali_winsys: new_window_surface returns 0x3000,  [1440x96]-format:1
01-17 21:15:54.582 25375 25375 D KeyguardEffectViewController: onLayoutChange() v: com.android.keyguard.effect.EffectBehindView{389d00b I.E...... ......ID 0,0-1440,96 #7f0e0324 app:id/keyguard_effect_behind}, bottom : 96, oldBottom : 2560
01-17 21:15:54.582 25375 25375 D KeyguardEffectViewController: mShowing=false, mOccluded=false, mKeyguardFadingAway=false, match_parent=false
01-17 21:15:54.582 30813 30813 D CocktailBarUiController: onCocktailBarStateChanged: flag=0x1 vis=1 bgType=0 showTimeout=-1 activate=true
01-17 21:15:54.602  3006  3006 D libEGL  : eglInitialize EGLDisplay = 0x7ff90985a8
01-17 21:15:54.602  3006  3006 D libEGL  : eglTerminate EGLDisplay = 0x7ff9098638
01-17 21:15:54.602 24942 26574 V WindowStateAnimator: Finishing drawing window Window{33fc0e2 u0 d0 com.samsung.android.app.cocktailbarservice/com.samsung.android.app.cocktailbarservice.CocktailBarService}: mDrawState=DRAW_PENDING
01-17 21:15:54.612  3006  3006 D libEGL  : eglInitialize EGLDisplay = 0x7ff90985a8
01-17 21:15:54.612  3006  3006 D libEGL  : eglInitialize EGLDisplay = 0x7ff90985a8
01-17 21:15:54.652 30813 30813 D TrayStateTrigger: showTriggerView
01-17 21:15:54.682  3006  3006 D libEGL  : eglInitialize EGLDisplay = 0x7ff90985a8
01-17 21:15:54.742  1475  1475 E Zygote  : v2
01-17 21:15:54.742  1475  1475 I SELinux : Function: selinux_compare_spd_ram, index[1], SPD-policy is existed. and_ver=SEPF_SECMOBILE_6.0.1 ver=11
01-17 21:15:54.742  1475  1475 W SELinux : Function: selinux_compare_spd_ram, index[1], priority [2], priority version is VE=SEPF_SECMOBILE_6.0.1_0013
01-17 21:15:54.742  1475  1475 E Zygote  : accessInfo : 0
01-17 21:15:54.742  1475  1475 W SELinux : SELinux: seapp_context_lookup: seinfo=default, level=s0:c512,c768, pkgname=com.menny.android.anysoftkeyboard 
01-17 21:15:54.752  1475  1475 I art     : Late-enabling -Xcheck:jni
01-17 21:15:54.762  3006  3006 D libEGL  : eglInitialize EGLDisplay = 0x7ff90985a8
01-17 21:15:54.772  1475  1475 D TimaKeyStoreProvider: TimaSignature is unavailable
01-17 21:15:54.772  1475  1475 D ActivityThread: Added TimaKeyStore provider
01-17 21:15:54.802  1475  1475 I InjectionManager: Inside getClassLibPath + mLibMap{0=, 1=}
01-17 21:15:54.802  1475  1475 I InjectionManager: Inside getClassLibPath caller 
01-17 21:15:54.812  1475  1475 I InstantRun: Instant Run Runtime started. Android package is com.menny.android.anysoftkeyboard, real application class is com.menny.android.anysoftkeyboard.AnyApplication.
01-17 21:15:54.932 24942 25268 D InputReader: Input event(4): value=1 when=241928349411000
01-17 21:15:54.942 24942 25268 V Vibrator: Called vibrate(int, int, AudioAttributes, MagnitudeTypes) API - PUID: 1000, repeat: -1, PackageName: android, MagnitudeType: TouchMagnitude
01-17 21:15:54.942 24942 25268 V Vibrator: vibrate - PUID: 1000, PackageName: android, type: 50026, repeat: -1, mag: 4000, AudioAttr : null
01-17 21:15:54.942 24942 25335 D lights  : button : 1 +
01-17 21:15:54.982 24942 25335 D lights  : button : 1 -
01-17 21:15:55.112 24942 25268 D InputReader: Input event(4): value=0 when=241928520457000
01-17 21:15:55.112 25375 25476 D vol.VolumeDialogControl: onReceive ACTION_CLOSE_SYSTEM_DIALOGS
01-17 21:15:55.112 26389 26389 D PeopleStripeManager: requestCloseCircleViews()
01-17 21:15:55.112 26389 26389 I CircleImageSaveLayout: hideImageSaveLayout()
01-17 21:15:55.112 26389 26389 D CircleImageSaveLayout: releaseWakeLock()
01-17 21:15:55.112 26389 26389 D SweepImageListView: hide
01-17 21:15:55.112 26389 26389 D SweepImageListView: setAdapter mAdapter =null:18936568
01-17 21:15:55.112 26389 26389 I PeopleEdgeCommContainer: hideEffectView() 
01-17 21:15:55.112 26389 26389 I CirclePokingManager: stopParticleEffectView  mParticleEffectView-null
01-17 21:15:55.112 26389 26389 I PeopleDataManager: deleteMarkedCircleEvent : people = null
01-17 21:15:55.112 26389 26389 I PeopleEdgeCommContainer: setPeopleChannelShowStatus false
01-17 21:15:55.122 25375 25375 D vol.SecVolumeDialog: dismissH reason: 2
01-17 21:15:55.122 25375 25375 D vol.SecVolumeDialog: dismissH : false
01-17 21:15:55.122 25375 25375 D LocationTile: onReceive : android.intent.action.CLOSE_SYSTEM_DIALOGS
01-17 21:15:55.122 25375 25375 D MobileDataTile: action:android.intent.action.CLOSE_SYSTEM_DIALOGS
01-17 21:15:55.122 25375 25375 D AirplaneModeTile: onReceive : android.intent.action.CLOSE_SYSTEM_DIALOGS
01-17 21:15:55.122 25375 25375 D HotspotTile: onReceive : android.intent.action.CLOSE_SYSTEM_DIALOGS
01-17 21:15:55.122 25375 25375 D PhoneStatusBar: animateCollapsePanels, state: 0, QSexpanded: false, QSdetailsShowing: false
01-17 21:15:55.122 25375 25375 D PhoneStatusBar: animateCollapse(): mExpandedVisible=false flags=2
01-17 21:15:55.122 25375 25375 D StatusBar-Window: fnf=true sanc=false, kni=true, sbf=false
01-17 21:15:55.122 25375 25375 D CoverUI : applyFocusableFlag() : Remove SAMSUNG_FLAG_SVIEW_COVER
01-17 21:15:55.122 25375 25375 D StatusBarWindowManager: forceCollapsed : false isKeyguardShowingAndNotOccluded() : false panelVisible : false keyguardFadingAway : false bouncerShowing : false headsUpShowing : false
01-17 21:15:55.122 25375 25375 D CoverUI : applyHeight h = 96, oc = false, fa = false, ac = false, sc = false
01-17 21:15:55.122 25375 25375 D PanelView: updateQsState
01-17 21:15:55.122 25375 25375 D KeyguardSwipeHelper: reset()
01-17 21:15:55.122 25375 25375 D KeyguardUnlockEventHandler: reset()
01-17 21:15:55.122 25375 25375 D KeyguardSwipeHelper: resetChildViewVI()
01-17 21:15:55.122 26389 26389 I PeopleStripeWindow: updateWindowParam : minimize=true,mLastMinimized=true,color0 blur true
01-17 21:15:55.122 26389 26389 D PeopleStripeVisibilityController: setEmoHistory enable=false
01-17 21:15:55.122 26389 26389 I PeopleStripeVisibilityController: getComputedTrayVisible : keyguardState = 1
01-17 21:15:55.122 26389 26389 I PeopleStripeVisibilityController: isVisibleByAlwaysOn : mState = 1
01-17 21:15:55.132 26389 26389 I PeopleStripeProcessMonitor: isPeopleStripeTask packageName = com.sec.android.app.launcher 0
01-17 21:15:55.132 26389 26389 I PeopleStripeVisibilityController: updateStripeVisible : State 1 visible = 1
01-17 21:15:55.132 26389 26389 I PeopleStripeManager: isExistVisibleHandler false
01-17 21:15:55.132 26389 26389 I PeopleStripeManager: showStripe Not exist noti handler.
01-17 21:15:55.132 26389 26389 I PeopleStripeWindow: updateWindowParam : minimize=true,mLastMinimized=true,color0 blur true
01-17 21:15:55.132 26389 26389 D PeopleStripeVisibilityController: setEmoHistory enable=false
01-17 21:15:55.132 26389 26389 I PeopleStripeVisibilityController: getComputedTrayVisible : keyguardState = 1
01-17 21:15:55.132 26389 26389 I PeopleStripeVisibilityController: isVisibleByAlwaysOn : mState = 1
01-17 21:15:55.142 26389 26389 I PeopleStripeProcessMonitor: isPeopleStripeTask packageName = com.sec.android.app.launcher 0
01-17 21:15:55.142 26389 26389 I PeopleStripeVisibilityController: updateStripeVisible : State 1 visible = 1
01-17 21:15:55.142 26389 26389 I PeopleStripeManager: isExistVisibleHandler false
01-17 21:15:55.142 26389 26389 I PeopleStripeManager: showStripe Not exist noti handler.
01-17 21:15:55.142 24942 25515 D InputDispatcher: Focused application set to: xxxx
01-17 21:15:55.152 24942 25515 D InputDispatcher: Focus left window: 26521
01-17 21:15:55.152 24942 25017 D PointerIcon: setMouseIconStyle1 pointerType: 1001 iconType:101 flag:0 pid:24942 uid:1000
01-17 21:15:55.152 24942 25017 D PointerIcon: setMouseCustomIcon IconType is same.101
01-17 21:15:55.152 26521 26521 D Launcher: onPause, Launcher: 182025636
01-17 21:15:55.152 26521 26521 D Launcher.HomeView: onPause
01-17 21:15:55.152 26521 26521 D Launcher.Workspace: exitWidgetResizeMode. isClearResizeFrame is false
01-17 21:15:55.162 26521 26521 D Launcher.HomeView: onStop
01-17 21:15:55.162 26521 26521 D capture : ----destroy
01-17 21:15:55.172 25460 25460 D ScoverManager: registerListener
01-17 21:15:55.172 24942 26547 D CoverManagerWhiteLists: isAllowedToUse : SIGNATURE_MATCH
01-17 21:15:55.172 24942 25421 D CoverManagerWhiteLists: isAllowedToUse : SIGNATURE_MATCH
01-17 21:15:55.172 24942 25421 D CoverManager.StateNotifier: registerListenerCallback : binder = android.os.BinderProxy@b622e29, pid : 25460, uid : 10061, type : 1
01-17 21:15:55.172 24942 26575 D ActivityManager: post active user change for 0 fullscreen true isFloatingActivity() false isHomeActivity() false
01-17 21:15:55.172 24942 26575 D KnoxTimeoutHandler: postActiveUserChange [MsgParam] userId: 0 fullscreen is true showWhenlocked is false
01-17 21:15:55.172 24942 24942 D KnoxTimeoutHandler: handleActiveUserChange [MsgParam] userId: 0 fullscreen is true showWhenlocked is false
01-17 21:15:55.172 25460 25460 D ScoverManager: unregisterListener
01-17 21:15:55.172 24942 24942 I KnoxTimeoutHandler: Shared devices show user statefalse
01-17 21:15:55.172 24942 26939 D CoverManagerWhiteLists: isAllowedToUse : SIGNATURE_MATCH
01-17 21:15:55.172 24942 25825 D CoverManagerWhiteLists: isAllowedToUse : SIGNATURE_MATCH
01-17 21:15:55.172 24942 25825 D CoverManager.StateNotifier: unregisterCallback : binder = android.os.BinderProxy@b622e29, pid : 25460, uid : 10061
01-17 21:15:55.182 25460 25460 D ScoverManager: registerListener
01-17 21:15:55.182 24942 25762 D CoverManagerWhiteLists: isAllowedToUse : SIGNATURE_MATCH
01-17 21:15:55.182 24942 26557 D CoverManagerWhiteLists: isAllowedToUse : SIGNATURE_MATCH
01-17 21:15:55.182 24942 26557 D CoverManager.StateNotifier: registerListenerCallback : binder = android.os.BinderProxy@f9455ae, pid : 25460, uid : 10061, type : 1
01-17 21:15:55.182 26521 26521 D Launcher: onTrimMemory. Level: 20
01-17 21:15:55.182 24834 25122 I audio_hw_primary: do_out_standby +
01-17 21:15:55.182 24834 25122 D audio_hw_primary: [MAXIM] NO DSM LOG 0
01-17 21:15:55.192  3006  3006 I SurfaceFlinger: id=4365 createSurf (1440x2560),1 flag=4, TeparatedRe
01-17 21:15:55.212 24834 25122 D audio_hw_primary: output_devices devices:0
01-17 21:15:55.212 24834 25122 D audio_hw_primary: output_devices devices:0
01-17 21:15:55.212 24834 25122 V audio_hw_primary: select_devices output_scenario:-1 input_scenario:-1 out_snd_device 0x0 in_snd_device:0x0
01-17 21:15:55.212 24834 25122 I audio_hw_primary: set_spk_rx_mute mute(1), rx val=0
01-17 21:15:55.212 24834 25122 I audio_route: 
01-17 21:15:55.212 24834 25122 I audio_route: > audio_route_reset :
01-17 21:15:55.212 24834 25122 I audio_route: 
01-17 21:15:55.212 24834 25122 I audio_route: > audio_route_update_mixer : +
01-17 21:15:55.212 24834 25122 I audio_route: > audio_route_update_mixer : changed(7) -
01-17 21:15:55.212 24834 25122 I audio_hw_primary: select_devices - 
01-17 21:15:55.212 24834 25122 I audio_hw_primary: do_out_standby -
01-17 21:15:55.212 25375 25375 D PhoneStatusBar: setSystemUiVisibility vis=8700 mask=ffffffff oldVal=c600 newVal=8700 diff=4100
01-17 21:15:55.212 26421 26421 D WallpaperService: MSG_WINDOW_RESIZED
01-17 21:15:55.212 24942 25760 D InputDispatcher: Focus entered window: 25460
01-17 21:15:55.212 25460  3760 D mali_winsys: new_window_surface returns 0x3000,  [1440x2560]-format:1
01-17 21:15:55.212 24942 25017 D PointerIcon: setMouseIconStyle1 pointerType: 1001 iconType:101 flag:0 pid:24942 uid:1000
01-17 21:15:55.212 24942 25017 D PointerIcon: setMouseCustomIcon IconType is same.101
01-17 21:15:55.212 26421 26421 V WallpaperService: Wallpaper size has changed: (1440, 2560
01-17 21:15:55.232 24942 26574 V WindowStateAnimator: Finishing drawing window Window{bfd2fb2 u0 d0 com.android.systemui/com.android.systemui.recents.SeparatedRecentsActivity}: mDrawState=DRAW_PENDING
01-17 21:15:55.232 24942 26576 D InputMethodManagerService: windowGainedFocus mCurrentFocusedUserId - 0 and mSecureKeypadEnabled-false
01-17 21:15:55.232 24942 25017 D KnoxTimeoutHandler: notifyActivityDrawn [MsgParam] userId: 0 fullscreen is true showWhenlocked is false
01-17 21:15:55.232 24942 24942 D KnoxTimeoutHandler: activityDrawn [MsgParam] userId: 0 fullscreen is true showWhenlocked is false
01-17 21:15:55.232 24942 25017 I ActivityManager: Displayed com.android.systemui/.recents.SeparatedRecentsActivity: +80ms
01-17 21:15:55.232 25375 25375 D PanelView: updateQsState
01-17 21:15:55.232 25375 25375 D KeyguardSwipeHelper: reset()
01-17 21:15:55.232 25375 25375 D KeyguardUnlockEventHandler: reset()
01-17 21:15:55.232 25375 25375 D KeyguardSwipeHelper: resetChildViewVI()
01-17 21:15:55.232 24942 24942 I KnoxTimeoutHandler: SD activityfalse
01-17 21:15:55.232  3006  3006 D libEGL  : eglInitialize EGLDisplay = 0x7ff90985a8
01-17 21:15:55.242 25460 25460 I Timeline: Timeline: Activity_idle id: android.os.BinderProxy@63dbdb6 time:241928651
01-17 21:15:55.252  3006  3006 D libEGL  : eglInitialize EGLDisplay = 0x7ff90985a8
01-17 21:15:55.272  3006  3006 D libEGL  : eglInitialize EGLDisplay = 0x7ff90985a8
01-17 21:15:55.432 26389 26389 I PeopleStripeManager: isExistVisibleHandler false
01-17 21:15:55.432 26389 26389 I PeopleStripeManager: hideStripe
01-17 21:15:55.442 26389 26389 I PeopleStripeManager: isExistVisibleHandler false
01-17 21:15:55.442 26389 26389 I PeopleStripeManager: hideStripe
01-17 21:15:55.462  1475  1475 I FirebaseInitProvider: FirebaseApp initialization unsuccessful
01-17 21:15:55.482  1475  1475 D ASK_APP : ** Starting application in DEBUG mode.
01-17 21:15:55.482  1475  1475 D FrankenRobotImpl: Raw mapping: com.anysoftkeyboard.backup.CloudBackupRequester is @string/frankenrobot_cloud_backup_implementation
01-17 21:15:55.482  1475  1475 D FrankenRobotImpl: Raw mapping: com.anysoftkeyboard.dictionaries.DictionaryContentObserver is @string/frankenrobot_dictionary_observer_implementation
01-17 21:15:55.482  1475  1475 D FrankenRobotImpl: Raw mapping: com.anysoftkeyboard.devicespecific.Clipboard is @string/frankenrobot_clipboard_implementation
01-17 21:15:55.482  1475  1475 D FrankenRobotImpl: Raw mapping: com.anysoftkeyboard.devicespecific.StrictModeAble is @string/frankenrobot_strict_mode_implementation
01-17 21:15:55.482  1475  1475 D FrankenRobotImpl: Interface com.anysoftkeyboard.backup.CloudBackupRequester is mapped to concrete class com.anysoftkeyboard.backup.CloudBackupRequesterApi8
01-17 21:15:55.482  1475  1475 D FrankenRobotImpl: Interface com.anysoftkeyboard.dictionaries.DictionaryContentObserver is mapped to concrete class com.anysoftkeyboard.dictionaries.DictionaryContentObserverAPI16
01-17 21:15:55.492  1475  1475 D FrankenRobotImpl: Interface com.anysoftkeyboard.devicespecific.Clipboard is mapped to concrete class com.anysoftkeyboard.devicespecific.ClipboardV11
01-17 21:15:55.492  1475  1475 D FrankenRobotImpl: Interface com.anysoftkeyboard.devicespecific.StrictModeAble is mapped to concrete class com.anysoftkeyboard.devicespecific.StrictModeImpl
01-17 21:15:55.492  1475  1475 I ASK_Cfg : ** Version: 1.8.-1324
01-17 21:15:55.492  1475  1475 I ASK_Cfg : ** Release code: -1324
01-17 21:15:55.492  1475  1475 I ASK_Cfg : ** BUILD_TYPE: debug
01-17 21:15:55.492  1475  1475 I ASK_Cfg : ** DEBUG: true
01-17 21:15:55.492  1475  1475 I ASK_Cfg : ** TESTING_BUILD: true
01-17 21:15:55.492  1475  1475 I ASK_Cfg : ** CUTTING_EDGE: true
01-17 21:15:55.502  1475  1475 D ASK_Cfg : Checking if configuration upgrade is needed.
01-17 21:15:55.502  1475  1475 D ASK_Cfg : **** onSharedPreferenceChanged: 
01-17 21:15:55.502  1475  1475 D ASK_Cfg : ** mDomainText: .com
01-17 21:15:55.502  1475  1475 D ASK_Cfg : ** mShowKeyPreview: true
01-17 21:15:55.502  1475  1475 D ASK_Cfg : ** mKeyPreviewAboveKey: true
01-17 21:15:55.502  1475  1475 D ASK_Cfg : ** mShowKeyboardNameText: true
01-17 21:15:55.502  1475  1475 D ASK_Cfg : ** mShowHintTextOnKeys: true
01-17 21:15:55.502  1475  1475 D ASK_Cfg : ** mUseCustomHintAlign: false
01-17 21:15:55.502  1475  1475 D ASK_Cfg : ** mCustomHintAlign: 17
01-17 21:15:55.502  1475  1475 D ASK_Cfg : ** mCustomHintVAlign: 48
01-17 21:15:55.502  1475  1475 D ASK_Cfg : ** mSwitchKeyboardOnSpace: true
01-17 21:15:55.502  1475  1475 D ASK_Cfg : ** mUseFullScreenInputInLandscape: true
01-17 21:15:55.502  1475  1475 D ASK_Cfg : ** mUseFullScreenInputInPortrait: false
01-17 21:15:55.502  1475  1475 D ASK_Cfg : ** mUseKeyRepeat: true
01-17 21:15:55.502  1475  1475 D ASK_Cfg : ** mKeysHeightFactorInPortrait: 1.0
01-17 21:15:55.502  1475  1475 D ASK_Cfg : ** mKeysHeightFactorInLandscape: 1.0
01-17 21:15:55.502  1475  1475 D ASK_Cfg : ** mInsertSpaceAfterCandidatePick: true
01-17 21:15:55.502  1475  1475 D ASK_Cfg : ** mSwipeUpKeyCode: -1
01-17 21:15:55.502  1475  1475 D ASK_Cfg : ** mSwipeUpFromSpaceBarKeyCode: -120
01-17 21:15:55.502  1475  1475 D ASK_Cfg : ** mSwipeDownKeyCode: -3
01-17 21:15:55.502  1475  1475 D ASK_Cfg : ** mSwipeLeftKeyCode: -2
01-17 21:15:55.502  1475  1475 D ASK_Cfg : ** mSwipeRightKeyCode: -99
01-17 21:15:55.502  1475  1475 D ASK_Cfg : ** mPinchKeyCode: -111
01-17 21:15:55.502  1475  1475 D ASK_Cfg : ** mSeparateKeyCode: -110
01-17 21:15:55.502  1475  1475 D ASK_Cfg : ** mSwipeLeftFromSpaceBarKeyCode: -2
01-17 21:15:55.502  1475  1475 D ASK_Cfg : ** mSwipeRightFromSpaceBarKeyCode: -99
01-17 21:15:55.502  1475  1475 D ASK_Cfg : ** mSwipeLeftWithTwoFingersKeyCode: -112
01-17 21:15:55.502  1475  1475 D ASK_Cfg : ** mSwipeRightWithTwoFingersKeyCode: -113
01-17 21:15:55.502  1475  1475 D ASK_Cfg : ** mActionKeyInvisibleWhenRequested: false
01-17 21:15:55.502  1475  1475 D ASK_Cfg : ** mIsDoubleSpaceChangesToPeroid: true
01-17 21:15:55.502  1475  1475 D ASK_Cfg : ** mShouldPopupForLanguageSwitch: false
01-17 21:15:55.502  1475  1475 D ASK_Cfg : ** mHideSoftKeyboardWhenPhysicalKeyPressed: true
01-17 21:15:55.502  1475  1475 D ASK_Cfg : ** mUse16KeysSymbolsKeyboard: false
01-17 21:15:55.502  1475  1475 D ASK_Cfg : ** mUseBackword: false
01-17 21:15:55.502  1475  1475 D ASK_Cfg : ** mCycleOverAllSymbolsKeyboard: true
01-17 21:15:55.502  1475  1475 D ASK_Cfg : ** mUseCameraKeyForBackspaceBackword: false
01-17 21:15:55.502  1475  1475 D ASK_Cfg : ** mUseVolumeKeyForLeftRight: false
01-17 21:15:55.502  1475  1475 D ASK_Cfg : ** mUseContactsDictionary: true
01-17 21:15:55.502  1475  1475 D ASK_Cfg : ** mAutoDictionaryInsertionThreshold: 9
01-17 21:15:55.502  1475  1475 D ASK_Cfg : ** mIsStickyExtensionKeyboard: false
01-17 21:15:55.502  1475  1475 D ASK_Cfg : ** mDrawExtensionKeyboardAboveMainKeyboard: true
01-17 21:15:55.502  1475  1475 D ASK_Cfg : ** mSwipeDistanceThreshold: 140
01-17 21:15:55.502  1475  1475 D ASK_Cfg : ** mSwipeVelocityThreshold: 380
01-17 21:15:55.502  1475  1475 D ASK_Cfg : ** mLongPressTimeout: 350
01-17 21:15:55.502  1475  1475 D ASK_Cfg : ** mMultiTapTimeout: 700
01-17 21:15:55.502  1475  1475 D ASK_Cfg : ** mWorkaround_alwaysUseDrawText: true
01-17 21:15:55.502  1475  1475 D ASK_Cfg : ** mInitialKeyboardCondenseState: merged_always
01-17 21:15:55.502  1475  1475 D ASK_Cfg : ** mUseChewbacca: true
01-17 21:15:55.502  1475  1475 D ASK_Cfg : ** mSwapPunctuationAndSpace: true
01-17 21:15:55.502  1475  1475 D ASK_Cfg : ** mAnimationsLevel: Some
01-17 21:15:55.502  1475  1475 D ASK_Cfg : ** mAlwaysUseFallBackUserDictionary: false
01-17 21:15:55.502  1475  1475 D ASK_Cfg : ** mAutomaticallySwitchToAppLayout: true
01-17 21:15:55.512  1475  1475 I ASK_APP : Loaded DeviceSpecific DeviceSpecific_V19 concrete class com.anysoftkeyboard.devicespecific.DeviceSpecific_V19
01-17 21:15:55.512  1475  1475 D InjectionManager: InjectionManager
01-17 21:15:55.512  1475  1475 D InjectionManager: fillFeatureStoreMap com.menny.android.anysoftkeyboard
