01-17 21:16:00.962  1533  1533 D StrictMode: 	at java.io.File.doAccess(File.java:281)
01-17 21:16:00.962  1533  1533 D StrictMode: 	at java.io.File.exists(File.java:362)
01-17 21:16:00.962  1533  1533 D StrictMode: 	at android.app.SharedPreferencesImpl.writeToFile(SharedPreferencesImpl.java:570)
01-17 21:16:00.962  1533  1533 D StrictMode: 	at android.app.SharedPreferencesImpl.access$800(SharedPreferencesImpl.java:52)
01-17 21:16:00.962  1533  1533 D StrictMode: 	at android.app.SharedPreferencesImpl$2.run(SharedPreferencesImpl.java:515)
01-17 21:16:00.962  1533  1533 D StrictMode: 	at android.app.SharedPreferencesImpl.enqueueDiskWrite(SharedPreferencesImpl.java:536)
01-17 21:16:00.962  1533  1533 D StrictMode: 	at android.app.SharedPreferencesImpl.access$100(SharedPreferencesImpl.java:52)
01-17 21:16:00.962  1533  1533 D StrictMode: 	at android.app.SharedPreferencesImpl$EditorImpl.commit(SharedPreferencesImpl.java:458)
01-17 21:16:00.962  1533  1533 D StrictMode: 	at com.anysoftkeyboard.ui.tutorials.TutorialsProvider.firstTestersTimeVersionLoaded(TutorialsProvider.java:69)
01-17 21:16:00.962  1533  1533 D StrictMode: 	at com.anysoftkeyboard.ui.tutorials.TutorialsProvider.showDragonsIfNeeded(TutorialsProvider.java:38)
01-17 21:16:00.962  1533  1533 D StrictMode: 	at com.menny.android.anysoftkeyboard.AnyApplication.onCreate(AnyApplication.java:83)
01-17 21:16:00.962  1533  1533 D StrictMode: 	at com.android.tools.fd.runtime.BootstrapApplication.onCreate(BootstrapApplication.java:370)
01-17 21:16:00.962  1533  1533 D StrictMode: 	at android.app.Instrumentation.callApplicationOnCreate(Instrumentation.java:1036)
01-17 21:16:00.962  1533  1533 D StrictMode: 	at android.app.ActivityThread.handleBindApplication(ActivityThread.java:6321)
01-17 21:16:00.962  1533  1533 D StrictMode: 	at android.app.ActivityThread.access$1800(ActivityThread.java:222)
01-17 21:16:00.962  1533  1533 D StrictMode: 	at android.app.ActivityThread$H.handleMessage(ActivityThread.java:1861)
01-17 21:16:00.962  1533  1533 D StrictMode: 	at android.os.Handler.dispatchMessage(Handler.java:102)
01-17 21:16:00.962  1533  1533 D StrictMode: 	at android.os.Looper.loop(Looper.java:158)
01-17 21:16:00.962  1533  1533 D StrictMode: 	at android.app.ActivityThread.main(ActivityThread.java:7229)
01-17 21:16:00.962  1533  1533 D StrictMode: 	at java.lang.reflect.Method.invoke(Native Method)
01-17 21:16:00.962  1533  1533 D StrictMode: 	at com.android.internal.os.ZygoteInit$MethodAndArgsCaller.run(ZygoteInit.java:1230)
01-17 21:16:00.962  1533  1533 D StrictMode: 	at com.android.internal.os.ZygoteInit.main(ZygoteInit.java:1120)
01-17 21:16:01.032  1533  1533 D InputMethodService: mBR.registerReceiver()
01-17 21:16:01.032  1533  1533 I ASK     : ****** AnySoftKeyboard v1.8.-1324 (-1324) service started.
01-17 21:16:01.032  1533  1533 I ASK     : ****** AnySoftKeyboard v1.8.-1324 (-1324) service started.
01-17 21:16:01.042  1533  1533 W ASK     : Could not find Animation_InputMethodFancy, using default animation
01-17 21:16:01.052  1533  1533 I ASK     : Custom volume un-checked.
01-17 21:16:01.062  1533  1533 D LogManager: This is LogManager before init
01-17 21:16:01.062  1533  1533 D LogManager: This is LogManager in init
01-17 21:16:01.072  1533  1533 D LogUploadtask: This is LogUplaodTask in registerTasks 1
01-17 21:16:01.072  1533  1533 D LogUploadtask: Upload interval minutes in registerTasks = 120
01-17 21:16:01.072  1533  1533 D LogUploadtask: The value of LOG_UPLOAD_INTERVAL_MINUTES IS: 120the value of boolean USE_AUTO_UPLOAD IS: true
01-17 21:16:01.072  1533  1533 D LogUploadTask: Registering repeating upload tasks. Runs every 120 minutes.
01-17 21:16:01.072  1533  1533 D LogUploadtask: This is LogUplaodTask in registerTasks 2
01-17 21:16:01.072  1533  1533 D LogUploadtask: This is LogUplaodTask in registerTasks 3
01-17 21:16:01.072  1533  1533 E Log     : In Buffer constructor
01-17 21:16:01.072  1533  1533 D Log     : This is LogManager 1
01-17 21:16:01.072  1533  1533 D Log     : This is LogManager 3
01-17 21:16:01.082  1533  1533 D Log     : 2 This is FileWriter 1 and file path is:/storage/emulated/0/Android/data/com.menny.android.anysoftkeyboard/files/buffered.log
01-17 21:16:01.082  1533  1533 D Log     : This is FileWriter 2
01-17 21:16:01.082  1533  1533 D Log     : This encryption is enabled? : true
01-17 21:16:01.082  1533  1533 D Log     : This is FileWriter 3
01-17 21:16:01.082  1533  1533 D Log     : This is FileWriter 1 and file path is:/storage/emulated/0/Android/data/com.menny.android.anysoftkeyboard/files/buffered.log
01-17 21:16:01.082  1533  1533 E Log     : In Buffer constructor
01-17 21:16:01.092  1533  1533 D TextEntryState: State = START
01-17 21:16:01.192 24942 25335 D lights  : button : 0 +
01-17 21:16:01.222 24834  1511 I NuPlayerRenderer: reachedAudioEOS (1)
01-17 21:16:01.222 24834  1511 V NuPlayer: reached audio EOS
01-17 21:16:01.222 24834  1511 V NuPlayer: msg : 2, ext1 : 0, ext2 : 0
01-17 21:16:01.222 24834  1511 D NuPlayerDriver: notifyListener_l(0xf140c300), (2, 0, 0)
01-17 21:16:01.222 24834  1511 V MediaPlayerService: [30] notify (0xecf72640, 2, 0, 0)
01-17 21:16:01.222 24834  1511 V GenericSource: pause
01-17 21:16:01.222 24834  1511 V GenericSource: [Flag] clear 0x1 -> mFlags = 0x8
01-17 21:16:01.222 25375 25394 V MediaPlayer: message received msg=2, ext1=0, ext2=0
01-17 21:16:01.222 24834  1514 I NuPlayerRenderer: onPause
01-17 21:16:01.222 24834  1514 I MediaClock: setPlaybackRate rate : 0.000000
01-17 21:16:01.222 24834  1514 V AudioSink: stop
01-17 21:16:01.222 25375 25394 V MediaPlayer: playback complete
01-17 21:16:01.222 25375 25394 V MediaPlayer: callback application
01-17 21:16:01.222 25375 25394 V MediaPlayer: back from callback
01-17 21:16:01.222 24942 26574 I MediaFocusControl:  AudioFocus  abandonAudioFocus() from android.media.AudioManager$daad7b6
01-17 21:16:01.222 24942 25515 D MotionRecognitionManager: @ member 0 =  
01-17 21:16:01.222 24942 25515 E MotionRecognitionService: setMotionCMD 301
01-17 21:16:01.222 24942 25515 E MotionRecognitionService: setMotionCMD 303
01-17 21:16:01.222 24942 25515 I Sensors : Gyro old sensor_state 278531, new sensor_state : 278529 en : 0
01-17 21:16:01.222 24942 25515 E MotionRecognitionService: disable_sensor 
01-17 21:16:01.222 24942 25515 E MotionRecognitionService: setMotionCMD 301
01-17 21:16:01.222 24942 25515 E MotionRecognitionService: setMotionCMD 303
01-17 21:16:01.222 24942 25515 E MotionRecognitionService: setMotionCMD 305
01-17 21:16:01.222 24942 25515 E MotionRecognitionService: setMotionCMD 309
01-17 21:16:01.222 24942 25515 D MotionEngine: [@@@SR Motion Engine @@@] finalize
01-17 21:16:01.222 24942 25515 I MotionRecognitionManager:   .unregisterListener : / listener count = 1->0,  
01-17 21:16:01.232 24942 25335 D lights  : button : 0 -
01-17 21:16:01.232 25375  1510 I MediaPlayer: sendBroadcast CONTEXT_AWARE_MUSIC_INFO - type(complete) - id(30)
01-17 21:16:01.232 24834 25309 V MediaPlayerService: Create new media retriever from pid 28211
01-17 21:16:01.232 24834 25134 I OggExtractor: ~OggExtractor ++
01-17 21:16:01.232 24834 25134 I OggExtractor: ~MyOggExtractor ++ 
01-17 21:16:01.232 24834 25134 I OggExtractor: ~MyOggExtractor --
01-17 21:16:01.232 24834 25134 I OggExtractor: ~OggExtractor --
01-17 21:16:01.282 24834 25062 I APM::AudioPolicyManager: stopOutput() output 2, stream 5, session 52
01-17 21:16:02.202 24942 25268 D InputReader: Input event(4): value=1 when=241935614887000
01-17 21:16:02.202 24942 25268 D InputReader: Input event(4): value=1 when=241935614887000
01-17 21:16:02.202 24942 25268 I InputReader: Touch event's action is 0x0 (deviceType=0) [pCnt=1, s=0.9397 ] when=241935614887000
01-17 21:16:02.202 24942 25268 D InputReader: lastThreadEndTime = 241933790754680, currentThreadStartTime = 241933790757971, diff = 0
01-17 21:16:02.202 24942 25267 I InputDispatcher: Delivering touch to (25375): action: 0x0, toolType: 1
01-17 21:16:02.202 25375 25375 D ViewRootImpl: ViewPostImeInputStage processPointer 0
01-17 21:16:02.202 25375 25375 D PhoneStatusBar: Touch: rawY=23.75 event=MotionEvent { action=ACTION_DOWN, actionButton=0, id[0]=0, x[0]=457.03125, y[0]=23.75, toolType[0]=TOOL_TYPE_FINGER, buttonState=0, metaState=0, flags=0x0, edgeFlags=0x0, pointerCount=1, historySize=0, eventTime=241935614, downTime=241935614, deviceId=4, source=0x1002 } mDisabled1=0 mDisabled2=0 mTracking=false
01-17 21:16:02.202 25375 25375 D PhoneStatusBar: Touch: rawY=23.75 event=MotionEvent { action=ACTION_DOWN, actionButton=0, id[0]=0, x[0]=457.03125, y[0]=23.75, toolType[0]=TOOL_TYPE_FINGER, buttonState=0, metaState=0, flags=0x0, edgeFlags=0x0, pointerCount=1, historySize=0, eventTime=241935614, downTime=241935614, deviceId=4, source=0x1002 } mDisabled1=0 mDisabled2=0 mTracking=false
01-17 21:16:02.212 30813 30813 I TrayVisibilityController: TrayStateVisibilityReceiver action :com.samsung.systemui.statusbar.ANIMATING
01-17 21:16:02.212 25375 25375 D PhoneStatusBar: Make expanded visible: expanded visible=false
01-17 21:16:02.212 25375 25375 D StatusBar-Window: fnf=true sanc=false, kni=true, sbf=true
01-17 21:16:02.212 25375 25375 D CoverUI : applyFocusableFlag() : Remove SAMSUNG_FLAG_SVIEW_COVER
01-17 21:16:02.212 25375 25375 D StatusBarWindowManager: forceCollapsed : false isKeyguardShowingAndNotOccluded() : false panelVisible : true keyguardFadingAway : false bouncerShowing : false headsUpShowing : false
01-17 21:16:02.212 25375 25375 D CoverUI : applyHeight h = -1, oc = false, fa = false, ac = false, sc = false
01-17 21:16:02.212 24942 26576 V Vibrator: Called cancel() API - PUID: 1000, PackageName: android
01-17 21:16:02.212 25375  1553 I MediaPlayer: sendBroadcast CONTEXT_AWARE_MUSIC_INFO - type(stop) - id(30)
01-17 21:16:02.212 25375  1553 V MediaPlayer-JNI: stop
01-17 21:16:02.212 25375  1553 V MediaPlayer: stop
01-17 21:16:02.222 24834 25510 V MediaPlayerService: [30] stop
01-17 21:16:02.222 24834 25510 D NuPlayerDriver: stop(0xf140c300)
01-17 21:16:02.222 24834 25510 D NuPlayerDriver: notifyListener_l(0xf140c300), (8, 0, 0)
01-17 21:16:02.222 24942 26576 D EdgeLight: Turning off
01-17 21:16:02.222 24834 25510 V MediaPlayerService: [30] notify (0xecf72640, 8, 0, 0)
01-17 21:16:02.222 25375  3725 V MediaPlayer: message received msg=8, ext1=0, ext2=0
01-17 21:16:02.222 25375  1553 V MediaPlayer-JNI: release
01-17 21:16:02.222 25375  1553 V MediaPlayer: setListener
01-17 21:16:02.222 25375  1553 V MediaPlayer: disconnect
01-17 21:16:02.222 26389 26957 D PeopleNotiListenerService: onEdgeNotificationRemoved() : pkg android,id=0,extra=Bundle[mParcelledData.dataSize=112]
01-17 21:16:02.222 24834 24834 V MediaPlayerService: disconnect(30) from pid 25375
01-17 21:16:02.222 24834 24834 D NuPlayerDriver: reset(0xf140c300)
01-17 21:16:02.222 24834  1511 V NuPlayer: kWhatReset
01-17 21:16:02.222 26389 26389 D PeopleNotiListenerService: removeEdgeNotification:Bundle[{samsung.notification.id=0, samsung.people.package_name=android, samsung.people.notification_type=led_indicator}]
01-17 21:16:02.222 24834  1511 V NuPlayer: performDecoderFlush audio=2, video=2
01-17 21:16:02.222 24834  1511 V NuPlayer: [audio] flushDecoder needShutdown=1
01-17 21:16:02.222 24834  1511 V NuPlayer: postponing action mFlushingAudio=2, mFlushingVideo=0
01-17 21:16:02.222 24834  1511 V NuPlayer: mResetInProgress=1, mVideoEOS =0, mAudioEOS =0
01-17 21:16:02.222 24834  1515 I NuPlayerRenderer: flush audio, notifyComplete 1
01-17 21:16:02.222 24834  1511 V NuPlayer: (mAudioDecoder != NULL) = true, (mVideoDecoder != NULL) = false
01-17 21:16:02.222 24834  1515 D NuPlayerRenderer: signalTimeDiscontinuity() mHasAudio = 1 , mHasVideo = 0
01-17 21:16:02.222 26389 26389 I PeopleStripeService: PeopleNotificationReceiver:3
01-17 21:16:02.222 24834  1514 I NuPlayerRenderer: flushing audio
01-17 21:16:02.222 24834  1514 I NuPlayerRenderer: onFlush mAudioDrainGeneration : 2
01-17 21:16:02.222 24834  1514 V AudioSink: flush
01-17 21:16:02.222 24834  1514 V AudioSink: stop
01-17 21:16:02.222 24834  1516 I ACodec  : [OMX.google.vorbis.decoder] signalFlush
01-17 21:16:02.222 26389 26389 I PeopleStripeService: sendEdgeNotification  peopleEnabled true lightingEnabled true edgeEnabled true
01-17 21:16:02.222 24834  1516 I ACodec  : [OMX.google.vorbis.decoder] ExecutingState flushing now (codec owns 0/4 input, 0/4 output).
01-17 21:16:02.222 26389 26389 I PeopleDataManager: removeNotification
01-17 21:16:02.222 24834  1511 V NuPlayer: renderer audio flush completed.
01-17 21:16:02.222 26389 26389 I NotificationParser: getNotiType:android,led_indicator
01-17 21:16:02.222 24834  1516 I ACodec  : [OMX.google.vorbis.decoder] Now Flushing
01-17 21:16:02.222 26389 26389 D PeopleDataManager: removeNotiInfo: id =0,packageName=android,isEdgeNotification=true,key=null,removeAll=false
01-17 21:16:02.222 24834  1516 I ACodec  : [OMX.google.vorbis.decoder] FlushingState onOMXEvent(0,1,0)
01-17 21:16:02.222 26389 26389 D PeopleDataManager: removeNotiInfo =null
01-17 21:16:02.222 24834  1516 I ACodec  : [OMX.google.vorbis.decoder] FlushingState onOMXEvent(0,1,1)
01-17 21:16:02.222 24834  1516 I ACodec  : [OMX.google.vorbis.decoder] Now Executing
01-17 21:16:02.222 24834  1511 V NuPlayer: decoder audio flush completed
01-17 21:16:02.222 24834  1511 V NuPlayer: initiating audio decoder shutdown
01-17 21:16:02.222 25375  3725 V MediaPlayer: notify(8, 0, 0) callback on disconnected mediaplayer
01-17 21:16:02.222 24834  1516 I ACodec  : [OMX.google.vorbis.decoder] Now Executing->Idle
01-17 21:16:02.222 24834  1516 I ACodec  : [OMX.google.vorbis.decoder] Now Idle->Loaded
01-17 21:16:02.222 24834  1516 I ACodec  : [OMX.google.vorbis.decoder] Now Loaded
01-17 21:16:02.222 24834  1516 I ACodec  :  [OMX.google.vorbis.decoder] Now uninitialized
01-17 21:16:02.222 24834  1516 I ACodec  :  [] Now kWhatShutdownCompleted event : 6916
01-17 21:16:02.222 24834  1516 I MediaCodec: Codec shutdown complete
01-17 21:16:02.222 24834  1515 I NuPlayerDecoder: onShutdown notifyComplete : Yes
01-17 21:16:02.222 24834  1511 V NuPlayer: audio shutdown completed
01-17 21:16:02.222 24834  1511 V NuPlayer: both audio and video are flushed now.
01-17 21:16:02.222 24834  1511 V NuPlayer: Reset was postponed execute processDeferredActions
01-17 21:16:02.222 24834  1511 V NuPlayer: performReset
01-17 21:16:02.222 24834  1511 V GenericSource: stop()
01-17 21:16:02.222 24834  1511 V GenericSource: PREPARE_CANCELLED set to true
01-17 21:16:02.222 24834  1511 V GenericSource: [Flag] set 0x40 -> mFlags = 0x48
01-17 21:16:02.222 24834  1511 V GenericSource: [Flag] clear 0x8 -> mFlags = 0x40
01-17 21:16:02.222 24834  1511 V GenericSource: stop() end
01-17 21:16:02.222 24834  1511 V GenericSource: ~GenericSource()
01-17 21:16:02.222 24834  1511 I OggExtractor: OggSource::stop() mExtractor ref count = 2
01-17 21:16:02.222 24834  1511 I OggExtractor: ~OggSource --
01-17 21:16:02.222 24834  1511 D NuPlayerDriver: notifyResetComplete(0xf140c300)
01-17 21:16:02.222 24834 24834 V NuPlayerDriver: ~NuPlayerDriver(0xf140c300)
01-17 21:16:02.222 24834 24834 I OggExtractor: ~OggExtractor ++
01-17 21:16:02.222 24834 24834 I OggExtractor: ~MyOggExtractor ++ 
01-17 21:16:02.222 24834 24834 I OggExtractor: ~MyOggExtractor --
01-17 21:16:02.222 24834 24834 I OggExtractor: ~OggExtractor --
01-17 21:16:02.222 25375  1553 V MediaPlayer: destructor
01-17 21:16:02.222 24834 25309 V MediaPlayerService: Client(30) destructor pid = 25375
01-17 21:16:02.222 24834 25309 V AudioSink: +++ close
01-17 21:16:02.222 25375  1553 V MediaPlayer: disconnect
01-17 21:16:02.222 24834 25309 V AudioSink: --- close
01-17 21:16:02.222 24834 25309 V MediaPlayerService: disconnect(30) from pid 25375
01-17 21:16:02.222 24834  9054 V MediaPlayerService: Create new media retriever from pid 28211
01-17 21:16:02.232 24834 25510 I OggExtractor: ~OggExtractor ++
01-17 21:16:02.232 24834 25510 I OggExtractor: ~MyOggExtractor ++ 
01-17 21:16:02.232 24834 25510 I OggExtractor: ~MyOggExtractor --
01-17 21:16:02.232 24834 25510 I OggExtractor: ~OggExtractor --
01-17 21:16:02.252  3006  4084 D libEGL  : eglTerminate EGLDisplay = 0x7f9fffee78
01-17 21:16:02.252  3006  4084 D libEGL  : eglTerminate EGLDisplay = 0x7f9fffee78
01-17 21:16:02.252 25375 25750 D mali_winsys: new_window_surface returns 0x3000,  [1440x2560]-format:1
01-17 21:16:02.252 25375 25375 D KeyguardEffectViewController: onLayoutChange() v: com.android.keyguard.effect.EffectBehindView{389d00b I.E...... ......ID 0,0-1440,2560 #7f0e0324 app:id/keyguard_effect_behind}, bottom : 2560, oldBottom : 96
01-17 21:16:02.252 25375 25375 D KeyguardEffectViewController: mShowing=false, mOccluded=false, mKeyguardFadingAway=false, match_parent=true
01-17 21:16:02.262 30813 30813 I TrayVisibilityController: handleMessage : msg.what = 1
01-17 21:16:02.262 30813 30813 I Utils   : isCurrentUser current = 0, ownerId = 0
01-17 21:16:02.262 30813 30813 I TrayVisibilityController: updateTrayVisible : State : 513 visible = 2 mCurrentVisible = 1
01-17 21:16:02.262 30813 30813 D TrayStateController: putInputRect mDynamicInputRegion=239930638@LastEvent=t=1484716554671Rect(8, 0 - 64, 588),Rect=Rect(0, 0 - 0, 0)
01-17 21:16:02.262 30813 30813 D TrayStateController: setUiState: 0 --> 2
01-17 21:16:02.262 26389 26389 D PeopleStripeManager: onVisibilityChanged : 2
01-17 21:16:02.262 26389 26389 D PeopleStripeVisibilityController: setHiddenEdgePanel enable=true
01-17 21:16:02.262 26389 26389 I PeopleStripeVisibilityController: updateStripeVisible : State 1025 visible = 2
01-17 21:16:02.262 26389 26389 I PeopleStripeManager: hideStripe
01-17 21:16:02.272 25375 25375 D StatusBar-Window: fnf=false sanc=false, kni=true, sbf=true
01-17 21:16:02.272 25375 25375 D CoverUI : applyFocusableFlag() : Remove SAMSUNG_FLAG_SVIEW_COVER
01-17 21:16:02.272 25375 25375 D StatusBarWindowManager: forceCollapsed : false isKeyguardShowingAndNotOccluded() : false panelVisible : true keyguardFadingAway : false bouncerShowing : false headsUpShowing : false
01-17 21:16:02.272 25375 25375 D CoverUI : applyHeight h = -1, oc = false, fa = false, ac = false, sc = false
01-17 21:16:02.272  3006  3053 D libEGL  : eglTerminate EGLDisplay = 0x7fa4abee78
01-17 21:16:02.272 24942 25268 D InputReader: Input event(4): value=0 when=241935688501000
01-17 21:16:02.272 24942 25268 D InputReader: Input event(4): value=0 when=241935688501000
01-17 21:16:02.272 24942 25268 I InputReader: Touch event's action is 0x1 (deviceType=0) [pCnt=1, s=] when=241935688501000
01-17 21:16:02.272 24942 25267 I InputDispatcher: Delivering touch to (25375): action: 0x1, toolType: 1
01-17 21:16:02.272  3006  4084 I SurfaceFlinger: id=4364 Removed DocktailBar (8/9)
01-17 21:16:02.272  3006  4322 I SurfaceFlinger: id=4364 Removed DocktailBar (-2/9)
01-17 21:16:02.282 30813 30813 D CocktailBarUiController: onCocktailBarStateChanged: flag=0x1 vis=2 bgType=0 showTimeout=-1 activate=true
01-17 21:16:02.292  3006  3006 D libEGL  : eglTerminate EGLDisplay = 0x7ff90986d8
01-17 21:16:02.292  3006  3006 D libEGL  : eglInitialize EGLDisplay = 0x7ff90985a8
01-17 21:16:02.292  3006  3006 D libEGL  : eglTerminate EGLDisplay = 0x7ff9098638
01-17 21:16:02.312 24942 26576 D InputDispatcher: Focus left window: 26521
01-17 21:16:02.312 24942 26576 D InputDispatcher: Focus entered window: 25375
01-17 21:16:02.312 25375 25375 D ViewRootImpl: ViewPostImeInputStage processPointer 1
01-17 21:16:02.312 24942 25017 D PointerIcon: setMouseIconStyle1 pointerType: 1001 iconType:101 flag:0 pid:24942 uid:1000
01-17 21:16:02.312 24942 25017 D PointerIcon: setMouseCustomIcon IconType is same.101
01-17 21:16:02.312 25375 25375 D PhoneStatusBar: Touch: rawY=616.875 event=MotionEvent { action=ACTION_UP, actionButton=0, id[0]=0, x[0]=380.03906, y[0]=616.875, toolType[0]=TOOL_TYPE_FINGER, buttonState=0, metaState=0, flags=0x0, edgeFlags=0x0, pointerCount=1, historySize=0, eventTime=241935688, downTime=241935614, deviceId=4, source=0x1002 } mDisabled1=0 mDisabled2=0 mTracking=false
01-17 21:16:02.342  3006  3006 D libEGL  : eglInitialize EGLDisplay = 0x7ff90985a8
01-17 21:16:02.352  3006  3006 D libEGL  : eglInitialize EGLDisplay = 0x7ff90985a8
01-17 21:16:02.522 25375 25375 D StatusBar.BrightnessController: setListening  = true
01-17 21:16:02.882 24942 25268 D InputReader: Input event(4): value=1 when=241936296687000
01-17 21:16:02.882 24942 25268 D InputReader: Input event(4): value=1 when=241936296687000
01-17 21:16:02.882 24942 25268 I InputReader: Touch event's action is 0x0 (deviceType=0) [pCnt=1, s=0.9398 ] when=241936296687000
01-17 21:16:02.882 24942 25268 D InputReader: lastThreadEndTime = 241935688714847, currentThreadStartTime = 241935688718722, diff = 0
01-17 21:16:02.882 24942 25267 I InputDispatcher: Delivering touch to (25375): action: 0x0, toolType: 1
01-17 21:16:02.882 25375 25375 D ViewRootImpl: ViewPostImeInputStage processPointer 0
01-17 21:16:02.882 24942 26557 D SecContentProvider: query(), uri = 17 selection = isStatusBarExpansionallowedAsUser
01-17 21:16:03.042 24942 25268 D InputReader: Input event(4): value=0 when=241936455577000
01-17 21:16:03.042 24942 25268 D InputReader: Input event(4): value=0 when=241936455577000
01-17 21:16:03.042 24942 25268 I InputReader: Touch event's action is 0x1 (deviceType=0) [pCnt=1, s=] when=241936455577000
01-17 21:16:03.042 24942 25267 I InputDispatcher: Delivering touch to (25375): action: 0x1, toolType: 1
01-17 21:16:03.042 25375 25375 D ViewRootImpl: ViewPostImeInputStage processPointer 1
01-17 21:16:03.062 25375 25375 D PhoneStatusBar: startActivityDismissingKeyguard Send intent for dismiss clipboard dialog inside phonestatusbar() !
01-17 21:16:03.062 25375 25476 D vol.VolumeDialogControl: onReceive ACTION_CLOSE_SYSTEM_DIALOGS
01-17 21:16:03.062 26389 26389 D PeopleStripeManager: requestCloseCircleViews()
01-17 21:16:03.062 26389 26389 I CircleImageSaveLayout: hideImageSaveLayout()
01-17 21:16:03.062 26389 26389 D CircleImageSaveLayout: releaseWakeLock()
01-17 21:16:03.062 26389 26389 D SweepImageListView: hide
01-17 21:16:03.062 26389 26389 D SweepImageListView: setAdapter mAdapter =null:18936568
01-17 21:16:03.062 26389 26389 I PeopleEdgeCommContainer: hideEffectView() 
01-17 21:16:03.062 26389 26389 I CirclePokingManager: stopParticleEffectView  mParticleEffectView-null
01-17 21:16:03.062 26389 26389 I PeopleDataManager: deleteMarkedCircleEvent : people = null
01-17 21:16:03.062 26389 26389 I PeopleEdgeCommContainer: setPeopleChannelShowStatus false
01-17 21:16:03.062 26389 26389 I PeopleStripeWindow: updateWindowParam : minimize=true,mLastMinimized=true,color0 blur true
01-17 21:16:03.072 26389 26389 D PeopleStripeVisibilityController: setEmoHistory enable=false
01-17 21:16:03.072 26389 26389 I PeopleStripeVisibilityController: updateStripeVisible : State 1025 visible = 2
01-17 21:16:03.072 26389 26389 I PeopleStripeManager: hideStripe
01-17 21:16:03.072 25375 25375 D PhoneStatusBar: animateCollapsePanels, state: 0, QSexpanded: false, QSdetailsShowing: false
01-17 21:16:03.072 25375 25375 D PhoneStatusBar: animateCollapse(): mExpandedVisible=true flags=2
01-17 21:16:03.072 25375 25375 D StatusBar-Window: fnf=true sanc=false, kni=true, sbf=false
01-17 21:16:03.072 25375 25375 D CoverUI : applyFocusableFlag() : Remove SAMSUNG_FLAG_SVIEW_COVER
01-17 21:16:03.072 26389 26389 I PeopleStripeWindow: updateWindowParam : minimize=true,mLastMinimized=true,color0 blur true
01-17 21:16:03.072 25375 25375 D StatusBarWindowManager: forceCollapsed : false isKeyguardShowingAndNotOccluded() : false panelVisible : true keyguardFadingAway : false bouncerShowing : false headsUpShowing : false
01-17 21:16:03.072 25375 25375 D CoverUI : applyHeight h = -1, oc = false, fa = false, ac = false, sc = false
01-17 21:16:03.092 26389 26389 D PeopleStripeVisibilityController: setEmoHistory enable=false
01-17 21:16:03.092 26389 26389 I PeopleStripeVisibilityController: updateStripeVisible : State 1025 visible = 2
01-17 21:16:03.092 26389 26389 I PeopleStripeManager: hideStripe
01-17 21:16:03.092 25375 25721 V PhoneStatusBar: start activity dismissing keyguard
01-17 21:16:03.122 24942 24954 D InputDispatcher: Focus left window: 25375
01-17 21:16:03.122 24942 24954 D InputDispatcher: Focus entered window: 26521
01-17 21:16:03.122 25375 25375 D vol.SecVolumeDialog: dismissH reason: 2
01-17 21:16:03.122 25375 25375 D vol.SecVolumeDialog: dismissH : false
01-17 21:16:03.122 25375 25375 D LocationTile: onReceive : android.intent.action.CLOSE_SYSTEM_DIALOGS
01-17 21:16:03.122 25375 25375 D MobileDataTile: action:android.intent.action.CLOSE_SYSTEM_DIALOGS
01-17 21:16:03.122 25375 25375 D AirplaneModeTile: onReceive : android.intent.action.CLOSE_SYSTEM_DIALOGS
01-17 21:16:03.122 25375 25375 D HotspotTile: onReceive : android.intent.action.CLOSE_SYSTEM_DIALOGS
01-17 21:16:03.122 25375 25375 D PhoneStatusBar: animateCollapsePanels, state: 0, QSexpanded: false, QSdetailsShowing: false
01-17 21:16:03.122 25375 25375 D PhoneStatusBar: animateCollapse(): mExpandedVisible=true flags=0
01-17 21:16:03.122 25375 25375 D StatusBar-Window: fnf=true sanc=false, kni=true, sbf=false
01-17 21:16:03.122 25375 25375 D CoverUI : applyFocusableFlag() : Remove SAMSUNG_FLAG_SVIEW_COVER
01-17 21:16:03.122 25375 25375 D StatusBarWindowManager: forceCollapsed : false isKeyguardShowingAndNotOccluded() : false panelVisible : true keyguardFadingAway : false bouncerShowing : false headsUpShowing : false
01-17 21:16:03.122 25375 25375 D CoverUI : applyHeight h = -1, oc = false, fa = false, ac = false, sc = false
01-17 21:16:03.122 24942 25017 D PointerIcon: setMouseIconStyle1 pointerType: 1001 iconType:101 flag:0 pid:24942 uid:1000
01-17 21:16:03.122 24942 25017 D PointerIcon: setMouseCustomIcon IconType is same.101
01-17 21:16:03.122 24942 25825 D InputMethodManagerService: windowGainedFocus mCurrentFocusedUserId - 0 and mSecureKeypadEnabled-false
01-17 21:16:03.122 26521 26521 D Launcher: onPause, Launcher: 182025636
01-17 21:16:03.122 26521 26521 D Launcher.HomeView: onPause
01-17 21:16:03.122 26521 26521 D Launcher.Workspace: exitWidgetResizeMode. isClearResizeFrame is false
01-17 21:16:03.122 24942 26574 D InputDispatcher: Focused application set to: xxxx
01-17 21:16:03.122 24942 26574 D InputDispatcher: Focus left window: 26521
01-17 21:16:03.142  1554  1554 E Zygote  : v2
01-17 21:16:03.142  1554  1554 I SELinux : Function: selinux_compare_spd_ram, index[1], SPD-policy is existed. and_ver=SEPF_SECMOBILE_6.0.1 ver=11
01-17 21:16:03.142  1554  1554 W SELinux : Function: selinux_compare_spd_ram, index[1], priority [2], priority version is VE=SEPF_SECMOBILE_6.0.1_0013
01-17 21:16:03.142  1554  1554 E Zygote  : accessInfo : 0
01-17 21:16:03.152 24942 25017 I InjectionManager: Inside getClassLibPath caller 
01-17 21:16:03.162  1554  1554 D TimaKeyStoreProvider: TimaSignature is unavailable
01-17 21:16:03.162  1554  1554 D ActivityThread: Added TimaKeyStore provider
01-17 21:16:03.182  1554  1554 I InjectionManager: Inside getClassLibPath + mLibMap{0=, 1=}
01-17 21:16:03.182  1554  1554 I InjectionManager: Inside getClassLibPath caller 
01-17 21:16:03.182 24942 25017 D ViewRootImpl: #1 mView = com.android.internal.policy.PhoneWindow$DecorView{cc72be8 V.E...... R.....ID 0,0-0,0}
01-17 21:16:03.182 24942 25017 D ISSUE_DEBUG: InputChannelName : ac6a8a6 Starting com.android.settings
01-17 21:16:03.192 24942 25017 D PointerIcon: setMouseIconStyle1 pointerType: 1001 iconType:101 flag:0 pid:24942 uid:1000
01-17 21:16:03.192 24942 25017 D PointerIcon: setMouseCustomIcon IconType is same.101
01-17 21:16:03.192  3006  3006 I SurfaceFlinger: id=4369 createSurf (1x1),1 flag=404, tettings
01-17 21:16:03.212 24942 25017 D ViewRootImpl: MSG_RESIZED_REPORT: ci=Rect(0, 96 - 0, 0) vi=Rect(0, 96 - 0, 0) or=1
01-17 21:16:03.222  1554  1554 W System  : ClassLoader referenced unknown path: /system/priv-app/SecSettings2/lib/arm64
01-17 21:16:03.232 24942 25017 V WindowStateAnimator: Finishing drawing window Window{ac6a8a6 u0 d0 Starting com.android.settings}: mDrawState=DRAW_PENDING
01-17 21:16:03.242  3006  3006 D libEGL  : eglInitialize EGLDisplay = 0x7ff90985a8
01-17 21:16:03.252  3006  3051 D libEGL  : eglTerminate EGLDisplay = 0x7fa4d00e78
01-17 21:16:03.252  3006  3051 D libEGL  : eglTerminate EGLDisplay = 0x7fa4d00e78
01-17 21:16:03.272  1554  1554 D SFinderConnectProvider: onCreate
01-17 21:16:03.382 26389 26389 I PeopleStripeManager: isExistVisibleHandler false
01-17 21:16:03.382 26389 26389 I PeopleStripeManager: hideStripe
01-17 21:16:03.392 26389 26389 I PeopleStripeManager: isExistVisibleHandler false
01-17 21:16:03.392 26389 26389 I PeopleStripeManager: hideStripe
01-17 21:16:03.502  1554  1554 I BNRClientProivder, VERSION : 1.7.5: register - xml6 quick_backup : ACCESSIBILITYSETTINGS, X6qErjsfs2, com.android.settings.accessibility.sharedaccessibility.scloud.BNRTask
01-17 21:16:03.502  1554  1554 I QBNRClientHelper: init SyncClientHelper : ACCESSIBILITYSETTINGS
01-17 21:16:03.502  1554  1554 I BNRClientProivder, VERSION : 1.7.5: register - xml6 quick_backup : CONNECTIONS, C0phMaUuZZ, com.android.settings.wifi.mobileap.WifiApBackupRestore
01-17 21:16:03.512  1554  1554 I QBNRClientHelper: init SyncClientHelper : CONNECTIONS
01-17 21:16:03.512  1554  1554 I BNRClientProivder, VERSION : 1.7.5: register - xml6 quick_backup : WiFi, C0phMaUuZZ, com.android.settings.wifi.WifiBackupRestore
01-17 21:16:03.512  1554  1554 I QBNRClientHelper: init SyncClientHelper : WiFi
01-17 21:16:03.532  1554  1554 D InjectionManager: InjectionManager
01-17 21:16:03.532  1554  1554 D InjectionManager: fillFeatureStoreMap com.android.settings
01-17 21:16:03.532  1554  1554 I InjectionManager: Constructor com.android.settings, Feature store :{}
01-17 21:16:03.532  1554  1554 I InjectionManager: featureStore :{}
01-17 21:16:03.572  1554  1554 D settings: onCreate()
01-17 21:16:03.582 25375 25375 D StatusBar-Window: fnf=true sanc=false, kni=true, sbf=false
01-17 21:16:03.582 25375 25375 D CoverUI : applyFocusableFlag() : Remove SAMSUNG_FLAG_SVIEW_COVER
01-17 21:16:03.582 25375 25375 D StatusBarWindowManager: forceCollapsed : false isKeyguardShowingAndNotOccluded() : false panelVisible : true keyguardFadingAway : false bouncerShowing : false headsUpShowing : false
01-17 21:16:03.582 25375 25375 D CoverUI : applyHeight h = -1, oc = false, fa = false, ac = false, sc = false
01-17 21:16:03.582 30813 30813 I TrayVisibilityController: TrayStateVisibilityReceiver action :com.samsung.systemui.statusbar.COLLAPSED
01-17 21:16:03.592  1554  1554 D isContainerOnlyMode: isContainerOnlyMode()
01-17 21:16:03.592  1554  1554 D isContainerOnlyMode: isContainerOnlyMode() false
01-17 21:16:03.592  1554  1554 D Index   : onCreate / initialFragmentName: null
01-17 21:16:03.602  1554  1554 D ScoverManager: serviceVersion : 17104896
01-17 21:16:03.612  3006  4084 I SurfaceFlinger: id=4368 Removed MauncherAct (2/9)
01-17 21:16:03.612  3006  4820 I SurfaceFlinger: id=4368 Removed MauncherAct (-2/9)
01-17 21:16:03.622 24942 24954 I Sensors : Acc old sensor_state 278529, new sensor_state : 278528 en : 0
01-17 21:16:03.622 26421 26421 D SensorManager: unregisterListener ::   
01-17 21:16:03.632 25375 25375 D StatusBar.BrightnessController: setListening  = false
01-17 21:16:03.632 25375 25375 D PhoneStatusBar: makeExpandedInvisible: mExpandedVisible=true, state = 0
01-17 21:16:03.632 25375 25375 D PanelView: updateQsState
01-17 21:16:03.632 25375 25375 D KeyguardSwipeHelper: reset()
01-17 21:16:03.632 25375 25375 D KeyguardUnlockEventHandler: reset()
01-17 21:16:03.632 25375 25375 D KeyguardSwipeHelper: resetChildViewVI()
01-17 21:16:03.632 25375 25375 D StatusBar-Window: fnf=true sanc=false, kni=true, sbf=false
01-17 21:16:03.632 25375 25375 D CoverUI : applyFocusableFlag() : Remove SAMSUNG_FLAG_SVIEW_COVER
01-17 21:16:03.632 25375 25375 D StatusBarWindowManager: forceCollapsed : false isKeyguardShowingAndNotOccluded() : false panelVisible : false keyguardFadingAway : false bouncerShowing : false headsUpShowing : false
01-17 21:16:03.632 25375 25375 D CoverUI : applyHeight h = 96, oc = false, fa = false, ac = false, sc = false
01-17 21:16:03.632 25375 25375 D StatusBar-Window: fnf=true sanc=false, kni=true, sbf=false
01-17 21:16:03.632 25375 25375 D CoverUI : applyFocusableFlag() : Remove SAMSUNG_FLAG_SVIEW_COVER
01-17 21:16:03.632 25375 25375 D StatusBarWindowManager: forceCollapsed : false isKeyguardShowingAndNotOccluded() : false panelVisible : false keyguardFadingAway : false bouncerShowing : false headsUpShowing : false
01-17 21:16:03.632 25375 25375 D CoverUI : applyHeight h = 96, oc = false, fa = false, ac = false, sc = false
01-17 21:16:03.632  3006  3006 D libEGL  : eglTerminate EGLDisplay = 0x7ff90986d8
01-17 21:16:03.632 30813 30813 I TrayVisibilityController: handleMessage : msg.what = 1
01-17 21:16:03.632 30813 30813 I Utils   : isCurrentUser current = 0, ownerId = 0
01-17 21:16:03.632 30813 30813 I TrayVisibilityController: getComputedTrayVisible : keyguardState = 1
01-17 21:16:03.632 30813 30813 I TrayVisibilityController: updateTrayVisible : State : 1 visible = 1 mCurrentVisible = 2
01-17 21:16:03.642 30813 30813 D TrayStateController: putInputRect mDynamicInputRegion=239930638@LastEvent=t=1484716554671Rect(8, 0 - 64, 588),Rect=Rect(0, 0 - 0, 0)
01-17 21:16:03.642 30813 30813 D TrayStateController: putInputRect mDynamicInputRegion=239930638@LastEvent=t=1484716554671Rect(8, 0 - 64, 588),Rect=Rect(8, 0 - 64, 588)
01-17 21:16:03.642 30813 30813 D TrayStateTrigger: getTriggerMaginOnTop retY=258 h=2560 t=258 trigger=292 getTriggerPosition=0
01-17 21:16:03.642 30813 30813 D TrayStateController: setUiState: 2 --> 0
01-17 21:16:03.642 26389 26389 D PeopleStripeManager: onVisibilityChanged : 1
01-17 21:16:03.642 26389 26389 D PeopleStripeVisibilityController: setHiddenEdgePanel enable=false
01-17 21:16:03.642 26389 26389 I PeopleStripeVisibilityController: getComputedTrayVisible : keyguardState = 1
01-17 21:16:03.642 26389 26389 I PeopleStripeVisibilityController: isVisibleByAlwaysOn : mState = 1
01-17 21:16:03.642 26389 26389 I PeopleStripeProcessMonitor: isPeopleStripeTask packageName = com.android.settings 0
01-17 21:16:03.642 26389 26389 I PeopleStripeVisibilityController: updateStripeVisible : State 1 visible = 1
01-17 21:16:03.642 26389 26389 I PeopleStripeManager: isExistVisibleHandler false
01-17 21:16:03.642 26389 26389 I PeopleStripeManager: showStripe Not exist noti handler.
01-17 21:16:03.642  3006  3051 D libEGL  : eglTerminate EGLDisplay = 0x7fa4d00e78
01-17 21:16:03.642 26421 26671 D libEGL  : eglTerminate EGLDisplay = 0xf396f4fc
01-17 21:16:03.642  1554  1554 W System.err: android.content.pm.PackageManager$NameNotFoundException: com.samsung.helphub
01-17 21:16:03.652  1554  1554 W System.err: 	at android.app.ApplicationPackageManager.getPackageInfo(ApplicationPackageManager.java:199)
01-17 21:16:03.652  1554  1554 W System.err: 	at com.android.settings.Utils.isSupportHelpMenu(Utils.java:3622)
01-17 21:16:03.652  1554  1554 W System.err: 	at com.android.settings.SettingsActivity.onCreate(SettingsActivity.java:1449)
01-17 21:16:03.652  1554  1554 W System.err: 	at android.app.Activity.performCreate(Activity.java:6876)
01-17 21:16:03.652  1554  1554 W System.err: 	at android.app.Instrumentation.callActivityOnCreate(Instrumentation.java:1135)
01-17 21:16:03.652  1554  1554 W System.err: 	at android.app.ActivityThread.performLaunchActivity(ActivityThread.java:3207)
01-17 21:16:03.652  1554  1554 W System.err: 	at android.app.ActivityThread.handleLaunchActivity(ActivityThread.java:3350)
01-17 21:16:03.652  1554  1554 W System.err: 	at android.app.ActivityThread.access$1100(ActivityThread.java:222)
01-17 21:16:03.652  1554  1554 W System.err: 	at android.app.ActivityThread$H.handleMessage(ActivityThread.java:1795)
01-17 21:16:03.652  1554  1554 W System.err: 	at android.os.Handler.dispatchMessage(Handler.java:102)
01-17 21:16:03.652  1554  1554 W System.err: 	at android.os.Looper.loop(Looper.java:158)
01-17 21:16:03.652  1554  1554 W System.err: 	at android.app.ActivityThread.main(ActivityThread.java:7229)
01-17 21:16:03.652  1554  1554 W System.err: 	at java.lang.reflect.Method.invoke(Native Method)
01-17 21:16:03.652  1554  1554 W System.err: 	at com.android.internal.os.ZygoteInit$MethodAndArgsCaller.run(ZygoteInit.java:1230)
01-17 21:16:03.652  1554  1554 W System.err: 	at com.android.internal.os.ZygoteInit.main(ZygoteInit.java:1120)
01-17 21:16:03.652  1554  1554 D SettingsActivity: onCreate took: 59 ms
01-17 21:16:03.652  1554  1554 D Activity: performCreate Call Injection manager
01-17 21:16:03.652  1554  1554 I InjectionManager: dispatchOnViewCreated > Target : com.android.settings.Settings isFragment :false
01-17 21:16:03.652  3006  3006 I SurfaceFlinger: id=4370 createSurf (64x588),1 flag=4, DocktailBar
01-17 21:16:03.652 30813 30867 D mali_winsys: new_window_surface returns 0x3000,  [64x588]-format:1
01-17 21:16:03.672 30813 30813 D CocktailBarUiController: onCocktailBarStateChanged: flag=0x1 vis=1 bgType=0 showTimeout=-1 activate=true
01-17 21:16:03.672  3006  3053 D libEGL  : eglTerminate EGLDisplay = 0x7fa4abee78
01-17 21:16:03.672  3006  3053 D libEGL  : eglTerminate EGLDisplay = 0x7fa4abee78
01-17 21:16:03.672 25375 25750 D mali_winsys: new_window_surface returns 0x3000,  [1440x96]-format:1
01-17 21:16:03.672 25375 25375 D KeyguardEffectViewController: onLayoutChange() v: com.android.keyguard.effect.EffectBehindView{389d00b I.E...... ......ID 0,0-1440,96 #7f0e0324 app:id/keyguard_effect_behind}, bottom : 96, oldBottom : 2560
01-17 21:16:03.672 25375 25375 D KeyguardEffectViewController: mShowing=false, mOccluded=false, mKeyguardFadingAway=false, match_parent=false
01-17 21:16:03.682  1554  1554 D SettingsActivity: onResume finished
01-17 21:16:03.682  1554  1554 E AccessibilityManager: assistantMenuUpdate invoking from manager:
01-17 21:16:03.682  3006  3006 D libEGL  : eglInitialize EGLDisplay = 0x7ff90985a8
01-17 21:16:03.682  3006  3006 D libEGL  : eglTerminate EGLDisplay = 0x7ff9098638
01-17 21:16:03.692 24942 26939 V WindowStateAnimator: Finishing drawing window Window{33fc0e2 u0 d0 com.samsung.android.app.cocktailbarservice/com.samsung.android.app.cocktailbarservice.CocktailBarService}: mDrawState=DRAW_PENDING
01-17 21:16:03.692 30040 30185 D BadgeProvider: query, [selection] : null
01-17 21:16:03.692  1554  1554 D SettingsActivity: Fota is disabled
01-17 21:16:03.702  3006  3006 D libEGL  : eglInitialize EGLDisplay = 0x7ff90985a8
01-17 21:16:03.702  3006  3006 D libEGL  : eglInitialize EGLDisplay = 0x7ff90985a8
01-17 21:16:03.702  1554  1554 D ViewRootImpl: #1 mView = com.android.internal.policy.PhoneWindow$DecorView{ca4f53b I.E...... R.....ID 0,0-0,0}
01-17 21:16:03.702  1554  1571 D OpenGLRenderer: Use EGL_SWAP_BEHAVIOR_PRESERVED: true
01-17 21:16:03.702 24942 26557 D ISSUE_DEBUG: InputChannelName : 8608756 com.android.settings/com.android.settings.Settings
01-17 21:16:03.702 24942 26939 D ActivityManager: post active user change for 0 fullscreen true isFloatingActivity() false isHomeActivity() false
01-17 21:16:03.702 24942 26939 D KnoxTimeoutHandler: postActiveUserChange [MsgParam] userId: 0 fullscreen is true showWhenlocked is false
01-17 21:16:03.702 24942 24942 D KnoxTimeoutHandler: handleActiveUserChange [MsgParam] userId: 0 fullscreen is true showWhenlocked is false
01-17 21:16:03.702 24942 24942 I KnoxTimeoutHandler: Shared devices show user statefalse
01-17 21:16:03.712  1554  1554 E View    : There is no ViewRootImpl.
01-17 21:16:03.722  1554  1554 I InjectionManager: dispatchPreferences > Target : com.android.settings.dashboard.DashboardSummary
01-17 21:16:03.722  1554  1554 I InjectionManager: dispatchOnViewCreated > Target : com.android.settings.dashboard.DashboardSummary isFragment :true
01-17 21:16:03.732  3006  3006 I SurfaceFlinger: id=4371 createSurf (1x1),1 flag=404, Tettings
01-17 21:16:03.742 30813 30813 D TrayStateTrigger: showTriggerView
01-17 21:16:03.762  3006  3006 D libEGL  : eglInitialize EGLDisplay = 0x7ff90985a8
01-17 21:16:03.762 24942 25515 D InputDispatcher: Focus entered window: 1554
01-17 21:16:03.762 24942 25017 D PointerIcon: setMouseIconStyle1 pointerType: 1001 iconType:101 flag:0 pid:24942 uid:1000
01-17 21:16:03.762 24942 25017 D PointerIcon: setMouseCustomIcon IconType is same.101
01-17 21:16:03.792  1554  1571 D libEGL  : loaded /vendor/lib64/egl/libGLES_mali.so
01-17 21:16:03.812  3006  3006 D libEGL  : eglInitialize EGLDisplay = 0x7ff90985a8
01-17 21:16:03.822  1554  1571 D libEGL  : eglInitialize EGLDisplay = 0x7fad11e178
01-17 21:16:03.822  1554  1571 I OpenGLRenderer: Initialized EGL, version 1.4
01-17 21:16:03.822  1554  1571 D         : ro.exynos.dss isEnabled: 0
01-17 21:16:03.832  1554  1571 D mali_winsys: new_window_surface returns 0x3000,  [1440x2560]-format:1
01-17 21:16:03.882  1554  1554 I InjectionManager: dispatchCreateOptionsMenu :com.android.settings.Settings
01-17 21:16:03.892  1554  1554 I InjectionManager: dispatchCreateOptionsMenu :com.android.settings.dashboard.DashboardSummary
01-17 21:16:03.892  1554  1554 I InjectionManager: dispatchPrepareOptionsMenu :com.android.settings.Settings
01-17 21:16:03.892  1554  1554 I InjectionManager: dispatchPrepareOptionsMenu :com.android.settings.dashboard.DashboardSummary
01-17 21:16:03.892  1554  1554 I InjectionManager: dispatchPrepareOptionsMenu :com.android.settings.Settings
01-17 21:16:03.892  1554  1554 I InjectionManager: dispatchPrepareOptionsMenu :com.android.settings.dashboard.DashboardSummary
01-17 21:16:03.892  1554  1554 W DisplayListCanvas: DisplayListCanvas is started on unbinded RenderNode (without mOwningView)
01-17 21:16:03.892  1554  1571 D libGLESv1: DTS_GLAPI : DTS is not allowed for Package : com.android.settings
01-17 21:16:03.932 24942 24955 V WindowStateAnimator: Finishing drawing window Window{8608756 u0 d0 com.android.settings/com.android.settings.Settings}: mDrawState=DRAW_PENDING
01-17 21:16:03.932 24942 25017 D KnoxTimeoutHandler: notifyActivityDrawn [MsgParam] userId: 0 fullscreen is true showWhenlocked is false
01-17 21:16:03.932 24942 24942 D KnoxTimeoutHandler: activityDrawn [MsgParam] userId: 0 fullscreen is true showWhenlocked is false
01-17 21:16:03.932 24942 25017 I ActivityManager: Displayed com.android.settings/.Settings: +801ms (total +39s756ms)
01-17 21:16:03.932 24942 25017 I Timeline: Timeline: Activity_windows_visible id: ActivityRecord{569c11e u0 com.android.settings/.Settings t1878} time:241937345
01-17 21:16:03.932 24942 25017 D ViewRootImpl: #3 mView = null
01-17 21:16:03.932  3006  3006 D libEGL  : eglInitialize EGLDisplay = 0x7ff90985a8
01-17 21:16:03.932 24942 24942 I KnoxTimeoutHandler: SD activityfalse
01-17 21:16:03.952  1554  1554 D SettingsActivity: loadCategoriesFromResource took: 17 ms
01-17 21:16:03.952  1554  1554 D isContainerOnlyMode: isContainerOnlyMode()
01-17 21:16:03.952  1554  1554 D isContainerOnlyMode: isContainerOnlyMode() false
01-17 21:16:03.952  1554  1554 D SettingsActivity: updateTilesList(): memoryInfo.totalMem =2810007552
01-17 21:16:03.952  1554  1554 D SettingsActivity: updateTilesList(): isMassProduct =false
01-17 21:16:03.972  1554  1554 D DashboardSummary: rebuildUI took: 47 ms
01-17 21:16:03.982  1554  1554 D SettingsActivity: loadCategoriesFromResource took: 6 ms
01-17 21:16:03.982  1554  1554 D isContainerOnlyMode: isContainerOnlyMode()
01-17 21:16:03.982  1554  1554 D isContainerOnlyMode: isContainerOnlyMode() false
01-17 21:16:03.982  1554  1554 D SettingsActivity: updateTilesList(): memoryInfo.totalMem =2810007552
01-17 21:16:03.982  1554  1554 D SettingsActivity: updateTilesList(): isMassProduct =false
01-17 21:16:03.982  1554  1554 D SettingsActivity: remove : com.android.settings.print.PrintSettingsFragment
01-17 21:16:03.982  1554  1554 D SettingsActivity: remove : com.android.settings.GlobalRoamingSettings
01-17 21:16:03.982  1554  1554 D SettingsActivity: remove : com.android.settings.TRoamingSettings
01-17 21:16:03.982  1554  1554 D SettingsActivity: remove : com.android.settings.nfc.NfcOsaifukeitaiSettings
01-17 21:16:03.982  1554  1554 D SettingsActivity: remove : null
01-17 21:16:03.992  1554  1554 D SettingsActivity: remove : com.android.settings.LteModeActivity
01-17 21:16:03.992  1554  1554 D SettingsActivity: remove : com.android.settings.WirelessSettings
01-17 21:16:03.992  1554  1554 D SettingsActivity: remove : null
01-17 21:16:04.002 24942 25289 D Tethering: NAP Supported and not Wifi Model
01-17 21:16:04.002 26508 27380 D TelephonyProvider: query: url=content://telephony/carriers, projectionIn=null, selection=numeric = '310260'selectionArgs=null, sort=null
01-17 21:16:04.012 26508 27380 D TelephonyProvider: query: match = 1
01-17 21:16:04.012 26508 27380 D TelephonyProvider: query: selection modified to numeric = '310260' and edited!=2 and edited!=3 and edited!=5 and edited!=6
01-17 21:16:04.022 24942 25289 W Settings: Setting tether_dun_required has moved from android.provider.Settings.System to android.provider.Settings.Global
01-17 21:16:04.032  1554  1554 D SettingsActivity: mTetheredData: -1
01-17 21:16:04.032  1554  1554 D SettingsActivity: remove : null
01-17 21:16:04.032  1554  1554 D SettingsActivity: remove : com.android.settings.DataSlotChoice
01-17 21:16:04.032  1554  1554 D CII     : Log Level [5]
01-17 21:16:04.032  1554  1554 E CII     : IMSUtility: isIMSServiceEnabled. VoLTE CSC feature disabled.
01-17 21:16:04.032  1554  1554 D SettingsActivity: remove : null
01-17 21:16:04.032  1554  1554 D SettingsActivity: remove : null
01-17 21:16:04.032  1554  1554 D SettingsActivity: remove : com.android.settings.applications.ManageDefaultApps
01-17 21:16:04.032  1554  1554 D SettingsActivity: remove : com.android.settings.applications.ManageApplications
01-17 21:16:04.032  1554  1554 D SettingsActivity: remove : com.android.settings.WirelessSettings
01-17 21:16:04.032  1554  1554 D SettingsActivity: remove : com.android.settings.users.UserSettings
01-17 21:16:04.032  1554  1554 D SettingsActivity: remove : com.android.settings.applications.ManageDefaultApps
01-17 21:16:04.032  1554  1554 D SettingsActivity: remove : com.android.settings.applications.ManageApplications
01-17 21:16:04.032  1554  1554 D SettingsActivity: remove : com.android.settings.ApplicationsSettings
01-17 21:16:04.032  1554  1554 D SettingsActivity: remove : null
01-17 21:16:04.032  1554  1554 D SettingsActivity: remove : com.android.settings.motion.MotionSettings2015
01-17 21:16:04.032  1554  1554 D SettingsActivity: remove : com.android.settings.spen.SPenSettingsMenu
01-17 21:16:04.032  1554  1554 D SettingsActivity: remove : null
01-17 21:16:04.032  1554  1554 D SettingsActivity: remove : com.android.settings.OneHandOperationSettings
01-17 21:16:04.032  1554  1554 D SettingsActivity: remove : null
01-17 21:16:04.032  1554  1554 D SettingsActivity: remove : com.android.settings.premiumwatch.PremiumWatchSettings
01-17 21:16:04.032  1554  1554 D SettingsActivity: remove : com.android.settings.applications.ManageApplications
01-17 21:16:04.032  1554  1554 D SettingsActivity: remove : com.android.settings.notification.ZenModeSettings
01-17 21:16:04.032  1554  1554 D SettingsActivity: remove : com.android.settings.notification.ZenModeDNDSettings
01-17 21:16:04.032  1554  1554 D SettingsActivity: remove : com.android.settings.notification.NotificationsSubSettings
01-17 21:16:04.032  1554  1554 D SettingsActivity: remove : com.android.settings.activekey.ActiveKeySettings
01-17 21:16:04.032  1554  1554 D SettingsActivity: remove : com.android.settings.BlockSettings
01-17 21:16:04.032  1554  1554 D SettingsActivity: remove : com.android.settings.personalpage.PersonalPageSettings
01-17 21:16:04.032  1554  1554 D SettingsActivity: remove : com.android.settings.location.LocationSettings
01-17 21:16:04.042  1554  1554 D SettingsActivity: remove : null
01-17 21:16:04.042  1554  1554 D SettingsActivity: remove : null
01-17 21:16:04.042  1554  1554 E Current launcher Package Name:: com.sec.android.app.launcher
01-17 21:16:04.042  1554  1554 D SettingsActivity: remove : null
01-17 21:16:04.042  1554  1554 D SettingsActivity: remove : null
01-17 21:16:04.042  1554  1554 D SettingsActivity: remove : com.android.settings.DomesticSettings
01-17 21:16:04.042  1554  1554 D SettingsActivity: remove : null
01-17 21:16:04.042  1554  1554 D SettingsActivity: remove : null
01-17 21:16:04.042  1554  1554 D SettingsActivity: remove : null
01-17 21:16:04.042  1554  1554 D SettingsActivity: remove : null
01-17 21:16:04.042  1554  1554 D SettingsActivity: remove : null
01-17 21:16:04.042  1554  1554 D SettingsActivity: remove : com.android.settings.SoftwareUpdateSettings
01-17 21:16:04.042  1554  1554 D SettingsActivity: remove : null
01-17 21:16:04.042  1554  1554 D SettingsActivity: remove : com.android.settings.DockSettings
01-17 21:16:04.052  1554  1554 D SettingsActivity: remove : com.android.settings.LocalePicker
01-17 21:16:04.122  3006  4084 I SurfaceFlinger: id=4369 Removed tettings (4/10)
01-17 21:16:04.122  3006  4322 I SurfaceFlinger: id=4369 Removed tettings (-2/10)
01-17 21:16:04.122 30040 30185 D BadgeProvider: query, [selection] : null
01-17 21:16:04.122  1554  1554 D DashboardSummary: rebuildUI took: 149 ms
01-17 21:16:04.122  1554  1554 D ViewRootImpl: MSG_RESIZED_REPORT: ci=Rect(0, 96 - 0, 0) vi=Rect(0, 96 - 0, 0) or=1
01-17 21:16:04.122 24942 25825 D InputMethodManagerService: windowGainedFocus mCurrentFocusedUserId - 0 and mSecureKeypadEnabled-false
