01-17 21:15:55.512  1475  1475 I InjectionManager: Constructor com.menny.android.anysoftkeyboard, Feature store :{}
01-17 21:15:55.512  1475  1475 I InjectionManager: featureStore :{}
01-17 21:15:55.512  1475  1475 D StrictMode: StrictMode policy violation; ~duration=17 ms: android.os.StrictMode$StrictModeDiskReadViolation: policy=1114143 violation=2
01-17 21:15:55.512  1475  1475 D StrictMode: 	at android.os.StrictMode$AndroidBlockGuardPolicy.onReadFromDisk(StrictMode.java:1263)
01-17 21:15:55.512  1475  1475 D StrictMode: 	at android.app.SharedPreferencesImpl.awaitLoadedLocked(SharedPreferencesImpl.java:203)
01-17 21:15:55.512  1475  1475 D StrictMode: 	at android.app.SharedPreferencesImpl.contains(SharedPreferencesImpl.java:270)
01-17 21:15:55.512  1475  1475 D StrictMode: 	at com.anysoftkeyboard.AskPrefsImpl.updateStatistics(AskPrefsImpl.java:131)
01-17 21:15:55.512  1475  1475 D StrictMode: 	at com.anysoftkeyboard.AskPrefsImpl.<init>(AskPrefsImpl.java:117)
01-17 21:15:55.512  1475  1475 D StrictMode: 	at com.menny.android.anysoftkeyboard.AnyApplication.onCreate(AnyApplication.java:72)
01-17 21:15:55.512  1475  1475 D StrictMode: 	at com.android.tools.fd.runtime.BootstrapApplication.onCreate(BootstrapApplication.java:370)
01-17 21:15:55.512  1475  1475 D StrictMode: 	at android.app.Instrumentation.callApplicationOnCreate(Instrumentation.java:1036)
01-17 21:15:55.512  1475  1475 D StrictMode: 	at android.app.ActivityThread.handleBindApplication(ActivityThread.java:6321)
01-17 21:15:55.512  1475  1475 D StrictMode: 	at android.app.ActivityThread.access$1800(ActivityThread.java:222)
01-17 21:15:55.512  1475  1475 D StrictMode: 	at android.app.ActivityThread$H.handleMessage(ActivityThread.java:1861)
01-17 21:15:55.512  1475  1475 D StrictMode: 	at android.os.Handler.dispatchMessage(Handler.java:102)
01-17 21:15:55.512  1475  1475 D StrictMode: 	at android.os.Looper.loop(Looper.java:158)
01-17 21:15:55.512  1475  1475 D StrictMode: 	at android.app.ActivityThread.main(ActivityThread.java:7229)
01-17 21:15:55.512  1475  1475 D StrictMode: 	at java.lang.reflect.Method.invoke(Native Method)
01-17 21:15:55.512  1475  1475 D StrictMode: 	at com.android.internal.os.ZygoteInit$MethodAndArgsCaller.run(ZygoteInit.java:1230)
01-17 21:15:55.512  1475  1475 D StrictMode: 	at com.android.internal.os.ZygoteInit.main(ZygoteInit.java:1120)
01-17 21:15:55.512  1475  1475 D StrictMode: StrictMode policy violation; ~duration=15 ms: android.os.StrictMode$StrictModeDiskReadViolation: policy=1114143 violation=2
01-17 21:15:55.512  1475  1475 D StrictMode: 	at android.os.StrictMode$AndroidBlockGuardPolicy.onReadFromDisk(StrictMode.java:1263)
01-17 21:15:55.512  1475  1475 D StrictMode: 	at libcore.io.BlockGuardOs.access(BlockGuardOs.java:67)
01-17 21:15:55.512  1475  1475 D StrictMode: 	at java.io.File.doAccess(File.java:281)
01-17 21:15:55.512  1475  1475 D StrictMode: 	at java.io.File.exists(File.java:362)
01-17 21:15:55.512  1475  1475 D StrictMode: 	at android.app.SharedPreferencesImpl.writeToFile(SharedPreferencesImpl.java:570)
01-17 21:15:55.512  1475  1475 D StrictMode: 	at android.app.SharedPreferencesImpl.access$800(SharedPreferencesImpl.java:52)
01-17 21:15:55.512  1475  1475 D StrictMode: 	at android.app.SharedPreferencesImpl$2.run(SharedPreferencesImpl.java:515)
01-17 21:15:55.512  1475  1475 D StrictMode: 	at android.app.SharedPreferencesImpl.enqueueDiskWrite(SharedPreferencesImpl.java:536)
01-17 21:15:55.512  1475  1475 D StrictMode: 	at android.app.SharedPreferencesImpl.access$100(SharedPreferencesImpl.java:52)
01-17 21:15:55.512  1475  1475 D StrictMode: 	at android.app.SharedPreferencesImpl$EditorImpl.commit(SharedPreferencesImpl.java:458)
01-17 21:15:55.512  1475  1475 D StrictMode: 	at com.anysoftkeyboard.AskPrefsImpl.upgradeSettingsValues(AskPrefsImpl.java:315)
01-17 21:15:55.512  1475  1475 D StrictMode: 	at com.anysoftkeyboard.AskPrefsImpl.<init>(AskPrefsImpl.java:120)
01-17 21:15:55.512  1475  1475 D StrictMode: 	at com.menny.android.anysoftkeyboard.AnyApplication.onCreate(AnyApplication.java:72)
01-17 21:15:55.512  1475  1475 D StrictMode: 	at com.android.tools.fd.runtime.BootstrapApplication.onCreate(BootstrapApplication.java:370)
01-17 21:15:55.512  1475  1475 D StrictMode: 	at android.app.Instrumentation.callApplicationOnCreate(Instrumentation.java:1036)
01-17 21:15:55.512  1475  1475 D StrictMode: 	at android.app.ActivityThread.handleBindApplication(ActivityThread.java:6321)
01-17 21:15:55.512  1475  1475 D StrictMode: 	at android.app.ActivityThread.access$1800(ActivityThread.java:222)
01-17 21:15:55.512  1475  1475 D StrictMode: 	at android.app.ActivityThread$H.handleMessage(ActivityThread.java:1861)
01-17 21:15:55.512  1475  1475 D StrictMode: 	at android.os.Handler.dispatchMessage(Handler.java:102)
01-17 21:15:55.512  1475  1475 D StrictMode: 	at android.os.Looper.loop(Looper.java:158)
01-17 21:15:55.512  1475  1475 D StrictMode: 	at android.app.ActivityThread.main(ActivityThread.java:7229)
01-17 21:15:55.512  1475  1475 D StrictMode: 	at java.lang.reflect.Method.invoke(Native Method)
01-17 21:15:55.512  1475  1475 D StrictMode: 	at com.android.internal.os.ZygoteInit$MethodAndArgsCaller.run(ZygoteInit.java:1230)
01-17 21:15:55.512  1475  1475 D StrictMode: 	at com.android.internal.os.ZygoteInit.main(ZygoteInit.java:1120)
01-17 21:15:55.512  1475  1475 D StrictMode: StrictMode policy violation; ~duration=15 ms: android.os.StrictMode$StrictModeDiskReadViolation: policy=1114143 violation=2
01-17 21:15:55.512  1475  1475 D StrictMode: 	at android.os.StrictMode$AndroidBlockGuardPolicy.onReadFromDisk(StrictMode.java:1263)
01-17 21:15:55.512  1475  1475 D StrictMode: 	at libcore.io.BlockGuardOs.access(BlockGuardOs.java:67)
01-17 21:15:55.512  1475  1475 D StrictMode: 	at java.io.File.doAccess(File.java:281)
01-17 21:15:55.512  1475  1475 D StrictMode: 	at java.io.File.exists(File.java:362)
01-17 21:15:55.512  1475  1475 D StrictMode: 	at android.app.SharedPreferencesImpl.writeToFile(SharedPreferencesImpl.java:570)
01-17 21:15:55.512  1475  1475 D StrictMode: 	at android.app.SharedPreferencesImpl.access$800(SharedPreferencesImpl.java:52)
01-17 21:15:55.512  1475  1475 D StrictMode: 	at android.app.SharedPreferencesImpl$2.run(SharedPreferencesImpl.java:515)
01-17 21:15:55.512  1475  1475 D StrictMode: 	at android.app.SharedPreferencesImpl.enqueueDiskWrite(SharedPreferencesImpl.java:536)
01-17 21:15:55.512  1475  1475 D StrictMode: 	at android.app.SharedPreferencesImpl.access$100(SharedPreferencesImpl.java:52)
01-17 21:15:55.512  1475  1475 D StrictMode: 	at android.app.SharedPreferencesImpl$EditorImpl.commit(SharedPreferencesImpl.java:458)
01-17 21:15:55.512  1475  1475 D StrictMode: 	at com.anysoftkeyboard.AskPrefsImpl.initializeComputedValues(AskPrefsImpl.java:206)
01-17 21:15:55.512  1475  1475 D StrictMode: 	at com.anysoftkeyboard.AskPrefsImpl.<init>(AskPrefsImpl.java:121)
01-17 21:15:55.512  1475  1475 D StrictMode: 	at com.menny.android.anysoftkeyboard.AnyApplication.onCreate(AnyApplication.java:72)
01-17 21:15:55.512  1475  1475 D StrictMode: 	at com.android.tools.fd.runtime.BootstrapApplication.onCreate(BootstrapApplication.java:370)
01-17 21:15:55.512  1475  1475 D StrictMode: 	at android.app.Instrumentation.callApplicationOnCreate(Instrumentation.java:1036)
01-17 21:15:55.512  1475  1475 D StrictMode: 	at android.app.ActivityThread.handleBindApplication(ActivityThread.java:6321)
01-17 21:15:55.512  1475  1475 D StrictMode: 	at android.app.ActivityThread.access$1800(ActivityThread.java:222)
01-17 21:15:55.512  1475  1475 D StrictMode: 	at android.app.ActivityThread$H.handleMessage(ActivityThread.java:1861)
01-17 21:15:55.512  1475  1475 D StrictMode: 	at android.os.Handler.dispatchMessage(Handler.java:102)
01-17 21:15:55.512  1475  1475 D StrictMode: 	at android.os.Looper.loop(Looper.java:158)
01-17 21:15:55.512  1475  1475 D StrictMode: 	at android.app.ActivityThread.main(ActivityThread.java:7229)
01-17 21:15:55.512  1475  1475 D StrictMode: 	at java.lang.reflect.Method.invoke(Native Method)
01-17 21:15:55.512  1475  1475 D StrictMode: 	at com.android.internal.os.ZygoteInit$MethodAndArgsCaller.run(ZygoteInit.java:1230)
01-17 21:15:55.512  1475  1475 D StrictMode: 	at com.android.internal.os.ZygoteInit.main(ZygoteInit.java:1120)
01-17 21:15:55.512  1475  1475 D StrictMode: StrictMode policy violation; ~duration=0 ms: android.os.StrictMode$StrictModeDiskReadViolation: policy=1114143 violation=2
01-17 21:15:55.512  1475  1475 D StrictMode: 	at android.os.StrictMode$AndroidBlockGuardPolicy.onReadFromDisk(StrictMode.java:1263)
01-17 21:15:55.512  1475  1475 D StrictMode: 	at libcore.io.BlockGuardOs.access(BlockGuardOs.java:67)
01-17 21:15:55.512  1475  1475 D StrictMode: 	at java.io.File.doAccess(File.java:281)
01-17 21:15:55.512  1475  1475 D StrictMode: 	at java.io.File.exists(File.java:362)
01-17 21:15:55.512  1475  1475 D StrictMode: 	at android.app.SharedPreferencesImpl.writeToFile(SharedPreferencesImpl.java:570)
01-17 21:15:55.512  1475  1475 D StrictMode: 	at android.app.SharedPreferencesImpl.access$800(SharedPreferencesImpl.java:52)
01-17 21:15:55.512  1475  1475 D StrictMode: 	at android.app.SharedPreferencesImpl$2.run(SharedPreferencesImpl.java:515)
01-17 21:15:55.512  1475  1475 D StrictMode: 	at android.app.SharedPreferencesImpl.enqueueDiskWrite(SharedPreferencesImpl.java:536)
01-17 21:15:55.512  1475  1475 D StrictMode: 	at android.app.SharedPreferencesImpl.access$100(SharedPreferencesImpl.java:52)
01-17 21:15:55.512  1475  1475 D StrictMode: 	at android.app.SharedPreferencesImpl$EditorImpl.commit(SharedPreferencesImpl.java:458)
01-17 21:15:55.512  1475  1475 D StrictMode: 	at com.anysoftkeyboard.ui.tutorials.TutorialsProvider.firstTestersTimeVersionLoaded(TutorialsProvider.java:69)
01-17 21:15:55.512  1475  1475 D StrictMode: 	at com.anysoftkeyboard.ui.tutorials.TutorialsProvider.showDragonsIfNeeded(TutorialsProvider.java:38)
01-17 21:15:55.512  1475  1475 D StrictMode: 	at com.menny.android.anysoftkeyboard.AnyApplication.onCreate(AnyApplication.java:83)
01-17 21:15:55.512  1475  1475 D StrictMode: 	at com.android.tools.fd.runtime.BootstrapApplication.onCreate(BootstrapApplication.java:370)
01-17 21:15:55.512  1475  1475 D StrictMode: 	at android.app.Instrumentation.callApplicationOnCreate(Instrumentation.java:1036)
01-17 21:15:55.512  1475  1475 D StrictMode: 	at android.app.ActivityThread.handleBindApplication(ActivityThread.java:6321)
01-17 21:15:55.512  1475  1475 D StrictMode: 	at android.app.ActivityThread.access$1800(ActivityThread.java:222)
01-17 21:15:55.512  1475  1475 D StrictMode: 	at android.app.ActivityThread$H.handleMessage(ActivityThread.java:1861)
01-17 21:15:55.512  1475  1475 D StrictMode: 	at android.os.Handler.dispatchMessage(Handler.java:102)
01-17 21:15:55.512  1475  1475 D StrictMode: 	at android.os.Looper.loop(Looper.java:158)
01-17 21:15:55.512  1475  1475 D StrictMode: 	at android.app.ActivityThread.main(ActivityThread.java:7229)
01-17 21:15:55.512  1475  1475 D StrictMode: 	at java.lang.reflect.Method.invoke(Native Method)
01-17 21:15:55.512  1475  1475 D StrictMode: 	at com.android.internal.os.ZygoteInit$MethodAndArgsCaller.run(ZygoteInit.java:1230)
01-17 21:15:55.512  1475  1475 D StrictMode: 	at com.android.internal.os.ZygoteInit.main(ZygoteInit.java:1120)
01-17 21:15:55.582  1475  1475 D InputMethodService: mBR.registerReceiver()
01-17 21:15:55.582  1475  1475 I ASK     : ****** AnySoftKeyboard v1.8.-1324 (-1324) service started.
01-17 21:15:55.592  1475  1475 I ASK     : ****** AnySoftKeyboard v1.8.-1324 (-1324) service started.
01-17 21:15:55.592  1475  1475 W ASK     : Could not find Animation_InputMethodFancy, using default animation
01-17 21:15:55.602  1475  1475 I ASK     : Custom volume un-checked.
01-17 21:15:55.612  1475  1475 D LogManager: This is LogManager before init
01-17 21:15:55.612  1475  1475 D LogManager: This is LogManager in init
01-17 21:15:55.612  1475  1475 D LogUploadtask: This is LogUplaodTask in registerTasks 1
01-17 21:15:55.612  1475  1475 D LogUploadtask: Upload interval minutes in registerTasks = 120
01-17 21:15:55.612  1475  1475 D LogUploadtask: The value of LOG_UPLOAD_INTERVAL_MINUTES IS: 120the value of boolean USE_AUTO_UPLOAD IS: true
01-17 21:15:55.612  1475  1475 D LogUploadTask: Registering repeating upload tasks. Runs every 120 minutes.
01-17 21:15:55.612  1475  1475 D LogUploadtask: This is LogUplaodTask in registerTasks 2
01-17 21:15:55.612  1475  1475 D LogUploadtask: This is LogUplaodTask in registerTasks 3
01-17 21:15:55.622  1475  1475 E Log     : In Buffer constructor
01-17 21:15:55.622  1475  1475 D Log     : This is LogManager 1
01-17 21:15:55.622  1475  1475 D Log     : This is LogManager 3
01-17 21:15:55.622  3006  3006 D libEGL  : eglInitialize EGLDisplay = 0x7ff90985a8
01-17 21:15:55.622  3006  3053 I SurfaceFlinger: id=4363 Removed MauncherAct (2/10)
01-17 21:15:55.622  3006  4084 I SurfaceFlinger: id=4363 Removed MauncherAct (-2/10)
01-17 21:15:55.622  1475  1475 D Log     : 2 This is FileWriter 1 and file path is:/storage/emulated/0/Android/data/com.menny.android.anysoftkeyboard/files/buffered.log
01-17 21:15:55.622  1475  1475 D Log     : This is FileWriter 2
01-17 21:15:55.622  1475  1475 D Log     : This encryption is enabled? : true
01-17 21:15:55.632  1475  1475 D Log     : This is FileWriter 3
01-17 21:15:55.632  1475  1475 D Log     : This is FileWriter 1 and file path is:/storage/emulated/0/Android/data/com.menny.android.anysoftkeyboard/files/buffered.log
01-17 21:15:55.632  1475  1475 E Log     : In Buffer constructor
01-17 21:15:55.642  3006  3006 D libEGL  : eglTerminate EGLDisplay = 0x7ff90986d8
01-17 21:15:55.642  1475  1475 D TextEntryState: State = START
01-17 21:15:55.692 24942 25017 I Timeline: Timeline: Activity_windows_visible id: ActivityRecord{4e75476 u0 com.android.systemui/.recents.SeparatedRecentsActivity t1866} time:241929103
01-17 21:15:55.692 24942 25017 D KnoxTimeoutHandler: notifyActivityDrawn [MsgParam] userId: 0 fullscreen is true showWhenlocked is false
01-17 21:15:55.692 24942 24942 D KnoxTimeoutHandler: activityDrawn [MsgParam] userId: 0 fullscreen is true showWhenlocked is false
01-17 21:15:55.692 24942 24942 I KnoxTimeoutHandler: SD activityfalse
01-17 21:15:55.792 24942 25035 D PackageManager: [MSG] MCS_UNBIND
01-17 21:15:56.322 24942 25268 D InputReader: Input event(4): value=1 when=241929738096000
01-17 21:15:56.322 24942 25268 D InputReader: Input event(4): value=1 when=241929738096000
01-17 21:15:56.322 24942 25268 I InputReader: Touch event's action is 0x0 (deviceType=0) [pCnt=1, s=0.9395 ] when=241929738096000
01-17 21:15:56.322 24942 25268 D InputReader: lastThreadEndTime = 241928521948719, currentThreadStartTime = 241928521953760, diff = 0
01-17 21:15:56.322 24942 25267 I InputDispatcher: Delivering touch to (25460): action: 0x0, toolType: 1
01-17 21:15:56.322 24942 25267 I InputDispatcher: Delivering touch to (26421): action: 0x0, toolType: 1
01-17 21:15:56.332 25460 25460 D ViewRootImpl: ViewPostImeInputStage processPointer 0
01-17 21:15:56.432 24942 25268 D InputReader: Input event(4): value=0 when=241929844803000
01-17 21:15:56.432 24942 25268 D InputReader: Input event(4): value=0 when=241929844803000
01-17 21:15:56.432 24942 25268 I InputReader: Touch event's action is 0x1 (deviceType=0) [pCnt=1, s=] when=241929844803000
01-17 21:15:56.432 24942 25267 I InputDispatcher: Delivering touch to (25460): action: 0x1, toolType: 1
01-17 21:15:56.432 24942 25267 I InputDispatcher: Delivering touch to (26421): action: 0x1, toolType: 1
01-17 21:15:56.432 25460 25460 D ViewRootImpl: ViewPostImeInputStage processPointer 1
01-17 21:15:56.442 24942 25335 D lights  : button : 0 +
01-17 21:15:56.482 24942 25335 D lights  : button : 0 -
01-17 21:15:56.872 24942 24955 D PackageManager: getComponentMetadataForIconTray : com.facebook.messenger.neue.MainActivity does not exist in mServices
01-17 21:15:56.872 24942 24955 D PackageManager: getComponentMetadataForIconTray : com.facebook.messenger.neue.MainActivity does not exist in mProviders
01-17 21:15:56.872 24942 24955 D PackageManager: getComponentMetadataForIconTray : com.facebook.messenger.neue.MainActivity does not exist in mReceivers
01-17 21:15:56.882 25460 25482 I ApplicationPackageManager: load=com.facebook.orca, bg=192-192, dr=192-192
01-17 21:15:56.882 25460 25482 I ApplicationPackageManager: scaled rate=1.0139326, size=192, alpha=7, hold=26, target=192
01-17 21:15:56.952 24942 26547 D PackageManager: getComponentMetadataForIconTray : br.eti.fml.satoshi.activity.Preferences does not exist in mServices
01-17 21:15:56.952 24942 26547 D PackageManager: getComponentMetadataForIconTray : br.eti.fml.satoshi.activity.Preferences does not exist in mProviders
01-17 21:15:56.952 24942 26547 D PackageManager: getComponentMetadataForIconTray : br.eti.fml.satoshi.activity.Preferences does not exist in mReceivers
01-17 21:15:56.962 25460 25482 I ApplicationPackageManager: load=br.eti.fml.satoshi, bg=192-192, dr=192-192
01-17 21:15:56.962 25460 25482 I ApplicationPackageManager: scaled rate=0.98086953, size=192, alpha=4, hold=26, target=192
01-17 21:15:57.092 24942 26574 D PackageManager: getComponentMetadataForIconTray : gwicks.com.ebayproject.MainActivity does not exist in mServices
01-17 21:15:57.092 24942 26574 D PackageManager: getComponentMetadataForIconTray : gwicks.com.ebayproject.MainActivity does not exist in mProviders
01-17 21:15:57.092 24942 26574 D PackageManager: getComponentMetadataForIconTray : gwicks.com.ebayproject.MainActivity does not exist in mReceivers
01-17 21:15:57.092 25460 25482 I ApplicationPackageManager: load=gwicks.com.ebayproject, bg=192-192, dr=192-192
01-17 21:15:57.092 25460 25482 I ApplicationPackageManager: scaled rate=1.0429629, size=192, alpha=15, hold=26, target=192
01-17 21:15:57.842 25789 25851 D ContactsProvider_EventLog: contents_sample_state: [contacts(274) raw_contacts(386) raw_contacts deleted(0) data(2174) accounts({vnd.sec.contact.sim=3, org.thoughtcrime.securesms=4, com.google=173, com.whatsapp=66, com.skype.contacts.sync=32, vnd.sec.contact.phone=108}) accounts deleted({}) ]
01-17 21:15:57.902 24942 25268 D InputReader: Input event(4): value=1 when=241931313987000
01-17 21:15:57.902 24942 25268 D InputReader: Input event(4): value=1 when=241931313987000
01-17 21:15:57.902 24942 25268 I InputReader: Touch event's action is 0x0 (deviceType=0) [pCnt=1, s=0.9396 ] when=241931313987000
01-17 21:15:57.902 24942 25268 D InputReader: lastThreadEndTime = 241929845068136, currentThreadStartTime = 241929845075386, diff = 0
01-17 21:15:57.902 24942 25267 I InputDispatcher: Delivering touch to (25460): action: 0x0, toolType: 1
01-17 21:15:57.902 24942 25267 I InputDispatcher: Delivering touch to (26421): action: 0x0, toolType: 1
01-17 21:15:57.902 25460 25460 D ViewRootImpl: ViewPostImeInputStage processPointer 0
01-17 21:15:58.022 24942 25268 D InputReader: Input event(4): value=0 when=241931431129000
01-17 21:15:58.022 24942 25268 D InputReader: Input event(4): value=0 when=241931431129000
01-17 21:15:58.022 24942 25268 I InputReader: Touch event's action is 0x1 (deviceType=0) [pCnt=1, s=] when=241931431129000
01-17 21:15:58.022 24942 25267 I InputDispatcher: Delivering touch to (25460): action: 0x1, toolType: 1
01-17 21:15:58.022 24942 25267 I InputDispatcher: Delivering touch to (26421): action: 0x1, toolType: 1
01-17 21:15:58.022 25460 25460 D ViewRootImpl: ViewPostImeInputStage processPointer 1
01-17 21:15:58.722 24942 25255 D InputDispatcher: Focused application set to: xxxx
01-17 21:15:58.722 24942 25255 D InputDispatcher: Focus left window: 25460
01-17 21:15:58.732 24942 25017 D ViewRootImpl: #1 mView = com.android.internal.policy.PhoneWindow$DecorView{df8150d V.E...... R.....ID 0,0-0,0}
01-17 21:15:58.732 24942 25017 D ISSUE_DEBUG: InputChannelName : 7808ad3 Starting com.menny.android.anysoftkeyboard
01-17 21:15:58.732 25460 25460 D ScoverManager: unregisterListener
01-17 21:15:58.732 24942 25825 D CoverManagerWhiteLists: isAllowedToUse : SIGNATURE_MATCH
01-17 21:15:58.732 24942 25760 D CoverManagerWhiteLists: isAllowedToUse : SIGNATURE_MATCH
01-17 21:15:58.732 24942 25760 D CoverManager.StateNotifier: unregisterCallback : binder = android.os.BinderProxy@f9455ae, pid : 25460, uid : 10061
01-17 21:15:58.732 24942 25017 D PointerIcon: setMouseIconStyle1 pointerType: 1001 iconType:101 flag:0 pid:24942 uid:1000
01-17 21:15:58.732 24942 25017 D PointerIcon: setMouseCustomIcon IconType is same.101
01-17 21:15:58.732 24942 25515 D ApplicationPolicy: isStatusBarNotificationAllowedAsUser: packageName = com.menny.android.anysoftkeyboard,userId = 0
01-17 21:15:58.752  3006  3006 I SurfaceFlinger: id=4366 createSurf (1440x2560),1 flag=404, bnysoftkeyb
01-17 21:15:58.752 24942 24942 E MotionRecognitionService: enable_sensor 
01-17 21:15:58.752 24942 24942 D MotionEngine: [MotionEngine]->Build Binary Type(user):0
01-17 21:15:58.752 24942 24942 D MotionEngine: [@@@ Motion Engine @@@] InitializeMotionManager ALL, DPS setting 1
01-17 21:15:58.752 24942 24942 D MREngine: [@@@@@SR Motion Engine @@@] CRM Initialize!!!!!
01-17 21:15:58.752 24942 24942 D MotionEngine: [@@@SR Motion Engine @@@] init
01-17 21:15:58.752 26421 26421 D WallpaperService: MSG_WINDOW_RESIZED
01-17 21:15:58.752 24942 24942 E MotionRecognitionService: setMotionCMD 300
01-17 21:15:58.752 24942 25017 D ViewRootImpl: MSG_RESIZED_REPORT: ci=Rect(0, 96 - 0, 0) vi=Rect(0, 96 - 0, 0) or=1
01-17 21:15:58.752 25375  1510 V MediaPlayer-JNI: native_setup
01-17 21:15:58.752 25375  1510 V MediaPlayer: constructor
01-17 21:15:58.752 25375  1510 V MediaPlayer: setListener
01-17 21:15:58.752 25375  1510 V MediaPlayer-JNI: setParameter: key 1400
01-17 21:15:58.752 25375  1510 V MediaPlayer: MediaPlayer::setParameter(1400)
01-17 21:15:58.752 25375  1510 V MediaPlayer-JNI: setAudioStreamType: 5
01-17 21:15:58.752 25375  1510 V MediaPlayer: MediaPlayer::setAudioStreamType
01-17 21:15:58.752 25375  1510 D RingtoneManager: getActualDefaultRingtoneUri  type    :2
01-17 21:15:58.752 25375  1510 D RingtoneManager: checkDefaultRingtoneProperUri : InternalMediaAudio uriString not null type:2
01-17 21:15:58.752 26421 26421 V WallpaperService: Wallpaper size has changed: (1440, 2560
01-17 21:15:58.762 24942 24942 E MotionRecognitionService: setMotionCMD 302
01-17 21:15:58.762 24942 24942 I Sensors : Gyro old sensor_state 278529, new sensor_state : 278531 en : 1
01-17 21:15:58.762 27417  6662 D VolumeInfo: VolumeInfo from Parcel: id private ,type 1 ,disk null
01-17 21:15:58.762 27417  6662 D VolumeInfo: VolumeInfo from Parcel: id emulated ,type 2 ,disk null
01-17 21:15:58.762 27417  6662 D VolumeInfo: VolumeInfo from Parcel: id privatemode ,type 0 ,disk null
01-17 21:15:58.762 25375  1510 V MediaPlayer-JNI: setDataSourceFD: fd 83
01-17 21:15:58.762 25375  1510 V MediaPlayer: setDataSource(83, 0, 576460752303423487)
01-17 21:15:58.762 24834 25309 V MediaPlayerService: Create new client(30) from pid 25375, uid 10061, 
01-17 21:15:58.762 24834 25134 V MediaPlayerService: setDataSource fd=28, offset=0, length=576460752303423487
01-17 21:15:58.762 24834 25134 V MediaPlayerService: st_dev  = 65024
01-17 21:15:58.762 24834 25134 V MediaPlayerService: st_mode = 33188
01-17 21:15:58.762 24834 25134 V MediaPlayerService: st_uid  = 0
01-17 21:15:58.762 24834 25134 V MediaPlayerService: st_gid  = 0
01-17 21:15:58.762 24834 25134 V MediaPlayerService: st_size = 42134
01-17 21:15:58.772 24834 25134 V MediaPlayerService: calculated length = 42134
01-17 21:15:58.772 24834 25134 V MediaPlayerService: player type = 4
01-17 21:15:58.772 24834 25134 V NuPlayerDriver: NuPlayerDriver(0xf140c300)
01-17 21:15:58.772 24834 25134 V AudioSink: AudioOutput(52)
01-17 21:15:58.772 24834 25134 V NuPlayerDriver: setDataSource(0xf140c300) file(28)
01-17 21:15:58.772 24834  1511 V NuPlayer: kWhatSetAudioSink
01-17 21:15:58.772 24834 25134 V GenericSource: setDefault
01-17 21:15:58.772 24834  1511 V NuPlayer: kWhatSetDataSource
01-17 21:15:58.772 24834 26741 V MediaPlayerService: [30] getParameter(31700)
01-17 21:15:58.772 25375  1510 V MediaPlayer-JNI: setLooping: 0
01-17 21:15:58.772 25375  1510 V MediaPlayer: MediaPlayer::setLooping
01-17 21:15:58.772 24834  9054 V MediaPlayerService: [30] setLooping(0)
01-17 21:15:58.772 25375  1510 V MediaPlayer: setVideoSurfaceTexture
01-17 21:15:58.772 24834 24834 V MediaPlayerService: [30] setVideoSurfaceTexture(0x0)
01-17 21:15:58.772 25375  1510 V MediaPlayer: prepare
01-17 21:15:58.772 24834 25510 V MediaPlayerService: [30] setParameter(1400)
01-17 21:15:58.772 24834 25510 V MediaPlayerService: setAudioAttributes_l() usage=5 content=4 flags=0x0 tags=
01-17 21:15:58.772 24834 25511 V MediaPlayerService: [30] prepareAsync
01-17 21:15:58.772 24834 25511 V NuPlayerDriver: prepareAsync(0xf140c300)
01-17 21:15:58.772 24834  1511 V GenericSource: [Flag] set 0x8 -> mFlags = 0x8
01-17 21:15:58.772 24834  1512 V GenericSource: onPrepareAsync
01-17 21:15:58.772 24834  1512 I OggExtractor: OggSource::OggSource() mExtractor ref count = 4
01-17 21:15:58.772 24834  1512 I AnotherPacketSource: setFormat() audio
01-17 21:15:58.772 24834  1512 V GenericSource: setDefault
01-17 21:15:58.772 24834  1512 I GenericSource: NuPlayer Ormode enabled
01-17 21:15:58.772 24834  1512 V GenericSource: send mUnsupportedAudio = 0 mUnsupportedVideo = 0 mHaveAudio = 1 mHaveVideo = 0
01-17 21:15:58.772 24834  1512 V GenericSource: onPrepareAsyncEvent() done
01-17 21:15:58.772 24834  1511 V NuPlayer: prepare posted successfully.
01-17 21:15:58.772 24834  1511 V NuPlayer: mUnsupportedAudio = 0, mUnsupportedVideo = 0, mHaveAudioTrack = 1, mHaveVideoTrack = 0
01-17 21:15:58.772 24834  1511 V NuPlayer: msg : 200, ext1 : 10973, ext2 : 0
01-17 21:15:58.772 24834  1511 D NuPlayerDriver: notifyListener_l(0xf140c300), (200, 10973, 0)
01-17 21:15:58.772 24834  1511 V MediaPlayerService: [30] notify (0xecf72640, 200, 10973, 0)
01-17 21:15:58.772 24834  1511 V NuPlayer: extractMetadata Tracks : 1
01-17 21:15:58.772 24834  1511 V NuPlayer: enableInbandTextFromExtr
01-17 21:15:58.772 24834  1511 D NuPlayerDriver: notifyListener_l(0xf140c300), (1, 0, 0)
01-17 21:15:58.772 24834  1511 V MediaPlayerService: [30] notify (0xecf72640, 1, 0, 0)
01-17 21:15:58.772 25375 25394 V MediaPlayer: message received msg=200, ext1=10973, ext2=0
01-17 21:15:58.772 25375 25394 W MediaPlayer: info/warning (10973, 0)
01-17 21:15:58.772 25375 25394 V MediaPlayer: callback application
01-17 21:15:58.772 25375 25394 V MediaPlayer: back from callback
01-17 21:15:58.772 25375 25394 V MediaPlayer: message received msg=1, ext1=0, ext2=0
01-17 21:15:58.782 25375 25394 V MediaPlayer: prepared
01-17 21:15:58.782 25375 25394 V MediaPlayer: signal application thread
01-17 21:15:58.782 25375 25394 V MediaPlayer: callback application
01-17 21:15:58.782 25375  1510 V MediaPlayer: prepare complete - status=0
01-17 21:15:58.782 25375 25394 V MediaPlayer: back from callback
01-17 21:15:58.782 25375  1510 D MediaPlayer: setSubtitleAnchor in MediaPlayer
01-17 21:15:58.782 25375  1510 V MediaPlayer: invoke 68
01-17 21:15:58.782 24834 25309 I MediaPlayerService: Client::invoke requestID=1
01-17 21:15:58.782 24834 25309 V NuPlayer: getTrackInfo
01-17 21:15:58.782 24942 24942 V MotionRecognitionManager:   .registerListenerEvent : success. listener count = 0->1, motion_events=1,  
01-17 21:15:58.782 24942 25017 V WindowStateAnimator: Finishing drawing window Window{7808ad3 u0 d0 Starting com.menny.android.anysoftkeyboard}: mDrawState=DRAW_PENDING
01-17 21:15:58.782 24942 25237 E Sensors : Sensor : Meta event
01-17 21:15:58.782 24942 25421 I MediaFocusControl:  AudioFocus  requestAudioFocus() from android.media.AudioManager$daad7b6 req=3flags=0x0
01-17 21:15:58.792 25375  1510 V MediaPlayer-JNI: start
01-17 21:15:58.792 25375  1510 V MediaPlayer: start
01-17 21:15:58.792 26362 26373 D CatchNotificationsService: onNotificationPosted
01-17 21:15:58.792 24834  9054 V MediaPlayerService: [30] setLooping(0)
01-17 21:15:58.792 24834 24834 V MediaPlayerService: [30] setVolume(1.000000, 1.000000)
01-17 21:15:58.792 24834 24834 V AudioSink: setVolume(1.000000, 1.000000)
01-17 21:15:58.792 24834 25510 V MediaPlayerService: [30] setAuxEffectSendLevel(0.000000)
01-17 21:15:58.792 24834 25510 V AudioSink: setAuxEffectSendLevel(0.000000)
01-17 21:15:58.792 24834 25511 V MediaPlayerService: [30] start
01-17 21:15:58.792 24834 25511 V MediaPlayerService: [30] start() ContextAware send information
01-17 21:15:58.792 25375 25403 V MediaPlayer: message received msg=300, ext1=0, ext2=0
01-17 21:15:58.792 24834 25511 E MediaPlayerService: WFD client is not created 
01-17 21:15:58.792 24834 25511 V MediaPlayerService: getClientDuration
01-17 21:15:58.792 24834 25511 V MediaPlayerService: getDuration
01-17 21:15:58.792 24834 25511 V MediaPlayerService: [30] getDuration = 2321
01-17 21:15:58.792 24834 25511 D NuPlayerDriver: start(0xf140c300), state is 4, eos is 0
01-17 21:15:58.792 24834  1511 V NuPlayer: kWhatStart
01-17 21:15:58.792 24834  1511 I GenericSource: start
01-17 21:15:58.792 25375  1510 V MediaPlayer: invoke 68
01-17 21:15:58.792 24834 25309 I MediaPlayerService: Client::invoke requestID=1
01-17 21:15:58.792 24834 25309 V NuPlayer: getTrackInfo
01-17 21:15:58.792 24834  1511 V NuPlayer: checkOffloadExceptions is true, call canOffloadStream
01-17 21:15:58.792 24834  1511 I MediaClock: setPlaybackRate rate : 1.000000
01-17 21:15:58.792 24834  1514 I NuPlayerRenderer: onConfigPlayback
01-17 21:15:58.792 24834  1514 I MediaClock: setPlaybackRate rate : 1.000000
01-17 21:15:58.792 24834  1511 I NuPlayerRenderer: setDuration (2321133)
01-17 21:15:58.792 24834  1511 V NuPlayer: scanning sources haveAudio=0, haveVideo=0
01-17 21:15:58.792 24834  1511 V NuPlayer: checkOffloadExceptions is true, call canOffloadStream
01-17 21:15:58.792 24834  1511 V NuPlayer: make Decoder (audio)
01-17 21:15:58.792 24834  1515 I ACodec  :  [] Now uninitialized
01-17 21:15:58.792 25375 25403 V MediaPlayer: Received SEC_MM_PLAYER_CONTEXT_AWARE
01-17 21:15:58.792 25375 25403 V MediaPlayer: callback application
01-17 21:15:58.792 25375 25403 V MediaPlayer: back from callback
01-17 21:15:58.792 25375  1510 I MediaPlayer: send context aware event
01-17 21:15:58.792 24834  1516 I ACodec  : [OMX.google.vorbis.decoder] Now Loaded
01-17 21:15:58.792 24834  1516 E OMXNodeInstance: setConfig(9c:google.vorbis.decoder, ConfigPriority(0x6f800002)) RE: Undefined(0x80001001)
01-17 21:15:58.792 24834  1516 I ACodec  : codec does not support config priority (err -2147483648)
01-17 21:15:58.792 24834  1516 I ACodec  : >>> getPortFormat 16, OMX.google.vorbis.decoder
01-17 21:15:58.792 24834  1516 I MediaCodec: MediaCodec will operate in async mode
01-17 21:15:58.792 24834  1516 I ACodec  : [OMX.google.vorbis.decoder] Now Loaded->Idle
01-17 21:15:58.792 24834  1516 I ACodec  : [OMX.google.vorbis.decoder] Now Idle->Executing
01-17 21:15:58.792 24834  1516 I ACodec  : [OMX.google.vorbis.decoder] Now Executing
01-17 21:15:58.792  3006  3006 D libEGL  : eglInitialize EGLDisplay = 0x7ff90985a8
01-17 21:15:58.802 24834  1516 I ACodec  : [OMX.google.vorbis.decoder] Now handling output port settings change
01-17 21:15:58.802 24834  1516 I ACodec  : [OMX.google.vorbis.decoder] Now Executing
01-17 21:15:58.802 24834  1516 I ACodec  : >>> getPortFormat 16, OMX.google.vorbis.decoder
01-17 21:15:58.802 24834  1515 I NuPlayerDecoder: [Audio] handleOutputFormatChange
01-17 21:15:58.802 24834  1514 I NuPlayerRenderer: openAudioSink: offloadOnly(0) offloadingAudio(0)
01-17 21:15:58.802 24834  1514 I NuPlayerRenderer: openAudioSink: open AudioSink in NON-offload mode audioFormat : 1, flags : 0
01-17 21:15:58.802 24834  1514 V AudioSink: +++ close
01-17 21:15:58.802 24834  1514 V AudioSink: --- close
01-17 21:15:58.802 24834  1514 I NuPlayerRenderer: checkAudioSinkPcmMsSetting 200
01-17 21:15:58.802 24834  1514 V AudioSink: open(44100, 2, 0x0, 1, 0, 52 0x0)
01-17 21:15:58.802 24834  1514 V AudioSink: no track available to recycle
01-17 21:15:58.802 24834  1514 V AudioSink: creating new AudioTrack
01-17 21:15:58.802 24834  1514 V AudioSink: deleteRecycledTrack_l
01-17 21:15:58.802 24834  1514 V AudioSink: setVolume
01-17 21:15:58.802 24834  1514 V AudioSink: open() DONE status 0
01-17 21:15:58.802 24834  1514 V AudioSink: setPlaybackRate(1.000000 1.000000 0 0)
01-17 21:15:58.802 24834  1514 V AudioSink: start
01-17 21:15:58.802 24834  1514 W AudioPolicyIntefaceImpl: Skipped to add effects on session 52
01-17 21:15:58.802 24834  1514 I APM::AudioPolicyManager: startOutput() output 2, stream 5, session 52
01-17 21:15:58.802 24834 25122 D audio_hw_primary: out_set_parameters: enter: kvpairs: routing=2
01-17 21:15:58.802 24834 25122 D AudioFlinger: setCurDevice() 0x2
01-17 21:15:58.802 24834  1514 I MediaClock: setThreshold mThresholdTimeUsForAnchor(200000)
01-17 21:15:58.802 24834  1514 I MediaClock: setPlaybackRate rate : 0.000000
01-17 21:15:58.802 24834  1514 I NuPlayerRenderer: onDrainAudioQueue() send kWhatPollingAudioStarted audio_out : 0
01-17 21:15:58.802 24834  1514 I NuPlayerRenderer: setAudioFirstAnchorTime mAudioFirstAnchorTimeMediaUs : -1, new mediaTimeUs : 13061
01-17 21:15:58.802 24834  1511 V NuPlayer: media rendering started
01-17 21:15:58.802 24834  1511 V NuPlayer: msg : 6, ext1 : 0, ext2 : 0
01-17 21:15:58.802 24834  1511 D NuPlayerDriver: notifyListener_l(0xf140c300), (6, 0, 0)
01-17 21:15:58.802 24834  1511 V MediaPlayerService: [30] notify (0xecf72640, 6, 0, 0)
01-17 21:15:58.802 25375  1510 I MediaPlayer: sendBroadcast CONTEXT_AWARE_MUSIC_INFO - type(start) - id (30)
01-17 21:15:58.802 25375 26956 V MediaPlayer: message received msg=6, ext1=0, ext2=0
01-17 21:15:58.802 25375 25375 D PhoneStatusBar: setAreThereNotifications: N=6 any=true clearable=true
01-17 21:15:58.802 25375 26956 V MediaPlayer: Received MEDIA_STARTED
01-17 21:15:58.802 25375 26956 V MediaPlayer: callback application
01-17 21:15:58.802 25375 26956 V MediaPlayer: back from callback
01-17 21:15:58.802 25375  1510 V MediaPlayer-JNI: getCurrentPosition: 13 (msec)
01-17 21:15:58.812 25375  1510 V MediaPlayer-JNI: isPlaying: 1
01-17 21:15:58.812 30040 30182 D BadgeProvider: query, [selection] : null
01-17 21:15:58.812 25375 25375 D PhoneStatusBar: setSystemUiVisibility vis=8600 mask=ffffffff oldVal=c700 newVal=8600 diff=4100
01-17 21:15:58.812 24834  9054 V MediaPlayerService: Create new media retriever from pid 28211
01-17 21:15:58.822 24834 25122 I AudioMixer: create resampler src 44100, 2, dst 48000, 2
01-17 21:15:58.822 24834 25122 D SoundAliveResampler: [SoundAliveResampler] Init+++
01-17 21:15:58.822 24834 25122 V audio_hw_primary: start_output_stream+, out->device : 00000002 , out->type = 0
01-17 21:15:58.822 26362 26373 E CatchNotificationsService: Invalid notification data
01-17 21:15:58.832 24834 25510 I OggExtractor: ~OggExtractor ++
01-17 21:15:58.832 24834 25510 I OggExtractor: ~MyOggExtractor ++ 
01-17 21:15:58.832 24834 25510 I OggExtractor: ~MyOggExtractor --
01-17 21:15:58.832 24834 25510 I OggExtractor: ~OggExtractor --
01-17 21:15:58.842 24942 25263 D MotionEngine: [EXEC CAMERA] INIT.......... 
01-17 21:15:58.842 24834 25122 D audio_hw_primary: start_output_stream (0xeca31e00) out->pcm_device:3 out->config.rate:48000 out->config.format:0 out->period_size:1440
01-17 21:15:58.842 24834 25122 D audio_hw_primary: start_output_stream (0xeca31e00) out->config.rate:48000 out->config.format:0 out->period_size:1440
01-17 21:15:58.842 24834 25122 V audio_hw_primary: select_devices output_scenario:0 input_scenario:-1 out_snd_device 0x2 in_snd_device:0x0
01-17 21:15:58.842 24834 25122 I audio_route: 
01-17 21:15:58.842 24834 25122 I audio_route: > audio_route_reset :
01-17 21:15:58.842 24834 25122 I audio_route: 
01-17 21:15:58.842 24834 25122 I audio_route: > audio_route_apply_path : "media-speaker"
01-17 21:15:58.892  1475  1475 W art     : Before Android 4.1, method android.graphics.PorterDuffColorFilter android.support.graphics.drawable.VectorDrawableCompat.updateTintFilter(android.graphics.PorterDuffColorFilter, android.content.res.ColorStateList, android.graphics.PorterDuff$Mode) would have incorrectly overridden the package-private method in android.graphics.drawable.Drawable
01-17 21:15:58.922 24834 25122 V audio_hw_primary: select_devices() output_route "media-speaker" 
01-17 21:15:58.922 24834 25122 I audio_route: 
01-17 21:15:58.922 24834 25122 I audio_route: > audio_route_apply_path : "gain-media-speaker"
01-17 21:15:58.922 24834 25122 V audio_hw_primary: select_devices() output_gain "gain-media-speaker" 
01-17 21:15:58.922 24834 25122 I audio_route: 
01-17 21:15:58.922 24834 25122 I audio_route: > audio_route_update_mixer : +
01-17 21:15:58.922 24834 25122 I audio_route: > audio_route_update_mixer : changed(0) -
01-17 21:15:58.922 24834 25122 I audio_hw_primary: select_devices - 
01-17 21:15:58.922 24834 25122 V audio_hw_primary: start_output_stream-
01-17 21:15:58.922 24834 25122 D AudioFlinger: mixer(0xeeb00000) Spend too much time to write: delta 103(effect 0)
01-17 21:15:58.962 24834  1514 I NuPlayerRenderer: kWhatPollingAudioStarted clock running played_out : 100000 us, audio_out : 0 us, gap : 100000 us
01-17 21:15:58.962 24834  1514 I MediaClock: setPlaybackRate rate : 1.000000
01-17 21:15:58.972 24834  1514 I MediaClock: updateClock correction (30000).  gapTimeUs(124025), nowMediaUs(153229), oldMediaUs(29204)
01-17 21:15:58.972 24834  1514 I MediaClock: updateClock correction (30000).  gapTimeUs(93966), nowMediaUs(153223), oldMediaUs(59257)
01-17 21:15:59.032  1475  1475 I System.out: The time changed into nice format is: 17/01/2017 09:15:59
01-17 21:15:59.032  1475  1475 D the time is: : 1484716559039 
01-17 21:15:59.042 24942 24954 I AppOps  : sendInfoToFLP, code=41 , uid=10534 , packageName=com.menny.android.anysoftkeyboard , type=startOp
01-17 21:15:59.042  1475  1475 D Network : Network
01-17 21:15:59.042  1475  1475 D GPS     : 111 WE HAVE GOT YOUR LOCATION: LATITUDE = 44.0238117LONGITUDE = -123.0722279
01-17 21:15:59.042  1475  1475 I Timeline: Timeline: Activity_launch_request id:com.menny.android.anysoftkeyboard time:241932455
01-17 21:15:59.042 24834 25122 D AudioFlinger: mixer(0xeeb00000) throttle end: throttle time(67)
01-17 21:15:59.052 24942 26736 D InputDispatcher: Focused application set to: xxxx
01-17 21:15:59.052  1475  1475 D Activity: performCreate Call Injection manager
01-17 21:15:59.052  1475  1475 I InjectionManager: dispatchOnViewCreated > Target : com.radicalninja.logger.MainActivity isFragment :false
01-17 21:15:59.052  1475  1475 I Timeline: Timeline: Activity_launch_request id:com.menny.android.anysoftkeyboard time:241932466
01-17 21:15:59.072  1475  1475 D ViewRootImpl: #1 mView = com.android.internal.policy.PhoneWindow$DecorView{f559034 I.E...... R.....ID 0,0-0,0}
01-17 21:15:59.072  1475  1524 D OpenGLRenderer: Use EGL_SWAP_BEHAVIOR_PRESERVED: true
01-17 21:15:59.082 24942 25762 D ISSUE_DEBUG: InputChannelName : f26a340 com.menny.android.anysoftkeyboard/com.radicalninja.logger.MainActivity
01-17 21:15:59.082 24942 26576 D ActivityManager: post active user change for 0 fullscreen true isFloatingActivity() false isHomeActivity() false
01-17 21:15:59.082 24942 26576 D KnoxTimeoutHandler: postActiveUserChange [MsgParam] userId: 0 fullscreen is true showWhenlocked is false
01-17 21:15:59.082 24942 24942 D KnoxTimeoutHandler: handleActiveUserChange [MsgParam] userId: 0 fullscreen is true showWhenlocked is false
01-17 21:15:59.082 24942 24942 I KnoxTimeoutHandler: Shared devices show user statefalse
01-17 21:15:59.112  1475  1475 E ViewSystem: ViewRootImpl #2 Surface is not valid.
01-17 21:15:59.132  1475  1475 D Encrypt : onCreate: ********************************** transfer Utility = null
01-17 21:15:59.142 24942 25263 D MotionEngine: [ROTATION AXIS] X..
01-17 21:15:59.152 24942 25762 I AppOps  : sendInfoToFLP, code=41 , uid=10534 , packageName=com.menny.android.anysoftkeyboard , type=startOp
01-17 21:15:59.152  1475  1475 D Network : Network
01-17 21:15:59.152  1475  1475 I System.out: The time changed into nice format is: 17-01-2017 09-15-59
01-17 21:15:59.172 26421 26421 D SensorManager: unregisterListener ::   
01-17 21:15:59.182  3006  4322 D libEGL  : eglTerminate EGLDisplay = 0x7f9e683e78
01-17 21:15:59.182  3006  4322 D libEGL  : eglTerminate EGLDisplay = 0x7f9e683e78
01-17 21:15:59.182 26421 26671 D libEGL  : eglTerminate EGLDisplay = 0xf396f4fc
01-17 21:15:59.202  3006  3051 D libEGL  : eglTerminate EGLDisplay = 0x7fa4d00e78
01-17 21:15:59.202  3006  3051 D libEGL  : eglTerminate EGLDisplay = 0x7fa4d00e78
01-17 21:15:59.202  3006  4820 I SurfaceFlinger: id=4365 Removed TeparatedRe (2/10)
01-17 21:15:59.202  3006  4084 I SurfaceFlinger: id=4365 Removed TeparatedRe (-2/10)
01-17 21:15:59.212  3006  3006 D libEGL  : eglTerminate EGLDisplay = 0x7ff90986d8
01-17 21:15:59.322 24942 25263 D MotionEngine: [MotionEngine] -> PR_MOVE -> Move Recognition Lv(3)
01-17 21:15:59.332  1475  1475 D CognitoCachingCredentialsProvider: Loading credentials from SharedPreferences
01-17 21:15:59.352  1475  1475 D Encrypt : onCreate: ********************************** transfer Utility = com.amazonaws.mobileconnectors.s3.transferutility.TransferUtility@120f6ef
01-17 21:15:59.452  1475  1475 D AutoManageHelper: starting AutoManage for client 0 false false
01-17 21:15:59.452  1475  1475 D Activity: performCreate Call Injection manager
01-17 21:15:59.452  1475  1475 D AutoManageHelper: onStart true {0=com.google.android.gms.internal.zzqa$zza@947a5e8}
01-17 21:15:59.472  1475  1475 I InjectionManager: dispatchOnViewCreated > Target : com.radicalninja.logger.VideoActivity isFragment :false
01-17 21:15:59.472  1475  1475 D Encrypt : onResume: before transfer utility
01-17 21:15:59.472  1475  1475 D Encrypt : onResume: before encryption
01-17 21:15:59.472  1475  1475 D Encrypt : onResume: after encryption
01-17 21:15:59.472  1475  1475 D AndroidRuntime: Shutting down VM
01-17 21:15:59.472  1475  1475 D Crash   : Crash 2.5
01-17 21:15:59.472  1475  1475 E Default Exception: In try
01-17 21:15:59.472  1475  1475 E Default Exception: In try
01-17 21:15:59.472  1475  1475 D Crash   : Crash 2
01-17 21:15:59.472  1475  1475 D Crash   : Crash 3
01-17 21:15:59.472  1475  1475 D Exception: Start of Exception handler class
01-17 21:15:59.472  1475  1475 D Exception: Start of Exception handler class 2
01-17 21:15:59.472  1475  1475 D Exception: Start of Exception handler class 3
01-17 21:15:59.472  1475  1475 D Exception: Start of Exception handler class 4
01-17 21:15:59.482 24942 26736 D InputDispatcher: Focused application set to: xxxx
01-17 21:15:59.482  1475  1475 D Exception: Start of Exception handler class 5
01-17 21:15:59.482  1475  1475 I art     : System.exit called, status: 1
01-17 21:15:59.482  1475  1475 I AndroidRuntime: VM exiting with result code 1, cleanup skipped.
01-17 21:15:59.492 24942 25267 W InputDispatcher: channel ~ Consumer closed input channel or an error occurred.  events=0x9
01-17 21:15:59.492 24942 25267 E InputDispatcher: channel ~ Channel is unrecoverably broken and will be disposed!
01-17 21:15:59.492 24942 26574 I AppOps  : sendInfoToFLP, code=41 , uid=10534 , packageName=com.menny.android.anysoftkeyboard , type=finishOp
01-17 21:15:59.492 24801 24801 I Zygote  : Process 1475 exited cleanly (1)
01-17 21:15:59.492 24942 25823 D GraphicsStats: Buffer count: 10
01-17 21:15:59.492 24942 25760 W InputDispatcher: Attempted to unregister already unregistered input channel
01-17 21:15:59.492 24942 25421 I AppOps  : sendInfoToFLP, code=41 , uid=10534 , packageName=com.menny.android.anysoftkeyboard , type=finishOp
01-17 21:15:59.492 24942 25017 D ViewRootImpl: #3 mView = null
01-17 21:15:59.492 24942 24954 D InputDispatcher: Focused application released
01-17 21:15:59.492  3006  4322 I SurfaceFlinger: id=4366 Removed bnysoftkeyb (3/9)
01-17 21:15:59.492  3006  4820 I SurfaceFlinger: id=4366 Removed bnysoftkeyb (-2/9)
01-17 21:15:59.502  3006  3006 D libEGL  : eglTerminate EGLDisplay = 0x7ff90986d8
01-17 21:15:59.502  3006  3006 I SurfaceFlinger: id=4367 createSurf (1440x2560),1 flag=4, TeparatedRe
01-17 21:15:59.502 24942 24955 D InputDispatcher: Focus entered window: 25460
01-17 21:15:59.502 24942 25017 D PointerIcon: setMouseIconStyle1 pointerType: 1001 iconType:101 flag:0 pid:24942 uid:1000
01-17 21:15:59.502 24942 25017 D PointerIcon: setMouseCustomIcon IconType is same.101
01-17 21:15:59.502 25460  3760 D mali_winsys: new_window_surface returns 0x3000,  [1440x2560]-format:1
01-17 21:15:59.512 24942 26736 D InputMethodManagerService: windowGainedFocus mCurrentFocusedUserId - 0 and mSecureKeypadEnabled-false
01-17 21:15:59.512 25460 25460 D ScoverManager: registerListener
01-17 21:15:59.512 24942 25515 D CoverManagerWhiteLists: isAllowedToUse : SIGNATURE_MATCH
01-17 21:15:59.512 24942 26939 D CoverManagerWhiteLists: isAllowedToUse : SIGNATURE_MATCH
01-17 21:15:59.512 24942 26939 D CoverManager.StateNotifier: registerListenerCallback : binder = android.os.BinderProxy@3097d35, pid : 25460, uid : 10061, type : 1
01-17 21:15:59.512 25375 25375 D PhoneStatusBar: setSystemUiVisibility vis=8700 mask=ffffffff oldVal=c600 newVal=8700 diff=4100
01-17 21:15:59.582 24942 26547 D ActivityManager: post active user change for 0 fullscreen true isFloatingActivity() false isHomeActivity() false
01-17 21:15:59.582 24942 26547 D KnoxTimeoutHandler: postActiveUserChange [MsgParam] userId: 0 fullscreen is true showWhenlocked is false
01-17 21:15:59.582 24942 24942 D KnoxTimeoutHandler: handleActiveUserChange [MsgParam] userId: 0 fullscreen is true showWhenlocked is false
01-17 21:15:59.592 24942 24942 I KnoxTimeoutHandler: Shared devices show user statefalse
01-17 21:15:59.622 24942 25263 D MotionEngine: [@@@ Motion Engine @@@] LONG SHAKE START event occured
01-17 21:15:59.622 24942 25263 D MotionEngine: [MotionEngine] -> Add2MotionEventQueue(Shake Start(35))
01-17 21:15:59.632  3006  3006 D libEGL  : eglInitialize EGLDisplay = 0x7ff90985a8
01-17 21:15:59.632 24942 26557 V WindowStateAnimator: Finishing drawing window Window{bfd2fb2 u0 d0 com.android.systemui/com.android.systemui.recents.SeparatedRecentsActivity}: mDrawState=DRAW_PENDING
01-17 21:15:59.632 24942 25760 D SensorService: SensorEventConnection::SocketBufferSize, SystemSocketBufferSize - 102400, 2097152
01-17 21:15:59.642 24942 25017 D KnoxTimeoutHandler: notifyActivityDrawn [MsgParam] userId: 0 fullscreen is true showWhenlocked is false
01-17 21:15:59.642 24942 24942 D KnoxTimeoutHandler: activityDrawn [MsgParam] userId: 0 fullscreen is true showWhenlocked is false
01-17 21:15:59.642 24942 25017 I ActivityManager: Displayed com.android.systemui/.recents.SeparatedRecentsActivity: +141ms
01-17 21:15:59.642 25375 25375 D PanelView: updateQsState
01-17 21:15:59.642 25375 25375 D KeyguardSwipeHelper: reset()
01-17 21:15:59.642 25375 25375 D KeyguardUnlockEventHandler: reset()
01-17 21:15:59.642 25375 25375 D KeyguardSwipeHelper: resetChildViewVI()
01-17 21:15:59.642 26421 26421 D SensorManager: registerListener :: 0, MPU6500 Acceleration Sensor, 66667, 0,  
01-17 21:15:59.642 24942 24942 I KnoxTimeoutHandler: SD activityfalse
01-17 21:15:59.642 26421 26421 D WallpaperService: MSG_WINDOW_RESIZED
01-17 21:15:59.642 26421 26671 D libEGL  : eglInitialize EGLDisplay = 0xf396f544
01-17 21:15:59.642 26421 26671 D         : ro.exynos.dss isEnabled: 0
01-17 21:15:59.642 26421 26671 D mali_winsys: new_window_surface returns 0x3000,  [1440x2560]-format:4
01-17 21:15:59.642 26421 26421 V WallpaperService: Wallpaper size has changed: (1440, 2560
01-17 21:15:59.652  3006  3006 D libEGL  : eglInitialize EGLDisplay = 0x7ff90985a8
01-17 21:15:59.652 24942 25017 I Timeline: Timeline: Activity_windows_visible id: ActivityRecord{4e75476 u0 com.android.systemui/.recents.SeparatedRecentsActivity t1866} time:241933067
01-17 21:15:59.652 24942 25017 D KnoxTimeoutHandler: notifyActivityDrawn [MsgParam] userId: 0 fullscreen is true showWhenlocked is false
01-17 21:15:59.662 24942 24942 D KnoxTimeoutHandler: activityDrawn [MsgParam] userId: 0 fullscreen is true showWhenlocked is false
01-17 21:15:59.662 24942 24942 I KnoxTimeoutHandler: SD activityfalse
01-17 21:15:59.662 24942 25237 E Sensors : Sensor : Meta event
01-17 21:15:59.672  3006  3006 D libEGL  : eglInitialize EGLDisplay = 0x7ff90985a8
01-17 21:15:59.672 24942 26575 D PackageManager: getComponentMetadataForIconTray : org.chromium.chrome.browser.ChromeTabbedActivity does not exist in mServices
01-17 21:15:59.672 24942 26575 D PackageManager: getComponentMetadataForIconTray : org.chromium.chrome.browser.ChromeTabbedActivity does not exist in mProviders
01-17 21:15:59.672 24942 26575 D PackageManager: getComponentMetadataForIconTray : org.chromium.chrome.browser.ChromeTabbedActivity does not exist in mReceivers
01-17 21:15:59.682 25460 25482 I ApplicationPackageManager: load=com.android.chrome, bg=192-192, dr=192-192
01-17 21:15:59.682 25460 25482 I ApplicationPackageManager: scaled rate=0.97032255, size=192, alpha=3, hold=26, target=192
01-17 21:15:59.682  3006  3006 D libEGL  : eglInitialize EGLDisplay = 0x7ff90985a8
01-17 21:15:59.682  3006  3006 D libEGL  : eglTerminate EGLDisplay = 0x7ff9098638
01-17 21:15:59.692 24942 25268 D InputReader: Input event(4): value=1 when=241933102216000
