01-17 21:08:37.052 I/InjectionManager(27959): featureStore :{}
01-17 21:08:37.072 W/IcingInternalCorpora(25903): getNumBytesRead when not calculated.
01-17 21:08:37.112 I/Icing   (25903): Usage reports 0 indexed 0 rejected 0 imm upload false
01-17 21:08:37.152 V/ApplicationReceiver:onReceive(27345): 2017-01-18 05:08:37-null-Application install message is received ver:1.10.0
01-17 21:08:37.152 V/ApplicationReceiver:onReceive(27345): 2017-01-18 05:08:37-null-ApplicationReceiver detectes the installation of package:com.menny.android.anysoftkeyboard ver:1.10.0
01-17 21:08:37.172 I/Finsky  ( 9594): [1] com.google.android.finsky.wear.WearSupportService.a(307): Wear auto install disabled for package com.menny.android.anysoftkeyboard
01-17 21:08:37.182 D/PeopleNotiListenerService(26389): onEdgeNotificationRemoved() : pkg com.android.vending,id=-881749270,extra=Bundle[mParcelledData.dataSize=84]
01-17 21:08:37.182 D/PeopleNotiListenerService(26389): removeEdgeNotification:Bundle[{samsung.notification.id=-881749270, samsung.notification.type=normal, samsung.people.package_name=com.android.vending}]
01-17 21:08:37.182 I/PeopleStripeService(26389): PeopleNotificationReceiver:3
01-17 21:08:37.182 I/PeopleStripeService(26389): sendEdgeNotification  peopleEnabled true lightingEnabled true edgeEnabled true
01-17 21:08:37.182 I/PeopleDataManager(26389): removeNotification
01-17 21:08:37.182 I/NotificationParser(26389): getNotiType:com.android.vending,null
01-17 21:08:37.182 D/PeopleDataManager(26389): removeNotiInfo: id =-881749270,packageName=com.android.vending,isEdgeNotification=false,key=null,removeAll=false
01-17 21:08:37.182 D/PeopleDataManager(26389): removeNotiInfo =null
01-17 21:08:37.202 I/Finsky  ( 9594): [1] com.google.android.finsky.utils.PermissionPolicies$PermissionPolicyService.onStartCommand(115): post-install permissions check for com.menny.android.anysoftkeyboard
01-17 21:08:37.202 I/AppsEdgeBroadcastReceiver(27660): onReceive: android.intent.action.PACKAGE_ADDED
01-17 21:08:37.212 I/Finsky  ( 9594): [1] com.google.android.finsky.utils.bq.run(2300): Package state data is missing for com.menny.android.anysoftkeyboard
01-17 21:08:37.322 I/SV_TTSPlayer(21952): inside TTSDownloadReceiver
01-17 21:08:37.332 E/Zygote  (27974): v2
01-17 21:08:37.332 I/SELinux (27974): Function: selinux_compare_spd_ram, index[1], SPD-policy is existed. and_ver=SEPF_SECMOBILE_6.0.1 ver=11
01-17 21:08:37.332 W/SELinux (27974): Function: selinux_compare_spd_ram, index[1], priority [2], priority version is VE=SEPF_SECMOBILE_6.0.1_0013
01-17 21:08:37.332 E/Zygote  (27974): accessInfo : 0
01-17 21:08:37.342 W/SELinux (27974): SELinux: seapp_context_lookup: seinfo=samsung, level=s0:c512,c768, pkgname=com.sec.android.app.samsungapps 
01-17 21:08:37.342 I/UpdateIcingCorporaServi(26684): Updating corpora: APPS=com.menny.android.anysoftkeyboard, CONTACTS=MAYBE
01-17 21:08:37.362 D/TimaKeyStoreProvider(27974): TimaSignature is unavailable
01-17 21:08:37.362 D/ActivityThread(27974): Added TimaKeyStore provider
01-17 21:08:37.392 I/InjectionManager(27974): Inside getClassLibPath + mLibMap{0=, 1=}
01-17 21:08:37.432 I/InjectionManager(27974): Inside getClassLibPath caller 
01-17 21:08:37.462 W/System  (27974): ClassLoader referenced unknown path: /data/app/com.sec.android.app.samsungapps-2/lib/arm64
01-17 21:08:37.512 I/Icing   (25903): Usage reports 0 indexed 0 rejected 0 imm upload true
01-17 21:08:37.522 I/UpdateIcingCorporaServi(26684): UpdateCorporaTask done [took 178 ms] updated apps [took 178 ms] 
01-17 21:08:37.572 V/deviceInfo(27974): NetworkOperator_MCC : 310260
01-17 21:08:37.612 V/deviceInfo(27974): NetworkOperator_MCC : 310260
01-17 21:08:37.612 V/deviceInfo(27974): NetworkOperator_MNC : 310260
01-17 21:08:37.672 D/Sppmt   (27974): Test mode:false, cfgFileExist:false, canWrite:false
01-17 21:08:37.682 D/InjectionManager(27974): InjectionManager
01-17 21:08:37.682 D/InjectionManager(27974): fillFeatureStoreMap com.sec.android.app.samsungapps
01-17 21:08:37.682 I/InjectionManager(27974): Constructor com.sec.android.app.samsungapps, Feature store :{}
01-17 21:08:37.682 I/InjectionManager(27974): featureStore :{}
01-17 21:08:37.692 D/[SAUI]  (27974): Global::recovered::false
01-17 21:08:37.702 E/Zygote  (27993): v2
01-17 21:08:37.702 I/SELinux (27993): Function: selinux_compare_spd_ram, index[1], SPD-policy is existed. and_ver=SEPF_SECMOBILE_6.0.1 ver=11
01-17 21:08:37.702 W/SELinux (27993): Function: selinux_compare_spd_ram, index[1], priority [2], priority version is VE=SEPF_SECMOBILE_6.0.1_0013
01-17 21:08:37.702 E/Zygote  (27993): accessInfo : 0
01-17 21:08:37.712 W/SELinux (27993): SELinux: seapp_context_lookup: seinfo=default, level=s0:c512,c768, pkgname=com.microsoft.office.onenote 
01-17 21:08:37.732 D/TimaKeyStoreProvider(27993): TimaSignature is unavailable
01-17 21:08:37.732 D/ActivityThread(27993): Added TimaKeyStore provider
01-17 21:08:37.772 I/InjectionManager(27993): Inside getClassLibPath + mLibMap{0=, 1=}
01-17 21:08:37.792 I/InjectionManager(27993): Inside getClassLibPath caller 
01-17 21:08:37.792 I/TLC_TIMA_PKM_measure_kernel(24942): TIMA: response_id = 3
01-17 21:08:37.792 I/TLC_TIMA_PKM_measure_kernel(24942): TIMA: response ret = 0, result_ondemand = MSG=Kernel Verification Success;
01-17 21:08:37.902 E/PackageManager(24942): Failed to generatePackageInfoFromSettingsLPw, There isn't package setting object for 
01-17 21:08:37.912 I/MAMComponents(27993): Not initializing MAM classes because the MDM package is not installed.
01-17 21:08:37.912 E/PackageManager(24942): Failed to generatePackageInfoFromSettingsLPw, There isn't package setting object for 
01-17 21:08:37.912 I/MAMComponents(27993): Not initializing MAM classes because the MDM package is not installed.
01-17 21:08:37.922 I/MultiDex(27993): VM with version 2.1.0 has multidex support
01-17 21:08:37.922 I/MultiDex(27993): install
01-17 21:08:37.922 I/MultiDex(27993): VM has multidex support, MultiDex support library is disabled.
01-17 21:08:37.952 V/ONMTelemetryWrapper(27993): Initialize
01-17 21:08:38.012 V/ONMECSTreatmentAssignmentWrapper(27993): Adding Production ECS config urls
01-17 21:08:38.032 V/ONMECSTreatmentAssignmentWrapper(27993): FlightIds Received:P-E-19603-1-9
01-17 21:08:38.032 V/ONMECSTreatmentAssignmentWrapper(27993): ETag:"DTLP6q2mbYbIzn5BX4vN/i74dtMJdnGX0x9ZAPWTGpA="
01-17 21:08:38.032 V/ONMECSTreatmentAssignmentWrapper(27993): FlightIds Received:P-E-19603-1-9
01-17 21:08:38.032 V/ONMECSTreatmentAssignmentWrapper(27993): ETag:"DTLP6q2mbYbIzn5BX4vN/i74dtMJdnGX0x9ZAPWTGpA="
01-17 21:08:38.032 V/ONMECSTreatmentAssignmentWrapper(27993): ecsClient Started : true
01-17 21:08:38.032 I/AMEnrollmentStatusCache(27993): No MAM enrollment status found.
01-17 21:08:38.032 D/InjectionManager(27993): InjectionManager
01-17 21:08:38.032 D/InjectionManager(27993): fillFeatureStoreMap com.microsoft.office.onenote
01-17 21:08:38.032 I/InjectionManager(27993): Constructor com.microsoft.office.onenote, Feature store :{}
01-17 21:08:38.032 I/InjectionManager(27993): featureStore :{}
01-17 21:08:38.032 V/ApplicationReceiver:onReceive(27993): 2017-01-18 05:08:38-null-Application install message is received ver:1.2.0
01-17 21:08:38.032 V/ApplicationReceiver:onReceive(27993): 2017-01-18 05:08:38-null-ApplicationReceiver detectes the installation of package:com.menny.android.anysoftkeyboard ver:1.2.0
01-17 21:08:38.102 E/Zygote  (28020): v2
01-17 21:08:38.102 I/SELinux (28020): Function: selinux_compare_spd_ram, index[1], SPD-policy is existed. and_ver=SEPF_SECMOBILE_6.0.1 ver=11
01-17 21:08:38.102 W/SELinux (28020): Function: selinux_compare_spd_ram, index[1], priority [2], priority version is VE=SEPF_SECMOBILE_6.0.1_0013
01-17 21:08:38.102 E/Zygote  (28020): accessInfo : 0
01-17 21:08:38.102 W/SELinux (28020): SELinux: seapp_context_lookup: seinfo=default, level=s0:c512,c768, pkgname=com.urbandroid.sleep 
01-17 21:08:38.122 I/Icing   (25903): Indexing EA30D2997FB394195CD772C0E64F115FB661A9A8 from com.google.android.gms
01-17 21:08:38.122 D/TimaKeyStoreProvider(28020): TimaSignature is unavailable
01-17 21:08:38.122 D/ActivityThread(28020): Added TimaKeyStore provider
01-17 21:08:38.152 I/InjectionManager(28020): Inside getClassLibPath + mLibMap{0=, 1=}
01-17 21:08:38.172 I/InjectionManager(28020): Inside getClassLibPath caller 
01-17 21:08:38.272 D/InjectionManager(28020): InjectionManager
01-17 21:08:38.272 D/InjectionManager(28020): fillFeatureStoreMap com.urbandroid.sleep
01-17 21:08:38.272 I/InjectionManager(28020): Constructor com.urbandroid.sleep, Feature store :{}
01-17 21:08:38.272 I/InjectionManager(28020): featureStore :{}
01-17 21:08:38.312 I/SleepAsAndroid(28020): [21:08:38.313, main]: Permissions: Android SDK_INT 23
01-17 21:08:38.312 I/SleepAsAndroid(28020): [21:08:38.314, main]: Permissions: Android CODENAME REL
01-17 21:08:38.312 I/SleepAsAndroid(28020): [21:08:38.314, main]: Permissions: Android M
01-17 21:08:38.322 I/SleepAsAndroid(28020): [21:08:38.330, main]: SAC: Initializing SharedAppContext, new context: false
01-17 21:08:38.342 I/Icing   (25903): Indexing done EA30D2997FB394195CD772C0E64F115FB661A9A8
01-17 21:08:38.362 D/SleepAsAndroid(28020): [21:08:38.365, main]: Alarms:No next alarm
01-17 21:08:38.362 D/SleepAsAndroid(28020): [21:08:38.365, main]: Alarms:Disabling alarm
01-17 21:08:38.362 I/SleepAsAndroid(28020): [21:08:38.368, main]: Resetting in memory last scheduled alarm
01-17 21:08:38.362 I/SleepAsAndroid(28020): [21:08:38.369, main]: SetAlarmCache:Resetting all SetAlarm cache
01-17 21:08:38.372 D/PeopleNotiListenerService(26389): onEdgeNotificationRemoved() : pkg com.urbandroid.sleep,id=993273701,extra=Bundle[mParcelledData.dataSize=84]
01-17 21:08:38.372 D/PeopleNotiListenerService(26389): removeEdgeNotification:Bundle[{samsung.notification.id=993273701, samsung.notification.type=normal, samsung.people.package_name=com.urbandroid.sleep}]
01-17 21:08:38.372 I/PeopleStripeService(26389): PeopleNotificationReceiver:3
01-17 21:08:38.372 I/PeopleStripeService(26389): sendEdgeNotification  peopleEnabled true lightingEnabled true edgeEnabled true
01-17 21:08:38.372 I/PeopleDataManager(26389): removeNotification
01-17 21:08:38.372 I/NotificationParser(26389): getNotiType:com.urbandroid.sleep,null
01-17 21:08:38.372 D/PeopleDataManager(26389): removeNotiInfo: id =993273701,packageName=com.urbandroid.sleep,isEdgeNotification=false,key=null,removeAll=false
01-17 21:08:38.372 D/PeopleDataManager(26389): removeNotiInfo =null
01-17 21:08:38.372 I/SleepAsAndroid(28020): [21:08:38.380, main]: SetAlarmCache:Resetting cache for: SHOW_SKIP
01-17 21:08:38.412 I/GAv4    (28020): Google Analytics 9.4.52 is starting up. To enable debug logging on a device run:
01-17 21:08:38.412 I/GAv4    (28020):   adb shell setprop log.tag.GAv4 DEBUG
01-17 21:08:38.412 I/GAv4    (28020):   adb logcat -s GAv4
01-17 21:08:38.432 I/GAv4    (28020): Logger is deprecated. To enable debug logging, please run:
01-17 21:08:38.432 I/GAv4    (28020): adb shell setprop log.tag.GAv4 DEBUG
01-17 21:08:38.432 I/SleepAsAndroid(28020): [21:08:38.439, main]: Analytics created
01-17 21:08:38.432 W/GAv4    (28020): AnalyticsReceiver is not registered or is disabled. Register the receiver for reliable dispatching on non-Google Play devices. See http://goo.gl/8Rd3yj for instructions.
01-17 21:08:38.442 W/GAv4    (28020): CampaignTrackingReceiver is not registered, not exported or is disabled. Installation campaign tracking is not possible. See http://goo.gl/8Rd3yj for instructions.
01-17 21:08:38.442 W/GAv4    (28020): AnalyticsService not registered in the app manifest. Hits might not be delivered reliably. See http://goo.gl/8Rd3yj for instructions.
01-17 21:08:38.442 D/SleepAsAndroid(28020): [21:08:38.453, main]: Dim property -1
01-17 21:08:38.452 I/SleepAsAndroid(28020): [21:08:38.456, main]: Dim: screen timeout is small enough
01-17 21:08:38.452 I/SleepAsAndroid(28020): [21:08:38.456, main]: LockManager: Lock manager initialized. Suspend mode: WORKS WL settings: 4
01-17 21:08:38.452 I/SleepAsAndroid(28020): [21:08:38.459, main]: isConnected token null
01-17 21:08:38.452 I/SleepAsAndroid(28020): [21:08:38.460, main]: Global structures initialized: Tue Jan 17 21:08:38 PST 2017
01-17 21:08:38.462 I/SleepAsAndroid(28020): [21:08:38.470, main]: Loading first time 1473815779111
01-17 21:08:38.462 I/SleepAsAndroid(28020): [21:08:38.472, main]: TrialFilter: Package: is release APK
01-17 21:08:38.462 I/SleepAsAndroid(28020): [21:08:38.472, main]: TrialFilter: Good sign: com.urbandroid.sleep.addon.port
01-17 21:08:38.522 I/Icing   (25903): Indexing D8CA10CC760157CF9FA6CE180810E1FA8E64D65B from com.google.android.googlequicksearchbox
01-17 21:08:38.532 I/SleepAsAndroid(28020): [21:08:38.541, main]: TrialFilter: Permissions: PHONE Denied 
01-17 21:08:38.532 D/SleepAsAndroid(28020): [21:08:38.542, main]: TrialFilter: T status: true
01-17 21:08:38.532 I/SleepAsAndroid(28020): [21:08:38.542, main]: TrialFilter: Initialized TF with version: TRIAL
01-17 21:08:38.532 I/SleepAsAndroid(28020): [21:08:38.544, main]: TrialFilter: Package: is release APK
01-17 21:08:38.542 I/SleepAsAndroid(28020): [21:08:38.544, main]: TrialFilter: Good sign: com.urbandroid.sleep.addon.port
01-17 21:08:38.602 I/SleepAsAndroid(28020): [21:08:38.610, main]: TrialFilter: Permissions: PHONE Denied 
01-17 21:08:38.602 D/SleepAsAndroid(28020): [21:08:38.611, main]: TrialFilter: T status: true
01-17 21:08:38.602 I/SleepAsAndroid(28020): [21:08:38.612, main]: TrialFilter: Good sign: com.urbandroid.sleep.addon.port
01-17 21:08:38.612 I/SleepAsAndroid(28020): [21:08:38.619, main]: Multiprocess init remote = false
01-17 21:08:38.612 D/SleepAsAndroid(28020): [21:08:38.621, main]: RingerModeUtil: Stream hearable in silent true stream: 4
01-17 21:08:38.622 I/Icing   (25903): Indexing done D8CA10CC760157CF9FA6CE180810E1FA8E64D65B
01-17 21:08:38.622 I/SleepAsAndroid(28020): [21:08:38.631, main]: Tasker: set enabled: true
01-17 21:08:38.642 D/PackageManager(24942): setEnabledSetting : userId = 0 packageName = com.urbandroid.sleep cmp = com.urbandroid.sleep.addon.taskerplugin.receiver.SleepEventReceiver newState = 1 callingPackage = 10446
01-17 21:08:38.642 D/PackageManager(24942): setEnabledSetting : userId = 0 packageName = com.urbandroid.sleep cmp = com.urbandroid.sleep.addon.taskerplugin.receiver.QueryReceiver newState = 1 callingPackage = 10446
01-17 21:08:38.652 D/PackageManager(24942): setEnabledSetting : userId = 0 packageName = com.urbandroid.sleep cmp = com.urbandroid.sleep.addon.taskerplugin.receiver.FireReceiver newState = 1 callingPackage = 10446
01-17 21:08:38.752 E/Zygote  (28045): v2
01-17 21:08:38.752 I/SELinux (28045): Function: selinux_compare_spd_ram, index[1], SPD-policy is existed. and_ver=SEPF_SECMOBILE_6.0.1 ver=11
01-17 21:08:38.752 W/SELinux (28045): Function: selinux_compare_spd_ram, index[1], priority [2], priority version is VE=SEPF_SECMOBILE_6.0.1_0013
01-17 21:08:38.752 E/Zygote  (28045): accessInfo : 0
01-17 21:08:38.752 W/SELinux (28045): SELinux: seapp_context_lookup: seinfo=platform, level=s0:c512,c768, pkgname=com.samsung.knox.rcp.components 
01-17 21:08:38.782 D/TimaKeyStoreProvider(28045): TimaSignature is unavailable
01-17 21:08:38.782 D/ActivityThread(28045): Added TimaKeyStore provider
01-17 21:08:38.812 I/InjectionManager(28045): Inside getClassLibPath + mLibMap{0=, 1=}
01-17 21:08:38.822 I/InjectionManager(28045): Inside getClassLibPath caller 
01-17 21:08:38.822 W/System  (28045): ClassLoader referenced unknown path: /system/app/RCPComponents/lib/arm64
01-17 21:08:38.832 D/InjectionManager(28045): InjectionManager
01-17 21:08:38.832 D/InjectionManager(28045): fillFeatureStoreMap com.samsung.knox.rcp.components
01-17 21:08:38.832 I/InjectionManager(28045): Constructor com.samsung.knox.rcp.components, Feature store :{}
01-17 21:08:38.832 I/InjectionManager(28045): featureStore :{}
01-17 21:08:38.832 D/RCP_PackageUpdateReceiver(28045): Update Package Name :com.menny.android.anysoftkeyboard
01-17 21:08:38.862 D/RCP_PackageUpdateReceiver(28045): Update Class Name :com.menny.android.anysoftkeyboard.LauncherSettingsActivity
01-17 21:08:38.882 D/[WeatherWidget(1115)]  ClearDataReceiver(10608): {[2B4A2AC40B5A9FD87A06E8EADDAC9014E9FDE4C876E280F095B8E06B2CC7EB2AB4FB44564097CB9B92AEC156D3453F240DFECE6DF6F9130A972055AB20F045A40FD58E540B86C1A6CE38A2F44E9980B72C2FFA7EFDD8DAB60334FB652A0463E40857F259EA92CB99552DE3E39F0528D3884F88277C5D0284A5FFB6819307C801]}
01-17 21:08:38.912 E/Zygote  (28061): v2
01-17 21:08:38.912 I/SELinux (28061): Function: selinux_compare_spd_ram, index[1], SPD-policy is existed. and_ver=SEPF_SECMOBILE_6.0.1 ver=11
01-17 21:08:38.912 W/SELinux (28061): Function: selinux_compare_spd_ram, index[1], priority [2], priority version is VE=SEPF_SECMOBILE_6.0.1_0013
01-17 21:08:38.912 E/Zygote  (28061): accessInfo : 0
01-17 21:08:38.912 W/SELinux (28061): SELinux: seapp_context_lookup: seinfo=platform, level=s0:c512,c768, pkgname=com.samsung.android.qconnect 
01-17 21:08:38.942 D/TimaKeyStoreProvider(28061): TimaSignature is unavailable
01-17 21:08:38.942 D/ActivityThread(28061): Added TimaKeyStore provider
01-17 21:08:38.952 I/FIPS_bssl(28034): FIPS approved mode (1) | 28034 | app_process
01-17 21:08:38.962 D/AndroidRuntime(28034): >>>>>> START com.android.internal.os.RuntimeInit uid 2000 <<<<<<
01-17 21:08:38.972 I/InjectionManager(28061): Inside getClassLibPath + mLibMap{0=, 1=}
01-17 21:08:38.972 D/AndroidRuntime(28034): CheckJNI is OFF
01-17 21:08:38.972 D/AndroidRuntime(28034): readGMSProperty: start
01-17 21:08:38.972 D/AndroidRuntime(28034): readGMSProperty: already setted!!
01-17 21:08:38.972 D/AndroidRuntime(28034): propertySet: couldn't set property (it is from app)
01-17 21:08:38.972 D/AndroidRuntime(28034): readGMSProperty: could not set the property(default)!!
01-17 21:08:38.972 D/AndroidRuntime(28034): propertySet: couldn't set property (it is from app)
01-17 21:08:38.972 D/AndroidRuntime(28034): propertySet: couldn't set property (it is from app)
01-17 21:08:38.972 D/AndroidRuntime(28034): propertySet: couldn't set property (it is from app)
01-17 21:08:38.972 D/AndroidRuntime(28034): propertySet: couldn't set property (it is from app)
01-17 21:08:38.972 D/AndroidRuntime(28034): readGMSProperty: end
01-17 21:08:38.972 D/AndroidRuntime(28034): addProductProperty: start
01-17 21:08:38.972 I/InjectionManager(28061): Inside getClassLibPath caller 
01-17 21:08:38.992 W/System  (28061): ClassLoader referenced unknown path: /system/app/QuickConnect_40/lib/arm64
01-17 21:08:38.992 D/InjectionManager(28061): InjectionManager
01-17 21:08:38.992 D/InjectionManager(28061): fillFeatureStoreMap com.samsung.android.qconnect
01-17 21:08:38.992 I/InjectionManager(28061): Constructor com.samsung.android.qconnect, Feature store :{}
01-17 21:08:38.992 I/InjectionManager(28061): featureStore :{}
01-17 21:08:39.012 D/ICU     (28034): No timezone override file found: /data/misc/zoneinfo/current/icu/icu_tzdata.dat
01-17 21:08:39.012 D/qconnect(28061): QcReceiver.onReceive - android.intent.action.PACKAGE_REPLACED
01-17 21:08:39.032 E/Zygote  (28078): v2
01-17 21:08:39.032 I/SELinux (28078): Function: selinux_compare_spd_ram, index[1], SPD-policy is existed. and_ver=SEPF_SECMOBILE_6.0.1 ver=11
01-17 21:08:39.032 W/SELinux (28078): Function: selinux_compare_spd_ram, index[1], priority [2], priority version is VE=SEPF_SECMOBILE_6.0.1_0013
01-17 21:08:39.032 E/Zygote  (28078): accessInfo : 0
01-17 21:08:39.042 I/Radio-JNI(28034): register_android_hardware_Radio DONE
01-17 21:08:39.052 E/AffinityControl(28034): AffinityControl: registerfunction enter
01-17 21:08:39.052 D/TimaKeyStoreProvider(28078): TimaSignature is unavailable
01-17 21:08:39.052 D/ActivityThread(28078): Added TimaKeyStore provider
01-17 21:08:39.062 D/AndroidRuntime(28034): Calling main entry com.android.commands.pm.Pm
01-17 21:08:39.072 I/art     (28034): System.exit called, status: 0
01-17 21:08:39.072 I/AndroidRuntime(28034): VM exiting with result code 0.
01-17 21:08:39.092 I/InjectionManager(28078): Inside getClassLibPath + mLibMap{0=, 1=}
01-17 21:08:39.112 D/KeyguardUpdateMonitor(25375): received broadcast android.intent.action.BATTERY_CHANGED
01-17 21:08:39.112 D/KeyguardUpdateMonitor(25375): handleBatteryUpdate
01-17 21:08:39.112 I/InjectionManager(28078): Inside getClassLibPath caller 
01-17 21:08:39.122 W/System  (28078): ClassLoader referenced unknown path: /system/app/AssistantMenu_M/lib/arm64
01-17 21:08:39.122 D/InjectionManager(28078): InjectionManager
01-17 21:08:39.122 D/InjectionManager(28078): fillFeatureStoreMap com.samsung.android.app.assistantmenu
01-17 21:08:39.142 I/InjectionManager(28078): Constructor com.samsung.android.app.assistantmenu, Feature store :{}
01-17 21:08:39.142 I/InjectionManager(28078): featureStore :{}
01-17 21:08:39.172 D/GlobalConstant(28078): readSalesCode(): menutreeCode=
01-17 21:08:39.172 D/GlobalConstant(28078): getSalesCode(): menutreeCode=OPS
01-17 21:08:39.192 D/ApplicationPolicy(24942): isStatusBarNotificationAllowedAsUser: packageName = com.devuni.flashlight,userId = 0
01-17 21:08:39.252 I/DatabaseHelper(27445): android.app.Application@99d6b61
01-17 21:08:39.252 I/DatabaseHelper(27445): Create a DatabaseHelper
01-17 21:08:39.262 I/SAMSUNGPAY(27471): [SppReceiver] onReceive
01-17 21:08:39.282 I/SAMSUNGPAY(27471): [GcmReceiver] onReceive
01-17 21:08:39.302 D/ReflectUtils(27445): Cannot load field: SEM_INT
01-17 21:08:39.322 I/DataManager(27445): checkResolution
01-17 21:08:39.322 I/DataManager(27445): Create a DataManager
01-17 21:08:39.412 D/PackageManager(24942): setEnabledSetting : userId = 0 packageName = com.google.android.gms cmp = com.google.android.gms.people.pub.PeopleProfileActionGatewayActivity newState = 2 callingPackage = 10013
01-17 21:08:39.462 E/NetworkScheduler.SR(26925): Invalid parameter app
01-17 21:08:39.462 E/NetworkScheduler.SR(26925): Invalid package name : Perhaps you didn't include a PendingIntent in the extras?
01-17 21:08:39.532 I/Icing   (25903): Usage reports 0 indexed 0 rejected 0 imm upload false
01-17 21:08:39.552 E/Zygote  (28109): v2
01-17 21:08:39.552 I/SELinux (28109): Function: selinux_compare_spd_ram, index[1], SPD-policy is existed. and_ver=SEPF_SECMOBILE_6.0.1 ver=11
01-17 21:08:39.552 W/SELinux (28109): Function: selinux_compare_spd_ram, index[1], priority [2], priority version is VE=SEPF_SECMOBILE_6.0.1_0013
01-17 21:08:39.552 E/Zygote  (28109): accessInfo : 0
01-17 21:08:39.552 W/SELinux (28109): SELinux: seapp_context_lookup: seinfo=untrusted, level=s0:c512,c768, pkgname=com.google.android.apps.magazines 
01-17 21:08:39.562 I/Icing   (25903): Usage reports 0 indexed 0 rejected 0 imm upload false
01-17 21:08:39.582 D/TimaKeyStoreProvider(28109): TimaSignature is unavailable
01-17 21:08:39.582 D/ActivityThread(28109): Added TimaKeyStore provider
01-17 21:08:39.602 I/InjectionManager(28109): Inside getClassLibPath + mLibMap{0=, 1=}
01-17 21:08:39.612 I/InjectionManager(28109): Inside getClassLibPath caller 
01-17 21:08:39.632 W/System  (28109): ClassLoader referenced unknown path: /data/app/com.google.android.apps.magazines-2/lib/arm64
01-17 21:08:39.642 I/MultiDex(28109): VM with version 2.1.0 has multidex support
01-17 21:08:39.642 I/MultiDex(28109): install
01-17 21:08:39.642 I/MultiDex(28109): VM has multidex support, MultiDex support library is disabled.
01-17 21:08:39.702 I/GAv4    (28109): Google Analytics 8.4.87 is starting up. To enable debug logging on a device run:
01-17 21:08:39.702 I/GAv4    (28109):   adb shell setprop log.tag.GAv4 DEBUG
01-17 21:08:39.702 I/GAv4    (28109):   adb logcat -s GAv4
01-17 21:08:39.712 W/GAv4    (28109): AnalyticsReceiver is not registered or is disabled. Register the receiver for reliable dispatching on non-Google Play devices. See http://goo.gl/8Rd3yj for instructions.
01-17 21:08:39.722 W/GAv4    (28109): AnalyticsService not registered in the app manifest. Hits might not be delivered reliably. See http://goo.gl/8Rd3yj for instructions.
01-17 21:08:39.852 I/NSApplication(28109): Starting up...
01-17 21:08:39.862 D/InjectionManager(28109): InjectionManager
01-17 21:08:39.862 D/InjectionManager(28109): fillFeatureStoreMap com.google.android.apps.magazines
01-17 21:08:39.862 I/InjectionManager(28109): Constructor com.google.android.apps.magazines, Feature store :{}
01-17 21:08:39.862 I/InjectionManager(28109): featureStore :{}
01-17 21:08:39.872 E/Zygote  (28148): v2
01-17 21:08:39.872 I/SELinux (28148): Function: selinux_compare_spd_ram, index[1], SPD-policy is existed. and_ver=SEPF_SECMOBILE_6.0.1 ver=11
01-17 21:08:39.872 W/SELinux (28148): Function: selinux_compare_spd_ram, index[1], priority [2], priority version is VE=SEPF_SECMOBILE_6.0.1_0013
01-17 21:08:39.872 E/Zygote  (28148): accessInfo : 0
01-17 21:08:39.872 W/SELinux (28148): SELinux: seapp_context_lookup: seinfo=default, level=s0:c512,c768, pkgname=com.sec.android.app.billing 
01-17 21:08:39.892 I/FIPS_bssl(28104): FIPS approved mode (1) | 28104 | app_process
01-17 21:08:39.902 D/NSConnectivityManager(28109): Network type changed to: 8
01-17 21:08:39.902 D/AndroidRuntime(28104): >>>>>> START com.android.internal.os.RuntimeInit uid 2000 <<<<<<
01-17 21:08:39.902 D/AndroidRuntime(28104): CheckJNI is OFF
01-17 21:08:39.902 D/AndroidRuntime(28104): readGMSProperty: start
01-17 21:08:39.902 D/AndroidRuntime(28104): readGMSProperty: already setted!!
01-17 21:08:39.902 D/AndroidRuntime(28104): propertySet: couldn't set property (it is from app)
01-17 21:08:39.902 D/AndroidRuntime(28104): readGMSProperty: could not set the property(default)!!
01-17 21:08:39.902 D/AndroidRuntime(28104): propertySet: couldn't set property (it is from app)
01-17 21:08:39.902 D/AndroidRuntime(28104): propertySet: couldn't set property (it is from app)
01-17 21:08:39.902 D/AndroidRuntime(28104): propertySet: couldn't set property (it is from app)
01-17 21:08:39.902 D/AndroidRuntime(28104): propertySet: couldn't set property (it is from app)
01-17 21:08:39.902 D/AndroidRuntime(28104): readGMSProperty: end
01-17 21:08:39.902 D/AndroidRuntime(28104): addProductProperty: start
01-17 21:08:39.912 D/TimaKeyStoreProvider(28148): TimaSignature is unavailable
01-17 21:08:39.912 D/ActivityThread(28148): Added TimaKeyStore provider
01-17 21:08:39.922 D/ICU     (28104): No timezone override file found: /data/misc/zoneinfo/current/icu/icu_tzdata.dat
01-17 21:08:39.952 I/Radio-JNI(28104): register_android_hardware_Radio DONE
01-17 21:08:39.952 I/InjectionManager(28148): Inside getClassLibPath + mLibMap{0=, 1=}
01-17 21:08:39.962 E/AffinityControl(28104): AffinityControl: registerfunction enter
01-17 21:08:39.962 D/PeopleNotiListenerService(26389): onEdgeNotificationRemoved() : pkg com.google.android.apps.magazines,id=10436,extra=Bundle[mParcelledData.dataSize=84]
01-17 21:08:39.962 D/PeopleNotiListenerService(26389): removeEdgeNotification:Bundle[{samsung.notification.id=10436, samsung.notification.type=normal, samsung.people.package_name=com.google.android.apps.magazines}]
01-17 21:08:39.962 I/PeopleStripeService(26389): PeopleNotificationReceiver:3
01-17 21:08:39.962 I/PeopleStripeService(26389): sendEdgeNotification  peopleEnabled true lightingEnabled true edgeEnabled true
01-17 21:08:39.962 I/PeopleDataManager(26389): removeNotification
01-17 21:08:39.962 I/NotificationParser(26389): getNotiType:com.google.android.apps.magazines,null
01-17 21:08:39.962 D/PeopleDataManager(26389): removeNotiInfo: id =10436,packageName=com.google.android.apps.magazines,isEdgeNotification=false,key=null,removeAll=false
01-17 21:08:39.962 D/PeopleDataManager(26389): removeNotiInfo =null
01-17 21:08:39.962 I/InjectionManager(28148): Inside getClassLibPath caller 
01-17 21:08:39.972 W/System  (28148): ClassLoader referenced unknown path: /data/app/com.sec.android.app.billing-2/lib/arm64
01-17 21:08:39.972 D/AndroidRuntime(28104): Calling main entry com.android.commands.pm.Pm
01-17 21:08:39.972 I/art     (28104): System.exit called, status: 0
01-17 21:08:39.972 I/AndroidRuntime(28104): VM exiting with result code 0.
01-17 21:08:39.982 D/IAPApplication(28148): ApplicationInit onCreate()
01-17 21:08:40.012 W/a       (28148): SamsungApps PurchaseProtectionSetting is not exist!
01-17 21:08:40.012 I/a       (28148): SamsungApps PurchaseProtectionSetting : 0
01-17 21:08:40.012 D/InjectionManager(28148): InjectionManager
01-17 21:08:40.012 D/InjectionManager(28148): fillFeatureStoreMap com.sec.android.app.billing
01-17 21:08:40.012 I/InjectionManager(28148): Constructor com.sec.android.app.billing, Feature store :{}
01-17 21:08:40.012 I/InjectionManager(28148): featureStore :{}
01-17 21:08:40.012 V/IapReceiver(28148): onReceive      intent.getAction() :   android.intent.action.PACKAGE_REPLACED
01-17 21:08:40.012 V/IapReceiver(28148): IAP INSTALL COMPLETE
01-17 21:08:40.052 E/Zygote  (28180): v2
01-17 21:08:40.052 I/SELinux (28180): Function: selinux_compare_spd_ram, index[1], SPD-policy is existed. and_ver=SEPF_SECMOBILE_6.0.1 ver=11
01-17 21:08:40.052 W/SELinux (28180): Function: selinux_compare_spd_ram, index[1], priority [2], priority version is VE=SEPF_SECMOBILE_6.0.1_0013
01-17 21:08:40.052 E/Zygote  (28180): accessInfo : 0
01-17 21:08:40.052 W/SELinux (28180): SELinux: seapp_context_lookup: seinfo=default, level=s0:c512,c768, pkgname=com.instagram.android 
01-17 21:08:40.062 D/TimaKeyStoreProvider(28180): TimaSignature is unavailable
01-17 21:08:40.062 D/ActivityThread(28180): Added TimaKeyStore provider
01-17 21:08:40.072 I/NetworkQualityMonitor(28109): Updated PredictedNetworkQuality to com.google.android.gms.herrevad.PredictedNetworkQuality[
01-17 21:08:40.072 I/NetworkQualityMonitor(28109): networkType: 1
01-17 21:08:40.072 I/NetworkQualityMonitor(28109): predictedLatencyMicros: 10718790
01-17 21:08:40.072 I/NetworkQualityMonitor(28109): predictedDownThroughputBps: 3165659
01-17 21:08:40.072 I/NetworkQualityMonitor(28109): predictedUpThroughputBps: -1
01-17 21:08:40.072 I/NetworkQualityMonitor(28109): ]
01-17 21:08:40.082 I/InjectionManager(28180): Inside getClassLibPath + mLibMap{0=, 1=}
01-17 21:08:40.082 I/art     (24942): Background partial concurrent mark sweep GC freed 74283(3MB) AllocSpace objects, 4(80KB) LOS objects, 24% free, 48MB/64MB, paused 1.721ms total 176.458ms
01-17 21:08:40.082 I/InjectionManager(28180): Inside getClassLibPath caller 
01-17 21:08:40.212 I/IgDiscardableRuntime(28180): JNI_OnLoad
01-17 21:08:40.232 D/InjectionManager(28180): InjectionManager
01-17 21:08:40.232 D/InjectionManager(28180): fillFeatureStoreMap com.instagram.android
01-17 21:08:40.232 I/InjectionManager(28180): Constructor com.instagram.android, Feature store :{}
01-17 21:08:40.232 I/InjectionManager(28180): featureStore :{}
01-17 21:08:40.242 E/Zygote  (28254): v2
01-17 21:08:40.242 I/SELinux (28254): Function: selinux_compare_spd_ram, index[1], SPD-policy is existed. and_ver=SEPF_SECMOBILE_6.0.1 ver=11
01-17 21:08:40.242 W/SELinux (28254): Function: selinux_compare_spd_ram, index[1], priority [2], priority version is VE=SEPF_SECMOBILE_6.0.1_0013
01-17 21:08:40.242 E/Zygote  (28254): accessInfo : 0
01-17 21:08:40.242 W/SELinux (28254): SELinux: seapp_context_lookup: seinfo=default, level=s0:c512,c768, pkgname=com.shazam.android 
01-17 21:08:40.242 W/ColdStartPerformanceTracer(28180): .                   TOTAL   THREAD
01-17 21:08:40.242 W/ColdStartPerformanceTracer(28180): ____0 00.000 Start    ...     ...   ColdStartPerformanceTracer
01-17 21:08:40.242 W/ColdStartPerformanceTracer(28180): __117 00.117 Done __117 ms ___85 ms ColdStartPerformanceTracer
01-17 21:08:40.242 D/PackageManager(24942): setEnabledSetting : userId = 0 packageName = com.instagram.android cmp = com.instagram.push.fbns.FbnsInitBroadcastReceiver newState = 1 callingPackage = 10218
01-17 21:08:40.252 D/TimaKeyStoreProvider(28254): TimaSignature is unavailable
01-17 21:08:40.252 D/ActivityThread(28254): Added TimaKeyStore provider
01-17 21:08:40.272 I/InjectionManager(28254): Inside getClassLibPath + mLibMap{0=, 1=}
01-17 21:08:40.282 D/PackageManager(24942): setEnabledSetting : userId = 0 packageName = com.instagram.android cmp = com.facebook.rti.push.service.FbnsService newState = 1 callingPackage = 10218
01-17 21:08:40.282 I/InjectionManager(28254): Inside getClassLibPath caller 
01-17 21:08:40.382 I/InjectionManager(28254): Inside getClassLibPath caller 
01-17 21:08:40.462 W/DynamiteLoaderImpl(28254): Failed to load module version: module com.google.android.gms.flags not found
01-17 21:08:40.562 I/Icing   (25903): Indexing EA30D2997FB394195CD772C0E64F115FB661A9A8 from com.google.android.gms
01-17 21:08:40.562 W/DynamiteLoaderImpl(28254): Failed to load module version after staging: module com.google.android.gms.flags not found
01-17 21:08:40.712 I/Icing   (25903): Indexing done EA30D2997FB394195CD772C0E64F115FB661A9A8
01-17 21:08:40.722 I/dex2oat (28277): /system/bin/dex2oat --compiler-filter=speed --dex-file=/data/data/com.google.android.gms/app_chimera/m/00000013/DynamiteModulesC_GmsCore_prodmnc_alldpi_release.apk --oat-file=/data/dalvik-cache/arm/data@data@com.google.android.gms@app_chimera@m@00000013@DynamiteModulesC_GmsCore_prodmnc_alldpi_release.apk@classes.dex
01-17 21:08:40.722 E/dex2oat (28277): Failed to create oat file: /data/dalvik-cache/arm/data@data@com.google.android.gms@app_chimera@m@00000013@DynamiteModulesC_GmsCore_prodmnc_alldpi_release.apk@classes.dex: Permission denied
01-17 21:08:40.722 I/dex2oat (28277): dex2oat took 2.401ms (threads: 4) 
01-17 21:08:40.732 W/art     (28254): Failed execv(/system/bin/dex2oat --runtime-arg -classpath --runtime-arg  --instruction-set=arm --instruction-set-features=smp,div,atomic_ldrd_strd --runtime-arg -Xrelocate --boot-image=/system/framework/boot.art --runtime-arg -Xms64m --runtime-arg -Xmx512m --compiler-filter=speed --instruction-set-variant=cortex-a15 --instruction-set-features=default --dex-file=/data/data/com.google.android.gms/app_chimera/m/00000013/DynamiteModulesC_GmsCore_prodmnc_alldpi_release.apk --oat-file=/data/dalvik-cache/arm/data@data@com.google.android.gms@app_chimera@m@00000013@DynamiteModulesC_GmsCore_prodmnc_alldpi_release.apk@classes.dex) because non-0 exit status
01-17 21:08:40.832 W/System  (28254): ClassLoader referenced unknown path: /data/user/0/com.google.android.gms/app_chimera/m/00000013/n/armeabi-v7a
01-17 21:08:40.832 W/System  (28254): ClassLoader referenced unknown path: /data/user/0/com.google.android.gms/app_chimera/m/00000013/n/armeabi
01-17 21:08:40.862 I/FirebaseCrashApiImpl(28254): FirebaseCrashApiImpl created by ClassLoader com.google.android.chimera.container.internal.DelegateLastPathClassLoader[DexPathList[[zip file "/data/data/com.google.android.gms/app_chimera/m/00000013/DynamiteModulesC_GmsCore_prodmnc_alldpi_release.apk"],nativeLibraryDirectories=[/data/user/0/com.google.android.gms/app_chimera/m/00000013/n/armeabi-v7a, /data/user/0/com.google.android.gms/app_chimera/m/00000013/n/armeabi, /vendor/lib, /system/lib]]]
01-17 21:08:40.882 W/ModuleProvider(25903): Failed to load module version: 
01-17 21:08:40.882 W/ModuleProvider(25903): java.lang.IllegalArgumentException: module com.google.android.gms.flags not found
01-17 21:08:40.882 W/ModuleProvider(25903): 	at com.google.android.chimera.container.ConfigurationManager.getModuleVersion(:com.google.android.gms:564)
01-17 21:08:40.882 W/ModuleProvider(25903): 	at com.google.android.gms.chimera.container.ModuleProvider.query(:com.google.android.gms:1103)
01-17 21:08:40.882 W/ModuleProvider(25903): 	at android.content.ContentProvider.query(ContentProvider.java:1058)
01-17 21:08:40.882 W/ModuleProvider(25903): 	at android.content.ContentProvider$Transport.query(ContentProvider.java:245)
01-17 21:08:40.882 W/ModuleProvider(25903): 	at android.content.ContentProviderNative.onTransact(ContentProviderNative.java:112)
01-17 21:08:40.882 W/ModuleProvider(25903): 	at android.os.Binder.execTransact(Binder.java:453)
01-17 21:08:40.922 W/ModuleProvider(25903): Failed to load module version after staging APKs
01-17 21:08:40.922 W/ModuleProvider(25903): java.lang.IllegalArgumentException: module com.google.android.gms.flags not found
01-17 21:08:40.922 W/ModuleProvider(25903): 	at com.google.android.chimera.container.ConfigurationManager.getModuleVersion(:com.google.android.gms:564)
01-17 21:08:40.922 W/ModuleProvider(25903): 	at com.google.android.gms.chimera.container.ModuleProvider.query(:com.google.android.gms:1110)
01-17 21:08:40.922 W/ModuleProvider(25903): 	at android.content.ContentProvider.query(ContentProvider.java:1058)
01-17 21:08:40.922 W/ModuleProvider(25903): 	at android.content.ContentProvider$Transport.query(ContentProvider.java:245)
01-17 21:08:40.922 W/ModuleProvider(25903): 	at android.content.ContentProviderNative.onTransact(ContentProviderNative.java:112)
01-17 21:08:40.922 W/ModuleProvider(25903): 	at android.os.Binder.execTransact(Binder.java:453)
01-17 21:08:40.922 I/DynamiteModule(28254): Considering local module com.google.android.gms.flags:2 and remote module com.google.android.gms.flags:0
01-17 21:08:40.922 I/DynamiteModule(28254): Selected local version of com.google.android.gms.flags
01-17 21:08:40.952 W/DynamiteModule(28254): Local module descriptor class for com.google.android.gms.crash not found.
01-17 21:08:40.952 I/InjectionManager(28254): Inside getClassLibPath caller 
01-17 21:08:41.022 I/FA      (28254): App measurement is starting up, version: 9877
01-17 21:08:41.022 I/FA      (28254): To enable debug logging run: adb shell setprop log.tag.FA VERBOSE
01-17 21:08:41.022 D/FA      (28254): Debug-level message logging enabled
01-17 21:08:41.022 D/FA      (28254): AppMeasurement singleton hash: 187210836
01-17 21:08:41.032 V/FA      (28254): Collection enabled
01-17 21:08:41.032 V/FA      (28254): App package, google app id: com.shazam.android, 1:1020531999467:android:ce43f79543f40b2e
01-17 21:08:41.032 I/FA      (28254): To enable faster debug mode event logging run:
01-17 21:08:41.032 I/FA      (28254):   adb shell setprop firebase.analytics.debug-mode com.shazam.android
01-17 21:08:41.052 V/FA      (28254): Registered activity lifecycle callback
01-17 21:08:41.062 V/FA      (28254): Using local app measurement service
01-17 21:08:41.222 W/System.err(28254): remove failed: ENOENT (No such file or directory) : /data/user/0/com.shazam.android/files/AppEventsLogger.persistedevents
01-17 21:08:41.242 I/System.out(28254): (HTTPLog)-Static: isSBSettingEnabled false
01-17 21:08:41.242 I/System.out(28254): (HTTPLog)-Static: isSBSettingEnabled false
01-17 21:08:41.272 D/EnterpriseController(24802): netId is 0
01-17 21:08:41.272 D/Netd    (24802): getNetworkForDns: using netid 508 for uid 10202
01-17 21:08:41.332 D/InjectionManager(28254): InjectionManager
01-17 21:08:41.332 D/InjectionManager(28254): fillFeatureStoreMap com.shazam.android
01-17 21:08:41.332 I/InjectionManager(28254): Constructor com.shazam.android, Feature store :{}
01-17 21:08:41.332 I/InjectionManager(28254): featureStore :{}
01-17 21:08:41.362 V/FA      (28254): Local AppMeasurementService is starting up
01-17 21:08:41.392 E/Zygote  (28308): v2
01-17 21:08:41.402 I/SELinux (28308): Function: selinux_compare_spd_ram, index[1], SPD-policy is existed. and_ver=SEPF_SECMOBILE_6.0.1 ver=11
01-17 21:08:41.402 W/SELinux (28308): Function: selinux_compare_spd_ram, index[1], priority [2], priority version is VE=SEPF_SECMOBILE_6.0.1_0013
01-17 21:08:41.402 E/Zygote  (28308): accessInfo : 0
01-17 21:08:41.402 W/SELinux (28308): SELinux: seapp_context_lookup: seinfo=default, level=s0:c512,c768, pkgname=org.thoughtcrime.securesms 
01-17 21:08:41.422 W/Settings(28254): Setting location_providers_allowed has moved from android.provider.Settings.System to android.provider.Settings.Secure, returning read-only value.
01-17 21:08:41.432 V/FA      (28254): Bound to IMeasurementService interface
01-17 21:08:41.432 V/FA      (28254): Connected to service
01-17 21:08:41.432 V/FA      (28254): Processing queued up service tasks: 1
01-17 21:08:41.432 D/TimaKeyStoreProvider(28308): TimaSignature is unavailable
01-17 21:08:41.432 D/ActivityThread(28308): Added TimaKeyStore provider
01-17 21:08:41.472 I/FA      (28254): This instance being marked as an uploader
01-17 21:08:41.482 I/InjectionManager(28308): Inside getClassLibPath + mLibMap{0=, 1=}
01-17 21:08:41.492 I/InjectionManager(28308): Inside getClassLibPath caller 
01-17 21:08:41.552 I/MultiDex(28308): VM with version 2.1.0 has multidex support
01-17 21:08:41.552 I/MultiDex(28308): install
01-17 21:08:41.552 I/MultiDex(28308): VM has multidex support, MultiDex support library is disabled.
01-17 21:08:41.562 W/PartProvider(28308): onCreate()
01-17 21:08:41.672 W/PersistentAlarmManagerListener(28308): class org.thoughtcrime.securesms.service.RotateSignedPreKeyListener scheduling for: 1484764823164
01-17 21:08:41.682 W/PersistentAlarmManagerListener(28308): class org.thoughtcrime.securesms.service.DirectoryRefreshListener scheduling for: 1484758509260
01-17 21:08:41.682 D/InjectionManager(28308): InjectionManager
01-17 21:08:41.682 D/InjectionManager(28308): fillFeatureStoreMap org.thoughtcrime.securesms
01-17 21:08:41.682 I/InjectionManager(28308): Constructor org.thoughtcrime.securesms, Feature store :{}
01-17 21:08:41.682 I/InjectionManager(28308): featureStore :{}
01-17 21:08:41.702 V/MediaPlayerService(24834): Create new media retriever from pid 28211
01-17 21:08:41.742 I/OggExtractor(24834): ~OggExtractor ++
01-17 21:08:41.742 I/OggExtractor(24834): ~MyOggExtractor ++ 
01-17 21:08:41.742 I/OggExtractor(24834): ~MyOggExtractor --
01-17 21:08:41.742 I/OggExtractor(24834): ~OggExtractor --
01-17 21:08:41.792 E/Zygote  (28339): v2
01-17 21:08:41.792 I/SELinux (28339): Function: selinux_compare_spd_ram, index[1], SPD-policy is existed. and_ver=SEPF_SECMOBILE_6.0.1 ver=11
01-17 21:08:41.792 W/SELinux (28339): Function: selinux_compare_spd_ram, index[1], priority [2], priority version is VE=SEPF_SECMOBILE_6.0.1_0013
01-17 21:08:41.792 E/Zygote  (28339): accessInfo : 0
01-17 21:08:41.792 W/SELinux (28339): SELinux: seapp_context_lookup: seinfo=release, level=s0:c512,c768, pkgname=com.sec.android.app.shealth 
01-17 21:08:41.822 D/TimaKeyStoreProvider(28339): TimaSignature is unavailable
01-17 21:08:41.822 D/ActivityThread(28339): Added TimaKeyStore provider
01-17 21:08:41.852 I/InjectionManager(28339): Inside getClassLibPath + mLibMap{0=, 1=}
01-17 21:08:41.862 I/InjectionManager(28339): Inside getClassLibPath caller 
01-17 21:08:41.892 I/MultiDex(28339): VM with version 2.1.0 has multidex support
01-17 21:08:41.892 I/MultiDex(28339): install
01-17 21:08:41.892 I/MultiDex(28339): VM has multidex support, MultiDex support library is disabled.
01-17 21:08:41.892 I/MultiDex(28339): install
01-17 21:08:41.892 I/MultiDex(28339): VM has multidex support, MultiDex support library is disabled.
01-17 21:08:41.902 D/S HEALTH - MultiprocessSharedPreferencesProviderForSDK(28339): onCreate() - ContextHolder.getContext() is Null
01-17 21:08:42.042 I/ApiInterface(28339): Context is null: isSemAvailable: false
01-17 21:08:42.042 D/Interface SE-SDL(28339): Log
01-17 21:08:42.042 I/ApiInterface(28339): isSemAvailable: false
01-17 21:08:42.052 D/Interface SE-SDL(28339): SystemProperties
01-17 21:08:42.052 I/ApiInterface(28339): Context is null: isSemAvailable: false
01-17 21:08:42.052 D/Interface SE-SDL(28339): FloatingFeature
01-17 21:08:42.052 I/ApiInterface(28339): isSemAvailable: false
01-17 21:08:42.052 D/LibSDL Log(28339): SEC_LOG - true
01-17 21:08:42.062 D/Interface SE-SDL(28339): MultiSimManager
01-17 21:08:42.062 I/ApiInterface(28339): isSemAvailable: false
01-17 21:08:42.132 D/InjectionManager(28339): InjectionManager
01-17 21:08:42.132 D/InjectionManager(28339): fillFeatureStoreMap com.sec.android.app.shealth
01-17 21:08:42.132 I/InjectionManager(28339): Constructor com.sec.android.app.shealth, Feature store :{}
01-17 21:08:42.132 I/InjectionManager(28339): featureStore :{}
01-17 21:08:42.142 D/HealthDataStore(28339): Service for HealthDataStore is connected
01-17 21:08:42.142 D/HealthDataStore(28339): HealthConnectionErrorResult code : 9
01-17 21:08:42.162 D/HealthConsole(28339): Service for HealthDataConsole is connected
01-17 21:08:42.162 D/HealthDataStore(28339): Trying to connect with Health Service fails (error code: 9)
01-17 21:08:42.162 E/HealthDataStore(28339): disconnectService: Context instance is invalid
01-17 21:08:42.522 E/Zygote  (28377): v2
01-17 21:08:42.522 I/SELinux (28377): Function: selinux_compare_spd_ram, index[1], SPD-policy is existed. and_ver=SEPF_SECMOBILE_6.0.1 ver=11
01-17 21:08:42.522 W/SELinux (28377): Function: selinux_compare_spd_ram, index[1], priority [2], priority version is VE=SEPF_SECMOBILE_6.0.1_0013
01-17 21:08:42.522 E/Zygote  (28377): accessInfo : 0
01-17 21:08:42.552 D/TimaKeyStoreProvider(28377): TimaSignature is unavailable
01-17 21:08:42.552 D/ActivityThread(28377): Added TimaKeyStore provider
01-17 21:08:42.572 I/InjectionManager(28377): Inside getClassLibPath + mLibMap{0=, 1=}
01-17 21:08:42.592 I/InjectionManager(28377): Inside getClassLibPath caller 
01-17 21:08:42.622 D/InjectionManager(28377): InjectionManager
01-17 21:08:42.622 D/InjectionManager(28377): fillFeatureStoreMap com.samsung.android.sm
01-17 21:08:42.622 I/InjectionManager(28377): Constructor com.samsung.android.sm, Feature store :{}
01-17 21:08:42.622 I/InjectionManager(28377): featureStore :{}
01-17 21:08:42.642 E/Zygote  (28393): v2
01-17 21:08:42.642 I/SELinux (28393): Function: selinux_compare_spd_ram, index[1], SPD-policy is existed. and_ver=SEPF_SECMOBILE_6.0.1 ver=11
01-17 21:08:42.642 W/SELinux (28393): Function: selinux_compare_spd_ram, index[1], priority [2], priority version is VE=SEPF_SECMOBILE_6.0.1_0013
01-17 21:08:42.642 E/Zygote  (28393): accessInfo : 0
01-17 21:08:42.642 W/SELinux (28393): SELinux: seapp_context_lookup: seinfo=platform, level=s0:c512,c768, pkgname=com.samsung.android.sm.devicesecurity 
01-17 21:08:42.672 D/TimaKeyStoreProvider(28393): TimaSignature is unavailable
01-17 21:08:42.672 D/ActivityThread(28393): Added TimaKeyStore provider
01-17 21:08:42.702 I/InjectionManager(28393): Inside getClassLibPath + mLibMap{0=, 1=}
01-17 21:08:42.712 I/InjectionManager(28393): Inside getClassLibPath caller 
01-17 21:08:42.712 W/System  (28393): ClassLoader referenced unknown path: /system/priv-app/SmartManager_v3_DeviceSecurity/lib/arm64
01-17 21:08:42.732 D/InjectionManager(28393): InjectionManager
01-17 21:08:42.732 D/InjectionManager(28393): fillFeatureStoreMap com.samsung.android.sm.devicesecurity
01-17 21:08:42.732 I/InjectionManager(28393): Constructor com.samsung.android.sm.devicesecurity, Feature store :{}
01-17 21:08:42.732 I/InjectionManager(28393): featureStore :{}
01-17 21:08:42.792 D/HealthDataStore(27691): Service for HealthDataStore is connected
01-17 21:08:42.792 D/HealthDataStore(27691): HealthConnectionErrorResult code : 9
01-17 21:08:42.812 D/HealthDataStore(27691): Trying to connect with Health Service fails (error code: 9)
01-17 21:08:42.812 E/HealthDataStore(27691): disconnectService: Context instance is invalid
01-17 21:08:46.432 D/ConnectivityManager(28180): requestNetwork; getAppId(CallingUid) : 10218, CallingPid : 28180
01-17 21:08:46.462 D/ActivityManager(24942): The following uid has registered to recieve broadcast for proxy related updates 10218
01-17 21:08:46.482 D/EnterpriseController(24802): netId is 0
01-17 21:08:46.482 D/Netd    (24802): getNetworkForDns: using netid 508 for uid 10218
01-17 21:08:46.502 V/FA      (28254): onUnbind called for intent. action: com.google.android.gms.measurement.START
01-17 21:08:46.502 V/FA      (28254): Local AppMeasurementService is shutting down
01-17 21:08:49.172 D/KeyguardUpdateMonitor(25375): received broadcast android.intent.action.BATTERY_CHANGED
01-17 21:08:49.192 D/ApplicationPolicy(24942): isStatusBarNotificationAllowedAsUser: packageName = com.android.systemui,userId = -1
01-17 21:08:49.202 D/KeyguardUpdateMonitor(25375): handleBatteryUpdate
01-17 21:08:49.242 D/CatchNotificationsService(26362): onNotificationPosted
01-17 21:08:49.262 E/Zygote  (28420): v2
01-17 21:08:49.272 I/SELinux (28420): Function: selinux_compare_spd_ram, index[1], SPD-policy is existed. and_ver=SEPF_SECMOBILE_6.0.1 ver=11
01-17 21:08:49.272 W/SELinux (28420): Function: selinux_compare_spd_ram, index[1], priority [2], priority version is VE=SEPF_SECMOBILE_6.0.1_0013
01-17 21:08:49.272 E/Zygote  (28420): accessInfo : 0
01-17 21:08:49.272 W/SELinux (28420): SELinux: seapp_context_lookup: seinfo=platform, level=s0:c512,c768, pkgname=com.sec.android.provider.badge 
01-17 21:08:49.272 D/PhoneStatusBar(25375): setAreThereNotifications: N=6 any=true clearable=true
01-17 21:08:49.292 D/ApplicationPolicy(24942): isStatusBarNotificationAllowedAsUser: packageName = com.devuni.flashlight,userId = 0
01-17 21:08:49.302 D/TimaKeyStoreProvider(28420): TimaSignature is unavailable
01-17 21:08:49.302 D/ActivityThread(28420): Added TimaKeyStore provider
01-17 21:08:49.332 I/InjectionManager(28420): Inside getClassLibPath + mLibMap{0=, 1=}
01-17 21:08:49.352 I/InjectionManager(28420): Inside getClassLibPath caller 
01-17 21:08:49.362 W/System  (28420): ClassLoader referenced unknown path: /system/priv-app/BadgeProvider_M/lib/arm64
01-17 21:08:49.362 D/BadgeProvider(28420): onCreate
01-17 21:08:49.362 D/BadgeProvider(28420): DatabaseHelper
01-17 21:08:49.362 D/InjectionManager(28420): InjectionManager
