01-17 21:16:04.132  1533  1533 D Log     : clearBuffers 1
01-17 21:16:04.132  1533  1533 D Log     : clearBuffers 2
01-17 21:16:04.132 24834 25122 I audio_hw_primary: do_out_standby +
01-17 21:16:04.132 24834 25122 D audio_hw_primary: [MAXIM] NO DSM LOG 0
01-17 21:16:04.132  3006  3006 D libEGL  : eglTerminate EGLDisplay = 0x7ff90986d8
01-17 21:16:04.142 24942 25289 I AppOps  : sendInfoToFLP, code=41 , uid=10534 , packageName=com.menny.android.anysoftkeyboard , type=startOp
01-17 21:16:04.142  1533  1533 D Network : Network
01-17 21:16:04.142  1533  1533 D Log     : We are in saveBuffer line 235
01-17 21:16:04.142  1533  1533 D Log     : this is in write to file, LogManager
01-17 21:16:04.142  1533  1533 D Log     : clearBuffers 3
01-17 21:16:04.142  1533  1533 D TextEntryState: State = START
01-17 21:16:04.152 24834 25122 D audio_hw_primary: output_devices devices:0
01-17 21:16:04.152 24834 25122 D audio_hw_primary: output_devices devices:0
01-17 21:16:04.152 24834 25122 V audio_hw_primary: select_devices output_scenario:-1 input_scenario:-1 out_snd_device 0x0 in_snd_device:0x0
01-17 21:16:04.152 24834 25122 I audio_hw_primary: set_spk_rx_mute mute(1), rx val=0
01-17 21:16:04.152 24834 25122 I audio_route: 
01-17 21:16:04.152 24834 25122 I audio_route: > audio_route_reset :
01-17 21:16:04.152 24834 25122 I audio_route: 
01-17 21:16:04.152 24834 25122 I audio_route: > audio_route_update_mixer : +
01-17 21:16:04.152 24834 25122 I audio_route: > audio_route_update_mixer : changed(7) -
01-17 21:16:04.152 24834 25122 I audio_hw_primary: select_devices - 
01-17 21:16:04.152 24834 25122 I audio_hw_primary: do_out_standby -
01-17 21:16:04.172 24942 26547 I AppOps  : sendInfoToFLP, code=12 , uid=10013 , packageName=com.google.android.gms , type=noteOp
01-17 21:16:04.192 24942 25294 W CAE     : setCAProperty(ContextAwareService.java:578) - [setProperty 01] Mutex is locked for ANY_MOTION_DETECTOR_RUNNER
01-17 21:16:04.192 24942 25294 I CAE     : sendCmdToSensorHub(SensorHubCommManager.java:162) - -72, 58, 1, 0,
01-17 21:16:04.192 24942 25294 D SensorHubManager: SendSensorHubData: send data = -72, 58, 1, 0
01-17 21:16:04.192  4857  4857 D Sensorhubs: sendContextData: -72, 58, 1, 0
01-17 21:16:04.192 24942 25294 I CAE     : setCAProperty(ContextAwareService.java:583) - result : true
01-17 21:16:04.192 24942 25294 W CAE     : setCAProperty(ContextAwareService.java:584) - [setProperty 02] Mutex is unlocked for ANY_MOTION_DETECTOR_RUNNER
01-17 21:16:04.192 24942 25294 D SContextService: requestToUpdate() : service = Any Motion Detector
01-17 21:16:04.192 24942 25294 D SContextManager:   .requestToUpdate : listener = com.samsung.android.server.wifi.WifiScanController$2@539bd3f, service=Any Motion Detector
01-17 21:16:04.202  4857  4900 D Sensorhubs: readContextData: 1, 1, 58, 1
01-17 21:16:04.202 24942 25258 D SensorHubManager: onGetSensorHubDataLocked: library(4) = 1, 1, 58, 1
01-17 21:16:04.202 24942 25257 D CAE     : onGetSensorHubData(SensorHubParserProvider.java:92) - onGetSensorHubData Event [event buffer len :4], AP_WAKEUP
01-17 21:16:04.202 24942 25257 I CAE     : parse(SensorHubParserProvider.java:188) - buffer size = 4
01-17 21:16:04.202 24942 25257 I CAE     : parse(SensorHubParserProvider.java:199) - 1, 1, 58, 1,
01-17 21:16:04.202 24942 25257 D CAE     : display(ContextProvider.java:375) - ================= ANY_MOTION_DETECTOR_RUNNER =================
01-17 21:16:04.202 24942 25257 I CAE     : display(ContextProvider.java:391) - Action=[1]
01-17 21:16:04.202 24942 25260 D SContextService: updateSContext() : event = Any Motion Detector
01-17 21:16:04.262 24942 25762 V WindowStateAnimator: Finishing drawing window Window{8608756 u0 d0 com.android.settings/com.android.settings.Settings}: mDrawState=HAS_DRAWN
01-17 21:16:04.272  3006  3006 D libEGL  : eglInitialize EGLDisplay = 0x7ff90985a8
01-17 21:16:04.272  1554  1554 I Timeline: Timeline: Activity_idle id: android.os.BinderProxy@8bdad5b time:241937684
01-17 21:16:04.272 26521 26521 D Launcher.HomeView: onStop
01-17 21:16:04.272 26521 26521 D capture : ----destroy
01-17 21:16:04.282  3006  3006 D libEGL  : eglInitialize EGLDisplay = 0x7ff90985a8
01-17 21:16:04.292 24942 25294 D WifiStateMachine: CMD_START_SCAN : scanLog.mLast - 1484716564174, scanLog.mStartTimeForBigdata - 1484714232966
01-17 21:16:04.292 24942 25294 D WifiStateMachine: CMD_START_SCAN : scanLog.mCountForBigdata - 36
01-17 21:16:04.292 25331 25331 I wpa_supplicant: wlan0: Setting scan request: 0 sec 0 usec
01-17 21:16:04.302 26521 26521 D Launcher: onTrimMemory. Level: 20
01-17 21:16:04.302 25331 25331 I wpa_supplicant: P2P: Current p2p state = IDLE
01-17 21:16:04.312 25331 25331 I wpa_supplicant: Scan requested (ret=0) - scan timeout 30 seconds
01-17 21:16:04.322 24942 24951 I art     : Background partial concurrent mark sweep GC freed 78424(4MB) AllocSpace objects, 11(220KB) LOS objects, 24% free, 48MB/64MB, paused 3.010ms total 181.698ms
01-17 21:16:04.472 27420  1591 I SubscribedFeeds: Received message
01-17 21:16:04.482 24942 25421 W System.err: remove failed: ENOENT (No such file or directory) : /data/system/sync/pending.xml.bak
01-17 21:16:04.512 24942 25017 D ViewRootImpl: #1 mView = com.android.internal.policy.PhoneWindow$DecorView{a488f19 V.E...... R.....ID 0,0-0,0}
01-17 21:16:04.512 24942 25017 D ISSUE_DEBUG: InputChannelName : 185d1bf Starting com.menny.android.anysoftkeyboard
01-17 21:16:04.522  3006  3006 I SurfaceFlinger: id=4372 createSurf (1x1),1 flag=404, bnysoftkeyb
01-17 21:16:04.542 24942 25017 D ViewRootImpl: MSG_RESIZED_REPORT: ci=Rect(0, 96 - 0, 0) vi=Rect(0, 96 - 0, 0) or=1
01-17 21:16:04.542 24942 25255 D InputDispatcher: Focused application set to: xxxx
01-17 21:16:04.542 24942 25255 D InputDispatcher: Focus left window: 1554
01-17 21:16:04.552  1554  1554 E AccessibilityManager: assistantMenuUpdate invoking from manager:
01-17 21:16:04.552 24942 25515 D SensorService: SensorEventConnection::SocketBufferSize, SystemSocketBufferSize - 102400, 2097152
01-17 21:16:04.552 24942 26557 E Sensors : Pressure old sensor_state 278528, new sensor_state : 278560 en : 1
01-17 21:16:04.552 24942 25421 D ApplicationPolicy: isStatusBarNotificationAllowedAsUser: packageName = com.menny.android.anysoftkeyboard,userId = 0
01-17 21:16:04.552 26925 26925 D SensorManager: registerListener :: 4, LPS25H Barometer Sensor, 0, 0,  
01-17 21:16:04.572 24942 24942 E MotionRecognitionService: enable_sensor 
01-17 21:16:04.572 24942 24942 D MotionEngine: [MotionEngine]->Build Binary Type(user):0
01-17 21:16:04.572 24942 24942 D MotionEngine: [@@@ Motion Engine @@@] InitializeMotionManager ALL, DPS setting 1
01-17 21:16:04.572 24942 24942 D MREngine: [@@@@@SR Motion Engine @@@] CRM Initialize!!!!!
01-17 21:16:04.572 24942 24942 D MotionEngine: [@@@SR Motion Engine @@@] init
01-17 21:16:04.572 24942 24942 E MotionRecognitionService: setMotionCMD 300
01-17 21:16:04.572 24942 24942 I Sensors : Acc old sensor_state 278560, new sensor_state : 278561 en : 1
01-17 21:16:04.582 25375  1593 V MediaPlayer-JNI: native_setup
01-17 21:16:04.582 25375  1593 V MediaPlayer: constructor
01-17 21:16:04.582 24942 25017 V WindowStateAnimator: Finishing drawing window Window{185d1bf u0 d0 Starting com.menny.android.anysoftkeyboard}: mDrawState=DRAW_PENDING
01-17 21:16:04.582 24942 25017 D PointerIcon: setMouseIconStyle1 pointerType: 1001 iconType:101 flag:0 pid:24942 uid:1000
01-17 21:16:04.582 24942 25017 D PointerIcon: setMouseCustomIcon IconType is same.101
01-17 21:16:04.582 24942 24942 E MotionRecognitionService: setMotionCMD 302
01-17 21:16:04.582 24942 24942 I Sensors : Gyro old sensor_state 278561, new sensor_state : 278563 en : 1
01-17 21:16:04.582 25375  1593 V MediaPlayer: setListener
01-17 21:16:04.582 25375  1593 V MediaPlayer-JNI: setParameter: key 1400
01-17 21:16:04.582 25375  1593 V MediaPlayer: MediaPlayer::setParameter(1400)
01-17 21:16:04.582 25375  1593 V MediaPlayer-JNI: setAudioStreamType: 5
01-17 21:16:04.582 25375  1593 V MediaPlayer: MediaPlayer::setAudioStreamType
01-17 21:16:04.582 25375  1593 D RingtoneManager: getActualDefaultRingtoneUri  type    :2
01-17 21:16:04.592  3006  3006 D libEGL  : eglInitialize EGLDisplay = 0x7ff90985a8
01-17 21:16:04.592 25375  1593 D RingtoneManager: checkDefaultRingtoneProperUri : InternalMediaAudio uriString not null type:2
01-17 21:16:04.592 24942 24942 V MotionRecognitionManager:   .registerListenerEvent : success. listener count = 0->1, motion_events=1,  
01-17 21:16:04.602  3006  3051 D libEGL  : eglTerminate EGLDisplay = 0x7fa4d00e78
01-17 21:16:04.602  3006  3051 D libEGL  : eglTerminate EGLDisplay = 0x7fa4d00e78
01-17 21:16:04.602 26362 26372 D CatchNotificationsService: onNotificationPosted
01-17 21:16:04.612 25375 25375 D PhoneStatusBar: setAreThereNotifications: N=6 any=true clearable=true
01-17 21:16:04.622 30040 30181 D BadgeProvider: query, [selection] : null
01-17 21:16:04.632 27417  1520 D VolumeInfo: VolumeInfo from Parcel: id private ,type 1 ,disk null
01-17 21:16:04.632 27417  1520 D VolumeInfo: VolumeInfo from Parcel: id emulated ,type 2 ,disk null
01-17 21:16:04.632 27417  1520 D VolumeInfo: VolumeInfo from Parcel: id privatemode ,type 0 ,disk null
01-17 21:16:04.632 25375  1593 V MediaPlayer-JNI: setDataSourceFD: fd 83
01-17 21:16:04.632 25375  1593 V MediaPlayer: setDataSource(83, 0, 576460752303423487)
01-17 21:16:04.632 24834 26741 V MediaPlayerService: Create new client(31) from pid 25375, uid 10061, 
01-17 21:16:04.632 24834 25510 V MediaPlayerService: setDataSource fd=28, offset=0, length=576460752303423487
01-17 21:16:04.632 24834 25510 V MediaPlayerService: st_dev  = 65024
01-17 21:16:04.632 24834 25510 V MediaPlayerService: st_mode = 33188
01-17 21:16:04.632 24834 25510 V MediaPlayerService: st_uid  = 0
01-17 21:16:04.632 24834 25510 V MediaPlayerService: st_gid  = 0
01-17 21:16:04.632 24834 25510 V MediaPlayerService: st_size = 42134
01-17 21:16:04.632 24834 25510 V MediaPlayerService: calculated length = 42134
01-17 21:16:04.632 24834 25510 V MediaPlayerService: player type = 4
01-17 21:16:04.632 24834 25510 V NuPlayerDriver: NuPlayerDriver(0xef37c900)
01-17 21:16:04.632   828  1594 I Gmail   : Sync started for account: account:1933315115
01-17 21:16:04.632 24834 25510 V AudioSink: AudioOutput(53)
01-17 21:16:04.632 24834 25510 V NuPlayerDriver: setDataSource(0xef37c900) file(28)
01-17 21:16:04.632 24834 25510 V GenericSource: setDefault
01-17 21:16:04.632 24834  1595 V NuPlayer: kWhatSetAudioSink
01-17 21:16:04.632 24834  1595 V NuPlayer: kWhatSetDataSource
01-17 21:16:04.632 26362 26372 E CatchNotificationsService: Invalid notification data
01-17 21:16:04.632 24834 24834 V MediaPlayerService: [31] getParameter(31700)
01-17 21:16:04.642 25375  1593 V MediaPlayer-JNI: setLooping: 0
01-17 21:16:04.642 25375  1593 V MediaPlayer: MediaPlayer::setLooping
01-17 21:16:04.642 24834 25511 V MediaPlayerService: [31] setLooping(0)
01-17 21:16:04.642 25375  1593 V MediaPlayer: setVideoSurfaceTexture
01-17 21:16:04.642 24834 25309 V MediaPlayerService: [31] setVideoSurfaceTexture(0x0)
01-17 21:16:04.642 25375  1593 V MediaPlayer: prepare
01-17 21:16:04.642 24834  9054 V MediaPlayerService: [31] setParameter(1400)
01-17 21:16:04.642 24834  9054 V MediaPlayerService: setAudioAttributes_l() usage=5 content=4 flags=0x0 tags=
01-17 21:16:04.642 24834 25134 V MediaPlayerService: [31] prepareAsync
01-17 21:16:04.642 24834 25134 V NuPlayerDriver: prepareAsync(0xef37c900)
01-17 21:16:04.642 24834  1595 V GenericSource: [Flag] set 0x8 -> mFlags = 0x8
01-17 21:16:04.642 24834  1596 V GenericSource: onPrepareAsync
01-17 21:16:04.642 24834  1596 I OggExtractor: OggSource::OggSource() mExtractor ref count = 4
01-17 21:16:04.642 24834  1596 I AnotherPacketSource: setFormat() audio
01-17 21:16:04.642 24834  1596 V GenericSource: setDefault
01-17 21:16:04.642 24834  1596 I GenericSource: NuPlayer Ormode enabled
01-17 21:16:04.642 24834  1596 V GenericSource: send mUnsupportedAudio = 0 mUnsupportedVideo = 0 mHaveAudio = 1 mHaveVideo = 0
01-17 21:16:04.642 24834  1596 V GenericSource: onPrepareAsyncEvent() done
01-17 21:16:04.642 24834  1595 V NuPlayer: prepare posted successfully.
01-17 21:16:04.642 24834  1595 V NuPlayer: mUnsupportedAudio = 0, mUnsupportedVideo = 0, mHaveAudioTrack = 1, mHaveVideoTrack = 0
01-17 21:16:04.642 24834  1595 V NuPlayer: msg : 200, ext1 : 10973, ext2 : 0
01-17 21:16:04.642 24834  1595 D NuPlayerDriver: notifyListener_l(0xef37c900), (200, 10973, 0)
01-17 21:16:04.642 24834  1595 V MediaPlayerService: [31] notify (0xecf72b40, 200, 10973, 0)
01-17 21:16:04.642 24834  1595 V NuPlayer: extractMetadata Tracks : 1
01-17 21:16:04.642 24834  1595 V NuPlayer: enableInbandTextFromExtr
01-17 21:16:04.642 24834  1595 D NuPlayerDriver: notifyListener_l(0xef37c900), (1, 0, 0)
01-17 21:16:04.642 24834  1595 V MediaPlayerService: [31] notify (0xecf72b40, 1, 0, 0)
01-17 21:16:04.642 25375 26959 V MediaPlayer: message received msg=200, ext1=10973, ext2=0
01-17 21:16:04.642 25375 26959 W MediaPlayer: info/warning (10973, 0)
01-17 21:16:04.642 25375 26959 V MediaPlayer: callback application
01-17 21:16:04.642 25375 26959 V MediaPlayer: back from callback
01-17 21:16:04.642 25375 26959 V MediaPlayer: message received msg=1, ext1=0, ext2=0
01-17 21:16:04.642   828  1594 I UnifiedEmail: notifyAccountChanged
01-17 21:16:04.642 25375 26959 V MediaPlayer: prepared
01-17 21:16:04.642 25375 26959 V MediaPlayer: signal application thread
01-17 21:16:04.642 25375 26959 V MediaPlayer: callback application
01-17 21:16:04.642 25375 26959 V MediaPlayer: back from callback
01-17 21:16:04.642 25375  1593 V MediaPlayer: prepare complete - status=0
01-17 21:16:04.642 25375  1593 D MediaPlayer: setSubtitleAnchor in MediaPlayer
01-17 21:16:04.652 25375  1593 V MediaPlayer: invoke 68
01-17 21:16:04.652 24834 26741 I MediaPlayerService: Client::invoke requestID=1
01-17 21:16:04.652 24834 26741 V NuPlayer: getTrackInfo
01-17 21:16:04.652 24942 26939 I MediaFocusControl:  AudioFocus  requestAudioFocus() from android.media.AudioManager$204b942 req=3flags=0x0
01-17 21:16:04.652 25375  1593 V MediaPlayer-JNI: start
01-17 21:16:04.652 25375  1593 V MediaPlayer: start
01-17 21:16:04.652 24834 25511 V MediaPlayerService: [31] setLooping(0)
01-17 21:16:04.652   828  1022 I UnifiedEmail: getAccountsCursor
01-17 21:16:04.652 24834 25309 V MediaPlayerService: [31] setVolume(1.000000, 1.000000)
01-17 21:16:04.652 24834 25309 V AudioSink: setVolume(1.000000, 1.000000)
01-17 21:16:04.652 24834  9054 V MediaPlayerService: [31] setAuxEffectSendLevel(0.000000)
01-17 21:16:04.652 24834  9054 V AudioSink: setAuxEffectSendLevel(0.000000)
01-17 21:16:04.652 24834 25134 V MediaPlayerService: [31] start
01-17 21:16:04.652 24834 25134 V MediaPlayerService: [31] start() ContextAware send information
01-17 21:16:04.652 24834 25134 E MediaPlayerService: WFD client is not created 
01-17 21:16:04.652 24834 25134 V MediaPlayerService: getClientDuration
01-17 21:16:04.652 24834 25134 V MediaPlayerService: getDuration
01-17 21:16:04.652 24834 25134 V MediaPlayerService: [31] getDuration = 2321
01-17 21:16:04.652 24834 25134 D NuPlayerDriver: start(0xef37c900), state is 4, eos is 0
01-17 21:16:04.652 25375 25394 V MediaPlayer: message received msg=300, ext1=0, ext2=0
01-17 21:16:04.652 24834  1595 V NuPlayer: kWhatStart
01-17 21:16:04.652 24834  1595 I GenericSource: start
01-17 21:16:04.652 25375  1593 V MediaPlayer: invoke 68
01-17 21:16:04.652 24834 26741 I MediaPlayerService: Client::invoke requestID=1
01-17 21:16:04.652 24834 26741 V NuPlayer: getTrackInfo
01-17 21:16:04.652 24834  1595 V NuPlayer: checkOffloadExceptions is true, call canOffloadStream
01-17 21:16:04.652 24834  1595 I MediaClock: setPlaybackRate rate : 1.000000
01-17 21:16:04.652 24834  1598 I NuPlayerRenderer: onConfigPlayback
01-17 21:16:04.652 24834  1598 I MediaClock: setPlaybackRate rate : 1.000000
01-17 21:16:04.652 24834  1595 I NuPlayerRenderer: setDuration (2321133)
01-17 21:16:04.652 24834  1595 V NuPlayer: scanning sources haveAudio=0, haveVideo=0
01-17 21:16:04.652 24834  1595 V NuPlayer: checkOffloadExceptions is true, call canOffloadStream
01-17 21:16:04.652 24834  1595 V NuPlayer: make Decoder (audio)
01-17 21:16:04.652 25375 25394 V MediaPlayer: Received SEC_MM_PLAYER_CONTEXT_AWARE
01-17 21:16:04.652 25375 25394 V MediaPlayer: callback application
01-17 21:16:04.652 25375 25394 V MediaPlayer: back from callback
01-17 21:16:04.652 25375  1593 I MediaPlayer: send context aware event
01-17 21:16:04.652 25375  1593 I MediaPlayer: sendBroadcast CONTEXT_AWARE_MUSIC_INFO - type(start) - id (31)
01-17 21:16:04.652 24834  1599 I ACodec  :  [] Now uninitialized
01-17 21:16:04.652 24834  1601 I ACodec  : [OMX.google.vorbis.decoder] Now Loaded
01-17 21:16:04.652 24834  1601 E OMXNodeInstance: setConfig(9d:google.vorbis.decoder, ConfigPriority(0x6f800002)) RE: Undefined(0x80001001)
01-17 21:16:04.652 24834  1601 I ACodec  : codec does not support config priority (err -2147483648)
01-17 21:16:04.652 24834  1601 I ACodec  : >>> getPortFormat 16, OMX.google.vorbis.decoder
01-17 21:16:04.652 24834  1601 I MediaCodec: MediaCodec will operate in async mode
01-17 21:16:04.662 24834  1601 I ACodec  : [OMX.google.vorbis.decoder] Now Loaded->Idle
01-17 21:16:04.662 24834  1601 I ACodec  : [OMX.google.vorbis.decoder] Now Idle->Executing
01-17 21:16:04.662 24834  1601 I ACodec  : [OMX.google.vorbis.decoder] Now Executing
01-17 21:16:04.662   828  1594 I Gmail   : Force Start sync
01-17 21:16:04.662 24942 25263 D MotionEngine: [EXEC CAMERA] INIT.......... 
01-17 21:16:04.662 24834 25510 V MediaPlayerService: Create new media retriever from pid 28211
01-17 21:16:04.662 24834 25309 I OggExtractor: ~OggExtractor ++
01-17 21:16:04.662 24834 25309 I OggExtractor: ~MyOggExtractor ++ 
01-17 21:16:04.662 24834 25309 I OggExtractor: ~MyOggExtractor --
01-17 21:16:04.662 24834 25309 I OggExtractor: ~OggExtractor --
01-17 21:16:04.672 24834  1601 I ACodec  : [OMX.google.vorbis.decoder] Now handling output port settings change
01-17 21:16:04.672 24834  1601 I ACodec  : [OMX.google.vorbis.decoder] Now Executing
01-17 21:16:04.672 24834  1601 I ACodec  : >>> getPortFormat 16, OMX.google.vorbis.decoder
01-17 21:16:04.672 24834  1599 I NuPlayerDecoder: [Audio] handleOutputFormatChange
01-17 21:16:04.672 24834  1598 I NuPlayerRenderer: openAudioSink: offloadOnly(0) offloadingAudio(0)
01-17 21:16:04.672 24834  1598 I NuPlayerRenderer: openAudioSink: open AudioSink in NON-offload mode audioFormat : 1, flags : 0
01-17 21:16:04.672 24834  1598 V AudioSink: +++ close
01-17 21:16:04.672 24834  1598 V AudioSink: --- close
01-17 21:16:04.672 24834  1598 I NuPlayerRenderer: checkAudioSinkPcmMsSetting 200
01-17 21:16:04.672 24834  1598 V AudioSink: open(44100, 2, 0x0, 1, 0, 53 0x0)
01-17 21:16:04.672 24834  1598 V AudioSink: no track available to recycle
01-17 21:16:04.672 24834  1598 V AudioSink: creating new AudioTrack
01-17 21:16:04.672 24834  1598 V AudioSink: deleteRecycledTrack_l
01-17 21:16:04.672 24834  1598 V AudioSink: setVolume
01-17 21:16:04.672 24834  1598 V AudioSink: open() DONE status 0
01-17 21:16:04.672 24834  1598 V AudioSink: setPlaybackRate(1.000000 1.000000 0 0)
01-17 21:16:04.672 24834  1598 V AudioSink: start
01-17 21:16:04.672 24834  1598 W AudioPolicyIntefaceImpl: Skipped to add effects on session 53
01-17 21:16:04.672 24834  1598 I APM::AudioPolicyManager: startOutput() output 2, stream 5, session 53
01-17 21:16:04.672 24834 25122 D audio_hw_primary: out_set_parameters: enter: kvpairs: routing=2
01-17 21:16:04.672 24834 25122 D AudioFlinger: setCurDevice() 0x2
01-17 21:16:04.672 24834  1598 I MediaClock: setThreshold mThresholdTimeUsForAnchor(200000)
01-17 21:16:04.672 24834  1598 I MediaClock: setPlaybackRate rate : 0.000000
01-17 21:16:04.672 24834  1598 I NuPlayerRenderer: onDrainAudioQueue() send kWhatPollingAudioStarted audio_out : 0
01-17 21:16:04.672 24834  1598 I NuPlayerRenderer: setAudioFirstAnchorTime mAudioFirstAnchorTimeMediaUs : -1, new mediaTimeUs : 13061
01-17 21:16:04.672 24834  1595 V NuPlayer: media rendering started
01-17 21:16:04.672 24834  1595 V NuPlayer: msg : 6, ext1 : 0, ext2 : 0
01-17 21:16:04.672 24834  1595 D NuPlayerDriver: notifyListener_l(0xef37c900), (6, 0, 0)
01-17 21:16:04.672 24834  1595 V MediaPlayerService: [31] notify (0xecf72b40, 6, 0, 0)
01-17 21:16:04.672 25375  3725 V MediaPlayer: message received msg=6, ext1=0, ext2=0
01-17 21:16:04.672 25375  3725 V MediaPlayer: Received MEDIA_STARTED
01-17 21:16:04.672 25375  3725 V MediaPlayer: callback application
01-17 21:16:04.672 25375  3725 V MediaPlayer: back from callback
01-17 21:16:04.672 25375  1593 V MediaPlayer-JNI: getCurrentPosition: 13 (msec)
01-17 21:16:04.672 25375  1593 V MediaPlayer-JNI: isPlaying: 1
01-17 21:16:04.682 24834 25122 I AudioMixer: create resampler src 44100, 2, dst 48000, 2
01-17 21:16:04.692 24834 25122 D SoundAliveResampler: [SoundAliveResampler] Init+++
01-17 21:16:04.692 24834 25122 V audio_hw_primary: start_output_stream+, out->device : 00000002 , out->type = 0
01-17 21:16:04.692 24942 24951 I art     : Background partial concurrent mark sweep GC freed 14148(710KB) AllocSpace objects, 3(208KB) LOS objects, 25% free, 47MB/63MB, paused 1.712ms total 179.797ms
01-17 21:16:04.692  1533  1533 W art     : Before Android 4.1, method android.graphics.PorterDuffColorFilter android.support.graphics.drawable.VectorDrawableCompat.updateTintFilter(android.graphics.PorterDuffColorFilter, android.content.res.ColorStateList, android.graphics.PorterDuff$Mode) would have incorrectly overridden the package-private method in android.graphics.drawable.Drawable
01-17 21:16:04.692   828  1594 I Gmail   : getStartSyncRequest: handledServerOpId: 1498644, upperFetchedConvoId: 1550504782596145152, lowerFetchedConvoId: 0, ackedClientOp: 2829
01-17 21:16:04.712   828  1594 I System.out: Thread-1050(ApacheHTTPLog):isSBSettingEnabled false
01-17 21:16:04.712   828  1594 I System.out: Thread-1050(ApacheHTTPLog):isShipBuild true
01-17 21:16:04.712   828  1594 I System.out: Thread-1050(ApacheHTTPLog):getDebugLevel 0x4f4c
01-17 21:16:04.712   828  1594 I System.out: Thread-1050(ApacheHTTPLog):Smart Bonding Setting is false
01-17 21:16:04.712   828  1594 I System.out: Thread-1050(ApacheHTTPLog):SmartBonding Setting is false, SHIP_BUILD is true, log to file is false, DBG is false, DEBUG_LEVEL (1-LOW, 2-MID, 3-HIGH) is 1
01-17 21:16:04.712   828  1594 I qtaguid : Tagging socket 50 with tag 1010000000000000{269484032,0} uid -1, pid: 828, getuid(): 10119
01-17 21:16:04.712   828  1594 I qtaguid : Untagging socket 50
01-17 21:16:04.712 24802 25226 D EnterpriseController: netId is 0
01-17 21:16:04.712 24802 25226 D Netd    : getNetworkForDns: using netid 508 for uid 10119
01-17 21:16:04.712 24834 25122 D audio_hw_primary: start_output_stream (0xeca31e00) out->pcm_device:3 out->config.rate:48000 out->config.format:0 out->period_size:1440
01-17 21:16:04.712 24834 25122 D audio_hw_primary: start_output_stream (0xeca31e00) out->config.rate:48000 out->config.format:0 out->period_size:1440
01-17 21:16:04.712 24834 25122 V audio_hw_primary: select_devices output_scenario:0 input_scenario:-1 out_snd_device 0x2 in_snd_device:0x0
01-17 21:16:04.712 24834 25122 I audio_route: 
01-17 21:16:04.712 24834 25122 I audio_route: > audio_route_reset :
01-17 21:16:04.712 24834 25122 I audio_route: 
01-17 21:16:04.712 24834 25122 I audio_route: > audio_route_apply_path : "media-speaker"
01-17 21:16:04.742 24942 25289 E Sensors : Pressure old sensor_state 278563, new sensor_state : 278531 en : 0
01-17 21:16:04.742 26925 26925 D SensorManager: unregisterListener ::   
01-17 21:16:04.782 24834 25122 V audio_hw_primary: select_devices() output_route "media-speaker" 
01-17 21:16:04.782 24834 25122 I audio_route: 
01-17 21:16:04.782 24834 25122 I audio_route: > audio_route_apply_path : "gain-media-speaker"
01-17 21:16:04.792 24834 25122 V audio_hw_primary: select_devices() output_gain "gain-media-speaker" 
01-17 21:16:04.792 24834 25122 I audio_route: 
01-17 21:16:04.792 24834 25122 I audio_route: > audio_route_update_mixer : +
01-17 21:16:04.792 24834 25122 I audio_route: > audio_route_update_mixer : changed(0) -
01-17 21:16:04.792 24834 25122 I audio_hw_primary: select_devices - 
01-17 21:16:04.792 24834 25122 V audio_hw_primary: start_output_stream-
01-17 21:16:04.792 24834 25122 D AudioFlinger: mixer(0xeeb00000) Spend too much time to write: delta 103(effect 0)
01-17 21:16:04.812  1533  1533 I System.out: The time changed into nice format is: 17/01/2017 09:16:04
01-17 21:16:04.812  1533  1533 D the time is: : 1484716564815 
01-17 21:16:04.812 24942 25823 I AppOps  : sendInfoToFLP, code=41 , uid=10534 , packageName=com.menny.android.anysoftkeyboard , type=startOp
01-17 21:16:04.812  1533  1533 D Network : Network
01-17 21:16:04.812  1533  1533 D GPS     : 111 WE HAVE GOT YOUR LOCATION: LATITUDE = 44.0238117LONGITUDE = -123.0722279
01-17 21:16:04.812  1533  1533 I Timeline: Timeline: Activity_launch_request id:com.menny.android.anysoftkeyboard time:241938226
01-17 21:16:04.822 24942 25760 D InputDispatcher: Focused application set to: xxxx
01-17 21:16:04.822  1533  1533 D Activity: performCreate Call Injection manager
01-17 21:16:04.822  1533  1533 I InjectionManager: dispatchOnViewCreated > Target : com.radicalninja.logger.MainActivity isFragment :false
01-17 21:16:04.822  1533  1533 I Timeline: Timeline: Activity_launch_request id:com.menny.android.anysoftkeyboard time:241938235
01-17 21:16:04.822 24942 25294 W CAE     : setCAProperty(ContextAwareService.java:578) - [setProperty 01] Mutex is locked for ANY_MOTION_DETECTOR_RUNNER
01-17 21:16:04.822 24942 25294 I CAE     : sendCmdToSensorHub(SensorHubCommManager.java:162) - -72, 58, 1, 0,
01-17 21:16:04.822 24942 25294 D SensorHubManager: SendSensorHubData: send data = -72, 58, 1, 0
01-17 21:16:04.822  4857  4901 D Sensorhubs: sendContextData: -72, 58, 1, 0
01-17 21:16:04.822 24834  1598 I NuPlayerRenderer: kWhatPollingAudioStarted clock running played_out : 100000 us, audio_out : 0 us, gap : 100000 us
01-17 21:16:04.822 24834  1598 I MediaClock: setPlaybackRate rate : 1.000000
01-17 21:16:04.832 24942 25294 I CAE     : setCAProperty(ContextAwareService.java:583) - result : true
01-17 21:16:04.832 24942 25294 W CAE     : setCAProperty(ContextAwareService.java:584) - [setProperty 02] Mutex is unlocked for ANY_MOTION_DETECTOR_RUNNER
01-17 21:16:04.832 24942 25294 D SContextService: requestToUpdate() : service = Any Motion Detector
01-17 21:16:04.832 24942 25294 D SContextManager:   .requestToUpdate : listener = com.samsung.android.server.wifi.WifiScanController$2@539bd3f, service=Any Motion Detector
01-17 21:16:04.832 24942 24954 I AppOps  : sendInfoToFLP, code=12 , uid=10013 , packageName=com.google.android.gms , type=noteOp
01-17 21:16:04.842 24834  1598 I MediaClock: updateClock correction (30000).  gapTimeUs(98234), nowMediaUs(123228), oldMediaUs(24994)
01-17 21:16:04.842  4857  4900 D Sensorhubs: readContextData: 1, 1, 58, 0
01-17 21:16:04.842 24942 25258 D SensorHubManager: onGetSensorHubDataLocked: library(4) = 1, 1, 58, 0
01-17 21:16:04.842 24942 25257 D CAE     : onGetSensorHubData(SensorHubParserProvider.java:92) - onGetSensorHubData Event [event buffer len :4], AP_WAKEUP
01-17 21:16:04.842 24942 25257 I CAE     : parse(SensorHubParserProvider.java:188) - buffer size = 4
01-17 21:16:04.842 24942 25257 I CAE     : parse(SensorHubParserProvider.java:199) - 1, 1, 58, 0,
01-17 21:16:04.842 24942 25257 D CAE     : display(ContextProvider.java:375) - ================= ANY_MOTION_DETECTOR_RUNNER =================
01-17 21:16:04.842 24942 25257 I CAE     : display(ContextProvider.java:391) - Action=[0]
01-17 21:16:04.842 24942 25260 D SContextService: updateSContext() : event = Any Motion Detector
01-17 21:16:04.842  1533  1533 D ViewRootImpl: #1 mView = com.android.internal.policy.PhoneWindow$DecorView{5966e5d I.E...... R.....ID 0,0-0,0}
01-17 21:16:04.842  1533  1608 D OpenGLRenderer: Use EGL_SWAP_BEHAVIOR_PRESERVED: true
01-17 21:16:04.842 24942 26557 D ISSUE_DEBUG: InputChannelName : fd2fea7 com.menny.android.anysoftkeyboard/com.radicalninja.logger.MainActivity
01-17 21:16:04.852 24942 25289 D ActivityManager: post active user change for 0 fullscreen true isFloatingActivity() false isHomeActivity() false
01-17 21:16:04.852 24942 25289 D KnoxTimeoutHandler: postActiveUserChange [MsgParam] userId: 0 fullscreen is true showWhenlocked is false
01-17 21:16:04.852 24942 24942 D KnoxTimeoutHandler: handleActiveUserChange [MsgParam] userId: 0 fullscreen is true showWhenlocked is false
01-17 21:16:04.852 24942 24942 I KnoxTimeoutHandler: Shared devices show user statefalse
01-17 21:16:04.862 24942 25263 D MotionEngine: [ROTATION AXIS] X..
01-17 21:16:04.872  1533  1533 E ViewSystem: ViewRootImpl #2 Surface is not valid.
01-17 21:16:04.892  1533  1533 D Encrypt : onCreate: ********************************** transfer Utility = null
01-17 21:16:04.902 24942 25268 D InputReader: Input event(4): value=1 when=241938315510000
01-17 21:16:04.902 24942 25268 D InputReader: Input event(4): value=1 when=241938315510000
01-17 21:16:04.902 24942 25268 I InputReader: Touch event's action is 0x0 (deviceType=0) [pCnt=1, s=0.9399 ] when=241938315510000
01-17 21:16:04.902 24942 25268 D InputReader: lastThreadEndTime = 241936455797264, currentThreadStartTime = 241936455799473, diff = 0
01-17 21:16:04.902 24942 25267 I InputDispatcher: Delivering touch to (25375): action: 0x4, toolType: 1
01-17 21:16:04.902 24942 25267 I InputDispatcher: Delivering touch to (26421): action: 0x0, toolType: 1
01-17 21:16:04.902 24942 24954 I AppOps  : sendInfoToFLP, code=41 , uid=10534 , packageName=com.menny.android.anysoftkeyboard , type=startOp
01-17 21:16:04.902  1533  1533 D Network : Network
01-17 21:16:04.902  1533  1533 I System.out: The time changed into nice format is: 17-01-2017 09-16-04
01-17 21:16:04.912 24834 25122 D AudioFlinger: mixer(0xeeb00000) throttle end: throttle time(72)
01-17 21:16:04.912 24942 26576 I AppOps  : sendInfoToFLP, code=12 , uid=10013 , packageName=com.google.android.gms , type=noteOp
01-17 21:16:04.932 24942 25294 D WifiScanController: time diff: 650
01-17 21:16:04.932 24942 25294 D WifiStateMachine: CMD_START_SCAN : scanLog.mLast - 1484716564828, scanLog.mStartTimeForBigdata - 1484714232966
01-17 21:16:04.932 24942 25294 D WifiStateMachine: CMD_START_SCAN : scanLog.mCountForBigdata - 37
01-17 21:16:04.932 24942 25294 W CAE     : setCAProperty(ContextAwareService.java:578) - [setProperty 01] Mutex is locked for ANY_MOTION_DETECTOR_RUNNER
01-17 21:16:04.932 24942 25294 I CAE     : sendCmdToSensorHub(SensorHubCommManager.java:162) - -72, 58, 1, 0,
01-17 21:16:04.932 24942 25294 D SensorHubManager: SendSensorHubData: send data = -72, 58, 1, 0
01-17 21:16:04.932  4857  4778 D Sensorhubs: sendContextData: -72, 58, 1, 0
01-17 21:16:04.932 24942 25294 I CAE     : setCAProperty(ContextAwareService.java:583) - result : true
01-17 21:16:04.932 24942 25294 W CAE     : setCAProperty(ContextAwareService.java:584) - [setProperty 02] Mutex is unlocked for ANY_MOTION_DETECTOR_RUNNER
01-17 21:16:04.932 24942 25294 D SContextService: requestToUpdate() : service = Any Motion Detector
01-17 21:16:04.932 24942 25294 D SContextManager:   .requestToUpdate : listener = com.samsung.android.server.wifi.WifiScanController$2@539bd3f, service=Any Motion Detector
01-17 21:16:04.942  4857  4900 D Sensorhubs: readContextData: 1, 1, 58, 0
01-17 21:16:04.942 24942 25258 D SensorHubManager: onGetSensorHubDataLocked: library(4) = 1, 1, 58, 0
01-17 21:16:04.942 24942 25257 D CAE     : onGetSensorHubData(SensorHubParserProvider.java:92) - onGetSensorHubData Event [event buffer len :4], AP_WAKEUP
01-17 21:16:04.942 24942 25257 I CAE     : parse(SensorHubParserProvider.java:188) - buffer size = 4
01-17 21:16:04.942 24942 25257 I CAE     : parse(SensorHubParserProvider.java:199) - 1, 1, 58, 0,
01-17 21:16:04.942 24942 25257 D CAE     : display(ContextProvider.java:375) - ================= ANY_MOTION_DETECTOR_RUNNER =================
01-17 21:16:04.942 24942 25257 I CAE     : display(ContextProvider.java:391) - Action=[0]
01-17 21:16:04.942 24942 25260 D SContextService: updateSContext() : event = Any Motion Detector
01-17 21:16:05.022 25331 25331 I wpa_supplicant: nl80211: Received scan results (6 BSSes)
01-17 21:16:05.022 25331 25331 I wpa_supplicant: enough signal to handover [04.B7.8F] level [-49][2462]
01-17 21:16:05.022 24802 25223 D Netd    : Iface wlan0 link up
01-17 21:16:05.022 24942 25000 D Tethering: interfaceLinkStateChanged wlan0, true
01-17 21:16:05.022 24942 25000 D Tethering: interfaceStatusChanged wlan0, true
01-17 21:16:05.032 24942 25294 D WifiScanController: time diff: 762
01-17 21:16:05.032 24942 25294 D WifiStateMachine: CMD_START_SCAN : scanLog.mLast - 1484716564936, scanLog.mStartTimeForBigdata - 1484714232966
01-17 21:16:05.032 24942 25294 D WifiStateMachine: CMD_START_SCAN : scanLog.mCountForBigdata - 38
01-17 21:16:05.082  1533  1533 D CognitoCachingCredentialsProvider: Loading credentials from SharedPreferences
01-17 21:16:05.092  3006  4322 I SurfaceFlinger: id=4371 Removed Tettings (2/10)
01-17 21:16:05.092  3006  4084 I SurfaceFlinger: id=4371 Removed Tettings (-2/10)
01-17 21:16:05.102 26925 27473 I GCoreUlr: Successfully inserted 1 locations
01-17 21:16:05.102  1533  1533 D Encrypt : onCreate: ********************************** transfer Utility = com.amazonaws.mobileconnectors.s3.transferutility.TransferUtility@22025fc
01-17 21:16:05.112  3006  3006 D libEGL  : eglTerminate EGLDisplay = 0x7ff90986d8
01-17 21:16:05.142 24942 25263 D MotionEngine: [MotionEngine] -> PR_MOVE -> Move Recognition Lv(3)
01-17 21:16:05.202  1533  1533 D AutoManageHelper: starting AutoManage for client 0 false false
01-17 21:16:05.202  1533  1533 D Activity: performCreate Call Injection manager
01-17 21:16:05.202  1533  1533 D AutoManageHelper: onStart true {0=com.google.android.gms.internal.zzqa$zza@17e8401}
01-17 21:16:05.222  1533  1533 I InjectionManager: dispatchOnViewCreated > Target : com.radicalninja.logger.VideoActivity isFragment :false
01-17 21:16:05.222  1533  1533 D Encrypt : onResume: before transfer utility
01-17 21:16:05.222  1533  1533 D Encrypt : onResume: before encryption
01-17 21:16:05.222  1533  1533 D Encrypt : onResume: after encryption
01-17 21:16:05.222  1533  1533 D AndroidRuntime: Shutting down VM
01-17 21:16:05.222  1533  1533 D Crash   : Crash 2.5
01-17 21:16:05.222  1533  1533 E Default Exception: In try
01-17 21:16:05.222  1533  1533 E Default Exception: In try
01-17 21:16:05.222  1533  1533 D Crash   : Crash 2
01-17 21:16:05.222  1533  1533 D Crash   : Crash 3
01-17 21:16:05.222  1533  1533 D Exception: Start of Exception handler class
01-17 21:16:05.222  1533  1533 D Exception: Start of Exception handler class 2
01-17 21:16:05.232  1533  1533 D Exception: Start of Exception handler class 3
01-17 21:16:05.232  1533  1533 D Exception: Start of Exception handler class 4
01-17 21:16:05.232 24942 26575 D InputDispatcher: Focused application set to: xxxx
01-17 21:16:05.232  1533  1533 D Exception: Start of Exception handler class 5
01-17 21:16:05.232  1533  1533 I art     : System.exit called, status: 1
01-17 21:16:05.232  1533  1533 I AndroidRuntime: VM exiting with result code 1, cleanup skipped.
01-17 21:16:05.242 24942 25268 D InputReader: Input event(4): value=0 when=241938656699000
01-17 21:16:05.242 24942 25268 D InputReader: Input event(4): value=0 when=241938656699000
01-17 21:16:05.242 24942 25268 I InputReader: Touch event's action is 0x1 (deviceType=0) [pCnt=1, s=] when=241938656699000
01-17 21:16:05.242 24942 25267 I InputDispatcher: Delivering touch to (26421): action: 0x1, toolType: 1
01-17 21:16:05.242 24942 25267 W InputDispatcher: channel ~ Consumer closed input channel or an error occurred.  events=0x9
01-17 21:16:05.242 24942 25267 E InputDispatcher: channel ~ Channel is unrecoverably broken and will be disposed!
01-17 21:16:05.242 24801 24801 I Zygote  : Process 1533 exited cleanly (1)
01-17 21:16:05.242 24942 26576 D GraphicsStats: Buffer count: 11
01-17 21:16:05.242 24942 25762 W InputDispatcher: Attempted to unregister already unregistered input channel
01-17 21:16:05.252 24942 25421 I AppOps  : sendInfoToFLP, code=41 , uid=10534 , packageName=com.menny.android.anysoftkeyboard , type=finishOp
01-17 21:16:05.252 24942 26736 I AppOps  : sendInfoToFLP, code=41 , uid=10534 , packageName=com.menny.android.anysoftkeyboard , type=finishOp
01-17 21:16:05.252 24942 26574 I AppOps  : sendInfoToFLP, code=41 , uid=10534 , packageName=com.menny.android.anysoftkeyboard , type=finishOp
01-17 21:16:05.252 24942 25017 D ViewRootImpl: #3 mView = null
01-17 21:16:05.252 24942 26547 D InputDispatcher: Focused application released
01-17 21:16:05.252  3006  4820 I SurfaceFlinger: id=4372 Removed bnysoftkeyb (4/9)
01-17 21:16:05.252  3006  3051 I SurfaceFlinger: id=4372 Removed bnysoftkeyb (-2/9)
01-17 21:16:05.262  3006  3006 D libEGL  : eglTerminate EGLDisplay = 0x7ff90986d8
01-17 21:16:05.262  3006  3006 I SurfaceFlinger: id=4373 createSurf (1440x2560),1 flag=404, Tettings
01-17 21:16:05.272 24942 26939 D InputDispatcher: Focus entered window: 1554
01-17 21:16:05.272 24942 25017 D PointerIcon: setMouseIconStyle1 pointerType: 1001 iconType:101 flag:0 pid:24942 uid:1000
01-17 21:16:05.272 24942 25017 D PointerIcon: setMouseCustomIcon IconType is same.101
01-17 21:16:05.272  1554  1571 D mali_winsys: new_window_surface returns 0x3000,  [1440x2560]-format:1
01-17 21:16:05.272  5727  5734 I System.out: FinalizerDaemon calls detatch()
01-17 21:16:05.272  5727  5734 I System.out: FinalizerDaemon calls detatch()
01-17 21:16:05.282  5727  5734 I System.out: FinalizerDaemon calls detatch()
01-17 21:16:05.282  5727  5734 I System.out: FinalizerDaemon calls detatch()
01-17 21:16:05.282  1554  1554 D SettingsActivity: onResume finished
01-17 21:16:05.282  1554  1554 E AccessibilityManager: assistantMenuUpdate invoking from manager:
01-17 21:16:05.292 30040 30181 D BadgeProvider: query, [selection] : null
01-17 21:16:05.292  1554  1554 D SettingsActivity: Fota is disabled
01-17 21:16:05.292 24942 25289 D ActivityManager: post active user change for 0 fullscreen true isFloatingActivity() false isHomeActivity() false
01-17 21:16:05.292 24942 25289 D KnoxTimeoutHandler: postActiveUserChange [MsgParam] userId: 0 fullscreen is true showWhenlocked is false
01-17 21:16:05.292 24942 24942 D KnoxTimeoutHandler: handleActiveUserChange [MsgParam] userId: 0 fullscreen is true showWhenlocked is false
01-17 21:16:05.292 24942 24942 I KnoxTimeoutHandler: Shared devices show user statefalse
01-17 21:16:05.292 24942 25762 D InputMethodManagerService: windowGainedFocus mCurrentFocusedUserId - 0 and mSecureKeypadEnabled-false
01-17 21:16:05.302  1554  1554 I InjectionManager: dispatchCreateOptionsMenu :com.android.settings.Settings
01-17 21:16:05.302  1554  1554 I InjectionManager: dispatchCreateOptionsMenu :com.android.settings.dashboard.DashboardSummary
01-17 21:16:05.302  1554  1554 I InjectionManager: dispatchPrepareOptionsMenu :com.android.settings.Settings
01-17 21:16:05.302  1554  1554 I InjectionManager: dispatchPrepareOptionsMenu :com.android.settings.dashboard.DashboardSummary
01-17 21:16:05.322 24942 26575 V WindowStateAnimator: Finishing drawing window Window{8608756 u0 d0 com.android.settings/com.android.settings.Settings}: mDrawState=DRAW_PENDING
01-17 21:16:05.322  3006  3006 D libEGL  : eglInitialize EGLDisplay = 0x7ff90985a8
01-17 21:16:05.332 24942 25017 D KnoxTimeoutHandler: notifyActivityDrawn [MsgParam] userId: 0 fullscreen is true showWhenlocked is false
01-17 21:16:05.332 24942 24942 D KnoxTimeoutHandler: activityDrawn [MsgParam] userId: 0 fullscreen is true showWhenlocked is false
01-17 21:16:05.332 24942 25017 I ActivityManager: Displayed com.android.settings/.Settings: +78ms (total +782ms)
01-17 21:16:05.332 24942 24942 I KnoxTimeoutHandler: SD activityfalse
01-17 21:16:05.342  1554  1554 D SettingsActivity: loadCategoriesFromResource took: 10 ms
01-17 21:16:05.342  1554  1554 D isContainerOnlyMode: isContainerOnlyMode()
01-17 21:16:05.342  1554  1554 D isContainerOnlyMode: isContainerOnlyMode() false
01-17 21:16:05.342  1554  1554 D SettingsActivity: updateTilesList(): memoryInfo.totalMem =2810007552
01-17 21:16:05.342  1554  1554 D SettingsActivity: updateTilesList(): isMassProduct =false
01-17 21:16:05.362  1554  1554 D DashboardSummary: rebuildUI took: 27 ms
01-17 21:16:05.362  1554  1554 D SettingsActivity: loadCategoriesFromResource took: 6 ms
01-17 21:16:05.362  1554  1554 D isContainerOnlyMode: isContainerOnlyMode()
01-17 21:16:05.362  1554  1554 D isContainerOnlyMode: isContainerOnlyMode() false
01-17 21:16:05.362  1554  1554 D SettingsActivity: updateTilesList(): memoryInfo.totalMem =2810007552
01-17 21:16:05.362  1554  1554 D SettingsActivity: updateTilesList(): isMassProduct =false
01-17 21:16:05.362  1554  1554 D SettingsActivity: remove : com.android.settings.print.PrintSettingsFragment
01-17 21:16:05.362  1554  1554 D SettingsActivity: remove : com.android.settings.GlobalRoamingSettings
01-17 21:16:05.362  1554  1554 D SettingsActivity: remove : com.android.settings.TRoamingSettings
01-17 21:16:05.362  1554  1554 D SettingsActivity: remove : com.android.settings.nfc.NfcOsaifukeitaiSettings
01-17 21:16:05.362  1554  1554 D SettingsActivity: remove : null
01-17 21:16:05.372  1554  1554 D SettingsActivity: remove : com.android.settings.LteModeActivity
01-17 21:16:05.372  1554  1554 D SettingsActivity: remove : com.android.settings.WirelessSettings
01-17 21:16:05.372  1554  1554 D SettingsActivity: remove : null
01-17 21:16:05.372 24942 26575 D Tethering: NAP Supported and not Wifi Model
01-17 21:16:05.372 26508 27362 D TelephonyProvider: query: url=content://telephony/carriers, projectionIn=null, selection=numeric = '310260'selectionArgs=null, sort=null
01-17 21:16:05.372 26508 27362 D TelephonyProvider: query: match = 1
01-17 21:16:05.372 26508 27362 D TelephonyProvider: query: selection modified to numeric = '310260' and edited!=2 and edited!=3 and edited!=5 and edited!=6
01-17 21:16:05.372 24942 26575 W Settings: Setting tether_dun_required has moved from android.provider.Settings.System to android.provider.Settings.Global
01-17 21:16:05.382  1554  1554 D SettingsActivity: mTetheredData: -1
01-17 21:16:05.382  1554  1554 D SettingsActivity: remove : null
01-17 21:16:05.382  1554  1554 D SettingsActivity: remove : com.android.settings.DataSlotChoice
01-17 21:16:05.382  1554  1554 E CII     : IMSUtility: isIMSServiceEnabled. VoLTE CSC feature disabled.
01-17 21:16:05.382  1554  1554 D SettingsActivity: remove : null
01-17 21:16:05.382  1554  1554 D SettingsActivity: remove : null
01-17 21:16:05.382  1554  1554 D SettingsActivity: remove : com.android.settings.applications.ManageDefaultApps
01-17 21:16:05.382  1554  1554 D SettingsActivity: remove : com.android.settings.applications.ManageApplications
01-17 21:16:05.382  1554  1554 D SettingsActivity: remove : com.android.settings.WirelessSettings
01-17 21:16:05.382  1554  1554 D SettingsActivity: remove : com.android.settings.users.UserSettings
01-17 21:16:05.382  1554  1554 D SettingsActivity: remove : com.android.settings.applications.ManageDefaultApps
01-17 21:16:05.382  1554  1554 D SettingsActivity: remove : com.android.settings.applications.ManageApplications
01-17 21:16:05.382  1554  1554 D SettingsActivity: remove : com.android.settings.ApplicationsSettings
01-17 21:16:05.382  1554  1554 D SettingsActivity: remove : null
01-17 21:16:05.382  1554  1554 D SettingsActivity: remove : com.android.settings.motion.MotionSettings2015
01-17 21:16:05.382  1554  1554 D SettingsActivity: remove : com.android.settings.spen.SPenSettingsMenu
01-17 21:16:05.382  1554  1554 D SettingsActivity: remove : null
01-17 21:16:05.382  1554  1554 D SettingsActivity: remove : com.android.settings.OneHandOperationSettings
01-17 21:16:05.382  1554  1554 D SettingsActivity: remove : null
01-17 21:16:05.382  1554  1554 D SettingsActivity: remove : com.android.settings.premiumwatch.PremiumWatchSettings
01-17 21:16:05.382  1554  1554 D SettingsActivity: remove : com.android.settings.applications.ManageApplications
01-17 21:16:05.382  1554  1554 D SettingsActivity: remove : com.android.settings.notification.ZenModeSettings
01-17 21:16:05.382  1554  1554 D SettingsActivity: remove : com.android.settings.notification.ZenModeDNDSettings
01-17 21:16:05.382  1554  1554 D SettingsActivity: remove : com.android.settings.notification.NotificationsSubSettings
01-17 21:16:05.382  1554  1554 D SettingsActivity: remove : com.android.settings.activekey.ActiveKeySettings
01-17 21:16:05.382  1554  1554 D SettingsActivity: remove : com.android.settings.BlockSettings
01-17 21:16:05.382  1554  1554 D SettingsActivity: remove : com.android.settings.personalpage.PersonalPageSettings
01-17 21:16:05.382  1554  1554 D SettingsActivity: remove : com.android.settings.location.LocationSettings
01-17 21:16:05.382  1554  1554 D SettingsActivity: remove : null
01-17 21:16:05.382  1554  1554 D SettingsActivity: remove : null
01-17 21:16:05.382  1554  1554 E Current launcher Package Name:: com.sec.android.app.launcher
01-17 21:16:05.382  1554  1554 D SettingsActivity: remove : null
01-17 21:16:05.382  1554  1554 D SettingsActivity: remove : null
01-17 21:16:05.382  1554  1554 D SettingsActivity: remove : com.android.settings.DomesticSettings
01-17 21:16:05.382  1554  1554 D SettingsActivity: remove : null
01-17 21:16:05.382  1554  1554 D SettingsActivity: remove : null
01-17 21:16:05.382  1554  1554 D SettingsActivity: remove : null
01-17 21:16:05.382  1554  1554 D SettingsActivity: remove : null
01-17 21:16:05.382  1554  1554 D SettingsActivity: remove : null
01-17 21:16:05.382  1554  1554 D SettingsActivity: remove : com.android.settings.SoftwareUpdateSettings
01-17 21:16:05.382  1554  1554 D SettingsActivity: remove : null
01-17 21:16:05.382  1554  1554 D SettingsActivity: remove : com.android.settings.DockSettings
01-17 21:16:05.392  1554  1554 D SettingsActivity: remove : com.android.settings.LocalePicker
01-17 21:16:05.442 24942 25263 D MotionEngine: [@@@ Motion Engine @@@] LONG SHAKE START event occured
01-17 21:16:05.442 24942 25263 D MotionEngine: [MotionEngine] -> Add2MotionEventQueue(Shake Start(35))
01-17 21:16:05.442 30040 30182 D BadgeProvider: query, [selection] : null
01-17 21:16:05.442  1554  1554 D DashboardSummary: rebuildUI took: 88 ms
01-17 21:16:05.502 24942 25263 D MotionEngine: [@@@ Motion Engine @@@] LONG SHAKE STOP event occured
01-17 21:16:05.502 24942 25263 D MotionEngine: [MotionEngine] -> Add2MotionEventQueue(Shake Stop(36))
01-17 21:16:05.542  1554  1554 I Timeline: Timeline: Activity_idle id: android.os.BinderProxy@8bdad5b time:241938950
01-17 21:16:05.542  3006  3006 D libEGL  : eglInitialize EGLDisplay = 0x7ff90985a8
01-17 21:16:05.582 24942 25017 I Timeline: Timeline: Activity_windows_visible id: ActivityRecord{569c11e u0 com.android.settings/.Settings t1878} time:241938992
01-17 21:16:05.582 24942 25017 D KnoxTimeoutHandler: notifyActivityDrawn [MsgParam] userId: 0 fullscreen is true showWhenlocked is false
01-17 21:16:05.582 24942 24942 D KnoxTimeoutHandler: activityDrawn [MsgParam] userId: 0 fullscreen is true showWhenlocked is false
01-17 21:16:05.582 24942 24942 I KnoxTimeoutHandler: SD activityfalse
01-17 21:16:05.592 25460  3760 E libEGL  : ------------------------------------------------
01-17 21:16:05.592 25460  3760 E libEGL  : HWUI Context(-1426711168) Damaged Report-Shader
01-17 21:16:05.592 25460  3760 E libEGL  : HWUI   Shaders(4):
01-17 21:16:05.592 25460  3760 E libEGL  : HWUI     Unit 0) Handle(7)
01-17 21:16:05.592 25460  3760 E libEGL  : HWUI     Unit 1) Handle(9)
01-17 21:16:05.592 25460  3760 E libEGL  : HWUI     Unit 2) DAMAGED Handle(14)
01-17 21:16:05.592 25460  3760 E libEGL  : HWUI     Unit 3) Handle(16)
01-17 21:16:05.592 25460  3760 E libEGL  : ------------------------------------------------
01-17 21:16:05.592 25460  3760 E libGLESv2: HWUI Protection: wrong calling from app context F:ES2-glDeleteShader, handle(14)
01-17 21:16:05.592 25460  3760 E libEGL  : ------------------------------------------------
01-17 21:16:05.592 25460  3760 E libEGL  : HWUI Context(-1426711168) Damaged Report-Shader
01-17 21:16:05.592 25460  3760 E libEGL  : HWUI   Shaders(4):
01-17 21:16:05.592 25460  3760 E libEGL  : HWUI     Unit 0) DAMAGED Handle(7)
01-17 21:16:05.592 25460  3760 E libEGL  : HWUI     Unit 1) Handle(9)
01-17 21:16:05.592 25460  3760 E libEGL  : HWUI     Unit 2) Handle(14)
01-17 21:16:05.592 25460  3760 E libEGL  : HWUI     Unit 3) Handle(16)
01-17 21:16:05.592 25460  3760 E libEGL  : ------------------------------------------------
01-17 21:16:05.592 25460  3760 E libGLESv2: HWUI Protection: wrong calling from app context F:ES2-glDeleteShader, handle(7)
01-17 21:16:05.592 25460  3760 E libEGL  : ------------------------------------------------
01-17 21:16:05.592 25460  3760 E libEGL  : HWUI Context(-1426711168) Damaged Report-Shader
01-17 21:16:05.592 25460  3760 E libEGL  : HWUI   Shaders(4):
01-17 21:16:05.592 25460  3760 E libEGL  : HWUI     Unit 0) Handle(7)
01-17 21:16:05.592 25460  3760 E libEGL  : HWUI     Unit 1) DAMAGED Handle(9)
01-17 21:16:05.592 25460  3760 E libEGL  : HWUI     Unit 2) Handle(14)
01-17 21:16:05.592 25460  3760 E libEGL  : HWUI     Unit 3) Handle(16)
