01-17 21:08:49.362 D/InjectionManager(28420): fillFeatureStoreMap com.sec.android.provider.badge
01-17 21:08:49.372 I/InjectionManager(28420): Constructor com.sec.android.provider.badge, Feature store :{}
01-17 21:08:49.372 I/InjectionManager(28420): featureStore :{}
01-17 21:08:49.382 D/BadgeProvider(28420): query, [selection] : null
01-17 21:08:49.392 E/CatchNotificationsService(26362): Invalid notification data
01-17 21:08:49.472 I/SA_HTTPURLCONNECTION(27492): [RC New] Security=[true]
01-17 21:08:49.602 I/SA_HTTPURLCONNECTION(27492): [RC New] [auoaau] api execute + 130
01-17 21:08:49.622 I/SA      (27492): [ATMU] handleAuthWithTncMandatorySuccess
01-17 21:08:49.642 I/SA      (27492): [SRH] auoaau rsp TA : 0
01-17 21:08:49.652 I/SA      (27492): [SRH] auoaau rsp PA : 0
01-17 21:08:49.652 I/SA      (27492): [SCU] isHaveSA() - true
01-17 21:08:49.652 I/SA      (27492): [DBMV2] getMccFromDB
01-17 21:08:49.652 I/SA      (27492): [DBMV2] getDataV02ForItems
01-17 21:08:49.662 I/SA      (27492): [SSP] query invoked
01-17 21:08:49.662 I/SA      (27492): [AESC] decrypt START
01-17 21:08:49.662 I/SA      (27492): [AESC] decrypt END
01-17 21:08:49.662 I/SA      (27492): [DBMV2] getEmailID
01-17 21:08:49.662 I/SA      (27492): [DBMV2] getDataV02ForItems
01-17 21:08:49.662 I/SA      (27492): [SSP] query invoked
01-17 21:08:49.672 I/SA      (27492): [AESC] decrypt START
01-17 21:08:49.672 I/SA      (27492): [AESC] decrypt END
01-17 21:08:49.672 I/SA      (27492): [SCU] get email id from samsung account2.0 DB.
01-17 21:08:49.672 I/SA      (27492): [AESC] encrypt START
01-17 21:08:49.672 I/SA      (27492): [AESC] encrypt END
01-17 21:08:49.682 I/SA      (27492): [SCU] get signed id from account manager.
01-17 21:08:49.682 I/SA      (27492): [SRH] auoaau rsp EmailRec : 0
01-17 21:08:49.682 I/SA      (27492): [SCU] setEmailReceiveYFFlagPref :N
01-17 21:08:49.682 I/SA      (27492): setTimeForEmailReceive : 1317190917000, orgLastEmailReceiveTime : 1470701014659, changeCycle : 630720000, orgChangeCycle :630720000
01-17 21:08:49.682 I/SA      (27492): [SRH] parseAndSaveAuthWithTncMandatory emptyMandatoryField = [givenNa_ : empty, familyNa_ : empty]
01-17 21:08:49.702 I/SA      (27492): [ODM] saveTncResultToOpenDB
01-17 21:08:49.702 I/SA      (27492): [DBMV2] getMccFromDB
01-17 21:08:49.702 I/SA      (27492): [DBMV2] getDataV02ForItems
01-17 21:08:49.702 I/SA      (27492): [SSP] query invoked
01-17 21:08:49.702 I/SA      (27492): [AESC] decrypt START
01-17 21:08:49.702 I/SA      (27492): [AESC] decrypt END
01-17 21:08:49.702 I/SA      (27492): Not Skip Name Validation by accountMCC
01-17 21:08:49.712 I/SA      (27492): [SCU] isHaveSA() - true
01-17 21:08:49.712 I/SA      (27492): [SCU] get signed id from account manager.
01-17 21:08:49.712 I/SA      (27492): [ODM] makeCheckList
01-17 21:08:49.712 I/SA      (27492): [ODM] getTncCursor
01-17 21:08:49.712 I/SA      (27492): [SCU] isHaveSA() - true
01-17 21:08:49.722 I/SA      (27492): [OCP] update current tnc state : 0
01-17 21:08:49.722 I/SA      (27492): [ODM] TNC SAVE key: checkList:0
01-17 21:08:49.722 I/SA      (27492): [ODM] saveFieldInfoResultToOpenDB
01-17 21:08:49.732 I/SA      (27492): [SCU] get signed id from account manager.
01-17 21:08:49.732 I/SA      (27492): [ODM] getFieldCursor
01-17 21:08:49.732 I/SA      (27492): [SCU] isHaveSA() - true
01-17 21:08:49.732 I/SA      (27492): [AESC] encrypt START
01-17 21:08:49.732 I/SA      (27492): [AESC] encrypt END
01-17 21:08:49.742 I/SA      (27492): [AESC] encrypt START
01-17 21:08:49.742 I/SA      (27492): [AESC] encrypt END
01-17 21:08:49.742 I/SA      (27492): [OCP] update current field state : true
01-17 21:08:49.752 I/SA      (27492): [ODM] FIELD SAVE key : fieldRequire:true
01-17 21:08:49.752 I/SA      (27492): [ATMU] getCheckList
01-17 21:08:49.752 I/SA      (27492): [ATMU] requirement : Mandatory input
01-17 21:08:49.752 I/SA      (27492): [ATMU] isCheckListSuccess
01-17 21:08:49.752 I/SA      (27492): [ATMU] CheckList - Fail
01-17 21:08:49.752 I/SA      (27492): [ATMU] Certification process is not completed! checklist > 0
01-17 21:08:49.752 I/SA      (27492): [DBMV2] getMccFromDB
01-17 21:08:49.752 I/SA      (27492): [DBMV2] getDataV02ForItems
01-17 21:08:49.752 I/SA      (27492): [SSP] query invoked
01-17 21:08:49.752 I/SA      (27492): [AESC] decrypt START
01-17 21:08:49.752 I/SA      (27492): [AESC] decrypt END
01-17 21:08:49.762 I/SA      (27492): Not Skip Name Validation by accountMCC
01-17 21:08:49.772 I/SA      (27492): [TPMU]  strSIMState 	:SIM_STATE_READY
01-17 21:08:49.772 I/SA      (27492): [TPMU] getMccFromUsim : 310
01-17 21:08:49.772 I/SA      (27492): [SCU] saveMccToPreferece Start
01-17 21:08:49.772 I/SA      (27492): [SCU] RegionMCC : 310
01-17 21:08:49.772 I/SA      (27492): [SSP] query invoked
01-17 21:08:49.782 I/SA      (27492): [AESC] decrypt START
01-17 21:08:49.782 I/SA      (27492): [AESC] decrypt END
01-17 21:08:49.782 I/SA      (27492): [TPMU] mcc decrypted.
01-17 21:08:49.782 I/SA      (27492): [TPMU] GetMccFromDB : 505
01-17 21:08:49.782 I/SA      (27492): [SCU] getMccFromPreferece mcc = 310
01-17 21:08:49.782 I/SA      (27492): [SCU] saveMccToPreferece End
01-17 21:08:49.782 I/SA      (27492): [ATMU] showCertificationNotification
01-17 21:08:49.782 I/SA      (27492): [SCU] isHaveSA() - true
01-17 21:08:49.782 I/SA      (27492): [DBMV2] getUserID
01-17 21:08:49.782 I/SA      (27492): [DBMV2] getDataV02ForItems
01-17 21:08:49.782 I/SA      (27492): [SSP] query invoked
01-17 21:08:49.792 I/SA      (27492): [AESC] decrypt START
01-17 21:08:49.792 I/SA      (27492): [AESC] decrypt END
01-17 21:08:49.802 I/SA      (27492): [SCU] getAES02EncryptedCodeWithPattern
01-17 21:08:49.802 I/SA      (27492): [SCU] AES_ENCRYPT_TYPE_1
01-17 21:08:49.802 I/SA      (27492): [AESC] encrypt START
01-17 21:08:49.802 I/SA      (27492): [AESC] encrypt END
01-17 21:08:49.802 I/SA      (27492): [SCU] Success Encrypting Code
01-17 21:08:49.812 I/SA      (27492): [SS] kitkat noti requested!
01-17 21:08:49.822 I/SA      (27492): [TPMU]  strSIMState 	:SIM_STATE_READY
01-17 21:08:49.832 I/SA      (27492): [TPMU] getMccFromUsim : 310
01-17 21:08:49.832 I/SA      (27492): getMccForGalaxyJpn step1 PURE MCC : 310
01-17 21:08:49.862 D/ApplicationPolicy(24942): isStatusBarNotificationAllowedAsUser: packageName = com.osp.app.signin,userId = 0
01-17 21:08:49.862 I/SA      (27492): [ATMU] Show more process remain Notification to get token
01-17 21:08:49.862 I/SA      (27492): [RATMUV] setErrorResult
01-17 21:08:49.862 I/SA      (27492): [RATMUV] setFailCheckList
01-17 21:08:49.862 I/SA      (27492): [SCU] setTimeForCheckInterval[AUTH_WITH_TNCMANDATORY] start
01-17 21:08:49.862 I/SA      (27492): [SCU] setTimeForCheckInterval[AUTH_WITH_TNCMANDATORY] now = 1484716129873
01-17 21:08:49.872 I/SA      (27492): [SCU] setTimeForCheckInterval[AUTH_WITH_TNCMANDATORY] end
01-17 21:08:49.872 I/SA_HTTPURLCONNECTION(27492): [RC New] executeRequest [auoaau] end. 452
01-17 21:08:49.872 I/SA_HTTPURLCONNECTION(27492): [RC New] Execute end
01-17 21:08:49.872 I/SA      (27492): [RATMUV] isSuccess
01-17 21:08:49.872 I/SA      (27492): [ATMU] reqeustAuthWithTncMandatory is false
01-17 21:08:49.882 I/SA      (27492): [ATR] [InAIDL-AccessTokenRunnable]setAuthWithTncMadnatoryRequestResult. Package = android.spay.
01-17 21:08:49.882 I/SA      (27492): [RATMUV] isSuccess
01-17 21:08:49.882 I/SA      (27492): [ATR] [InAIDL-AccessTokenRunnable]The result is false. Package = android.spay.
01-17 21:08:49.882 I/SA      (27492): [RATMUV] getErrorCode
01-17 21:08:49.882 I/SA      (27492): [RATMUV] getErrorMessage
01-17 21:08:49.882 I/SA      (27492): ===========================================AIDL Error===========================================
01-17 21:08:49.882 I/SA      (27492): [APR] [InAIDL-AbstractProcessRunnable]setErrorResult Package = android.spay.
01-17 21:08:49.882 I/SA      (27492): [RATMUV] getFailCheckList
01-17 21:08:49.882 I/SA      (27492): [ATR] [InAIDL-AccessTokenRunnable]runProcess end. Package = android.spay.
01-17 21:08:49.882 I/SA      (27492): [RATMUV] isSuccess
01-17 21:08:49.882 I/SA      (27492): [CBM] [InAIDL-CallbackManager]getCallbackInfo
01-17 21:08:49.882 I/SA      (27492): [CBM] setCurrentRequestType :0
01-17 21:08:49.882 I/SA      (27492): [ATR] [InAIDL-AccessTokenRunnable]onProcessFinished. Package = android.spay.
01-17 21:08:49.882 I/SA      (27492): [APR] [InAIDL-AbstractProcessRunnable]handleDrawalAccount. Package = android.spay.
01-17 21:08:49.892 D/CatchNotificationsService(26362): onNotificationPosted
01-17 21:08:49.892 I/SA      (27492): [SCU] get signed id from account manager.
01-17 21:08:49.902 I/SA      (27492): [LBE] compareLoginIdWithServiceAccounts : true
01-17 21:08:49.902 I/SA      (27492): [ATR] [InAIDL-AccessTokenRunnable]handleProcessFailResult start. Package = android.spay.
01-17 21:08:49.902 I/SA      (27492): [ATR] [InAIDL-AccessTokenRunnable] Process Failed Error_code SAC_0204 Error_message The certification process must be completed before you use your Samsung account Package = android.spay.
01-17 21:08:49.902 I/SA      (27492): [APR] [InAIDL-AbstractProcessRunnable]setAdditionalCheckListResult. Package = android.spay.
01-17 21:08:49.902 I/SA      (27492): [APR] [InAIDL-AbstractProcessRunnable]checklistResult : 16 Package = android.spay.
01-17 21:08:49.912 D/SAMSUNGPAY(27471): [SamsungAccountManager] unbind : 
01-17 21:08:49.912 D/PhoneStatusBar(25375): setAreThereNotifications: N=6 any=true clearable=true
01-17 21:08:49.922 D/BadgeProvider(28420): query, [selection] : null
01-17 21:08:49.922 I/SA      (27492): [AIB] [InAIDL]unregistCallback start 
01-17 21:08:49.922 I/SA      (27492): calling pID: 27471
01-17 21:08:49.922 D/CatchNotificationsSupportedAppsDBHelper(26362): isDisabled value : false
01-17 21:08:49.922 D/CatchNotificationsSupportedAppsDBHelper(26362): isPackageSupported value : false
01-17 21:08:49.922 D/CatchNotificationsService(26362): Notification from package is not supported
01-17 21:08:49.922 I/SA      (27492): [AIB] UNREG_CALLING_PACKAGE : android.spay.
01-17 21:08:49.922 I/SA      (27492): [CBM] [InAIDL-CallbackManager]getCallbackInfo
01-17 21:08:49.922 I/SA      (27492): [RCM] ==AIDL ACCTOKEN HISTORY== android.spay. => 01/17-21:08:32
01-17 21:08:49.922 I/SA      (27492): [CBM] [InAIDL-CallbackManager]unRegisterCallback
01-17 21:08:49.922 I/SA      (27492): [CBM] [InAIDL-CallbackManager]checkUnregisterCallbackCondition
01-17 21:08:49.922 I/SA      (27492): [CBM] [InAIDL-CallbackManager]getCallbackInfo
01-17 21:08:49.922 I/SA      (27492): [CBM] [InAIDL-CallbackManager] Unregister SuccessPackage = android.spay.
01-17 21:08:49.922 I/SA      (27492): [AIB] [InAIDL]unregistCallback end 
01-17 21:08:49.942 I/SA      (27492): [RS] OnDestroy Service
01-17 21:08:49.942 I/SAMSUNGPAY(27471): [SamsungAccountManager] onReceiveAccessToken : false
01-17 21:08:49.942 I/SAMSUNGPAY(27471): [SamsungAccountManager] AIDL getAccstoken fail
01-17 21:08:49.942 I/SAMSUNGPAY(27471): [SamsungAccountManager] sendResult :  requestID : 18 resultCode : -1000
01-17 21:08:49.942 I/SAMSUNGPAY(27471): [SamsungAccountManager] error code : SAC_0204
01-17 21:08:49.942 I/SAMSUNGPAY(27471): [SamsungAccountManager] error message : The certification process must be completed before you use your Samsung account
01-17 21:08:49.942 I/SAMSUNGPAY(27471): [SamsungAccountHelper] SamsungAccountManager.OnResultListener onResult : -1000
01-17 21:08:49.942 I/SAMSUNGPAY(27471): [SamsungAccountHelper] SAC_0204 error : tnc_acceptance_required = false, name_verification_required = false, email_validation_required = false, mandatory_input_required = true
01-17 21:08:49.942 I/SAMSUNGPAY(27471): [SamsungPayCommonApplication] response SA access token error
01-17 21:08:49.952 I/SA      (27492): [ATR] [InAIDL-AccessTokenRunnable]handleProcessFailResult finish. Package = android.spay.
01-17 21:08:50.952 W/DnsProxyListener(24802): Error writing DNS result to client
01-17 21:08:51.502 W/DnsProxyListener(24802): Error writing DNS result to client
01-17 21:08:52.182 D/SensorService(24942): SensorEventConnection::SocketBufferSize, SystemSocketBufferSize - 102400, 2097152
01-17 21:08:52.192 E/Sensors (24942): Pressure old sensor_state 278529, new sensor_state : 278561 en : 1
01-17 21:08:52.202 D/SensorManager(26925): registerListener :: 4, LPS25H Barometer Sensor, 0, 0,  
01-17 21:08:52.262 I/Finsky  ( 9594): [2067] com.google.android.finsky.d.g.run(1151): Replicating app states via AMAS.
01-17 21:08:52.292 W/CAE     (24942): setCAProperty(ContextAwareService.java:578) - [setProperty 01] Mutex is locked for ANY_MOTION_DETECTOR_RUNNER
01-17 21:08:52.292 I/CAE     (24942): sendCmdToSensorHub(SensorHubCommManager.java:162) - -72, 58, 1, 0,
01-17 21:08:52.292 D/SensorHubManager(24942): SendSensorHubData: send data = -72, 58, 1, 0
01-17 21:08:52.302 D/Sensorhubs( 4857): sendContextData: -72, 58, 1, 0
01-17 21:08:52.302 I/CAE     (24942): setCAProperty(ContextAwareService.java:583) - result : true
01-17 21:08:52.302 W/CAE     (24942): setCAProperty(ContextAwareService.java:584) - [setProperty 02] Mutex is unlocked for ANY_MOTION_DETECTOR_RUNNER
01-17 21:08:52.302 D/SContextService(24942): requestToUpdate() : service = Any Motion Detector
01-17 21:08:52.302 D/SContextManager(24942):   .requestToUpdate : listener = com.samsung.android.server.wifi.WifiScanController$2@539bd3f, service=Any Motion Detector
01-17 21:08:52.312 D/Sensorhubs( 4857): readContextData: 1, 1, 58, 0
01-17 21:08:52.312 D/SensorHubManager(24942): onGetSensorHubDataLocked: library(4) = 1, 1, 58, 0
01-17 21:08:52.322 D/CAE     (24942): onGetSensorHubData(SensorHubParserProvider.java:92) - onGetSensorHubData Event [event buffer len :4], AP_WAKEUP
01-17 21:08:52.322 I/CAE     (24942): parse(SensorHubParserProvider.java:188) - buffer size = 4
01-17 21:08:52.322 I/CAE     (24942): parse(SensorHubParserProvider.java:199) - 1, 1, 58, 0,
01-17 21:08:52.322 D/CAE     (24942): display(ContextProvider.java:375) - ================= ANY_MOTION_DETECTOR_RUNNER =================
01-17 21:08:52.322 I/CAE     (24942): display(ContextProvider.java:391) - Action=[0]
01-17 21:08:52.322 D/SContextService(24942): updateSContext() : event = Any Motion Detector
01-17 21:08:52.342 I/AppOps  (24942): sendInfoToFLP, code=12 , uid=10013 , packageName=com.google.android.gms , type=noteOp
01-17 21:08:52.382 E/Sensors (24942): Pressure old sensor_state 278561, new sensor_state : 278529 en : 0
01-17 21:08:52.392 D/SensorManager(26925): unregisterListener ::   
01-17 21:08:52.402 D/WifiScanController(24942): time diff: 63657
01-17 21:08:52.402 D/WifiStateMachine(24942): CMD_START_SCAN : scanLog.mLast - 1484716132300, scanLog.mStartTimeForBigdata - 1484714232966
01-17 21:08:52.402 D/WifiStateMachine(24942): CMD_START_SCAN : scanLog.mCountForBigdata - 27
01-17 21:08:52.482 D/EnterpriseController(24802): netId is 0
01-17 21:08:52.482 D/Netd    (24802): getNetworkForDns: using netid 508 for uid 10218
01-17 21:08:53.092 I/Finsky  ( 9594): [2067] com.google.android.finsky.d.e.a(313): Completed 0 account content syncs with 0 successful.
01-17 21:08:53.092 I/Finsky  ( 9594): [1] com.google.android.finsky.services.j.a(148): Installation state replication succeeded.
01-17 21:08:53.342 I/GCoreUlr(26925): Successfully inserted 1 locations
01-17 21:08:56.612 D/ContactsProvider_EventLog(25789): contents_sample_state: [contacts(274) raw_contacts(386) raw_contacts deleted(0) data(2174) accounts({vnd.sec.contact.sim=3, org.thoughtcrime.securesms=4, com.google=173, com.whatsapp=66, com.skype.contacts.sync=32, vnd.sec.contact.phone=108}) accounts deleted({}) ]
01-17 21:08:57.552 D/EnterpriseController(24802): netId is 0
01-17 21:08:57.552 D/Netd    (24802): getNetworkForDns: using netid 508 for uid 10218
01-17 21:08:59.222 D/KeyguardUpdateMonitor(25375): received broadcast android.intent.action.BATTERY_CHANGED
01-17 21:08:59.222 D/KeyguardUpdateMonitor(25375): handleBatteryUpdate
01-17 21:08:59.312 D/ApplicationPolicy(24942): isStatusBarNotificationAllowedAsUser: packageName = com.devuni.flashlight,userId = 0
01-17 21:09:00.002 D/KeyguardUpdateMonitor(25375): received broadcast android.intent.action.TIME_TICK
01-17 21:09:00.002 D/KeyguardUpdateMonitor(25375): handleTimeUpdate
01-17 21:09:00.022 D/Clock   (25375): received broadcast android.intent.action.TIME_TICK
01-17 21:09:00.102 D/DateView(25375): received broadcast android.intent.action.TIME_TICK
01-17 21:09:00.152 V/LauncherAppWidgetHostView(26521): calculateWidgetSize: (target widgetsize)  using w/h 1372 352 span 4 1 (widgetid 16) [current Gridsize : GRID_4x5]
01-17 21:09:00.152 D/LauncherAppWidgetHostView(26521): calculateWidgetSize() widget = Weather and Clock(widget id = 16) result hostview size = 1715 x 440
01-17 21:09:00.152 D/LauncherAppWidgetHostView(26521): setResizeScaleResult() 1715/ 440 scaleToResize = 0.8(widget id = 16)
01-17 21:09:00.182 V/LauncherAppWidgetHostView(26521): calculateWidgetSize: (target widgetsize)  using w/h 1372 352 span 4 1 (widgetid 16) [current Gridsize : GRID_4x5]
01-17 21:09:00.182 D/LauncherAppWidgetHostView(26521): calculateWidgetSize() widget = Weather and Clock(widget id = 16) result hostview size = 1715 x 440
01-17 21:09:00.182 D/LauncherAppWidgetHostView(26521): setResizeScaleResult() 1715/ 440 scaleToResize = 0.8(widget id = 16)
01-17 21:09:00.212 V/LauncherAppWidgetHostView(26521): calculateWidgetSize: (target widgetsize)  using w/h 684 352 span 2 1 (widgetid 4) [current Gridsize : GRID_4x5]
01-17 21:09:00.212 D/LauncherAppWidgetHostView(26521): calculateWidgetSize() widget = Kcast Gold Live! Widget(widget id = 4) result hostview size = 855 x 440
01-17 21:09:00.212 D/LauncherAppWidgetHostView(26521): setResizeScaleResult() 855/ 440 scaleToResize = 0.8(widget id = 4)
01-17 21:09:00.212 V/LauncherAppWidgetHostView(26521): calculateWidgetSize: (target widgetsize)  using w/h 1372 352 span 4 1 (widgetid 14) [current Gridsize : GRID_4x5]
01-17 21:09:00.212 D/LauncherAppWidgetHostView(26521): calculateWidgetSize() widget = Dual Clock(widget id = 14) result hostview size = 1715 x 440
01-17 21:09:00.212 D/LauncherAppWidgetHostView(26521): setResizeScaleResult() 1715/ 440 scaleToResize = 0.8(widget id = 14)
01-17 21:09:00.212 V/LauncherAppWidgetHostView(26521): calculateWidgetSize: (target widgetsize)  using w/h 684 352 span 2 1 (widgetid 18) [current Gridsize : GRID_4x5]
01-17 21:09:00.212 D/LauncherAppWidgetHostView(26521): calculateWidgetSize() widget = Kcast Gold Live! Widget(widget id = 18) result hostview size = 855 x 440
01-17 21:09:00.212 D/LauncherAppWidgetHostView(26521): setResizeScaleResult() 855/ 440 scaleToResize = 0.8(widget id = 18)
01-17 21:09:00.232 V/LauncherAppWidgetHostView(26521): calculateWidgetSize: (target widgetsize)  using w/h 684 352 span 2 1 (widgetid 4) [current Gridsize : GRID_4x5]
01-17 21:09:00.232 D/LauncherAppWidgetHostView(26521): calculateWidgetSize() widget = Kcast Gold Live! Widget(widget id = 4) result hostview size = 855 x 440
01-17 21:09:00.232 D/LauncherAppWidgetHostView(26521): setResizeScaleResult() 855/ 440 scaleToResize = 0.8(widget id = 4)
01-17 21:09:00.232 V/LauncherAppWidgetHostView(26521): calculateWidgetSize: (target widgetsize)  using w/h 1372 352 span 4 1 (widgetid 14) [current Gridsize : GRID_4x5]
01-17 21:09:00.232 D/LauncherAppWidgetHostView(26521): calculateWidgetSize() widget = Dual Clock(widget id = 14) result hostview size = 1715 x 440
01-17 21:09:00.232 D/LauncherAppWidgetHostView(26521): setResizeScaleResult() 1715/ 440 scaleToResize = 0.8(widget id = 14)
01-17 21:09:00.232 V/LauncherAppWidgetHostView(26521): calculateWidgetSize: (target widgetsize)  using w/h 684 352 span 2 1 (widgetid 18) [current Gridsize : GRID_4x5]
01-17 21:09:00.232 D/LauncherAppWidgetHostView(26521): calculateWidgetSize() widget = Kcast Gold Live! Widget(widget id = 18) result hostview size = 855 x 440
01-17 21:09:00.232 D/LauncherAppWidgetHostView(26521): setResizeScaleResult() 855/ 440 scaleToResize = 0.8(widget id = 18)
01-17 21:09:00.252 V/LauncherAppWidgetHostView(26521): calculateWidgetSize: (target widgetsize)  using w/h 684 352 span 2 1 (widgetid 4) [current Gridsize : GRID_4x5]
01-17 21:09:00.252 D/LauncherAppWidgetHostView(26521): calculateWidgetSize() widget = Kcast Gold Live! Widget(widget id = 4) result hostview size = 855 x 440
01-17 21:09:00.252 D/LauncherAppWidgetHostView(26521): setResizeScaleResult() 855/ 440 scaleToResize = 0.8(widget id = 4)
01-17 21:09:00.252 V/LauncherAppWidgetHostView(26521): calculateWidgetSize: (target widgetsize)  using w/h 1372 352 span 4 1 (widgetid 14) [current Gridsize : GRID_4x5]
01-17 21:09:00.252 D/LauncherAppWidgetHostView(26521): calculateWidgetSize() widget = Dual Clock(widget id = 14) result hostview size = 1715 x 440
01-17 21:09:00.252 D/LauncherAppWidgetHostView(26521): setResizeScaleResult() 1715/ 440 scaleToResize = 0.8(widget id = 14)
01-17 21:09:00.252 V/LauncherAppWidgetHostView(26521): calculateWidgetSize: (target widgetsize)  using w/h 684 352 span 2 1 (widgetid 18) [current Gridsize : GRID_4x5]
01-17 21:09:00.252 D/LauncherAppWidgetHostView(26521): calculateWidgetSize() widget = Kcast Gold Live! Widget(widget id = 18) result hostview size = 855 x 440
01-17 21:09:00.252 D/LauncherAppWidgetHostView(26521): setResizeScaleResult() 855/ 440 scaleToResize = 0.8(widget id = 18)
01-17 21:09:00.262 V/LauncherAppWidgetHostView(26521): calculateWidgetSize: (target widgetsize)  using w/h 684 352 span 2 1 (widgetid 4) [current Gridsize : GRID_4x5]
01-17 21:09:00.262 D/LauncherAppWidgetHostView(26521): calculateWidgetSize() widget = Kcast Gold Live! Widget(widget id = 4) result hostview size = 855 x 440
01-17 21:09:00.262 D/LauncherAppWidgetHostView(26521): setResizeScaleResult() 855/ 440 scaleToResize = 0.8(widget id = 4)
01-17 21:09:00.262 V/LauncherAppWidgetHostView(26521): calculateWidgetSize: (target widgetsize)  using w/h 1372 352 span 4 1 (widgetid 14) [current Gridsize : GRID_4x5]
01-17 21:09:00.262 D/LauncherAppWidgetHostView(26521): calculateWidgetSize() widget = Dual Clock(widget id = 14) result hostview size = 1715 x 440
01-17 21:09:00.262 D/LauncherAppWidgetHostView(26521): setResizeScaleResult() 1715/ 440 scaleToResize = 0.8(widget id = 14)
01-17 21:09:00.262 V/LauncherAppWidgetHostView(26521): calculateWidgetSize: (target widgetsize)  using w/h 684 352 span 2 1 (widgetid 18) [current Gridsize : GRID_4x5]
01-17 21:09:00.262 D/LauncherAppWidgetHostView(26521): calculateWidgetSize() widget = Kcast Gold Live! Widget(widget id = 18) result hostview size = 855 x 440
01-17 21:09:00.262 D/LauncherAppWidgetHostView(26521): setResizeScaleResult() 855/ 440 scaleToResize = 0.8(widget id = 18)
01-17 21:09:00.282 V/LauncherAppWidgetHostView(26521): calculateWidgetSize: (target widgetsize)  using w/h 684 352 span 2 1 (widgetid 4) [current Gridsize : GRID_4x5]
01-17 21:09:00.282 D/LauncherAppWidgetHostView(26521): calculateWidgetSize() widget = Kcast Gold Live! Widget(widget id = 4) result hostview size = 855 x 440
01-17 21:09:00.282 D/LauncherAppWidgetHostView(26521): setResizeScaleResult() 855/ 440 scaleToResize = 0.8(widget id = 4)
01-17 21:09:00.282 V/LauncherAppWidgetHostView(26521): calculateWidgetSize: (target widgetsize)  using w/h 1372 352 span 4 1 (widgetid 14) [current Gridsize : GRID_4x5]
01-17 21:09:00.282 D/LauncherAppWidgetHostView(26521): calculateWidgetSize() widget = Dual Clock(widget id = 14) result hostview size = 1715 x 440
01-17 21:09:00.282 D/LauncherAppWidgetHostView(26521): setResizeScaleResult() 1715/ 440 scaleToResize = 0.8(widget id = 14)
01-17 21:09:00.282 V/LauncherAppWidgetHostView(26521): calculateWidgetSize: (target widgetsize)  using w/h 684 352 span 2 1 (widgetid 18) [current Gridsize : GRID_4x5]
01-17 21:09:00.282 D/LauncherAppWidgetHostView(26521): calculateWidgetSize() widget = Kcast Gold Live! Widget(widget id = 18) result hostview size = 855 x 440
01-17 21:09:00.282 D/LauncherAppWidgetHostView(26521): setResizeScaleResult() 855/ 440 scaleToResize = 0.8(widget id = 18)
01-17 21:09:00.292 D/[WeatherWidget(1115)]  WeatherService(10608): {[EC3334F14841398C8B464A72D0E61AB7948E844A51B2F10E7C31A850CCA08F880ABEEF87F6E6A4C1C58A024DF4C59CCB8CD3484ABF03CCB972707336A9A23198]}
01-17 21:09:00.302 V/LauncherAppWidgetHostView(26521): calculateWidgetSize: (target widgetsize)  using w/h 684 352 span 2 1 (widgetid 4) [current Gridsize : GRID_4x5]
01-17 21:09:00.302 D/LauncherAppWidgetHostView(26521): calculateWidgetSize() widget = Kcast Gold Live! Widget(widget id = 4) result hostview size = 855 x 440
01-17 21:09:00.302 D/LauncherAppWidgetHostView(26521): setResizeScaleResult() 855/ 440 scaleToResize = 0.8(widget id = 4)
01-17 21:09:00.302 V/LauncherAppWidgetHostView(26521): calculateWidgetSize: (target widgetsize)  using w/h 1372 352 span 4 1 (widgetid 14) [current Gridsize : GRID_4x5]
01-17 21:09:00.302 D/LauncherAppWidgetHostView(26521): calculateWidgetSize() widget = Dual Clock(widget id = 14) result hostview size = 1715 x 440
01-17 21:09:00.302 D/LauncherAppWidgetHostView(26521): setResizeScaleResult() 1715/ 440 scaleToResize = 0.8(widget id = 14)
01-17 21:09:00.302 D/[WeatherWidget(1115)]  (10608): {[3AE6950019B083611567B0F9442DB03E59646CBA355B4C260B75423E37A3701A]}
01-17 21:09:00.302 V/LauncherAppWidgetHostView(26521): calculateWidgetSize: (target widgetsize)  using w/h 684 352 span 2 1 (widgetid 18) [current Gridsize : GRID_4x5]
01-17 21:09:00.302 D/LauncherAppWidgetHostView(26521): calculateWidgetSize() widget = Kcast Gold Live! Widget(widget id = 18) result hostview size = 855 x 440
01-17 21:09:00.302 D/LauncherAppWidgetHostView(26521): setResizeScaleResult() 855/ 440 scaleToResize = 0.8(widget id = 18)
01-17 21:09:00.322 D/[WeatherWidget(1115)]  (10608): {[5689AE05FB56D94F7966075318A3E3AE1D1E1CDC3D59D8155440ACC555FDB764452F9D4513617520DEB43654AE846041]}
01-17 21:09:00.332 D/[WeatherWidget(1115)]  (10608): {[5689AE05FB56D94F7966075318A3E3AE7FCC8BA3F15240E8BE0C8D01C3CBD81F2CF8BCF7570681DAD2598782B88F9EAE]}
01-17 21:09:00.332 D/[WeatherWidget(1115)]  (10608): {[5689AE05FB56D94F7966075318A3E3AE32BDAFF9055C6AF97094343B9B6594EDAEA512F0065FADD73B22F90C7257965BC2FD60D66DF1B769C4D3FB1C4C43B672]}
01-17 21:09:00.332 D/[WeatherWidget(1115)]  (10608): {[5689AE05FB56D94F7966075318A3E3AE972C1C895A4C57843D9C501244618B778080CDA04B3B3E29EA08D4F07270B1A7ED6424A994B808A1AC07FAD00C6E52DA]}
01-17 21:09:00.342 D/[WeatherWidget(1115)]  (10608): {[4F2877D3C42495F4DD78831CDB508FCAE412CA4A0D3D0AE2669644873B8614666355E95A43B38E51470A5FAC55BD7354]}
01-17 21:09:00.342 D/[WeatherWidget(1115)]  (10608): {[01B87BB16ED9E320F0BAB048DB0F4D30C6A6FAC7CFC83A6532600E73CC75D910CDB85A263935C55273D2940584650946]}
01-17 21:09:00.352 D/[WeatherWidget(1115)]  (10608): {[01B87BB16ED9E320F0BAB048DB0F4D30079D6F5F1C7DB55C3201B9191B68B6101C3BD74EE64A6B33D86A1CD2A053A183B13D6D0EB4242914B6AD2FB98B2555D68F38959CE46EA85E2A83D9A2DEE79095]}
01-17 21:09:00.352 D/[WeatherWidget(1115)]  (10608): {[4F2877D3C42495F4DD78831CDB508FCAE412CA4A0D3D0AE2669644873B8614666355E95A43B38E51470A5FAC55BD7354]}
01-17 21:09:00.352 D/[WeatherWidget(1115)]  (10608): {[01B87BB16ED9E320F0BAB048DB0F4D30C6A6FAC7CFC83A6532600E73CC75D910CDB85A263935C55273D2940584650946]}
01-17 21:09:00.352 D/[WeatherWidget(1115)]  (10608): {[01B87BB16ED9E320F0BAB048DB0F4D30079D6F5F1C7DB55C3201B9191B68B6101C3BD74EE64A6B33D86A1CD2A053A183B13D6D0EB4242914B6AD2FB98B2555D68F38959CE46EA85E2A83D9A2DEE79095]}
01-17 21:09:00.362 D/[WeatherWidget(1115)]  (10608): {[5689AE05FB56D94F7966075318A3E3AEE82E006AC2FEB186918D7C5E3D1DD466BABA626689015D6D4DA84EFDFEA3B62513DC06E9AA5FB8DF9AD7886BF437B3C3]}
01-17 21:09:00.362 D/[WeatherWidget(1115)]  (10608): {[5689AE05FB56D94F7966075318A3E3AE1D513E52CDD221E20860C54ECF217E254A2B915D30A90177DEB3AC2218B518470FBD6636D46C65AFD8A77E7B08A9723D]}
01-17 21:09:00.362 D/[WeatherWidget(1115)]  (10608): {[5689AE05FB56D94F7966075318A3E3AED447724C89BAF23697C76E1B0C39EEF654CD39E3C647369E7E7D663CBAD020DB5D8E2F5FDD5E2328989CC1DE30DC30F9]}
01-17 21:09:00.362 D/[WeatherWidget(1115)]  (10608): {[5689AE05FB56D94F7966075318A3E3AE86BA973F22639B38CD32510CC50BB6F293A35183711C8786373C5A2EE4FCF69AACD72888BC82A769F5C4B2684F27E6A6]}
01-17 21:09:00.362 D/[WeatherWidget(1115)]  (10608): {[5689AE05FB56D94F7966075318A3E3AEE33C43B5E87F8788267B99106A3857F75F3778122B1C6CDADC7B57B247AAF9E08186F8B8FD6EB3D3041BD21CCD5CB91C]}
01-17 21:09:00.372 D/[WeatherWidget(1115)]  (10608): {[3AE6950019B083611567B0F9442DB03E0F7D6DF8FAB8AEDDA9C52FD622CBE93BD3B3C821E02768ECE7D54B13E96560EDB802D29C56DFCCD38F937DDED36C9453E14ACC693F7BDF399FD0A06BF2D59F2E62F0159FCF8ED080A2244B7BC466DBEB]}
01-17 21:09:00.372 D/[WeatherWidget(1115)]  (10608): {[D4373F60448459DD657F41FF185B0D825CA20AA14BAB70A71EEEA345798FCBA8]}
01-17 21:09:09.272 D/KeyguardUpdateMonitor(25375): received broadcast android.intent.action.BATTERY_CHANGED
01-17 21:09:09.272 D/KeyguardUpdateMonitor(25375): handleBatteryUpdate
01-17 21:09:09.362 D/ApplicationPolicy(24942): isStatusBarNotificationAllowedAsUser: packageName = com.devuni.flashlight,userId = 0
01-17 21:09:19.312 D/KeyguardUpdateMonitor(25375): received broadcast android.intent.action.BATTERY_CHANGED
01-17 21:09:19.312 D/KeyguardUpdateMonitor(25375): handleBatteryUpdate
01-17 21:09:19.402 D/ApplicationPolicy(24942): isStatusBarNotificationAllowedAsUser: packageName = com.devuni.flashlight,userId = 0
01-17 21:09:29.362 D/KeyguardUpdateMonitor(25375): received broadcast android.intent.action.BATTERY_CHANGED
01-17 21:09:29.362 D/KeyguardUpdateMonitor(25375): handleBatteryUpdate
01-17 21:09:29.472 D/ApplicationPolicy(24942): isStatusBarNotificationAllowedAsUser: packageName = com.devuni.flashlight,userId = 0
01-17 21:09:32.042 W/GoogleAnalyticsTracker(29861): Problem with socket or streams.
01-17 21:09:32.042 W/GoogleAnalyticsTracker(29861): java.net.ConnectException: failed to connect to www.google-analytics.com/2607:f8b0:400a:800::200e (port 80): connect failed: ETIMEDOUT (Connection timed out)
01-17 21:09:32.042 W/GoogleAnalyticsTracker(29861): 	at libcore.io.IoBridge.connect(IoBridge.java:124)
01-17 21:09:32.042 W/GoogleAnalyticsTracker(29861): 	at java.net.PlainSocketImpl.connect(PlainSocketImpl.java:183)
01-17 21:09:32.042 W/GoogleAnalyticsTracker(29861): 	at java.net.PlainSocketImpl.connect(PlainSocketImpl.java:452)
01-17 21:09:32.042 W/GoogleAnalyticsTracker(29861): 	at java.net.Socket.connect(Socket.java:884)
01-17 21:09:32.042 W/GoogleAnalyticsTracker(29861): 	at org.apache.http.conn.scheme.PlainSocketFactory.connectSocket(PlainSocketFactory.java:124)
01-17 21:09:32.042 W/GoogleAnalyticsTracker(29861): 	at com.google.android.apps.analytics.PipelinedRequester.maybeOpenConnection(Unknown Source)
01-17 21:09:32.042 W/GoogleAnalyticsTracker(29861): 	at com.google.android.apps.analytics.PipelinedRequester.addRequest(Unknown Source)
01-17 21:09:32.042 W/GoogleAnalyticsTracker(29861): 	at com.google.android.apps.analytics.NetworkDispatcher$DispatcherThread$AsyncDispatchTask.dispatchSomePendingHits(Unknown Source)
01-17 21:09:32.042 W/GoogleAnalyticsTracker(29861): 	at com.google.android.apps.analytics.NetworkDispatcher$DispatcherThread$AsyncDispatchTask.run(Unknown Source)
01-17 21:09:32.042 W/GoogleAnalyticsTracker(29861): 	at android.os.Handler.handleCallback(Handler.java:739)
01-17 21:09:32.042 W/GoogleAnalyticsTracker(29861): 	at android.os.Handler.dispatchMessage(Handler.java:95)
01-17 21:09:32.042 W/GoogleAnalyticsTracker(29861): 	at android.os.Looper.loop(Looper.java:158)
01-17 21:09:32.042 W/GoogleAnalyticsTracker(29861): 	at android.os.HandlerThread.run(HandlerThread.java:61)
01-17 21:09:32.042 W/GoogleAnalyticsTracker(29861): Caused by: android.system.ErrnoException: connect failed: ETIMEDOUT (Connection timed out)
01-17 21:09:32.042 W/GoogleAnalyticsTracker(29861): 	at libcore.io.Posix.connect(Native Method)
01-17 21:09:32.042 W/GoogleAnalyticsTracker(29861): 	at libcore.io.BlockGuardOs.connect(BlockGuardOs.java:111)
01-17 21:09:32.042 W/GoogleAnalyticsTracker(29861): 	at libcore.io.IoBridge.connectErrno(IoBridge.java:137)
01-17 21:09:32.042 W/GoogleAnalyticsTracker(29861): 	at libcore.io.IoBridge.connect(IoBridge.java:122)
01-17 21:09:32.042 W/GoogleAnalyticsTracker(29861): 	... 12 more
01-17 21:09:37.302 I/GrammarCompilationSvcCt(26684): #startService for null, APP_NAMES.
01-17 21:09:38.312 D/SleepAsAndroid(28020): [21:09:38.321, Log-Flusher]: No need to rotate log (logbuffer), too small: 75075
01-17 21:09:39.422 D/KeyguardUpdateMonitor(25375): received broadcast android.intent.action.BATTERY_CHANGED
01-17 21:09:39.422 D/KeyguardUpdateMonitor(25375): handleBatteryUpdate
01-17 21:09:39.432 D/ApplicationPolicy(24942): isStatusBarNotificationAllowedAsUser: packageName = com.android.systemui,userId = -1
01-17 21:09:39.482 D/CatchNotificationsService(26362): onNotificationPosted
01-17 21:09:39.502 D/BadgeProvider(28420): query, [selection] : null
01-17 21:09:39.512 D/PhoneStatusBar(25375): setAreThereNotifications: N=6 any=true clearable=true
01-17 21:09:39.512 E/CatchNotificationsService(26362): Invalid notification data
01-17 21:09:39.532 D/ApplicationPolicy(24942): isStatusBarNotificationAllowedAsUser: packageName = com.devuni.flashlight,userId = 0
01-17 21:09:41.812 I/PlayCommon( 1154): [2756] PlayEventLogger.uploadEventsImpl: Preparing logs for uploading
01-17 21:09:41.812 I/PlayCommon( 1154): [2756] PlayEventLogger.uploadEventsImpl: No file ready to send
01-17 21:09:49.462 D/KeyguardUpdateMonitor(25375): received broadcast android.intent.action.BATTERY_CHANGED
01-17 21:09:49.462 D/KeyguardUpdateMonitor(25375): handleBatteryUpdate
01-17 21:09:49.552 D/ApplicationPolicy(24942): isStatusBarNotificationAllowedAsUser: packageName = com.devuni.flashlight,userId = 0
01-17 21:09:56.722 D/ContactsProvider_EventLog(25789): contents_sample_state: [contacts(274) raw_contacts(386) raw_contacts deleted(0) data(2174) accounts({vnd.sec.contact.sim=3, org.thoughtcrime.securesms=4, com.google=173, com.whatsapp=66, com.skype.contacts.sync=32, vnd.sec.contact.phone=108}) accounts deleted({}) ]
01-17 21:09:59.512 D/KeyguardUpdateMonitor(25375): received broadcast android.intent.action.BATTERY_CHANGED
01-17 21:09:59.512 D/KeyguardUpdateMonitor(25375): handleBatteryUpdate
01-17 21:09:59.602 D/ApplicationPolicy(24942): isStatusBarNotificationAllowedAsUser: packageName = com.devuni.flashlight,userId = 0
01-17 21:10:00.002 D/KeyguardUpdateMonitor(25375): received broadcast android.intent.action.TIME_TICK
01-17 21:10:00.002 D/KeyguardUpdateMonitor(25375): handleTimeUpdate
01-17 21:10:00.032 D/Clock   (25375): received broadcast android.intent.action.TIME_TICK
01-17 21:10:00.082 D/SensorService(24942): SensorEventConnection::SocketBufferSize, SystemSocketBufferSize - 102400, 2097152
01-17 21:10:00.082 E/Sensors (24942): Pressure old sensor_state 278529, new sensor_state : 278561 en : 1
01-17 21:10:00.092 D/SensorManager(26925): registerListener :: 4, LPS25H Barometer Sensor, 0, 0,  
01-17 21:10:00.152 D/DateView(25375): received broadcast android.intent.action.TIME_TICK
01-17 21:10:00.232 V/LauncherAppWidgetHostView(26521): calculateWidgetSize: (target widgetsize)  using w/h 1372 352 span 4 1 (widgetid 16) [current Gridsize : GRID_4x5]
01-17 21:10:00.232 D/LauncherAppWidgetHostView(26521): calculateWidgetSize() widget = Weather and Clock(widget id = 16) result hostview size = 1715 x 440
01-17 21:10:00.232 D/LauncherAppWidgetHostView(26521): setResizeScaleResult() 1715/ 440 scaleToResize = 0.8(widget id = 16)
01-17 21:10:00.262 V/LauncherAppWidgetHostView(26521): calculateWidgetSize: (target widgetsize)  using w/h 1372 352 span 4 1 (widgetid 16) [current Gridsize : GRID_4x5]
01-17 21:10:00.262 D/LauncherAppWidgetHostView(26521): calculateWidgetSize() widget = Weather and Clock(widget id = 16) result hostview size = 1715 x 440
01-17 21:10:00.262 D/LauncherAppWidgetHostView(26521): setResizeScaleResult() 1715/ 440 scaleToResize = 0.8(widget id = 16)
01-17 21:10:00.272 E/Sensors (24942): Pressure old sensor_state 278561, new sensor_state : 278529 en : 0
01-17 21:10:00.282 D/SensorManager(26925): unregisterListener ::   
01-17 21:10:00.292 V/LauncherAppWidgetHostView(26521): calculateWidgetSize: (target widgetsize)  using w/h 684 352 span 2 1 (widgetid 4) [current Gridsize : GRID_4x5]
01-17 21:10:00.292 D/LauncherAppWidgetHostView(26521): calculateWidgetSize() widget = Kcast Gold Live! Widget(widget id = 4) result hostview size = 855 x 440
01-17 21:10:00.302 D/LauncherAppWidgetHostView(26521): setResizeScaleResult() 855/ 440 scaleToResize = 0.8(widget id = 4)
01-17 21:10:00.302 V/LauncherAppWidgetHostView(26521): calculateWidgetSize: (target widgetsize)  using w/h 1372 352 span 4 1 (widgetid 14) [current Gridsize : GRID_4x5]
01-17 21:10:00.302 D/LauncherAppWidgetHostView(26521): calculateWidgetSize() widget = Dual Clock(widget id = 14) result hostview size = 1715 x 440
01-17 21:10:00.302 D/LauncherAppWidgetHostView(26521): setResizeScaleResult() 1715/ 440 scaleToResize = 0.8(widget id = 14)
01-17 21:10:00.302 V/LauncherAppWidgetHostView(26521): calculateWidgetSize: (target widgetsize)  using w/h 684 352 span 2 1 (widgetid 18) [current Gridsize : GRID_4x5]
01-17 21:10:00.302 D/LauncherAppWidgetHostView(26521): calculateWidgetSize() widget = Kcast Gold Live! Widget(widget id = 18) result hostview size = 855 x 440
01-17 21:10:00.302 D/LauncherAppWidgetHostView(26521): setResizeScaleResult() 855/ 440 scaleToResize = 0.8(widget id = 18)
01-17 21:10:00.312 V/LauncherAppWidgetHostView(26521): calculateWidgetSize: (target widgetsize)  using w/h 684 352 span 2 1 (widgetid 4) [current Gridsize : GRID_4x5]
01-17 21:10:00.312 D/LauncherAppWidgetHostView(26521): calculateWidgetSize() widget = Kcast Gold Live! Widget(widget id = 4) result hostview size = 855 x 440
01-17 21:10:00.312 D/LauncherAppWidgetHostView(26521): setResizeScaleResult() 855/ 440 scaleToResize = 0.8(widget id = 4)
01-17 21:10:00.312 V/LauncherAppWidgetHostView(26521): calculateWidgetSize: (target widgetsize)  using w/h 1372 352 span 4 1 (widgetid 14) [current Gridsize : GRID_4x5]
01-17 21:10:00.312 D/LauncherAppWidgetHostView(26521): calculateWidgetSize() widget = Dual Clock(widget id = 14) result hostview size = 1715 x 440
01-17 21:10:00.312 D/LauncherAppWidgetHostView(26521): setResizeScaleResult() 1715/ 440 scaleToResize = 0.8(widget id = 14)
01-17 21:10:00.312 V/LauncherAppWidgetHostView(26521): calculateWidgetSize: (target widgetsize)  using w/h 684 352 span 2 1 (widgetid 18) [current Gridsize : GRID_4x5]
01-17 21:10:00.312 D/LauncherAppWidgetHostView(26521): calculateWidgetSize() widget = Kcast Gold Live! Widget(widget id = 18) result hostview size = 855 x 440
01-17 21:10:00.312 D/LauncherAppWidgetHostView(26521): setResizeScaleResult() 855/ 440 scaleToResize = 0.8(widget id = 18)
01-17 21:10:00.332 V/LauncherAppWidgetHostView(26521): calculateWidgetSize: (target widgetsize)  using w/h 684 352 span 2 1 (widgetid 4) [current Gridsize : GRID_4x5]
01-17 21:10:00.332 D/LauncherAppWidgetHostView(26521): calculateWidgetSize() widget = Kcast Gold Live! Widget(widget id = 4) result hostview size = 855 x 440
01-17 21:10:00.332 D/LauncherAppWidgetHostView(26521): setResizeScaleResult() 855/ 440 scaleToResize = 0.8(widget id = 4)
01-17 21:10:00.332 V/LauncherAppWidgetHostView(26521): calculateWidgetSize: (target widgetsize)  using w/h 1372 352 span 4 1 (widgetid 14) [current Gridsize : GRID_4x5]
01-17 21:10:00.332 D/LauncherAppWidgetHostView(26521): calculateWidgetSize() widget = Dual Clock(widget id = 14) result hostview size = 1715 x 440
01-17 21:10:00.332 D/LauncherAppWidgetHostView(26521): setResizeScaleResult() 1715/ 440 scaleToResize = 0.8(widget id = 14)
01-17 21:10:00.332 V/LauncherAppWidgetHostView(26521): calculateWidgetSize: (target widgetsize)  using w/h 684 352 span 2 1 (widgetid 18) [current Gridsize : GRID_4x5]
01-17 21:10:00.332 D/LauncherAppWidgetHostView(26521): calculateWidgetSize() widget = Kcast Gold Live! Widget(widget id = 18) result hostview size = 855 x 440
01-17 21:10:00.332 D/LauncherAppWidgetHostView(26521): setResizeScaleResult() 855/ 440 scaleToResize = 0.8(widget id = 18)
01-17 21:10:00.342 V/LauncherAppWidgetHostView(26521): calculateWidgetSize: (target widgetsize)  using w/h 684 352 span 2 1 (widgetid 4) [current Gridsize : GRID_4x5]
01-17 21:10:00.342 D/LauncherAppWidgetHostView(26521): calculateWidgetSize() widget = Kcast Gold Live! Widget(widget id = 4) result hostview size = 855 x 440
01-17 21:10:00.342 D/LauncherAppWidgetHostView(26521): setResizeScaleResult() 855/ 440 scaleToResize = 0.8(widget id = 4)
01-17 21:10:00.342 V/LauncherAppWidgetHostView(26521): calculateWidgetSize: (target widgetsize)  using w/h 1372 352 span 4 1 (widgetid 14) [current Gridsize : GRID_4x5]
01-17 21:10:00.342 D/LauncherAppWidgetHostView(26521): calculateWidgetSize() widget = Dual Clock(widget id = 14) result hostview size = 1715 x 440
01-17 21:10:00.342 D/LauncherAppWidgetHostView(26521): setResizeScaleResult() 1715/ 440 scaleToResize = 0.8(widget id = 14)
01-17 21:10:00.352 V/LauncherAppWidgetHostView(26521): calculateWidgetSize: (target widgetsize)  using w/h 684 352 span 2 1 (widgetid 18) [current Gridsize : GRID_4x5]
01-17 21:10:00.352 D/LauncherAppWidgetHostView(26521): calculateWidgetSize() widget = Kcast Gold Live! Widget(widget id = 18) result hostview size = 855 x 440
01-17 21:10:00.352 D/LauncherAppWidgetHostView(26521): setResizeScaleResult() 855/ 440 scaleToResize = 0.8(widget id = 18)
01-17 21:10:00.362 V/LauncherAppWidgetHostView(26521): calculateWidgetSize: (target widgetsize)  using w/h 684 352 span 2 1 (widgetid 4) [current Gridsize : GRID_4x5]
01-17 21:10:00.362 D/LauncherAppWidgetHostView(26521): calculateWidgetSize() widget = Kcast Gold Live! Widget(widget id = 4) result hostview size = 855 x 440
01-17 21:10:00.362 D/LauncherAppWidgetHostView(26521): setResizeScaleResult() 855/ 440 scaleToResize = 0.8(widget id = 4)
01-17 21:10:00.362 V/LauncherAppWidgetHostView(26521): calculateWidgetSize: (target widgetsize)  using w/h 1372 352 span 4 1 (widgetid 14) [current Gridsize : GRID_4x5]
01-17 21:10:00.362 D/LauncherAppWidgetHostView(26521): calculateWidgetSize() widget = Dual Clock(widget id = 14) result hostview size = 1715 x 440
01-17 21:10:00.362 D/LauncherAppWidgetHostView(26521): setResizeScaleResult() 1715/ 440 scaleToResize = 0.8(widget id = 14)
01-17 21:10:00.362 V/LauncherAppWidgetHostView(26521): calculateWidgetSize: (target widgetsize)  using w/h 684 352 span 2 1 (widgetid 18) [current Gridsize : GRID_4x5]
01-17 21:10:00.362 D/LauncherAppWidgetHostView(26521): calculateWidgetSize() widget = Kcast Gold Live! Widget(widget id = 18) result hostview size = 855 x 440
01-17 21:10:00.362 D/LauncherAppWidgetHostView(26521): setResizeScaleResult() 855/ 440 scaleToResize = 0.8(widget id = 18)
01-17 21:10:00.372 D/[WeatherWidget(1115)]  WeatherService(10608): {[EC3334F14841398C8B464A72D0E61AB7948E844A51B2F10E7C31A850CCA08F880ABEEF87F6E6A4C1C58A024DF4C59CCB8CD3484ABF03CCB972707336A9A23198]}
01-17 21:10:00.372 D/[WeatherWidget(1115)]  (10608): {[3AE6950019B083611567B0F9442DB03E59646CBA355B4C260B75423E37A3701A]}
01-17 21:10:00.372 D/[WeatherWidget(1115)]  (10608): {[5689AE05FB56D94F7966075318A3E3AE1D1E1CDC3D59D8155440ACC555FDB764452F9D4513617520DEB43654AE846041]}
01-17 21:10:00.372 D/[WeatherWidget(1115)]  (10608): {[5689AE05FB56D94F7966075318A3E3AE7FCC8BA3F15240E8BE0C8D01C3CBD81F2CF8BCF7570681DAD2598782B88F9EAE]}
01-17 21:10:00.382 D/[WeatherWidget(1115)]  (10608): {[5689AE05FB56D94F7966075318A3E3AE32BDAFF9055C6AF97094343B9B6594EDAEA512F0065FADD73B22F90C7257965BC2FD60D66DF1B769C4D3FB1C4C43B672]}
01-17 21:10:00.382 V/LauncherAppWidgetHostView(26521): calculateWidgetSize: (target widgetsize)  using w/h 684 352 span 2 1 (widgetid 4) [current Gridsize : GRID_4x5]
01-17 21:10:00.382 D/LauncherAppWidgetHostView(26521): calculateWidgetSize() widget = Kcast Gold Live! Widget(widget id = 4) result hostview size = 855 x 440
01-17 21:10:00.382 D/LauncherAppWidgetHostView(26521): setResizeScaleResult() 855/ 440 scaleToResize = 0.8(widget id = 4)
01-17 21:10:00.382 V/LauncherAppWidgetHostView(26521): calculateWidgetSize: (target widgetsize)  using w/h 1372 352 span 4 1 (widgetid 14) [current Gridsize : GRID_4x5]
01-17 21:10:00.382 D/LauncherAppWidgetHostView(26521): calculateWidgetSize() widget = Dual Clock(widget id = 14) result hostview size = 1715 x 440
01-17 21:10:00.382 D/LauncherAppWidgetHostView(26521): setResizeScaleResult() 1715/ 440 scaleToResize = 0.8(widget id = 14)
01-17 21:10:00.382 D/[WeatherWidget(1115)]  (10608): {[5689AE05FB56D94F7966075318A3E3AE972C1C895A4C57843D9C501244618B778080CDA04B3B3E29EA08D4F07270B1A7ED6424A994B808A1AC07FAD00C6E52DA]}
01-17 21:10:00.382 V/LauncherAppWidgetHostView(26521): calculateWidgetSize: (target widgetsize)  using w/h 684 352 span 2 1 (widgetid 18) [current Gridsize : GRID_4x5]
01-17 21:10:00.382 D/LauncherAppWidgetHostView(26521): calculateWidgetSize() widget = Kcast Gold Live! Widget(widget id = 18) result hostview size = 855 x 440
01-17 21:10:00.382 D/LauncherAppWidgetHostView(26521): setResizeScaleResult() 855/ 440 scaleToResize = 0.8(widget id = 18)
01-17 21:10:00.382 D/[WeatherWidget(1115)]  (10608): {[4F2877D3C42495F4DD78831CDB508FCAE412CA4A0D3D0AE2669644873B8614666355E95A43B38E51470A5FAC55BD7354]}
01-17 21:10:00.382 D/[WeatherWidget(1115)]  (10608): {[01B87BB16ED9E320F0BAB048DB0F4D30C6A6FAC7CFC83A6532600E73CC75D910CDB85A263935C55273D2940584650946]}
01-17 21:10:00.382 D/[WeatherWidget(1115)]  (10608): {[01B87BB16ED9E320F0BAB048DB0F4D30079D6F5F1C7DB55C3201B9191B68B6101C3BD74EE64A6B33D86A1CD2A053A183B13D6D0EB4242914B6AD2FB98B2555D68F38959CE46EA85E2A83D9A2DEE79095]}
01-17 21:10:00.382 D/[WeatherWidget(1115)]  (10608): {[4F2877D3C42495F4DD78831CDB508FCAE412CA4A0D3D0AE2669644873B8614666355E95A43B38E51470A5FAC55BD7354]}
01-17 21:10:00.382 D/[WeatherWidget(1115)]  (10608): {[01B87BB16ED9E320F0BAB048DB0F4D30C6A6FAC7CFC83A6532600E73CC75D910CDB85A263935C55273D2940584650946]}
01-17 21:10:00.382 D/[WeatherWidget(1115)]  (10608): {[01B87BB16ED9E320F0BAB048DB0F4D30079D6F5F1C7DB55C3201B9191B68B6101C3BD74EE64A6B33D86A1CD2A053A183B13D6D0EB4242914B6AD2FB98B2555D68F38959CE46EA85E2A83D9A2DEE79095]}
01-17 21:10:00.392 D/[WeatherWidget(1115)]  (10608): {[5689AE05FB56D94F7966075318A3E3AEE82E006AC2FEB186918D7C5E3D1DD466BABA626689015D6D4DA84EFDFEA3B62513DC06E9AA5FB8DF9AD7886BF437B3C3]}
01-17 21:10:00.392 D/[WeatherWidget(1115)]  (10608): {[5689AE05FB56D94F7966075318A3E3AE1D513E52CDD221E20860C54ECF217E254A2B915D30A90177DEB3AC2218B518470FBD6636D46C65AFD8A77E7B08A9723D]}
01-17 21:10:00.392 D/[WeatherWidget(1115)]  (10608): {[5689AE05FB56D94F7966075318A3E3AED447724C89BAF23697C76E1B0C39EEF654CD39E3C647369E7E7D663CBAD020DB5D8E2F5FDD5E2328989CC1DE30DC30F9]}
01-17 21:10:00.392 D/[WeatherWidget(1115)]  (10608): {[5689AE05FB56D94F7966075318A3E3AE86BA973F22639B38CD32510CC50BB6F293A35183711C8786373C5A2EE4FCF69AACD72888BC82A769F5C4B2684F27E6A6]}
01-17 21:10:00.392 D/[WeatherWidget(1115)]  (10608): {[5689AE05FB56D94F7966075318A3E3AEE33C43B5E87F8788267B99106A3857F75F3778122B1C6CDADC7B57B247AAF9E08186F8B8FD6EB3D3041BD21CCD5CB91C]}
01-17 21:10:00.392 D/[WeatherWidget(1115)]  (10608): {[3AE6950019B083611567B0F9442DB03E0F7D6DF8FAB8AEDDA9C52FD622CBE93BD3B3C821E02768ECE7D54B13E96560EDB802D29C56DFCCD38F937DDED36C9453E14ACC693F7BDF399FD0A06BF2D59F2E62F0159FCF8ED080A2244B7BC466DBEB]}
01-17 21:10:00.392 D/[WeatherWidget(1115)]  (10608): {[D4373F60448459DD657F41FF185B0D825CA20AA14BAB70A71EEEA345798FCBA8]}
01-17 21:10:09.562 D/KeyguardUpdateMonitor(25375): received broadcast android.intent.action.BATTERY_CHANGED
01-17 21:10:09.562 D/KeyguardUpdateMonitor(25375): handleBatteryUpdate
01-17 21:10:09.652 D/ApplicationPolicy(24942): isStatusBarNotificationAllowedAsUser: packageName = com.devuni.flashlight,userId = 0
01-17 21:10:16.892 D/EnterpriseController(24802): netId is 0
01-17 21:10:16.892 D/Netd    (24802): getNetworkForDns: using netid 508 for uid 10229
01-17 21:10:19.622 D/KeyguardUpdateMonitor(25375): received broadcast android.intent.action.BATTERY_CHANGED
01-17 21:10:19.632 D/KeyguardUpdateMonitor(25375): handleBatteryUpdate
01-17 21:10:19.732 D/ApplicationPolicy(24942): isStatusBarNotificationAllowedAsUser: packageName = com.devuni.flashlight,userId = 0
01-17 21:10:29.692 D/KeyguardUpdateMonitor(25375): received broadcast android.intent.action.BATTERY_CHANGED
01-17 21:10:29.692 D/KeyguardUpdateMonitor(25375): handleBatteryUpdate
01-17 21:10:29.782 D/ApplicationPolicy(24942): isStatusBarNotificationAllowedAsUser: packageName = com.devuni.flashlight,userId = 0
01-17 21:10:39.732 D/KeyguardUpdateMonitor(25375): received broadcast android.intent.action.BATTERY_CHANGED
01-17 21:10:39.742 D/KeyguardUpdateMonitor(25375): handleBatteryUpdate
01-17 21:10:39.832 D/ApplicationPolicy(24942): isStatusBarNotificationAllowedAsUser: packageName = com.devuni.flashlight,userId = 0
01-17 21:10:40.302 D/EnterpriseController(24802): netId is 0
01-17 21:10:40.302 D/Netd    (24802): getNetworkForDns: using netid 508 for uid 10218
01-17 21:10:46.312 D/EnterpriseController(24802): netId is 0
01-17 21:10:46.312 D/Netd    (24802): getNetworkForDns: using netid 508 for uid 10218
01-17 21:10:48.382 I/FIPS_bssl(28482): FIPS approved mode (1) | 28482 | app_process
01-17 21:10:48.392 D/AndroidRuntime(28482): >>>>>> START com.android.internal.os.RuntimeInit uid 2000 <<<<<<
01-17 21:10:48.392 D/AndroidRuntime(28482): CheckJNI is OFF
01-17 21:10:48.392 D/AndroidRuntime(28482): readGMSProperty: start
01-17 21:10:48.392 D/AndroidRuntime(28482): readGMSProperty: already setted!!
