01-17 21:11:07.432 W/ResourcesManager(24942): getTopLevelResources: /system/priv-app/ZVideo/ZVideo.apk / 1.0 running in null rsrc of package com.samsung.android.video
01-17 21:11:07.432 W/ResourcesManager(24942): getTopLevelResources: /system/priv-app/MyPlaces_Hero/MyPlaces_Hero.apk / 1.0 running in null rsrc of package com.sec.android.widgetapp.locationwidget
01-17 21:11:07.432 W/ResourcesManager(24942): getTopLevelResources: /system/priv-app/TouchWizHome_2016/TouchWizHome_2016.apk / 1.0 running in null rsrc of package com.sec.android.app.launcher
01-17 21:11:07.432 W/ResourcesManager(24942): getTopLevelResources: /system/app/AccuweatherPhone2015/AccuweatherPhone2015.apk / 1.0 running in null rsrc of package com.samsung.android.weather
01-17 21:11:07.432 W/ResourcesManager(24942): getTopLevelResources: /system/app/AccuweatherPhone2015/AccuweatherPhone2015.apk / 1.0 running in null rsrc of package com.samsung.android.weather
01-17 21:11:07.432 W/ResourcesManager(24942): getTopLevelResources: /system/app/CatchFavorites_M/CatchFavorites_M.apk / 1.0 running in null rsrc of package com.samsung.android.app.catchfavorites
01-17 21:11:07.432 W/ResourcesManager(24942): getTopLevelResources: /system/app/SPlanner_M/SPlanner_M.apk / 1.0 running in null rsrc of package com.android.calendar
01-17 21:11:07.432 W/ResourcesManager(24942): getTopLevelResources: /system/app/SPlanner_M/SPlanner_M.apk / 1.0 running in null rsrc of package com.android.calendar
01-17 21:11:07.432 W/ResourcesManager(24942): getTopLevelResources: /data/app/com.android.chrome-1/base.apk / 1.0 running in null rsrc of package com.android.chrome
01-17 21:11:07.442 W/System  (28668): ClassLoader referenced unknown path: /system/priv-app/SmartManagerProvider/lib/arm64
01-17 21:11:07.442 W/ResourceType(24942): Failure getting entry for 0x7f07007b (t=6 e=123) (error -75)
01-17 21:11:07.442 W/ResourcesManager(24942): getTopLevelResources: /data/app/com.google.android.apps.docs-1/base.apk / 1.0 running in null rsrc of package com.google.android.apps.docs
01-17 21:11:07.442 W/ResourcesManager(24942): getTopLevelResources: /data/app/com.google.android.apps.docs-1/base.apk / 1.0 running in null rsrc of package com.google.android.apps.docs
01-17 21:11:07.442 W/ResourcesManager(24942): getTopLevelResources: /data/app/com.google.android.gms-1/base.apk / 1.0 running in null rsrc of package com.google.android.gms
01-17 21:11:07.442 W/ResourcesManager(24942): getTopLevelResources: /data/app/com.google.android.gms-1/base.apk / 1.0 running in null rsrc of package com.google.android.gms
01-17 21:11:07.442 W/ResourcesManager(24942): getTopLevelResources: /data/app/com.google.android.youtube-2/base.apk / 1.0 running in null rsrc of package com.google.android.youtube
01-17 21:11:07.442 W/ResourcesManager(24942): getTopLevelResources: /data/app/com.microsoft.skydrive-1/base.apk / 1.0 running in null rsrc of package com.microsoft.skydrive
01-17 21:11:07.442 W/ResourcesManager(24942): getTopLevelResources: /data/app/com.hancom.office.viewer-1/base.apk / 1.0 running in null rsrc of package com.hancom.office.viewer
01-17 21:11:07.442 W/ResourcesManager(24942): getTopLevelResources: /data/app/com.sec.android.app.music-1/base.apk / 1.0 running in null rsrc of package com.sec.android.app.music
01-17 21:11:07.442 W/ResourcesManager(24942): getTopLevelResources: /data/app/com.google.android.apps.magazines-2/base.apk / 1.0 running in null rsrc of package com.google.android.apps.magazines
01-17 21:11:07.442 W/ResourcesManager(24942): getTopLevelResources: /data/app/com.google.android.play.games-2/base.apk / 1.0 running in null rsrc of package com.google.android.play.games
01-17 21:11:07.442 W/ResourcesManager(24942): getTopLevelResources: /data/app/com.sec.android.app.voicenote-2/base.apk / 1.0 running in null rsrc of package com.sec.android.app.voicenote
01-17 21:11:07.442 W/ResourcesManager(24942): getTopLevelResources: /data/app/com.sec.android.app.voicenote-2/base.apk / 1.0 running in null rsrc of package com.sec.android.app.voicenote
01-17 21:11:07.442 W/ResourcesManager(24942): getTopLevelResources: /data/app/com.whatsapp-2/base.apk / 1.0 running in null rsrc of package com.whatsapp
01-17 21:11:07.442 W/ResourcesManager(24942): getTopLevelResources: /data/app/com.whatsapp-2/base.apk / 1.0 running in null rsrc of package com.whatsapp
01-17 21:11:07.442 W/ResourcesManager(24942): getTopLevelResources: /data/app/com.ebay.mobile-2/base.apk / 1.0 running in null rsrc of package com.ebay.mobile
01-17 21:11:07.442 W/ResourcesManager(24942): getTopLevelResources: /data/app/com.studymode.cram-1/base.apk / 1.0 running in null rsrc of package com.studymode.cram
01-17 21:11:07.442 W/ResourcesManager(24942): getTopLevelResources: /data/app/com.studymode.cram-1/base.apk / 1.0 running in null rsrc of package com.studymode.cram
01-17 21:11:07.442 W/ResourcesManager(24942): getTopLevelResources: /data/app/com.google.android.calendar-2/base.apk / 1.0 running in null rsrc of package com.google.android.calendar
01-17 21:11:07.442 W/ResourcesManager(24942): getTopLevelResources: /data/app/com.google.android.googlequicksearchbox-2/base.apk / 1.0 running in null rsrc of package com.google.android.googlequicksearchbox
01-17 21:11:07.442 W/ResourcesManager(24942): getTopLevelResources: /data/app/com.sec.android.app.music-1/base.apk / 1.0 running in null rsrc of package com.sec.android.app.music
01-17 21:11:07.442 W/ResourcesManager(24942): getTopLevelResources: /system/priv-app/SecGallery2015/SecGallery2015.apk / 1.0 running in null rsrc of package com.sec.android.gallery3d
01-17 21:11:07.442 W/ResourcesManager(24942): getTopLevelResources: /system/priv-app/SecContacts_M/SecContacts_M.apk / 1.0 running in null rsrc of package com.android.contacts
01-17 21:11:07.442 W/ResourcesManager(24942): getTopLevelResources: /system/priv-app/ZVideo/ZVideo.apk / 1.0 running in null rsrc of package com.samsung.android.video
01-17 21:11:07.442 W/ResourcesManager(24942): getTopLevelResources: /system/priv-app/SFinder_v4/SFinder_v4.apk / 1.0 running in null rsrc of package com.samsung.android.app.galaxyfinder
01-17 21:11:07.442 D/ConnectivityService(24942): returning getNetworkInfo for network type 1 : [type: WIFI[] - WIFI, state: CONNECTED/CONNECTED, reason: (unspecified), extra: "Emerald_New", roaming: false, failover: false, isAvailable: true]
01-17 21:11:07.452 I/DataWarningReceiver(27224): DataWarningReceiver
01-17 21:11:07.452 W/ResourcesManager(24942): getTopLevelResources: /system/priv-app/SFinder_v4/SFinder_v4.apk / 1.0 running in null rsrc of package com.samsung.android.app.galaxyfinder
01-17 21:11:07.452 W/ResourcesManager(24942): getTopLevelResources: /system/app/SBrowser_4_LATEST/SBrowser_4_LATEST.apk / 1.0 running in null rsrc of package com.sec.android.app.sbrowser
01-17 21:11:07.452 V/BroadcastQueue(24942): [background] Process cur broadcast BroadcastRecord{8c8851a u0 android.intent.action.PACKAGE_REMOVED qIdx=4}, state= (APP_RECEIVE) DELIVERED for app ProcessRecord{bc75ccc 27224:com.android.settings/1000}
01-17 21:11:07.452 W/ResourcesManager(24942): getTopLevelResources: /system/priv-app/SecGallery2015/SecGallery2015.apk / 1.0 running in null rsrc of package com.sec.android.gallery3d
01-17 21:11:07.462 D/InjectionManager(28668): InjectionManager
01-17 21:11:07.462 D/InjectionManager(28668): fillFeatureStoreMap com.samsung.android.sm.provider
01-17 21:11:07.462 V/BroadcastQueue(24942): [background] Process cur broadcast BroadcastRecord{8c8851a u0 android.intent.action.PACKAGE_REMOVED qIdx=4}, state= (APP_RECEIVE) DELIVERED for app ProcessRecord{98f3af6 26508:com.android.phone/1001}
01-17 21:11:07.462 W/ResourcesManager(24942): getTopLevelResources: /system/priv-app/SecGallery2015/SecGallery2015.apk / 1.0 running in null rsrc of package com.sec.android.gallery3d
01-17 21:11:07.462 W/ResourcesManager(24942): getTopLevelResources: /system/priv-app/SecEmail_M/SecEmail_M.apk / 1.0 running in null rsrc of package com.samsung.android.email.provider
01-17 21:11:07.462 W/ResourcesManager(24942): getTopLevelResources: /system/priv-app/LiveBroadcast/LiveBroadcast.apk / 1.0 running in null rsrc of package com.sec.android.app.camera.plb
01-17 21:11:07.462 W/ResourcesManager(24942): getTopLevelResources: /system/priv-app/LiveBroadcast/LiveBroadcast.apk / 1.0 running in null rsrc of package com.sec.android.app.camera.plb
01-17 21:11:07.472 I/InjectionManager(28668): Constructor com.samsung.android.sm.provider, Feature store :{}
01-17 21:11:07.472 I/InjectionManager(28668): featureStore :{}
01-17 21:11:07.472 E/Zygote  (28696): v2
01-17 21:11:07.472 I/SELinux (28696): Function: selinux_compare_spd_ram, index[1], SPD-policy is existed. and_ver=SEPF_SECMOBILE_6.0.1 ver=11
01-17 21:11:07.472 W/SELinux (28696): Function: selinux_compare_spd_ram, index[1], priority [2], priority version is VE=SEPF_SECMOBILE_6.0.1_0013
01-17 21:11:07.472 E/Zygote  (28696): accessInfo : 0
01-17 21:11:07.472 W/SELinux (28696): SELinux: seapp_context_lookup: seinfo=platform, level=s0:c512,c768, pkgname=com.samsung.android.app.taskedge 
01-17 21:11:07.472 W/ResourcesManager(24942): getTopLevelResources: /system/priv-app/SFinder_v4/SFinder_v4.apk / 1.0 running in null rsrc of package com.samsung.android.app.galaxyfinder
01-17 21:11:07.472 W/ResourcesManager(24942): getTopLevelResources: /system/priv-app/SecMms_Epic_Common/SecMms_Epic_Common.apk / 1.0 running in null rsrc of package com.android.mms
01-17 21:11:07.472 W/ResourcesManager(24942): getTopLevelResources: /system/priv-app/SecContacts_M/SecContacts_M.apk / 1.0 running in null rsrc of package com.android.contacts
01-17 21:11:07.472 W/ResourcesManager(24942): getTopLevelResources: /system/priv-app/SecContacts_M/SecContacts_M.apk / 1.0 running in null rsrc of package com.android.contacts
01-17 21:11:07.472 W/ResourcesManager(24942): getTopLevelResources: /system/priv-app/SecContacts_M/SecContacts_M.apk / 1.0 running in null rsrc of package com.android.contacts
01-17 21:11:07.472 I/libpersona(28696): KNOX_SDCARD checking this for 10265
01-17 21:11:07.472 I/libpersona(28696): KNOX_SDCARD not a persona
01-17 21:11:07.472 W/ResourcesManager(24942): getTopLevelResources: /system/priv-app/SecContacts_M/SecContacts_M.apk / 1.0 running in null rsrc of package com.android.contacts
01-17 21:11:07.482 I/ActivityManager(24942): Start proc 28696:com.samsung.android.app.taskedge/u0a265 for broadcast-3 com.samsung.android.app.taskedge/.TaskEdgeBroadcastReceiver
01-17 21:11:07.482 W/ResourcesManager(24942): getTopLevelResources: /system/app/QuickConnect_40/QuickConnect_40.apk / 1.0 running in null rsrc of package com.samsung.android.qconnect
01-17 21:11:07.482 D/ResourcesManager(24942): For user 0 new overlays fetched Null
01-17 21:11:07.482 E/MARsDBManager(24942): insertPackage com.menny.android.anysoftkeyboard is already exist in DB!
01-17 21:11:07.482 I/ActivityManager(24942): Killing 27959:com.facebook.system/u0a9 (adj 15): DHA:empty #31
01-17 21:11:07.482 W/ResourcesManager(24942): getTopLevelResources: /system/app/QuickConnect_40/QuickConnect_40.apk / 1.0 running in null rsrc of package com.samsung.android.qconnect
01-17 21:11:07.492 W/ResourcesManager(24942): getTopLevelResources: /system/app/ClockPackage_M_Osup/ClockPackage_M_Osup.apk / 1.0 running in null rsrc of package com.sec.android.app.clockpackage
01-17 21:11:07.492 D/ResourcesManager(24942): For user 0 new overlays fetched Null
01-17 21:11:07.492 W/ResourcesManager(24942): getTopLevelResources: /system/app/ClockPackage_M_Osup/ClockPackage_M_Osup.apk / 1.0 running in null rsrc of package com.sec.android.app.clockpackage
01-17 21:11:07.492 W/ResourcesManager(24942): getTopLevelResources: /system/app/ClockPackage_M_Osup/ClockPackage_M_Osup.apk / 1.0 running in null rsrc of package com.sec.android.app.clockpackage
01-17 21:11:07.492 W/ResourcesManager(24942): getTopLevelResources: /system/app/SPlanner_M/SPlanner_M.apk / 1.0 running in null rsrc of package com.android.calendar
01-17 21:11:07.502 W/ResourcesManager(24942): getTopLevelResources: /system/app/SBrowser_4_LATEST/SBrowser_4_LATEST.apk / 1.0 running in null rsrc of package com.sec.android.app.sbrowser
01-17 21:11:07.502 D/ActivityManager(24942): isAutoRunBlockedApp:: com.facebook.system, Auto Run ON
01-17 21:11:07.502 W/ResourcesManager(24942): getTopLevelResources: /data/app/com.samsung.android.app.memo-1/base.apk / 1.0 running in null rsrc of package com.samsung.android.app.memo
01-17 21:11:07.502 W/ResourcesManager(24942): getTopLevelResources: /data/app/com.sec.android.app.voicenote-2/base.apk / 1.0 running in null rsrc of package com.sec.android.app.voicenote
01-17 21:11:07.502 W/ResourcesManager(24942): getTopLevelResources: /data/app/com.samsung.android.app.memo-1/base.apk / 1.0 running in null rsrc of package com.samsung.android.app.memo
01-17 21:11:07.502 W/ResourcesManager(24942): getTopLevelResources: /system/priv-app/SecGallery2015/SecGallery2015.apk / 1.0 running in null rsrc of package com.sec.android.gallery3d
01-17 21:11:07.502 W/ResourcesManager(24942): getTopLevelResources: /system/priv-app/SecGallery2015/SecGallery2015.apk / 1.0 running in null rsrc of package com.sec.android.gallery3d
01-17 21:11:07.502 W/ResourcesManager(24942): getTopLevelResources: /system/priv-app/SecEmail_M/SecEmail_M.apk / 1.0 running in null rsrc of package com.samsung.android.email.provider
01-17 21:11:07.502 W/ResourcesManager(24942): getTopLevelResources: /system/priv-app/LiveBroadcast/LiveBroadcast.apk / 1.0 running in null rsrc of package com.sec.android.app.camera.plb
01-17 21:11:07.502 W/ResourcesManager(24942): getTopLevelResources: /system/priv-app/LiveBroadcast/LiveBroadcast.apk / 1.0 running in null rsrc of package com.sec.android.app.camera.plb
01-17 21:11:07.502 W/ResourcesManager(24942): getTopLevelResources: /system/priv-app/SFinder_v4/SFinder_v4.apk / 1.0 running in null rsrc of package com.samsung.android.app.galaxyfinder
01-17 21:11:07.502 W/ResourcesManager(24942): getTopLevelResources: /system/priv-app/SecMms_Epic_Common/SecMms_Epic_Common.apk / 1.0 running in null rsrc of package com.android.mms
01-17 21:11:07.502 W/ResourcesManager(24942): getTopLevelResources: /system/priv-app/SecContacts_M/SecContacts_M.apk / 1.0 running in null rsrc of package com.android.contacts
01-17 21:11:07.512 D/TimaKeyStoreProvider(28696): TimaSignature is unavailable
01-17 21:11:07.512 D/ActivityThread(28696): Added TimaKeyStore provider
01-17 21:11:07.512 W/ResourcesManager(24942): getTopLevelResources: /system/priv-app/SecContacts_M/SecContacts_M.apk / 1.0 running in null rsrc of package com.android.contacts
01-17 21:11:07.512 W/ResourcesManager(24942): getTopLevelResources: /system/priv-app/SecContacts_M/SecContacts_M.apk / 1.0 running in null rsrc of package com.android.contacts
01-17 21:11:07.512 W/ResourcesManager(24942): getTopLevelResources: /system/priv-app/SecContacts_M/SecContacts_M.apk / 1.0 running in null rsrc of package com.android.contacts
01-17 21:11:07.512 V/BroadcastQueue(24942): [background] Process cur broadcast BroadcastRecord{8c8851a u0 android.intent.action.PACKAGE_REMOVED qIdx=4}, state= (APP_RECEIVE) DELIVERED for app ProcessRecord{deb2d03 28696:com.samsung.android.app.taskedge/u0a265}
01-17 21:11:07.522 I/InjectionManager(28696): Inside getClassLibPath + mLibMap{0=, 1=}
01-17 21:11:07.522 I/InjectionManager(28696): Inside getClassLibPath caller 
01-17 21:11:07.522 E/Launcher.Model(26521): onPackageChanged :com.menny.android.anysoftkeyboard
01-17 21:11:07.522 D/LauncherApps(26521): getActivityList callingUid: 0 user: 0
01-17 21:11:07.522 W/ResourcesManager(24942): getTopLevelResources: /system/app/QuickConnect_40/QuickConnect_40.apk / 1.0 running in null rsrc of package com.samsung.android.qconnect
01-17 21:11:07.522 W/ResourcesManager(24942): getTopLevelResources: /system/app/ClockPackage_M_Osup/ClockPackage_M_Osup.apk / 1.0 running in null rsrc of package com.sec.android.app.clockpackage
01-17 21:11:07.522 W/ResourcesManager(28696): getTopLevelResources: /system/priv-app/TaskEdgePanel/TaskEdgePanel.apk / 1.0 running in com.samsung.android.app.taskedge rsrc of package com.samsung.android.app.taskedge
01-17 21:11:07.522 W/ResourcesManager(24942): getTopLevelResources: /system/app/ClockPackage_M_Osup/ClockPackage_M_Osup.apk / 1.0 running in null rsrc of package com.sec.android.app.clockpackage
01-17 21:11:07.522 I/InjectionManagerService -AppFeature(24942): getCoreFeaturePkgList :[]
01-17 21:11:07.522 W/ResourcesManager(24942): getTopLevelResources: /system/app/SPlanner_M/SPlanner_M.apk / 1.0 running in null rsrc of package com.android.calendar
01-17 21:11:07.522 W/ResourcesManager(24942): getTopLevelResources: /system/app/SBrowser_4_LATEST/SBrowser_4_LATEST.apk / 1.0 running in null rsrc of package com.sec.android.app.sbrowser
01-17 21:11:07.522 D/ResourcesManager(28696): For user 0 new overlays fetched Null
01-17 21:11:07.522 W/ResourcesManager(24942): getTopLevelResources: /data/app/com.samsung.android.app.memo-1/base.apk / 1.0 running in null rsrc of package com.samsung.android.app.memo
01-17 21:11:07.522 W/ResourcesManager(24942): getTopLevelResources: /data/app/com.sec.android.app.voicenote-2/base.apk / 1.0 running in null rsrc of package com.sec.android.app.voicenote
01-17 21:11:07.522 W/ResourcesManager(24942): getTopLevelResources: /data/app/com.samsung.android.app.memo-1/base.apk / 1.0 running in null rsrc of package com.samsung.android.app.memo
01-17 21:11:07.532 W/System  (28696): ClassLoader referenced unknown path: /system/priv-app/TaskEdgePanel/lib/arm64
01-17 21:11:07.532 W/ResourcesManager(26521): getTopLevelResources: /data/app/com.menny.android.anysoftkeyboard-2/base.apk / 1.0 running in com.sec.android.app.launcher rsrc of package com.menny.android.anysoftkeyboard
01-17 21:11:07.532 D/ResourcesManager(26521): For user 0 new overlays fetched Null
01-17 21:11:07.532 W/ResourcesManager(26521): getTopLevelResources: /data/app/com.menny.android.anysoftkeyboard-2/base.apk / 1.0 running in com.sec.android.app.launcher rsrc of package com.menny.android.anysoftkeyboard
01-17 21:11:07.542 D/PackageManager(24942): getComponentMetadataForIconTray : com.menny.android.anysoftkeyboard.LauncherSettingsActivity does not exist in mServices
01-17 21:11:07.542 D/PackageManager(24942): getComponentMetadataForIconTray : com.menny.android.anysoftkeyboard.LauncherSettingsActivity does not exist in mProviders
01-17 21:11:07.542 D/PackageManager(24942): getComponentMetadataForIconTray : com.menny.android.anysoftkeyboard.LauncherSettingsActivity does not exist in mReceivers
01-17 21:11:07.542 I/ApplicationPackageManager(26521): load=NULL, bg=192-192, dr=192-192
01-17 21:11:07.542 I/ApplicationPackageManager(26521): scaled rate=0.94, size=192, alpha=0, hold=26, target=192
01-17 21:11:07.542 D/LauncherActivityInfo(26521): mActivityInfo.packageName = com.menny.android.anysoftkeyboard
01-17 21:11:07.542 W/ResourcesManager(26521): getTopLevelResources: /data/app/com.menny.android.anysoftkeyboard-2/base.apk / 1.0 running in com.sec.android.app.launcher rsrc of package com.menny.android.anysoftkeyboard
01-17 21:11:07.542 W/ResourcesManager(26521): getTopLevelResources: /data/app/com.menny.android.anysoftkeyboard-2/base.apk / 1.0 running in com.sec.android.app.launcher rsrc of package com.menny.android.anysoftkeyboard
01-17 21:11:07.552 D/PackageManager(24942): getComponentMetadataForIconTray : com.radicalninja.logger.MainActivity does not exist in mServices
01-17 21:11:07.552 D/PackageManager(24942): getComponentMetadataForIconTray : com.radicalninja.logger.MainActivity does not exist in mProviders
01-17 21:11:07.552 D/PackageManager(24942): getComponentMetadataForIconTray : com.radicalninja.logger.MainActivity does not exist in mReceivers
01-17 21:11:07.552 I/ApplicationPackageManager(26521): load=NULL, bg=192-192, dr=373-373
01-17 21:11:07.552 I/ApplicationPackageManager(26521): DR-icon scaling ori=373,373 - scaled=192,192
01-17 21:11:07.552 I/ApplicationPackageManager(26521): scaled rate=0.87999994, size=192, alpha=0, hold=26, target=192
01-17 21:11:07.552 D/LauncherActivityInfo(26521): mActivityInfo.packageName = com.menny.android.anysoftkeyboard
01-17 21:11:07.552 D/LauncherApps(26521): getActivityList callingUid: 0 user: 0
01-17 21:11:07.552 D/Launcher.MenuWidgetsLoader(26521): packageChanged : com.menny.android.anysoftkeyboard
01-17 21:11:07.552 D/Launcher.MenuWidgetsLoader(26521): MenuWidgetLoade-loadMenuWidgets : false
01-17 21:11:07.552 D/MenuView(26521): packageChanged:changed
01-17 21:11:07.562 D/Launcher.MenuWidgetsLoader(26521): MenuWidgetLoader-start : com.android.launcher2.MenuWidgetsLoader$LoadMenuWidgetsTask@97cacc3 , false
01-17 21:11:07.562 D/InjectionManager(28696): InjectionManager
01-17 21:11:07.562 D/InjectionManager(28696): fillFeatureStoreMap com.samsung.android.app.taskedge
01-17 21:11:07.572 I/InjectionManager(28696): Constructor com.samsung.android.app.taskedge, Feature store :{}
01-17 21:11:07.572 I/InjectionManager(28696): featureStore :{}
01-17 21:11:07.572 I/ActivityManager(24942): Killing 27660:com.samsung.android.app.appsedge/u0a261 (adj 15): DHA:empty #31
01-17 21:11:07.572 V/BroadcastQueue(24942): [background] Process cur broadcast BroadcastRecord{8c8851a u0 android.intent.action.PACKAGE_REMOVED qIdx=4}, state= (APP_RECEIVE) DELIVERED for app ProcessRecord{5a638bd 28393:com.samsung.android.sm.devicesecurity/5012}
01-17 21:11:07.582 D/ActivityManager(24942): isAutoRunBlockedApp:: com.samsung.android.app.appsedge, Auto Run ON
01-17 21:11:07.592 E/Zygote  (28723): v2
01-17 21:11:07.592 I/SELinux (28723): Function: selinux_compare_spd_ram, index[1], SPD-policy is existed. and_ver=SEPF_SECMOBILE_6.0.1 ver=11
01-17 21:11:07.592 W/SELinux (28723): Function: selinux_compare_spd_ram, index[1], priority [2], priority version is VE=SEPF_SECMOBILE_6.0.1_0013
01-17 21:11:07.592 E/Zygote  (28723): accessInfo : 0
01-17 21:11:07.592 W/SELinux (28723): SELinux: seapp_context_lookup: seinfo=platform, level=s0:c512,c768, pkgname=com.samsung.android.intelligenceservice2 
01-17 21:11:07.592 I/libpersona(28723): KNOX_SDCARD checking this for 5010
01-17 21:11:07.592 I/libpersona(28723): KNOX_SDCARD not a persona
01-17 21:11:07.602 I/ActivityManager(24942): Start proc 28723:com.samsung.android.intelligenceservice2/5010 for broadcast-3 com.samsung.android.intelligenceservice2/com.samsung.android.intelligenceservice.useranalysis.UserAnalysisBroadcastReceiver
01-17 21:11:07.612 D/TimaKeyStoreProvider(28723): TimaSignature is unavailable
01-17 21:11:07.612 D/ActivityThread(28723): Added TimaKeyStore provider
01-17 21:11:07.612 D/Launcher.MenuWidgetsLoader(26521): MenuWidgetLoader-done : com.android.launcher2.MenuWidgetsLoader$LoadMenuWidgetsTask@97cacc3 , update : false , size : 98
01-17 21:11:07.612 V/BroadcastQueue(24942): [background] Process cur broadcast BroadcastRecord{8c8851a u0 android.intent.action.PACKAGE_REMOVED qIdx=4}, state= (APP_RECEIVE) DELIVERED for app ProcessRecord{82b4480 28723:com.samsung.android.intelligenceservice2/5010}
01-17 21:11:07.622 I/InjectionManager(28723): Inside getClassLibPath + mLibMap{0=, 1=}
01-17 21:11:07.622 I/InjectionManager(28723): Inside getClassLibPath caller 
01-17 21:11:07.622 W/ResourcesManager(28723): getTopLevelResources: /system/priv-app/intelligenceservice2/intelligenceservice2.apk / 1.0 running in com.samsung.android.intelligenceservice2 rsrc of package com.samsung.android.intelligenceservice2
01-17 21:11:07.622 I/InjectionManagerService -AppFeature(24942): getCoreFeaturePkgList :[]
01-17 21:11:07.622 D/ResourcesManager(28723): For user 0 new overlays fetched Null
01-17 21:11:07.632 W/System  (28723): ClassLoader referenced unknown path: /system/priv-app/intelligenceservice2/lib/arm64
01-17 21:11:07.642 D/UserAnalysis.Provider(28723): PlaceProvider onCreate()
01-17 21:11:07.662 D/UserAnalysis.Secu(28723): Key for secure DB is newly created
01-17 21:11:07.662 D/UserAnalysis.SDBH(28723): SecurePlaceDbHelper() 
01-17 21:11:07.662 D/UserAnalysis(28723): Create SecureDbHelper
01-17 21:11:07.682 D/UserAnalysis.App(28723): onCreate()
01-17 21:11:07.682 D/InjectionManager(28723): InjectionManager
01-17 21:11:07.682 D/InjectionManager(28723): fillFeatureStoreMap com.samsung.android.intelligenceservice2
01-17 21:11:07.682 I/InjectionManager(28723): Constructor com.samsung.android.intelligenceservice2, Feature store :{}
01-17 21:11:07.682 I/InjectionManager(28723): featureStore :{}
01-17 21:11:07.682 D/UserAnalysis.MainBR(28723): Intent(action: android.intent.action.PACKAGE_REMOVED) is received.
01-17 21:11:07.692 D/UserAnalysis.App(28723): no applications having user consent for prediction
01-17 21:11:07.692 V/PlaceDetection v1.0.29 (28723): [PlaceDetection::stopService] Service stopped.
01-17 21:11:07.692 V/BroadcastQueue(24942): [background] Process cur broadcast BroadcastRecord{8c8851a u0 android.intent.action.PACKAGE_REMOVED qIdx=4}, state= (APP_RECEIVE) DELIVERED for app ProcessRecord{8a5988c 28377:com.samsung.android.sm/1000}
01-17 21:11:07.702 V/PlaceDetection v1.0.29 (28723): [PlaceDetectionManager::removeDetectionListener] PlaceDetectionListener removed.
01-17 21:11:07.702 E/Zygote  (28745): v2
01-17 21:11:07.702 I/SELinux (28745): Function: selinux_compare_spd_ram, index[1], SPD-policy is existed. and_ver=SEPF_SECMOBILE_6.0.1 ver=11
01-17 21:11:07.702 W/SELinux (28745): Function: selinux_compare_spd_ram, index[1], priority [2], priority version is VE=SEPF_SECMOBILE_6.0.1_0013
01-17 21:11:07.702 I/libpersona(28745): KNOX_SDCARD checking this for 10169
01-17 21:11:07.702 I/libpersona(28745): KNOX_SDCARD not a persona
01-17 21:11:07.712 E/Zygote  (28745): accessInfo : 0
01-17 21:11:07.712 W/SELinux (28745): SELinux: seapp_context_lookup: seinfo=platform, level=s0:c512,c768, pkgname=com.samsung.android.provider.shootingmodeprovider 
01-17 21:11:07.712 I/ActivityManager(24942): Start proc 28745:com.samsung.android.provider.shootingmodeprovider/u0a169 for broadcast-3 com.samsung.android.provider.shootingmodeprovider/com.samsung.android.app.shootingmodeinstaller.PackageIntentReceiver
01-17 21:11:07.712 I/ActivityManager(24942): Killing 27993:com.microsoft.office.onenote/u0a135 (adj 15): DHA:empty #31
01-17 21:11:07.722 D/TimaKeyStoreProvider(28745): TimaSignature is unavailable
01-17 21:11:07.722 D/ActivityThread(28745): Added TimaKeyStore provider
01-17 21:11:07.722 V/AlarmManager(24942):  remove PendingIntent] PendingIntent{44b5ab9: PendingIntentRecord{dd02efe com.samsung.android.intelligenceservice2 broadcastIntent}}
01-17 21:11:07.722 D/ActivityManager(24942): isAutoRunBlockedApp:: com.microsoft.office.onenote, Auto Run ON
01-17 21:11:07.732 I/SurfaceFlinger( 3006): id=4318 Removed MauncherAct (2/10)
01-17 21:11:07.732 I/SurfaceFlinger( 3006): id=4318 Removed MauncherAct (-2/10)
01-17 21:11:07.732 V/BroadcastQueue(24942): [background] Process cur broadcast BroadcastRecord{8c8851a u0 android.intent.action.PACKAGE_REMOVED qIdx=4}, state= (APP_RECEIVE) DELIVERED for app ProcessRecord{669965f 28745:com.samsung.android.provider.shootingmodeprovider/u0a169}
01-17 21:11:07.742 I/Sensors (24942): Acc old sensor_state 278529, new sensor_state : 278528 en : 0
01-17 21:11:07.742 I/InjectionManager(28745): Inside getClassLibPath + mLibMap{0=, 1=}
01-17 21:11:07.742 D/SensorManager(26421): unregisterListener ::   
01-17 21:11:07.742 I/InjectionManager(28745): Inside getClassLibPath caller 
01-17 21:11:07.742 W/ResourcesManager(28745): getTopLevelResources: /system/priv-app/ShootingModeProvider/ShootingModeProvider.apk / 1.0 running in com.samsung.android.provider.shootingmodeprovider rsrc of package com.samsung.android.provider.shootingmodeprovider
01-17 21:11:07.742 I/InjectionManagerService -AppFeature(24942): getCoreFeaturePkgList :[]
01-17 21:11:07.742 D/ResourcesManager(28745): For user 0 new overlays fetched Null
01-17 21:11:07.752 D/libEGL  ( 3006): eglTerminate EGLDisplay = 0x7ff90986d8
01-17 21:11:07.762 W/System  (28745): ClassLoader referenced unknown path: /system/priv-app/ShootingModeProvider/lib/arm64
01-17 21:11:07.762 D/libEGL  ( 3006): eglTerminate EGLDisplay = 0x7fa4d00e78
01-17 21:11:07.762 D/libEGL  ( 3006): eglTerminate EGLDisplay = 0x7fa4d00e78
01-17 21:11:07.772 D/libEGL  (26421): eglTerminate EGLDisplay = 0xf396f4fc
01-17 21:11:07.772 D/InjectionManager(28745): InjectionManager
01-17 21:11:07.772 D/InjectionManager(28745): fillFeatureStoreMap com.samsung.android.provider.shootingmodeprovider
01-17 21:11:07.772 I/InjectionManager(28745): Constructor com.samsung.android.provider.shootingmodeprovider, Feature store :{}
01-17 21:11:07.772 I/InjectionManager(28745): featureStore :{}
01-17 21:11:07.782 E/Zygote  (28760): v2
01-17 21:11:07.782 I/SELinux (28760): Function: selinux_compare_spd_ram, index[1], SPD-policy is existed. and_ver=SEPF_SECMOBILE_6.0.1 ver=11
01-17 21:11:07.782 W/SELinux (28760): Function: selinux_compare_spd_ram, index[1], priority [2], priority version is VE=SEPF_SECMOBILE_6.0.1_0013
01-17 21:11:07.782 E/Zygote  (28760): accessInfo : 0
01-17 21:11:07.782 I/libpersona(28760): KNOX_SDCARD checking this for 1000
01-17 21:11:07.782 I/libpersona(28760): KNOX_SDCARD not a persona
01-17 21:11:07.782 I/ActivityManager(24942): Start proc 28760:com.samsung.android.app.filterinstaller/1000 for broadcast-3 com.samsung.android.app.filterinstaller/.PackageIntentReceiver
01-17 21:11:07.792 D/TimaKeyStoreProvider(28760): TimaSignature is unavailable
01-17 21:11:07.792 D/ActivityThread(28760): Added TimaKeyStore provider
01-17 21:11:07.792 I/ActivityManager(24942): Killing 27730:com.devuni.flashlight/u0a228 (adj 15): DHA:empty #31
01-17 21:11:07.802 D/ActivityManager(24942): isAutoRunBlockedApp:: com.devuni.flashlight, Auto Run ON
01-17 21:11:07.802 V/BroadcastQueue(24942): [background] Process cur broadcast BroadcastRecord{8c8851a u0 android.intent.action.PACKAGE_REMOVED qIdx=4}, state= (APP_RECEIVE) DELIVERED for app ProcessRecord{fbde975 28760:com.samsung.android.app.filterinstaller/1000}
01-17 21:11:07.812 I/InjectionManager(28760): Inside getClassLibPath + mLibMap{0=, 1=}
01-17 21:11:07.812 I/InjectionManager(28760): Inside getClassLibPath caller 
01-17 21:11:07.812 W/ResourcesManager(28760): getTopLevelResources: /system/app/FilterInstaller/FilterInstaller.apk / 1.0 running in com.samsung.android.app.filterinstaller rsrc of package com.samsung.android.app.filterinstaller
01-17 21:11:07.812 I/InjectionManagerService -AppFeature(24942): getCoreFeaturePkgList :[]
01-17 21:11:07.812 D/ResourcesManager(28760): For user 0 new overlays fetched Null
01-17 21:11:07.822 W/System  (28760): ClassLoader referenced unknown path: /system/app/FilterInstaller/lib/arm64
01-17 21:11:07.822 D/InjectionManager(28760): InjectionManager
01-17 21:11:07.822 D/InjectionManager(28760): fillFeatureStoreMap com.samsung.android.app.filterinstaller
01-17 21:11:07.822 I/InjectionManager(28760): Constructor com.samsung.android.app.filterinstaller, Feature store :{}
01-17 21:11:07.822 I/InjectionManager(28760): featureStore :{}
01-17 21:11:07.822 D/FilterPackageIntentReceiver(28760): FilterInstaller does not have information of this package com.menny.android.anysoftkeyboard
01-17 21:11:07.822 V/BroadcastQueue(24942): [background] Process cur broadcast BroadcastRecord{8c8851a u0 android.intent.action.PACKAGE_REMOVED qIdx=4}, state= (APP_RECEIVE) DELIVERED for app ProcessRecord{8d0301 27285:com.sec.android.widgetapp.samsungapps/u0a117}
01-17 21:11:07.842 E/Zygote  (28774): v2
01-17 21:11:07.842 I/SELinux (28774): Function: selinux_compare_spd_ram, index[1], SPD-policy is existed. and_ver=SEPF_SECMOBILE_6.0.1 ver=11
01-17 21:11:07.842 W/SELinux (28774): Function: selinux_compare_spd_ram, index[1], priority [2], priority version is VE=SEPF_SECMOBILE_6.0.1_0013
01-17 21:11:07.842 E/Zygote  (28774): accessInfo : 0
01-17 21:11:07.842 W/SELinux (28774): SELinux: seapp_context_lookup: seinfo=platform, level=s0:c512,c768, pkgname=com.samsung.android.app.watchmanagerstub 
01-17 21:11:07.842 I/libpersona(28774): KNOX_SDCARD checking this for 10118
01-17 21:11:07.842 I/libpersona(28774): KNOX_SDCARD not a persona
01-17 21:11:07.842 I/ActivityManager(24942): Start proc 28774:com.samsung.android.app.watchmanagerstub/u0a118 for broadcast-3 com.samsung.android.app.watchmanagerstub/com.sec.android.applicationmgr.PackageIntentReceiver
01-17 21:11:07.842 I/ActivityManager(24942): Killing 28020:com.urbandroid.sleep/u0a446 (adj 15): DHA:empty #31
01-17 21:11:07.852 D/TimaKeyStoreProvider(28774): TimaSignature is unavailable
01-17 21:11:07.852 D/ActivityThread(28774): Added TimaKeyStore provider
01-17 21:11:07.852 D/ActivityManager(24942): isAutoRunBlockedApp:: com.urbandroid.sleep, Auto Run ON
01-17 21:11:07.862 V/BroadcastQueue(24942): [background] Process cur broadcast BroadcastRecord{8c8851a u0 android.intent.action.PACKAGE_REMOVED qIdx=4}, state= (APP_RECEIVE) DELIVERED for app ProcessRecord{67c3d0a 28774:com.samsung.android.app.watchmanagerstub/u0a118}
01-17 21:11:07.862 W/ResourcesManager(28774): getTopLevelResources: /system/app/GearManagerStub/GearManagerStub.apk / 1.0 running in com.samsung.android.app.watchmanagerstub rsrc of package com.samsung.android.app.watchmanagerstub
01-17 21:11:07.872 I/InjectionManager(28774): Inside getClassLibPath + mLibMap{0=, 1=}
01-17 21:11:07.872 I/InjectionManager(28774): Inside getClassLibPath caller 
01-17 21:11:07.872 W/System  (28774): ClassLoader referenced unknown path: /system/app/GearManagerStub/lib/arm64
01-17 21:11:07.872 D/InjectionManager(28774): InjectionManager
01-17 21:11:07.872 D/InjectionManager(28774): fillFeatureStoreMap com.samsung.android.app.watchmanagerstub
01-17 21:11:07.872 I/InjectionManager(28774): Constructor com.samsung.android.app.watchmanagerstub, Feature store :{}
01-17 21:11:07.872 I/InjectionManager(28774): featureStore :{}
01-17 21:11:07.872 I/InjectionManagerService -AppFeature(24942): getCoreFeaturePkgList :[]
01-17 21:11:07.872 D/ResourcesManager(28774): For user 0 new overlays fetched Null
01-17 21:11:07.882 D/PackageIntentReceiver(28774): onReceive::android.intent.action.PACKAGE_REMOVED
01-17 21:11:07.882 D/PackageIntentReceiver(28774): ACTION_PACKAGE_REMOVED : com.menny.android.anysoftkeyboard, upgrade : true
01-17 21:11:07.892 E/Zygote  (28802): v2
01-17 21:11:07.892 I/SELinux (28802): Function: selinux_compare_spd_ram, index[1], SPD-policy is existed. and_ver=SEPF_SECMOBILE_6.0.1 ver=11
01-17 21:11:07.892 W/SELinux (28802): Function: selinux_compare_spd_ram, index[1], priority [2], priority version is VE=SEPF_SECMOBILE_6.0.1_0013
01-17 21:11:07.892 E/Zygote  (28802): accessInfo : 0
01-17 21:11:07.892 I/libpersona(28802): KNOX_SDCARD checking this for 1000
01-17 21:11:07.892 I/libpersona(28802): KNOX_SDCARD not a persona
01-17 21:11:07.892 I/ActivityManager(24942): Start proc 28802:com.android.keychain/1000 for broadcast-3 com.android.keychain/.KeyChainBroadcastReceiver
01-17 21:11:07.892 I/ActivityManager(24942): Killing 27915:com.samsung.android.themecenter/1000 (adj 15): DHA:empty #31
01-17 21:11:07.902 D/TimaKeyStoreProvider(28802): TimaSignature is unavailable
01-17 21:11:07.902 D/ActivityThread(28802): Added TimaKeyStore provider
01-17 21:11:07.902 D/ActivityManager(24942): isAutoRunBlockedApp:: com.samsung.android.themecenter, Auto Run ON
01-17 21:11:07.912 I/InjectionManager(28802): Inside getClassLibPath + mLibMap{0=, 1=}
01-17 21:11:07.912 I/InjectionManager(28802): Inside getClassLibPath caller 
01-17 21:11:07.912 V/BroadcastQueue(24942): [background] Process cur broadcast BroadcastRecord{8c8851a u0 android.intent.action.PACKAGE_REMOVED qIdx=4}, state= (APP_RECEIVE) DELIVERED for app ProcessRecord{d3b397b 28802:com.android.keychain/1000}
01-17 21:11:07.912 W/ResourcesManager(28802): getTopLevelResources: /system/app/KeyChain/KeyChain.apk / 1.0 running in com.android.keychain rsrc of package com.android.keychain
01-17 21:11:07.912 I/InjectionManagerService -AppFeature(24942): getCoreFeaturePkgList :[]
01-17 21:11:07.912 D/ResourcesManager(28802): For user 0 new overlays fetched Null
01-17 21:11:07.922 W/System  (28802): ClassLoader referenced unknown path: /system/app/KeyChain/lib/arm64
01-17 21:11:07.922 D/InjectionManager(28802): InjectionManager
01-17 21:11:07.922 D/InjectionManager(28802): fillFeatureStoreMap com.android.keychain
01-17 21:11:07.922 I/InjectionManager(28802): Constructor com.android.keychain, Feature store :{}
01-17 21:11:07.922 I/InjectionManager(28802): featureStore :{}
01-17 21:11:07.922 W/ContextImpl(28802): Calling a method in the system process without a qualified user: android.app.ContextImpl.startService:1305 android.content.ContextWrapper.startService:606 android.content.ContextWrapper.startService:606 com.android.keychain.KeyChainBroadcastReceiver.onReceive:12 android.app.ActivityThread.handleReceiver:3635 
01-17 21:11:07.942 E/Zygote  (28815): v2
01-17 21:11:07.942 I/SELinux (28815): Function: selinux_compare_spd_ram, index[1], SPD-policy is existed. and_ver=SEPF_SECMOBILE_6.0.1 ver=11
01-17 21:11:07.942 W/SELinux (28815): Function: selinux_compare_spd_ram, index[1], priority [2], priority version is VE=SEPF_SECMOBILE_6.0.1_0013
01-17 21:11:07.942 E/Zygote  (28815): accessInfo : 0
01-17 21:11:07.942 W/SELinux (28815): SELinux: seapp_context_lookup: seinfo=platform, level=s0:c512,c768, pkgname=com.sec.enterprise.knox.cloudmdm.smdms 
01-17 21:11:07.942 I/libpersona(28815): KNOX_SDCARD checking this for 10176
01-17 21:11:07.942 I/libpersona(28815): KNOX_SDCARD not a persona
01-17 21:11:07.942 I/ActivityManager(24942): Start proc 28815:com.sec.enterprise.knox.cloudmdm.smdms/u0a176 for broadcast-3 com.sec.enterprise.knox.cloudmdm.smdms/.core.CoreReceiver
01-17 21:11:07.942 I/ActivityManager(24942): Killing 28045:com.samsung.knox.rcp.components/u0a146 (adj 15): DHA:empty #31
01-17 21:11:07.952 D/TimaKeyStoreProvider(28815): TimaSignature is unavailable
01-17 21:11:07.952 D/ActivityThread(28815): Added TimaKeyStore provider
01-17 21:11:07.952 D/ActivityManager(24942): isAutoRunBlockedApp:: com.samsung.knox.rcp.components, Auto Run ON
01-17 21:11:07.962 V/BroadcastQueue(24942): [background] Process cur broadcast BroadcastRecord{8c8851a u0 android.intent.action.PACKAGE_REMOVED qIdx=4}, state= (APP_RECEIVE) DELIVERED for app ProcessRecord{790a7f1 28815:com.sec.enterprise.knox.cloudmdm.smdms/u0a176}
01-17 21:11:07.972 I/InjectionManager(28815): Inside getClassLibPath + mLibMap{0=, 1=}
01-17 21:11:07.972 W/ResourcesManager(28815): getTopLevelResources: /system/app/UniversalMDMClient/UniversalMDMClient.apk / 1.0 running in com.sec.enterprise.knox.cloudmdm.smdms rsrc of package com.sec.enterprise.knox.cloudmdm.smdms
01-17 21:11:07.972 I/InjectionManagerService -AppFeature(24942): getCoreFeaturePkgList :[]
01-17 21:11:07.982 I/InjectionManager(28815): Inside getClassLibPath caller 
01-17 21:11:07.982 D/ResourcesManager(28815): For user 0 new overlays fetched Null
01-17 21:11:07.992 W/System  (28815): ClassLoader referenced unknown path: /system/app/UniversalMDMClient/lib/arm64
01-17 21:11:08.012 D/[0]UMC:UMCContentProvider(28815): @onCreate
01-17 21:11:08.022 D/[0]UMC:Core(28815): onCreate(): 
01-17 21:11:08.022 D/[0]UMC:Core(28815): @isManagedProfileUser
01-17 21:11:08.022 D/[0]UMC:Core(28815): userInfo.isManagedProfile() : false
01-17 21:11:08.052 D/[0]UMC:DeviceInfo(28815): AUS==AU==us
01-17 21:11:08.082 D/USER_AGENT(28815): UMC/1.7.6 (SM-G925I) SAFE-5.6 KNOX-2.6 en_AU
01-17 21:11:08.082 D/[0]UMC:AdminManager(28815): init - start
01-17 21:11:08.092 D/[0]UMC:AdminManager(28815): loadAdmins
01-17 21:11:08.102 D/[0]UMC:AdminManager(28815): init - end
01-17 21:11:08.102 D/GSLBManager(28815): migrateStoredUrlFromOldPref
01-17 21:11:08.292 D/Recents (25460): onTaskStackChanged
01-17 21:11:08.302 W/ResourcesManager(25460): getTopLevelResources: /data/app/com.menny.android.anysoftkeyboard-2/base.apk / 1.0 running in com.android.systemui rsrc of package com.menny.android.anysoftkeyboard
01-17 21:11:08.302 D/ResourcesManager(25460): For user 0 new overlays fetched Null
01-17 21:11:08.332 D/GSLBManager(28815):  key : segd-api
01-17 21:11:08.332 D/GSLBManager(28815):  value : https://eu-segd-api.secb2b.com:443/v2
01-17 21:11:08.352 D/GSLBManager(28815):  key : umc-cdn
01-17 21:11:08.352 D/GSLBManager(28815):  value : 
01-17 21:11:08.362 D/GSLBManager(28815):  key : segp-api
01-17 21:11:08.362 D/GSLBManager(28815):  value : 
01-17 21:11:08.362 D/GSLBManager(28815):  key : myknoxapi
01-17 21:11:08.362 D/GSLBManager(28815):  value : 
01-17 21:11:08.362 D/GSLBManager(28815): migrateStoredUrlFromOldPref : Finished Migrating
01-17 21:11:08.362 D/InjectionManager(28815): InjectionManager
01-17 21:11:08.362 D/InjectionManager(28815): fillFeatureStoreMap com.sec.enterprise.knox.cloudmdm.smdms
01-17 21:11:08.362 I/InjectionManager(28815): Constructor com.sec.enterprise.knox.cloudmdm.smdms, Feature store :{}
01-17 21:11:08.362 I/InjectionManager(28815): featureStore :{}
01-17 21:11:08.362 D/[0]UMC:CoreReceiver(28815): Intent : android.intent.action.PACKAGE_REMOVED
01-17 21:11:08.362 D/[0]UMC:CoreReceiver(28815): PackageName : com.menny.android.anysoftkeyboard
01-17 21:11:08.362 D/[0]UMC:CoreReceiver(28815): Intent Replacing : true
01-17 21:11:08.362 D/[0]UMC:CoreReceiver(28815): bulk enrolled package: null
01-17 21:11:08.362 D/[0]UMC:CoreReceiver(28815): do nothing for UMC Agent : com.menny.android.anysoftkeyboard
01-17 21:11:08.362 D/[0]UMC:CoreReceiver(28815): handleAutoEnrollmentAndUMCAdminDeactivation
01-17 21:11:08.372 E/Zygote  (28838): v2
01-17 21:11:08.372 I/SELinux (28838): Function: selinux_compare_spd_ram, index[1], SPD-policy is existed. and_ver=SEPF_SECMOBILE_6.0.1 ver=11
01-17 21:11:08.372 W/SELinux (28838): Function: selinux_compare_spd_ram, index[1], priority [2], priority version is VE=SEPF_SECMOBILE_6.0.1_0013
01-17 21:11:08.372 E/Zygote  (28838): accessInfo : 0
01-17 21:11:08.372 I/libpersona(28838): KNOX_SDCARD checking this for 1000
01-17 21:11:08.372 I/libpersona(28838): KNOX_SDCARD not a persona
01-17 21:11:08.382 I/ActivityManager(24942): Start proc 28838:com.sec.android.app.popupuireceiver/1000 for broadcast-3 com.sec.android.app.popupuireceiver/.PopupuiReceiver
01-17 21:11:08.382 I/ActivityManager(24942): Killing 28061:com.samsung.android.qconnect/u0a275 (adj 15): DHA:empty #31
01-17 21:11:08.392 D/TimaKeyStoreProvider(28838): TimaSignature is unavailable
01-17 21:11:08.392 D/ActivityThread(28838): Added TimaKeyStore provider
01-17 21:11:08.392 D/ActivityManager(24942): isAutoRunBlockedApp:: com.samsung.android.qconnect, Auto Run ON
01-17 21:11:08.402 I/dex2oat (28828): /system/bin/dex2oat --debuggable --compiler-filter=speed --dex-file=/data/data/com.menny.android.anysoftkeyboard/files/instant-run/dex/slice-slice_9-classes.dex --oat-file=/data/user/0/com.menny.android.anysoftkeyboard/cache/slice-slice_9-classes.dex
01-17 21:11:08.402 I/InjectionManager(28838): Inside getClassLibPath + mLibMap{0=, 1=}
01-17 21:11:08.402 V/BroadcastQueue(24942): [background] Process cur broadcast BroadcastRecord{8c8851a u0 android.intent.action.PACKAGE_REMOVED qIdx=4}, state= (APP_RECEIVE) DELIVERED for app ProcessRecord{1291fd6 28838:com.sec.android.app.popupuireceiver/1000}
01-17 21:11:08.402 W/ResourcesManager(28838): getTopLevelResources: /system/app/PopupuiReceiver_M/PopupuiReceiver_M.apk / 1.0 running in com.sec.android.app.popupuireceiver rsrc of package com.sec.android.app.popupuireceiver
01-17 21:11:08.402 I/InjectionManagerService -AppFeature(24942): getCoreFeaturePkgList :[]
01-17 21:11:08.412 I/InjectionManager(28838): Inside getClassLibPath caller 
01-17 21:11:08.412 D/ResourcesManager(28838): For user 0 new overlays fetched Null
01-17 21:11:08.422 W/System  (28838): ClassLoader referenced unknown path: /system/app/PopupuiReceiver_M/lib/arm64
01-17 21:11:08.422 D/InjectionManager(28838): InjectionManager
01-17 21:11:08.422 D/InjectionManager(28838): fillFeatureStoreMap com.sec.android.app.popupuireceiver
01-17 21:11:08.422 I/InjectionManager(28838): Constructor com.sec.android.app.popupuireceiver, Feature store :{}
01-17 21:11:08.422 I/InjectionManager(28838): featureStore :{}
01-17 21:11:08.422 D/PR.PopupuiReceiver(28838): >> onReceive() : android.intent.action.PACKAGE_REMOVED
01-17 21:11:08.422 D/SecContentProvider2(24942): query(), uri = -1 selection = getSealedState
01-17 21:11:08.422 D/SecContentProvider2(24942): query(), uri = 15 selection = getSealedHideNotificationMessages
01-17 21:11:08.422 D/SecContentProvider2(24942): query(), uri = 15 selection = getCheckCoverPopupState
01-17 21:11:08.422 I/PR.PopupuiReceiver_KNOX(28838): knoxSealedHideNotiMsg : 0, knoxCheckCoverPopupState : true
01-17 21:11:08.422 D/PR.PopupuiReceiver(28838): actionPackageRemoved()
01-17 21:11:08.422 I/PR.PopupuiReceiver(28838): dialog = false, toast = false
01-17 21:11:08.422 I/PR.Utilities(28838): end from : null [0ms]
01-17 21:11:08.422 I/Process (28838): Sending signal. PID: 28838 SIG: 9
01-17 21:11:08.422 E/lowmemorykiller( 3003): Error writing /proc/28838/oom_score_adj; errno=22
01-17 21:11:08.432 V/BroadcastQueue(24942): [background] Process cur broadcast BroadcastRecord{8c8851a u0 android.intent.action.PACKAGE_REMOVED qIdx=4}, state= (APP_RECEIVE) DELIVERED for app ProcessRecord{f285f83 27364:com.sec.android.app.sbrowser/u0a151}
01-17 21:11:08.442 I/ActivityManager(24942): Process com.sec.android.app.popupuireceiver (pid 28838)(adj 9) has died(46,868)
01-17 21:11:08.442 D/ActivityManager(24942): isAutoRunBlockedApp:: com.sec.android.app.popupuireceiver, Auto Run ON
01-17 21:11:08.442 W/ContextImpl(24942): Calling a method in the system process without a qualified user: android.app.ContextImpl.sendBroadcast:830 com.android.server.am.ActivityManagerService.updateOomAdjLocked:26741 com.android.server.am.ActivityManagerService.appDiedLocked:7568 com.android.server.am.ActivityManagerService$AppDeathRecipient.binderDied:1919 android.os.BinderProxy.sendDeathNotice:558 
01-17 21:11:08.442 V/MARsPolicyManager(24942): executePolicy policy  spcmpolicy(1) reason Adj 14 BG Killed
01-17 21:11:08.442 V/MARsPolicyManager(24942): CurrentImportantPackage com.a0soft.gphone.aCurrency -has running widgets 1
01-17 21:11:08.442 V/MARsPolicyManager(24942): CurrentImportantPackage kcast.android.widget -has running widgets 1
01-17 21:11:08.442 V/MARsPolicyManager(24942): Choosed Package com.devuni.flashlight has the process under ADJ 5 - Skip NON-STICKY KILL
01-17 21:11:08.442 V/MARsPolicyManager(24942): CurrentImportantPackage com.maxelus.icegalaxylivewallpaper -wallpaper package!
01-17 21:11:08.442 I/ActivityManager(24942): Force stopping com.shazam.android appid=10202 user=0: MARs-NonSticky-Kill-spcmpolicy(1)
01-17 21:11:08.442 I/ActivityManager(24942): Killing 28254:com.shazam.android/u0a202 (adj 15): stop com.shazam.android cause MARs-NonSticky-Kill-spcmpolicy(1)
01-17 21:11:08.442 D/ActivityManager(24942): isAutoRunBlockedApp:: com.shazam.android, Auto Run ON
01-17 21:11:08.452 D/splitIntent(24942): Broadcast cleanup, package=com.shazam.android, queue=background, nextReceiver=0
01-17 21:11:08.452 D/splitIntent(24942): Broadcast cleanup, record=BroadcastRecord{bb9f257 u0 android.intent.action.PACKAGE_REPLACED qIdx=4}, state= (IDLE), receivers.size=27
01-17 21:11:08.462 E/Zygote  (28875): v2
01-17 21:11:08.462 I/SELinux (28875): Function: selinux_compare_spd_ram, index[1], SPD-policy is existed. and_ver=SEPF_SECMOBILE_6.0.1 ver=11
01-17 21:11:08.462 W/SELinux (28875): Function: selinux_compare_spd_ram, index[1], priority [2], priority version is VE=SEPF_SECMOBILE_6.0.1_0013
01-17 21:11:08.462 E/Zygote  (28875): accessInfo : 0
01-17 21:11:08.462 W/SELinux (28875): SELinux: seapp_context_lookup: seinfo=untrusted, level=s0:c512,c768, pkgname=com.google.android.apps.plus 
01-17 21:11:08.462 I/libpersona(28875): KNOX_SDCARD checking this for 10143
01-17 21:11:08.462 I/libpersona(28875): KNOX_SDCARD not a persona
01-17 21:11:08.462 I/ActivityManager(24942): Start proc 28875:com.google.android.apps.plus/u0a143 for broadcast-3 com.google.android.apps.plus/.service.PhotosAppTransitionMonitor
01-17 21:11:08.482 D/TimaKeyStoreProvider(28875): TimaSignature is unavailable
01-17 21:11:08.482 D/ActivityThread(28875): Added TimaKeyStore provider
01-17 21:11:08.492 V/BroadcastQueue(24942): [background] Process cur broadcast BroadcastRecord{8c8851a u0 android.intent.action.PACKAGE_REMOVED qIdx=4}, state= (APP_RECEIVE) DELIVERED for app ProcessRecord{c4ce144 28875:com.google.android.apps.plus/u0a143}
01-17 21:11:08.512 I/InjectionManager(28875): Inside getClassLibPath + mLibMap{0=, 1=}
01-17 21:11:08.512 W/ResourcesManager(28875): getTopLevelResources: /data/app/com.google.android.apps.plus-1/base.apk / 1.0 running in com.google.android.apps.plus rsrc of package com.google.android.apps.plus
01-17 21:11:08.512 I/InjectionManagerService -AppFeature(24942): getCoreFeaturePkgList :[]
01-17 21:11:08.522 I/InjectionManager(28875): Inside getClassLibPath caller 
01-17 21:11:08.522 D/ResourcesManager(28875): For user 0 new overlays fetched Null
01-17 21:11:08.582 I/dex2oat (28828): ----------------------------------------------------
01-17 21:11:08.582 I/dex2oat (28828): <SS>: S T A R T I N G . . .
01-17 21:11:08.582 E/dex2oat (28828): <SS>: oat location is not valid /data/user/0/com.menny.android.anysoftkeyboard/cache/slice-slice_9-classes.dex
01-17 21:11:08.582 I/dex2oat (28828): dex2oat took 181.806ms (threads: 4) arena alloc=775KB java alloc=152KB native alloc=3MB free=2MB
