I/BatteryStatsDBHelper(  862): Written to db : power[diff] = 0.0 on
I/BatteryStatsDBHelper(  862): Writing for package : com.samsung.android.providers.context
I/BatteryStatsDBHelper(  862): Written to db : lastpower = 0.16819640965567925
I/BatteryStatsDBHelper(  862): Written to db : power[diff] = 0.0 on
I/BatteryStatsDBHelper(  862): Writing for package : com.android.defcontainer
I/BatteryStatsDBHelper(  862): Written to db : lastpower = 0.011219695106958449
I/BatteryStatsDBHelper(  862): Written to db : power[diff] = 0.0 on
I/BatteryStatsDBHelper(  862): Writing for package : com.drivemode
I/BatteryStatsDBHelper(  862): Written to db : lastpower = 0.01898031369459085
I/BatteryStatsDBHelper(  862): Written to db : power[diff] = 0.0 on
I/BatteryStatsDBHelper(  862): Writing for package : com.sec.android.app.easylauncher
I/BatteryStatsDBHelper(  862): Written to db : lastpower = 1.0460293653097472
I/BatteryStatsDBHelper(  862): Written to db : power[diff] = 0.0 on
I/BatteryStatsDBHelper(  862): Writing for package : com.android.externalstorage
I/BatteryStatsDBHelper(  862): Written to db : lastpower = 0.0
I/BatteryStatsDBHelper(  862): Written to db : power[diff] = 0.0 on
I/BatteryStatsDBHelper(  862): Writing for package : com.google.android.gsf
I/BatteryStatsDBHelper(  862): Written to db : lastpower = 17.207810068357468
I/BatteryStatsDBHelper(  862): Written to db : power[diff] = 0.0 on
I/BatteryStatsDBHelper(  862): Writing for package : com.google.android.partnersetup
I/BatteryStatsDBHelper(  862): Written to db : lastpower = 0.0
I/BatteryStatsDBHelper(  862): Written to db : power[diff] = 0.0 on
I/BatteryStatsDBHelper(  862): Writing for package : com.samsung.groupcast
I/BatteryStatsDBHelper(  862): Written to db : lastpower = 0.0
I/BatteryStatsDBHelper(  862): Written to db : power[diff] = 0.0 on
I/BatteryStatsDBHelper(  862): Writing for package : com.google.android.keep
I/BatteryStatsDBHelper(  862): Written to db : lastpower = 0.0
I/BatteryStatsDBHelper(  862): Written to db : power[diff] = 0.0 on
I/BatteryStatsDBHelper(  862): Writing for package : com.samsung.klmsagent
I/BatteryStatsDBHelper(  862): Written to db : lastpower = 0.014525800476363662
I/BatteryStatsDBHelper(  862): Written to db : power[diff] = 0.0 on
I/BatteryStatsDBHelper(  862): Writing for package : com.android.systemui
I/BatteryStatsDBHelper(  862): Written to db : lastpower = 12.023188528446923
I/BatteryStatsDBHelper(  862): Written to db : power[diff] = 0.0 on
I/BatteryStatsDBHelper(  862): Writing for package : com.android.providers.contacts
I/BatteryStatsDBHelper(  862): Written to db : lastpower = 0.28615126290046483
I/BatteryStatsDBHelper(  862): Written to db : power[diff] = 0.0 on
I/BatteryStatsDBHelper(  862): Writing for package : com.lookout
I/BatteryStatsDBHelper(  862): Written to db : lastpower = 0.1362436364737572
I/BatteryStatsDBHelper(  862): Written to db : power[diff] = 0.0 on
I/BatteryStatsDBHelper(  862): Writing for package : com.android.musicfx
I/BatteryStatsDBHelper(  862): Written to db : lastpower = 0.0
I/BatteryStatsDBHelper(  862): Written to db : power[diff] = 0.0 on
I/BatteryStatsDBHelper(  862): Writing for package : com.wsomacp
I/BatteryStatsDBHelper(  862): Written to db : lastpower = 0.008881856623982607
I/BatteryStatsDBHelper(  862): Written to db : power[diff] = 0.0 on
I/BatteryStatsDBHelper(  862): Writing for package : com.samsung.android.scloud.proxy.calendar
I/BatteryStatsDBHelper(  862): Written to db : lastpower = 0.0
I/BatteryStatsDBHelper(  862): Written to db : power[diff] = 0.0 on
I/BatteryStatsDBHelper(  862): Writing for package : com.google.android.onetimeinitializer
I/BatteryStatsDBHelper(  862): Written to db : lastpower = 0.0
I/BatteryStatsDBHelper(  862): Written to db : power[diff] = 0.0 on
I/BatteryStatsDBHelper(  862): Writing for package : com.sec.android.pagebuddynotisvc
I/BatteryStatsDBHelper(  862): Written to db : lastpower = 0.010497176878112146
I/BatteryStatsDBHelper(  862): Written to db : power[diff] = 0.0 on
I/BatteryStatsDBHelper(  862): Writing for package : com.android.vending
D/WVMDrmPlugIn(  302): WVMDrmPlugin::onInitialize : 860
D/WVMDrmPlugIn(  302): WVMDrmPlugin::onSetOnInfoListener : add 860
I/PrGenericPlugin(  302): [A] ENTER onInitialize : 0x35c
I/BatteryStatsDBHelper(  862): Written to db : lastpower = 0.6996725517355707
I/BatteryStatsDBHelper(  862): Written to db : power[diff] = 0.0 on
I/PrGenericPlugin(  302): [A] LEAVE onInitialize : 0x35c
I/BatteryStatsDBHelper(  862): Writing for package : com.vlingo.midas
I/BatteryStatsDBHelper(  862): Written to db : lastpower = 0.11559449386503065
I/BatteryStatsDBHelper(  862): Written to db : power[diff] = 0.0 on
I/BatteryStatsDBHelper(  862): Writing for package : com.sec.android.widgetapp.diotek.smemo
I/BatteryStatsDBHelper(  862): Written to db : lastpower = 0.018807124926166572
I/BatteryStatsDBHelper(  862): Written to db : power[diff] = 0.0 on
I/BatteryStatsDBHelper(  862): Writing for package : com.sec.android.app.sns3
I/BatteryStatsDBHelper(  862): Written to db : lastpower = 0.01910742989690147
I/BatteryStatsDBHelper(  862): Written to db : power[diff] = 0.0 on
I/BatteryStatsDBHelper(  862): Writing for package : com.sec.android.provider.snote
I/BatteryStatsDBHelper(  862): Written to db : lastpower = 0.016108754956383822
I/BatteryStatsDBHelper(  862): Written to db : power[diff] = 0.0 on
I/BatteryStatsDBHelper(  862): Writing for package : com.sec.spp.push
I/BatteryStatsDBHelper(  862): Written to db : lastpower = 0.052901005132926844
I/BatteryStatsDBHelper(  862): Written to db : power[diff] = 0.0 on
I/BatteryStatsDBHelper(  862): Writing for package : com.sec.android.app.samsungapps
I/BatteryStatsDBHelper(  862): Written to db : lastpower = 0.03949488770534971
I/BatteryStatsDBHelper(  862): Written to db : power[diff] = 0.0 on
I/BatteryStatsDBHelper(  862): Writing for package : com.osp.app.signin
W/SEC_DRM_PLUGIN_Playready(  302): PlayreadyPlugIn: Function[DRM_ASFVerify_Context_Initialize]; Line[4453]; File type[7]
I/BatteryStatsDBHelper(  862): Written to db : lastpower = 0.010633797568683157
I/BatteryStatsDBHelper(  862): Written to db : power[diff] = 0.0 on
W/SEC_DRM_PLUGIN_Playready(  302): PlayreadyPlugIn::onCanHandle   This is not normal PR content [0x80004005]
I/BatteryStatsDBHelper(  862): Writing for package : com.android.providers.calendar
D/VideoDRMUtil(  776): isDrmFile. isDrmSupported = false
D/VideoDRMUtil(  776): isDrmFile. canHandle returned false. Not a drm file by extension
D/VideoDRMUtil(  776): isDrmFile. drmType = -1
D/TranscodeService(  776): VIDEO_NON_DRM
I/BatteryStatsDBHelper(  862): Written to db : lastpower = 0.037010828662930345
I/BatteryStatsDBHelper(  862): Written to db : power[diff] = 0.0 on
I/BatteryStatsDBHelper(  862): Writing for package : com.android.providers.media
D/vwengine(  776): -> ~moviefilestream( 0 )
D/TranscodeService(  776): duration time : 2
W/TranscodeService(  776): -> CreateLiveThumbnailforListView() : 6475
I/BatteryStatsDBHelper(  862): Written to db : lastpower = 1.8742635546554853
I/BatteryStatsDBHelper(  862): Written to db : power[diff] = 0.0 on
I/BatteryStatsDBHelper(  862): Writing for package : com.sec.android.gallery3d
D/vwengine(  776): === Create -1th Live Thumbnail ===
I/BatteryStatsDBHelper(  862): Written to db : lastpower = 1.28553389718632
I/BatteryStatsDBHelper(  862): Written to db : power[diff] = 0.0 on
I/BatteryStatsDBHelper(  862): Writing for package : com.android.mms
D/vwengine(  776): filetype = 2000 vid = 1, img = 0, aud = 1, txt = 0, drm = 0
D/vwengine(  776): demuxmp4()
D/vwengine(  776): dmx_mp4_open()
I/BatteryStatsDBHelper(  862): Written to db : lastpower = 1.0120490672914646
I/BatteryStatsDBHelper(  862): Written to db : power[diff] = 0.0 on
I/BatteryStatsDBHelper(  862): Writing for package : com.sec.android.app.myfiles
I/BatteryStatsDBHelper(  862): Written to db : lastpower = 0.0
I/BatteryStatsDBHelper(  862): Written to db : power[diff] = 0.0 on
D/vwengine(  776): success ===== MP4 =====
D/vwengine(  776): strm_cnt = 2, strm_cnt_vid = 1, strm_cnt_aud = 1
D/vwengine(  776): duration = 24747500, seekable = 1
D/vwengine(  776): stream: 0, 1920 x 1080, rotate : 270
I/BatteryStatsDBHelper(  862): Writing for package : com.sec.android.app.videoplayer
D/vwengine(  776): fourcc: avc1, max frm size: 0, frames: 68, fps: 34, media type: 104
D/vwengine(  776): -> smp4fds_get_format();
D/vwengine(  776): init format size = 29
D/vwengine(  776): decodeh264()
D/vwengine(  776): dec_h264_decode_format()
I/BatteryStatsDBHelper(  862): Written to db : lastpower = 0.01600349796103308
I/BatteryStatsDBHelper(  862): Written to db : power[diff] = 0.0 on
I/BatteryStatsDBHelper(  862): Writing for package : com.menny.android.anysoftkeyboard
D/vwengine(  776): videoFps = 34, videoWidth = 1080, videoHeight = 1920, outWidth = 176, outHeight = 320, videoRotate = 270
D/vwengine(  776): encodefilestream(ENCODE_MPEG4)
D/vwengine(  776): muxmp4()
I/BatteryStatsDBHelper(  862): Written to db : lastpower = 0.7043927496359449
D/vwengine(  776): encodempeg4()
I/BatteryStatsDBHelper(  862): Written to db : power[diff] = 0.0 on
D/vwengine(  776): smp4ve_create();
I/BatteryStatsDBHelper(  862): Writing for package : com.google.android.setupwizard
D/vwengine(  776): Getwidht = 1080, Getheight = 1920, fps = 34, duration = 2 (0:0:2)
I/BatteryStatsDBHelper(  862): Written to db : lastpower = 0.2944790981198721
I/BatteryStatsDBHelper(  862): Written to db : power[diff] = 0.0 on
I/BatteryStatsDBHelper(  862): Writing for package : com.sec.android.app.mv.player
I/BatteryStatsDBHelper(  862): Written to db : lastpower = 0.0
I/BatteryStatsDBHelper(  862): Written to db : power[diff] = 0.0 on
I/BatteryStatsDBHelper(  862): Writing for package : com.android.sharedstoragebackup
I/BatteryStatsDBHelper(  862): Written to db : lastpower = 0.0
I/BatteryStatsDBHelper(  862): Written to db : power[diff] = 0.0 on
I/BatteryStatsDBHelper(  862): Writing for package : com.google.android.apps.docs.editors.docs
I/BatteryStatsDBHelper(  862): Written to db : lastpower = 0.0
I/BatteryStatsDBHelper(  862): Written to db : power[diff] = 0.0 on
I/BatteryStatsDBHelper(  862): Writing for package : com.google.android.googlequicksearchbox
D/vwengine(  776): temperature : 420 sleep time : 100000ms
D/vwengine(  776): move to = 1 least_time = 1
I/BatteryStatsDBHelper(  862): Written to db : lastpower = 0.45283078359446366
I/BatteryStatsDBHelper(  862): Written to db : power[diff] = 0.0 on
I/BatteryStatsDBHelper(  862): Writing for package : com.smlds
I/BatteryStatsDBHelper(  862): Written to db : lastpower = 0.021069764309764306
I/BatteryStatsDBHelper(  862): Written to db : power[diff] = 0.0 on
I/BatteryStatsDBHelper(  862): Writing for package : net.aetherpal.device
I/BatteryStatsDBHelper(  862): Written to db : lastpower = 0.0
I/BatteryStatsDBHelper(  862): Written to db : power[diff] = 0.0 on
I/BatteryStatsDBHelper(  862): Writing for package : air.WatchESPN
I/BatteryStatsDBHelper(  862): Written to db : lastpower = 2.018018307042769
I/BatteryStatsDBHelper(  862): Written to db : power[diff] = 0.0 on
I/BatteryStatsDBHelper(  862): Writing for package : com.sec.android.widgetapp.ap.hero.accuweather
I/BatteryStatsDBHelper(  862): Written to db : lastpower = 0.0
I/BatteryStatsDBHelper(  862): Written to db : power[diff] = 0.0 on
I/BatteryStatsDBHelper(  862): Writing for package : com.google.android.apps.youtube.music
I/BatteryStatsDBHelper(  862): Written to db : lastpower = 0.0
I/BatteryStatsDBHelper(  862): Written to db : power[diff] = 0.0 on
I/BatteryStatsDBHelper(  862): Writing for package : com.mlssoccer
I/BatteryStatsDBHelper(  862): Written to db : lastpower = 0.0
I/BatteryStatsDBHelper(  862): Written to db : power[diff] = 0.0 on
I/BatteryStatsDBHelper(  862): Writing for package : com.espn.fantasy.lm.football
I/BatteryStatsDBHelper(  862): Written to db : lastpower = 0.0
I/BatteryStatsDBHelper(  862): Written to db : power[diff] = 0.0 on
I/BatteryStatsDBHelper(  862): Writing for package : com.sec.android.provider.badge
I/BatteryStatsDBHelper(  862): Written to db : lastpower = 0.03683345817957051
I/BatteryStatsDBHelper(  862): Written to db : power[diff] = 0.0 on
I/BatteryStatsDBHelper(  862): Writing for package : com.sec.android.band
I/BatteryStatsDBHelper(  862): Written to db : lastpower = 0.0
I/BatteryStatsDBHelper(  862): Written to db : power[diff] = 0.0 on
I/BatteryStatsDBHelper(  862): Writing for package : com.blurb.checkout
I/BatteryStatsDBHelper(  862): Written to db : lastpower = 0.0
I/BatteryStatsDBHelper(  862): Written to db : power[diff] = 0.0 on
I/BatteryStatsDBHelper(  862): Writing for package : com.google.android.apps.books
I/BatteryStatsDBHelper(  862): Written to db : lastpower = 0.0
I/BatteryStatsDBHelper(  862): Written to db : power[diff] = 0.0 on
I/BatteryStatsDBHelper(  862): Writing for package : com.android.chrome
I/BatteryStatsDBHelper(  862): Written to db : lastpower = 0.0025862696443341607
I/BatteryStatsDBHelper(  862): Written to db : power[diff] = 0.0 on
I/BatteryStatsDBHelper(  862): Writing for package : com.sec.android.app.clockpackage
I/BatteryStatsDBHelper(  862): Written to db : lastpower = 0.8921825969770485
I/BatteryStatsDBHelper(  862): Written to db : power[diff] = 0.0 on
I/BatteryStatsDBHelper(  862): Writing for package : com.sec.android.widgetapp.digitalclock
I/BatteryStatsDBHelper(  862): Written to db : lastpower = 0.0010110429292929293
I/BatteryStatsDBHelper(  862): Written to db : power[diff] = 0.0 on
I/BatteryStatsDBHelper(  862): Writing for package : com.diotek.diodict3.service
I/BatteryStatsDBHelper(  862): Written to db : lastpower = 0.0
I/BatteryStatsDBHelper(  862): Written to db : power[diff] = 0.0 on
I/BatteryStatsDBHelper(  862): Writing for package : com.google.android.apps.docs
I/BatteryStatsDBHelper(  862): Written to db : lastpower = 0.0
I/BatteryStatsDBHelper(  862): Written to db : power[diff] = 0.0 on
I/BatteryStatsDBHelper(  862): Writing for package : com.sec.android.widgetapp.dualclockdigital
I/BatteryStatsDBHelper(  862): Written to db : lastpower = 0.0
I/BatteryStatsDBHelper(  862): Written to db : power[diff] = 0.0 on
I/BatteryStatsDBHelper(  862): Writing for package : com.sec.esdk.elm
I/BatteryStatsDBHelper(  862): Written to db : lastpower = 0.0
I/BatteryStatsDBHelper(  862): Written to db : power[diff] = 0.0 on
I/BatteryStatsDBHelper(  862): Writing for package : com.samsung.android.provider.filterprovider
I/BatteryStatsDBHelper(  862): Written to db : lastpower = 0.0028075159714393088
I/BatteryStatsDBHelper(  862): Written to db : power[diff] = 0.0 on
I/BatteryStatsDBHelper(  862): Writing for package : com.google.android.apps.maps
I/BatteryStatsDBHelper(  862): Written to db : lastpower = 0.027865044999999998
I/BatteryStatsDBHelper(  862): Written to db : power[diff] = 0.0 on
I/BatteryStatsDBHelper(  862): Writing for package : com.samsung.android.app.watchmanagerstub
I/BatteryStatsDBHelper(  862): Written to db : lastpower = 0.0
I/BatteryStatsDBHelper(  862): Written to db : power[diff] = 0.0 on
I/BatteryStatsDBHelper(  862): Writing for package : com.sec.android.app.GlanceView
I/BatteryStatsDBHelper(  862): Written to db : lastpower = 0.052325224811850195
I/BatteryStatsDBHelper(  862): Written to db : power[diff] = 0.0 on
I/BatteryStatsDBHelper(  862): Writing for package : com.google.android.gm
I/BatteryStatsDBHelper(  862): Written to db : lastpower = 0.0
I/BatteryStatsDBHelper(  862): Written to db : power[diff] = 0.0 on
I/BatteryStatsDBHelper(  862): Writing for package : com.google.android.talk
I/BatteryStatsDBHelper(  862): Written to db : lastpower = 0.9017148957176205
I/BatteryStatsDBHelper(  862): Written to db : power[diff] = 0.0 on
I/BatteryStatsDBHelper(  862): Writing for package : com.samsung.scrc.idi.server
I/BatteryStatsDBHelper(  862): Written to db : lastpower = 0.0
I/BatteryStatsDBHelper(  862): Written to db : power[diff] = 0.0 on
I/BatteryStatsDBHelper(  862): Writing for package : com.sec.android.app.controlpanel
I/BatteryStatsDBHelper(  862): Written to db : lastpower = 0.009084331926863573
I/BatteryStatsDBHelper(  862): Written to db : power[diff] = 0.0 on
I/BatteryStatsDBHelper(  862): Writing for package : com.LocalFota
I/BatteryStatsDBHelper(  862): Written to db : lastpower = 0.0
I/BatteryStatsDBHelper(  862): Written to db : power[diff] = 0.0 on
I/BatteryStatsDBHelper(  862): Writing for package : com.google.android.apps.magazines
I/BatteryStatsDBHelper(  862): Written to db : lastpower = 0.04236538019686733
I/BatteryStatsDBHelper(  862): Written to db : power[diff] = 0.0 on
I/BatteryStatsDBHelper(  862): Writing for package : com.sec.android.app.FlashBarService
I/BatteryStatsDBHelper(  862): Written to db : lastpower = 0.0
I/BatteryStatsDBHelper(  862): Written to db : power[diff] = 0.0 on
I/BatteryStatsDBHelper(  862): Writing for package : com.google.android.music
I/BatteryStatsDBHelper(  862): Written to db : lastpower = 0.009044022875231438
I/BatteryStatsDBHelper(  862): Written to db : power[diff] = 0.0 on
I/BatteryStatsDBHelper(  862): Writing for package : com.sec.android.mmapp
I/BatteryStatsDBHelper(  862): Written to db : lastpower = 0.0
I/BatteryStatsDBHelper(  862): Written to db : power[diff] = 0.0 on
I/BatteryStatsDBHelper(  862): Writing for package : com.sec.android.app.music
I/BatteryStatsDBHelper(  862): Written to db : lastpower = 0.0
I/BatteryStatsDBHelper(  862): Written to db : power[diff] = 0.0 on
I/BatteryStatsDBHelper(  862): Writing for package : com.android.packageinstaller
I/BatteryStatsDBHelper(  862): Written to db : lastpower = 0.2872649785244386
I/BatteryStatsDBHelper(  862): Written to db : power[diff] = 0.0 on
I/BatteryStatsDBHelper(  862): Writing for package : com.android.providers.partnerbookmarks
I/BatteryStatsDBHelper(  862): Written to db : lastpower = 0.0
I/BatteryStatsDBHelper(  862): Written to db : power[diff] = 0.0 on
I/BatteryStatsDBHelper(  862): Writing for package : tv.peel.samsung.app
I/BatteryStatsDBHelper(  862): Written to db : lastpower = 1.2679304756947851
I/BatteryStatsDBHelper(  862): Written to db : power[diff] = 0.0 on
I/BatteryStatsDBHelper(  862): Writing for package : com.google.android.play.games
I/BatteryStatsDBHelper(  862): Written to db : lastpower = 0.0
I/BatteryStatsDBHelper(  862): Written to db : power[diff] = 0.0 on
I/BatteryStatsDBHelper(  862): Writing for package : com.google.android.apps.plus
I/BatteryStatsDBHelper(  862): Written to db : lastpower = 0.3544055546858422
I/BatteryStatsDBHelper(  862): Written to db : power[diff] = 0.0 on
I/BatteryStatsDBHelper(  862): Writing for package : com.infraware.polarisoffice5
I/BatteryStatsDBHelper(  862): Written to db : lastpower = 0.0
I/BatteryStatsDBHelper(  862): Written to db : power[diff] = 0.0 on
I/BatteryStatsDBHelper(  862): Writing for package : com.sec.android.app.sbrowser
I/BatteryStatsDBHelper(  862): Written to db : lastpower = 0.0
I/BatteryStatsDBHelper(  862): Written to db : power[diff] = 0.0 on
I/BatteryStatsDBHelper(  862): Writing for package : com.android.printspooler
I/BatteryStatsDBHelper(  862): Written to db : lastpower = 0.0
I/BatteryStatsDBHelper(  862): Written to db : power[diff] = 0.0 on
I/BatteryStatsDBHelper(  862): Writing for package : com.sec.android.app.translator
I/BatteryStatsDBHelper(  862): Written to db : lastpower = 0.0
I/BatteryStatsDBHelper(  862): Written to db : power[diff] = 0.0 on
I/BatteryStatsDBHelper(  862): Writing for package : com.sec.android.app.camera
I/BatteryStatsDBHelper(  862): Written to db : lastpower = 0.5079249696170023
I/BatteryStatsDBHelper(  862): Written to db : power[diff] = 0.0 on
I/BatteryStatsDBHelper(  862): Writing for package : com.sec.android.app.ocr
I/BatteryStatsDBHelper(  862): Written to db : lastpower = 0.0
I/BatteryStatsDBHelper(  862): Written to db : power[diff] = 0.0 on
I/BatteryStatsDBHelper(  862): Writing for package : com.sec.android.widgetapp.activeapplicationwidget
I/BatteryStatsDBHelper(  862): Written to db : lastpower = 0.002323455104131103
I/BatteryStatsDBHelper(  862): Written to db : power[diff] = 0.0 on
I/BatteryStatsDBHelper(  862): Writing for package : com.sec.android.app.popupcalculator
I/BatteryStatsDBHelper(  862): Written to db : lastpower = 0.0
I/BatteryStatsDBHelper(  862): Written to db : power[diff] = 0.0 on
I/BatteryStatsDBHelper(  862): Writing for package : com.android.calendar
I/BatteryStatsDBHelper(  862): Written to db : lastpower = 0.006716295334368822
I/BatteryStatsDBHelper(  862): Written to db : power[diff] = 0.0 on
I/BatteryStatsDBHelper(  862): Writing for package : com.android.email
I/BatteryStatsDBHelper(  862): Written to db : lastpower = 9.386762325170627
I/BatteryStatsDBHelper(  862): Written to db : power[diff] = 0.0 on
I/BatteryStatsDBHelper(  862): Writing for package : com.android.exchange
I/BatteryStatsDBHelper(  862): Written to db : lastpower = 0.07237116561962308
I/BatteryStatsDBHelper(  862): Written to db : power[diff] = 0.0 on
I/BatteryStatsDBHelper(  862): Writing for package : com.samsung.shareshot
I/BatteryStatsDBHelper(  862): Written to db : lastpower = 0.0
I/BatteryStatsDBHelper(  862): Written to db : power[diff] = 0.0 on
I/BatteryStatsDBHelper(  862): Writing for package : com.sec.smartcard.manager
I/BatteryStatsDBHelper(  862): Written to db : lastpower = 0.0
I/BatteryStatsDBHelper(  862): Written to db : power[diff] = 0.0 on
I/BatteryStatsDBHelper(  862): Writing for package : com.nuance.swype.input
I/BatteryStatsDBHelper(  862): Written to db : lastpower = 2.997943554973222
I/BatteryStatsDBHelper(  862): Written to db : power[diff] = 0.0 on
I/BatteryStatsDBHelper(  862): Writing for package : com.sec.tetheringprovision
I/BatteryStatsDBHelper(  862): Written to db : lastpower = 0.006068204840669096
I/BatteryStatsDBHelper(  862): Written to db : power[diff] = 0.0 on
I/BatteryStatsDBHelper(  862): Writing for package : com.samsung.android.service.travel
I/BatteryStatsDBHelper(  862): Written to db : lastpower = 0.008136634398944367
I/BatteryStatsDBHelper(  862): Written to db : power[diff] = 0.0 on
I/BatteryStatsDBHelper(  862): Writing for package : com.google.android.videos
I/BatteryStatsDBHelper(  862): Written to db : lastpower = 0.0
I/BatteryStatsDBHelper(  862): Written to db : power[diff] = 0.0 on
I/BatteryStatsDBHelper(  862): Writing for package : com.matchboxmobile.wisp
I/BatteryStatsDBHelper(  862): Written to db : lastpower = 0.03717020717071905
I/BatteryStatsDBHelper(  862): Written to db : power[diff] = 0.0 on
I/BatteryStatsDBHelper(  862): Writing for package : com.sec.android.daemonapp
I/BatteryStatsDBHelper(  862): Written to db : lastpower = 0.09876045163079403
I/BatteryStatsDBHelper(  862): Written to db : power[diff] = 0.0 on
I/BatteryStatsDBHelper(  862): Writing for package : com.google.android.youtube
I/BatteryStatsDBHelper(  862): Written to db : lastpower = 0.0
I/BatteryStatsDBHelper(  862): Written to db : power[diff] = 0.0 on
I/BatteryStatsDBHelper(  862): Writing for package : com.sec.kidsplat.installer
I/BatteryStatsDBHelper(  862): Written to db : lastpower = 0.0
I/BatteryStatsDBHelper(  862): Written to db : power[diff] = 0.0 on
I/BatteryStatsDBHelper(  862): Writing for package : com.google.android.marvin.talkback
I/BatteryStatsDBHelper(  862): Written to db : lastpower = 0.0
I/BatteryStatsDBHelper(  862): Written to db : power[diff] = 0.0 on
I/BatteryStatsDBHelper(  862): Writing for package : com.facebook.orca
I/BatteryStatsDBHelper(  862): Written to db : lastpower = 3.340431617955729
I/BatteryStatsDBHelper(  862): Written to db : power[diff] = 0.0 on
I/BatteryStatsDBHelper(  862): Writing for package : com.amazon.mShop.android.shopping
I/BatteryStatsDBHelper(  862): Written to db : lastpower = 1.3584464720159646
I/BatteryStatsDBHelper(  862): Written to db : power[diff] = 0.0 on
I/BatteryStatsDBHelper(  862): Writing for package : com.weather.Weather
I/BatteryStatsDBHelper(  862): Written to db : lastpower = 11.969967748988301
I/BatteryStatsDBHelper(  862): Written to db : power[diff] = 0.0 on
I/BatteryStatsDBHelper(  862): Writing for package : com.evernote
I/BatteryStatsDBHelper(  862): Written to db : lastpower = 1.6406755555555555E-5
I/BatteryStatsDBHelper(  862): Written to db : power[diff] = 0.0 on
I/BatteryStatsDBHelper(  862): Writing for package : com.cequint.ecid
I/BatteryStatsDBHelper(  862): Written to db : lastpower = 0.13006222161864966
I/BatteryStatsDBHelper(  862): Written to db : power[diff] = 0.0 on
I/BatteryStatsDBHelper(  862): Writing for package : com.sec.android.service.health
I/BatteryStatsDBHelper(  862): Written to db : lastpower = 0.0
I/BatteryStatsDBHelper(  862): Written to db : power[diff] = 0.0 on
I/BatteryStatsDBHelper(  862): Writing for package : com.android.managedprovisioning
I/BatteryStatsDBHelper(  862): Written to db : lastpower = 0.0
I/BatteryStatsDBHelper(  862): Written to db : power[diff] = 0.0 on
I/BatteryStatsDBHelper(  862): Writing for package : com.samsung.android.sdk.samsunglink
I/BatteryStatsDBHelper(  862): Written to db : lastpower = 0.010799592396017622
I/BatteryStatsDBHelper(  862): Written to db : power[diff] = 0.0 on
I/BatteryStatsDBHelper(  862): Writing for package : com.samsung.android.allshare.service.mediashare
I/BatteryStatsDBHelper(  862): Written to db : lastpower = 0.02809812924651639
I/BatteryStatsDBHelper(  862): Written to db : power[diff] = 0.0 on
I/BatteryStatsDBHelper(  862): Writing for package : com.samsung.android.nearby.mediaserver
I/BatteryStatsDBHelper(  862): Written to db : lastpower = 0.006540564125965165
I/BatteryStatsDBHelper(  862): Written to db : power[diff] = 0.0 on
I/BatteryStatsDBHelper(  862): Writing for package : com.samsung.aab
I/BatteryStatsDBHelper(  862): Written to db : lastpower = 0.0
I/BatteryStatsDBHelper(  862): Written to db : power[diff] = 0.0 on
I/BatteryStatsDBHelper(  862): Writing for package : com.samsung.android.app.FileShareServer
I/BatteryStatsDBHelper(  862): Written to db : lastpower = 0.010197912108520347
I/BatteryStatsDBHelper(  862): Written to db : power[diff] = 0.0 on
I/BatteryStatsDBHelper(  862): Writing for package : com.sec.android.app.chromecustomizations
I/BatteryStatsDBHelper(  862): Written to db : lastpower = 0.0
I/BatteryStatsDBHelper(  862): Written to db : power[diff] = 0.0 on
I/BatteryStatsDBHelper(  862): Writing for package : com.sec.android.widgetapp.SPlannerAppWidget
I/BatteryStatsDBHelper(  862): Written to db : lastpower = 0.004842728330424665
I/BatteryStatsDBHelper(  862): Written to db : power[diff] = 0.0 on
I/BatteryStatsDBHelper(  862): Writing for package : org.selco.mobile
I/BatteryStatsDBHelper(  862): Written to db : lastpower = 0.0
I/BatteryStatsDBHelper(  862): Written to db : power[diff] = 0.0 on
I/BatteryStatsDBHelper(  862): Writing for package : com.venmo
I/BatteryStatsDBHelper(  862): Written to db : lastpower = 0.10410766483696599
I/BatteryStatsDBHelper(  862): Written to db : power[diff] = 0.0 on
I/BatteryStatsDBHelper(  862): Writing for package : com.bleacherreport.android.teamstream
I/BatteryStatsDBHelper(  862): Written to db : lastpower = 1.7082881583826028
I/BatteryStatsDBHelper(  862): Written to db : power[diff] = 0.0 on
I/BatteryStatsDBHelper(  862): Writing for package : all
I/BatteryStatsDBHelper(  862): Written to db : lastpower = 75.30309298192758
I/BatteryStatsDBHelper(  862): Written to db : power[diff] = 0.0 on
I/BatteryStatsDBHelper(  862): Checking to remove old data from Battery_Delta before adding this new one at 48:10:54
I/BatteryStatsDBHelper(  862): First entry has timestamp as 47:10:52
I/BatteryStatsDBHelper(  862): Deleting entry for time = 47:10:52in table name : Battery_Delta
I/BatteryStatsDBHelper(  862): Next entry's timestamp is 47:11:2
I/BatteryStatsDBHelper(  862): checkForPowerThreshold called : 48:10:54
I/BatteryStatsDBHelper(  862): In checkForPowerThreshold, Package name = android_metadata
I/BatteryStatsDBHelper(  862): In checkForPowerThreshold, Package name = Battery_Delta
I/BatteryStatsDBHelper(  862): In checkForPowerThreshold, Package name = Launched_packages
I/BatteryStatsDBHelper(  862): In checkForPowerThreshold, Package name = com.android.bluetooth
I/BatteryStatsDBHelper(  862): Checking to remove old data from [com.android.bluetooth] before adding this new one at 48:10:54
I/BatteryStatsDBHelper(  862): First entry has timestamp as 47:10:52
I/BatteryStatsDBHelper(  862): Deleting entry for time = 47:10:52in table name : [com.android.bluetooth]
I/BatteryStatsDBHelper(  862): Next entry's timestamp is 47:11:2
I/BatteryStatsDBHelper(  862):  maintainNotifiedAppList called 
I/BatteryStatsDBHelper(  862): checkForPowerThreshold:: lcdOffPowerInLastHour : 0.018602636403050085Package:com.android.bluetooth
I/BatteryStatsDBHelper(  862): checkForPowerThreshold:: Total Power in last hour : 0.023355928555590544
I/BatteryStatsDBHelper(  862): Total Power in last 24 hours : 0.23495263430154747
I/BatteryStatsDBHelper(  862): In checkForPowerThreshold, Package name = mm-qcamera-daemon
I/BatteryStatsDBHelper(  862): Checking to remove old data from [mm-qcamera-daemon] before adding this new one at 48:10:54
I/BatteryStatsDBHelper(  862): First entry has timestamp as 47:10:52
I/BatteryStatsDBHelper(  862): Deleting entry for time = 47:10:52in table name : [mm-qcamera-daemon]
I/BatteryStatsDBHelper(  862): Next entry's timestamp is 47:11:2
I/BatteryStatsDBHelper(  862):  maintainNotifiedAppList called 
I/BatteryStatsDBHelper(  862): checkForPowerThreshold:: lcdOffPowerInLastHour : 0.021396441519508456Package:mm-qcamera-daemon
I/BatteryStatsDBHelper(  862): checkForPowerThreshold:: Total Power in last hour : 0.5538781030166199
I/BatteryStatsDBHelper(  862): Total Power in last 24 hours : 2.081344045299945
I/BatteryStatsDBHelper(  862): In checkForPowerThreshold, Package name = mediaserver
I/BatteryStatsDBHelper(  862): Checking to remove old data from [mediaserver] before adding this new one at 48:10:54
I/BatteryStatsDBHelper(  862): First entry has timestamp as 47:10:52
I/BatteryStatsDBHelper(  862): Deleting entry for time = 47:10:52in table name : [mediaserver]
I/BatteryStatsDBHelper(  862): Next entry's timestamp is 47:11:2
I/BatteryStatsDBHelper(  862):  maintainNotifiedAppList called 
I/BatteryStatsDBHelper(  862): checkForPowerThreshold:: lcdOffPowerInLastHour : 0.5038647055527737Package:mediaserver
I/BatteryStatsDBHelper(  862): checkForPowerThreshold:: Total Power in last hour : 2.3839071321185035
I/BatteryStatsDBHelper(  862): Total Power in last 24 hours : 17.396008383537705
I/BatteryStatsDBHelper(  862): In checkForPowerThreshold, Package name = drmserver
I/BatteryStatsDBHelper(  862): Checking to remove old data from [drmserver] before adding this new one at 48:10:54
I/BatteryStatsDBHelper(  862): First entry has timestamp as 47:10:52
I/BatteryStatsDBHelper(  862): Deleting entry for time = 47:10:52in table name : [drmserver]
I/BatteryStatsDBHelper(  862): Next entry's timestamp is 47:11:2
I/BatteryStatsDBHelper(  862):  maintainNotifiedAppList called 
I/BatteryStatsDBHelper(  862): checkForPowerThreshold:: lcdOffPowerInLastHour : 0.0016033654842773672Package:drmserver
I/BatteryStatsDBHelper(  862): checkForPowerThreshold:: Total Power in last hour : 2.3867094636666173
I/BatteryStatsDBHelper(  862): Total Power in last 24 hours : 17.4298507791867
I/BatteryStatsDBHelper(  862): In checkForPowerThreshold, Package name = com.android.nfc
I/BatteryStatsDBHelper(  862): Checking to remove old data from [com.android.nfc] before adding this new one at 48:10:54
I/BatteryStatsDBHelper(  862): First entry has timestamp as 47:10:52
I/BatteryStatsDBHelper(  862): Deleting entry for time = 47:10:52in table name : [com.android.nfc]
I/BatteryStatsDBHelper(  862): Next entry's timestamp is 47:11:2
I/BatteryStatsDBHelper(  862):  maintainNotifiedAppList called 
I/BatteryStatsDBHelper(  862): checkForPowerThreshold:: lcdOffPowerInLastHour : 0.20329411011684703Package:com.android.nfc
I/BatteryStatsDBHelper(  862): checkForPowerThreshold:: Total Power in last hour : 2.6517110589338904
I/BatteryStatsDBHelper(  862): Total Power in last 24 hours : 21.14276404456033
I/BatteryStatsDBHelper(  862): In checkForPowerThreshold, Package name = org.simalliance.openmobileapi.service
I/BatteryStatsDBHelper(  862): Checking to remove old data from [org.simalliance.openmobileapi.service] before adding this new one at 48:10:54
I/BatteryStatsDBHelper(  862): First entry has timestamp as 47:10:52
I/BatteryStatsDBHelper(  862): Deleting entry for time = 47:10:52in table name : [org.simalliance.openmobileapi.service]
I/BatteryStatsDBHelper(  862): Next entry's timestamp is 47:11:2
I/BatteryStatsDBHelper(  862):  maintainNotifiedAppList called 
I/BatteryStatsDBHelper(  862): checkForPowerThreshold:: lcdOffPowerInLastHour : 0.005000070320742293Package:org.simalliance.openmobileapi.service
I/BatteryStatsDBHelper(  862): checkForPowerThreshold:: Total Power in last hour : 2.657991122849372
I/BatteryStatsDBHelper(  862): Total Power in last 24 hours : 21.236989554939594
I/BatteryStatsDBHelper(  862): In checkForPowerThreshold, Package name = immvibed
I/BatteryStatsDBHelper(  862): Checking to remove old data from [immvibed] before adding this new one at 48:10:54
I/BatteryStatsDBHelper(  862): First entry has timestamp as 47:10:52
I/BatteryStatsDBHelper(  862): Deleting entry for time = 47:10:52in table name : [immvibed]
I/BatteryStatsDBHelper(  862): Next entry's timestamp is 47:11:2
I/BatteryStatsDBHelper(  862):  maintainNotifiedAppList called 
I/BatteryStatsDBHelper(  862): checkForPowerThreshold:: lcdOffPowerInLastHour : 0.0Package:immvibed
I/BatteryStatsDBHelper(  862): checkForPowerThreshold:: Total Power in last hour : 2.666961134034689
I/BatteryStatsDBHelper(  862): Total Power in last 24 hours : 21.31489836881531
I/BatteryStatsDBHelper(  862): In checkForPowerThreshold, Package name = com.google.android.configupdater
I/BatteryStatsDBHelper(  862): Checking to remove old data from [com.google.android.configupdater] before adding this new one at 48:10:54
I/BatteryStatsDBHelper(  862): First entry has timestamp as 47:10:52
I/BatteryStatsDBHelper(  862): Deleting entry for time = 47:10:52in table name : [com.google.android.configupdater]
I/BatteryStatsDBHelper(  862): Next entry's timestamp is 47:11:2
I/BatteryStatsDBHelper(  862):  maintainNotifiedAppList called 
I/BatteryStatsDBHelper(  862): checkForPowerThreshold:: lcdOffPowerInLastHour : 0.0Package:com.google.android.configupdater
I/BatteryStatsDBHelper(  862): checkForPowerThreshold:: Total Power in last hour : 2.666961134034689
I/BatteryStatsDBHelper(  862): Added in Sipper List for last Hour :com.google.android.configupdater
I/BatteryStatsDBHelper(  862): Total Power in last 24 hours : 21.31489836881531
I/BatteryStatsDBHelper(  862): Added in Sipper List for 24 Hours :com.google.android.configupdater
I/BatteryStatsDBHelper(  862): In checkForPowerThreshold, Package name = com.samsung.android.providers.context
I/BatteryStatsDBHelper(  862): Checking to remove old data from [com.samsung.android.providers.context] before adding this new one at 48:10:54
I/BatteryStatsDBHelper(  862): First entry has timestamp as 47:10:52
I/BatteryStatsDBHelper(  862): Deleting entry for time = 47:10:52in table name : [com.samsung.android.providers.context]
I/BatteryStatsDBHelper(  862): Next entry's timestamp is 47:11:2
I/BatteryStatsDBHelper(  862):  maintainNotifiedAppList called 
I/BatteryStatsDBHelper(  862): checkForPowerThreshold:: lcdOffPowerInLastHour : 0.04628859786469636Package:com.samsung.android.providers.context
I/BatteryStatsDBHelper(  862): checkForPowerThreshold:: Total Power in last hour : 2.734996328632936
I/BatteryStatsDBHelper(  862): Added in Sipper List for last Hour :com.samsung.android.providers.context
I/BatteryStatsDBHelper(  862): Total Power in last 24 hours : 21.944044096409552
I/BatteryStatsDBHelper(  862): Added in Sipper List for 24 Hours :com.samsung.android.providers.context
I/BatteryStatsDBHelper(  862): In checkForPowerThreshold, Package name = com.drivemode
I/BatteryStatsDBHelper(  862): Checking to remove old data from [com.drivemode] before adding this new one at 48:10:54
I/BatteryStatsDBHelper(  862): First entry has timestamp as 47:10:52
I/BatteryStatsDBHelper(  862): Deleting entry for time = 47:10:52in table name : [com.drivemode]
I/BatteryStatsDBHelper(  862): Next entry's timestamp is 47:11:2
I/BatteryStatsDBHelper(  862):  maintainNotifiedAppList called 
I/BatteryStatsDBHelper(  862): checkForPowerThreshold:: lcdOffPowerInLastHour : 0.008659553499755435Package:com.drivemode
I/BatteryStatsDBHelper(  862): checkForPowerThreshold:: Total Power in last hour : 2.748385763968527
I/BatteryStatsDBHelper(  862): Added in Sipper List for last Hour :com.drivemode
I/BatteryStatsDBHelper(  862): Total Power in last 24 hours : 22.12851676810106
I/BatteryStatsDBHelper(  862): Added in Sipper List for 24 Hours :com.drivemode
I/BatteryStatsDBHelper(  862): In checkForPowerThreshold, Package name = com.android.externalstorage
I/BatteryStatsDBHelper(  862): Checking to remove old data from [com.android.externalstorage] before adding this new one at 48:10:54
I/BatteryStatsDBHelper(  862): First entry has timestamp as 47:10:52
I/BatteryStatsDBHelper(  862): Deleting entry for time = 47:10:52in table name : [com.android.externalstorage]
I/BatteryStatsDBHelper(  862): Next entry's timestamp is 47:11:2
I/BatteryStatsDBHelper(  862):  maintainNotifiedAppList called 
I/BatteryStatsDBHelper(  862): checkForPowerThreshold:: lcdOffPowerInLastHour : 0.0Package:com.android.externalstorage
I/BatteryStatsDBHelper(  862): checkForPowerThreshold:: Total Power in last hour : 2.748385763968527
I/BatteryStatsDBHelper(  862): Added in Sipper List for last Hour :com.android.externalstorage
I/BatteryStatsDBHelper(  862): Total Power in last 24 hours : 22.12851676810106
I/BatteryStatsDBHelper(  862): Added in Sipper List for 24 Hours :com.android.externalstorage
I/BatteryStatsDBHelper(  862): In checkForPowerThreshold, Package name = com.google.android.partnersetup
I/BatteryStatsDBHelper(  862): Checking to remove old data from [com.google.android.partnersetup] before adding this new one at 48:10:54
I/BatteryStatsDBHelper(  862): First entry has timestamp as 47:10:52
I/BatteryStatsDBHelper(  862): Deleting entry for time = 47:10:52in table name : [com.google.android.partnersetup]
I/BatteryStatsDBHelper(  862): Next entry's timestamp is 47:11:2
I/BatteryStatsDBHelper(  862):  maintainNotifiedAppList called 
I/BatteryStatsDBHelper(  862): checkForPowerThreshold:: lcdOffPowerInLastHour : 0.0Package:com.google.android.partnersetup
I/BatteryStatsDBHelper(  862): checkForPowerThreshold:: Total Power in last hour : 2.748385763968527
I/BatteryStatsDBHelper(  862): Added in Sipper List for last Hour :com.google.android.partnersetup
I/BatteryStatsDBHelper(  862): Total Power in last 24 hours : 22.1748242505018
I/BatteryStatsDBHelper(  862): Added in Sipper List for 24 Hours :com.google.android.partnersetup
I/BatteryStatsDBHelper(  862): In checkForPowerThreshold, Package name = com.google.android.keep
I/BatteryStatsDBHelper(  862): Checking to remove old data from [com.google.android.keep] before adding this new one at 48:10:54
I/BatteryStatsDBHelper(  862): First entry has timestamp as 47:10:52
I/BatteryStatsDBHelper(  862): Deleting entry for time = 47:10:52in table name : [com.google.android.keep]
I/BatteryStatsDBHelper(  862): Next entry's timestamp is 47:11:2
I/BatteryStatsDBHelper(  862):  maintainNotifiedAppList called 
I/BatteryStatsDBHelper(  862): checkForPowerThreshold:: lcdOffPowerInLastHour : 0.0Package:com.google.android.keep
I/BatteryStatsDBHelper(  862): checkForPowerThreshold:: Total Power in last hour : 2.748385763968527
I/BatteryStatsDBHelper(  862): Added in Sipper List for last Hour :com.google.android.keep
I/BatteryStatsDBHelper(  862): Total Power in last 24 hours : 23.534836009800834
I/BatteryStatsDBHelper(  862): Added in Sipper List for 24 Hours :com.google.android.keep
I/BatteryStatsDBHelper(  862): In checkForPowerThreshold, Package name = com.samsung.klmsagent
I/BatteryStatsDBHelper(  862): Checking to remove old data from [com.samsung.klmsagent] before adding this new one at 48:10:54
I/BatteryStatsDBHelper(  862): First entry has timestamp as 47:10:52
I/BatteryStatsDBHelper(  862): Deleting entry for time = 47:10:52in table name : [com.samsung.klmsagent]
I/BatteryStatsDBHelper(  862): Next entry's timestamp is 47:11:2
I/BatteryStatsDBHelper(  862):  maintainNotifiedAppList called 
I/BatteryStatsDBHelper(  862): checkForPowerThreshold:: lcdOffPowerInLastHour : 0.012442457808054039Package:com.samsung.klmsagent
I/BatteryStatsDBHelper(  862): checkForPowerThreshold:: Total Power in last hour : 2.760828221776581
I/BatteryStatsDBHelper(  862): Added in Sipper List for last Hour :com.samsung.klmsagent
I/BatteryStatsDBHelper(  862): Total Power in last 24 hours : 23.55680675826237
I/BatteryStatsDBHelper(  862): Added in Sipper List for 24 Hours :com.samsung.klmsagent
I/BatteryStatsDBHelper(  862): In checkForPowerThreshold, Package name = com.android.systemui
I/BatteryStatsDBHelper(  862): Checking to remove old data from [com.android.systemui] before adding this new one at 48:10:54
I/BatteryStatsDBHelper(  862): First entry has timestamp as 47:10:52
I/BatteryStatsDBHelper(  862): Deleting entry for time = 47:10:52in table name : [com.android.systemui]
I/BatteryStatsDBHelper(  862): Next entry's timestamp is 47:11:2
I/BatteryStatsDBHelper(  862):  maintainNotifiedAppList called 
I/BatteryStatsDBHelper(  862): checkForPowerThreshold:: lcdOffPowerInLastHour : 3.6076613587481283Package:com.android.systemui
I/BatteryStatsDBHelper(  862): checkForPowerThreshold:: Total Power in last hour : 8.240062859883734
I/BatteryStatsDBHelper(  862): Added in Sipper List for last Hour :com.android.systemui
I/BatteryStatsDBHelper(  862): Total Power in last 24 hours : 76.1419142931277
I/BatteryStatsDBHelper(  862): In checkForPowerThreshold, Package name = com.lookout
I/BatteryStatsDBHelper(  862): Checking to remove old data from [com.lookout] before adding this new one at 48:10:54
I/BatteryStatsDBHelper(  862): First entry has timestamp as 47:10:52
I/BatteryStatsDBHelper(  862): Deleting entry for time = 47:10:52in table name : [com.lookout]
I/BatteryStatsDBHelper(  862): Next entry's timestamp is 47:11:2
I/BatteryStatsDBHelper(  862):  maintainNotifiedAppList called 
I/BatteryStatsDBHelper(  862): checkForPowerThreshold:: lcdOffPowerInLastHour : 0.0Package:com.lookout
I/BatteryStatsDBHelper(  862): checkForPowerThreshold:: Total Power in last hour : 8.376306496357492
I/BatteryStatsDBHelper(  862): Added in Sipper List for last Hour :com.lookout
I/BatteryStatsDBHelper(  862): Total Power in last 24 hours : 81.83812202475514
I/BatteryStatsDBHelper(  862): Added in Sipper List for 24 Hours :com.lookout
I/BatteryStatsDBHelper(  862): In checkForPowerThreshold, Package name = com.wsomacp
I/BatteryStatsDBHelper(  862): Checking to remove old data from [com.wsomacp] before adding this new one at 48:10:54
I/BatteryStatsDBHelper(  862): First entry has timestamp as 47:10:52
I/BatteryStatsDBHelper(  862): Deleting entry for time = 47:10:52in table name : [com.wsomacp]
I/BatteryStatsDBHelper(  862): Next entry's timestamp is 47:11:2
I/BatteryStatsDBHelper(  862):  maintainNotifiedAppList called 
I/BatteryStatsDBHelper(  862): checkForPowerThreshold:: lcdOffPowerInLastHour : 0.0Package:com.wsomacp
I/BatteryStatsDBHelper(  862): checkForPowerThreshold:: Total Power in last hour : 8.382632904370363
I/BatteryStatsDBHelper(  862): Added in Sipper List for last Hour :com.wsomacp
I/BatteryStatsDBHelper(  862): Total Power in last 24 hours : 81.88104762870867
I/BatteryStatsDBHelper(  862): Added in Sipper List for 24 Hours :com.wsomacp
I/BatteryStatsDBHelper(  862): In checkForPowerThreshold, Package name = com.google.android.onetimeinitializer
I/BatteryStatsDBHelper(  862): Checking to remove old data from [com.google.android.onetimeinitializer] before adding this new one at 48:10:54
I/BatteryStatsDBHelper(  862): First entry has timestamp as 47:10:52
I/BatteryStatsDBHelper(  862): Deleting entry for time = 47:10:52in table name : [com.google.android.onetimeinitializer]
I/BatteryStatsDBHelper(  862): Next entry's timestamp is 47:11:2
I/BatteryStatsDBHelper(  862):  maintainNotifiedAppList called 
I/BatteryStatsDBHelper(  862): checkForPowerThreshold:: lcdOffPowerInLastHour : 0.0Package:com.google.android.onetimeinitializer
I/BatteryStatsDBHelper(  862): checkForPowerThreshold:: Total Power in last hour : 8.382632904370363
I/BatteryStatsDBHelper(  862): Added in Sipper List for last Hour :com.google.android.onetimeinitializer
I/BatteryStatsDBHelper(  862): Total Power in last 24 hours : 81.88104762870867
I/BatteryStatsDBHelper(  862): Added in Sipper List for 24 Hours :com.google.android.onetimeinitializer
I/BatteryStatsDBHelper(  862): In checkForPowerThreshold, Package name = com.sec.android.pagebuddynotisvc
I/BatteryStatsDBHelper(  862): Checking to remove old data from [com.sec.android.pagebuddynotisvc] before adding this new one at 48:10:54
I/BatteryStatsDBHelper(  862): First entry has timestamp as 47:10:52
I/BatteryStatsDBHelper(  862): Deleting entry for time = 47:10:52in table name : [com.sec.android.pagebuddynotisvc]
I/BatteryStatsDBHelper(  862): Next entry's timestamp is 47:11:2
I/BatteryStatsDBHelper(  862):  maintainNotifiedAppList called 
I/BatteryStatsDBHelper(  862): checkForPowerThreshold:: lcdOffPowerInLastHour : 0.004625066756440768Package:com.sec.android.pagebuddynotisvc
I/BatteryStatsDBHelper(  862): checkForPowerThreshold:: Total Power in last hour : 8.3914360071744
I/BatteryStatsDBHelper(  862): Added in Sipper List for last Hour :com.sec.android.pagebuddynotisvc
I/BatteryStatsDBHelper(  862): Total Power in last 24 hours : 82.02742939971142
I/BatteryStatsDBHelper(  862): Added in Sipper List for 24 Hours :com.sec.android.pagebuddynotisvc
I/BatteryStatsDBHelper(  862): In checkForPowerThreshold, Package name = com.android.vending
I/BatteryStatsDBHelper(  862): Checking to remove old data from [com.android.vending] before adding this new one at 48:10:54
I/BatteryStatsDBHelper(  862): First entry has timestamp as 47:10:52
I/BatteryStatsDBHelper(  862): Deleting entry for time = 47:10:52in table name : [com.android.vending]
I/BatteryStatsDBHelper(  862): Next entry's timestamp is 47:11:2
I/BatteryStatsDBHelper(  862):  maintainNotifiedAppList called 
I/BatteryStatsDBHelper(  862): checkForPowerThreshold:: lcdOffPowerInLastHour : 0.12878510026469947Package:com.android.vending
I/BatteryStatsDBHelper(  862): checkForPowerThreshold:: Total Power in last hour : 8.532528781421457
I/BatteryStatsDBHelper(  862): Added in Sipper List for last Hour :com.android.vending
I/BatteryStatsDBHelper(  862): Total Power in last 24 hours : 95.32590819965012
I/BatteryStatsDBHelper(  862): In checkForPowerThreshold, Package name = com.vlingo.midas
I/BatteryStatsDBHelper(  862): Checking to remove old data from [com.vlingo.midas] before adding this new one at 48:10:54
I/BatteryStatsDBHelper(  862): First entry has timestamp as 47:10:52
I/BatteryStatsDBHelper(  862): Deleting entry for time = 47:10:52in table name : [com.vlingo.midas]
I/BatteryStatsDBHelper(  862): Next entry's timestamp is 47:11:2
I/BatteryStatsDBHelper(  862):  maintainNotifiedAppList called 
I/BatteryStatsDBHelper(  862): checkForPowerThreshold:: lcdOffPowerInLastHour : 0.07160753651518104Package:com.vlingo.midas
I/BatteryStatsDBHelper(  862): checkForPowerThreshold:: Total Power in last hour : 8.60862645257196
I/BatteryStatsDBHelper(  862): Added in Sipper List for last Hour :com.vlingo.midas
I/BatteryStatsDBHelper(  862): Total Power in last 24 hours : 96.13088920211214
I/BatteryStatsDBHelper(  862): Added in Sipper List for 24 Hours :com.vlingo.midas
I/BatteryStatsDBHelper(  862): In checkForPowerThreshold, Package name = com.sec.android.widgetapp.diotek.smemo
I/BatteryStatsDBHelper(  862): Checking to remove old data from [com.sec.android.widgetapp.diotek.smemo] before adding this new one at 48:10:54
I/BatteryStatsDBHelper(  862): First entry has timestamp as 47:10:52
I/BatteryStatsDBHelper(  862): Deleting entry for time = 47:10:52in table name : [com.sec.android.widgetapp.diotek.smemo]
I/BatteryStatsDBHelper(  862): Next entry's timestamp is 47:11:2
I/BatteryStatsDBHelper(  862):  maintainNotifiedAppList called 
I/BatteryStatsDBHelper(  862): checkForPowerThreshold:: lcdOffPowerInLastHour : 0.006611786758663146Package:com.sec.android.widgetapp.diotek.smemo
I/BatteryStatsDBHelper(  862): checkForPowerThreshold:: Total Power in last hour : 8.619478779435362
I/BatteryStatsDBHelper(  862): Added in Sipper List for last Hour :com.sec.android.widgetapp.diotek.smemo
I/BatteryStatsDBHelper(  862): Total Power in last 24 hours : 96.19301484665634
I/BatteryStatsDBHelper(  862): Added in Sipper List for 24 Hours :com.sec.android.widgetapp.diotek.smemo
I/BatteryStatsDBHelper(  862): In checkForPowerThreshold, Package name = com.sec.android.app.sns3
I/BatteryStatsDBHelper(  862): Checking to remove old data from [com.sec.android.app.sns3] before adding this new one at 48:10:54
I/BatteryStatsDBHelper(  862): First entry has timestamp as 47:10:52
