D/BatteryService(  862): level:88, scale:100, status:2, health:2, present:true, voltage: 4297, temperature: 309, technology: Li-ion, AC powered:false, USB powered:true, Wireless powered:false, icon:17303687, invalid charger:0
D/BatteryService(  862): online:6, current avg:1000, charge type:1, power sharing:false, high voltage charger:false, capacity:280000, current_now:1000
D/BatteryService(  862): Sending ACTION_BATTERY_CHANGED.
W/ProcessCpuTracker(  862): Skipping unknown process pid 7793
D/PowerManagerService(  862): [PSM] lowPowerModeEnabled: false (mLowPowerModeSetting: false, mAutoLowPowerModeConfigured: false, mBatteryLevel: 88, mLowBatteryTriggerLevel: 0)
I/MotionRecognitionService(  862): Plugged
I/MotionRecognitionService(  862): setPowerConnected  = true
D/STATUSBAR-PhoneStatusBar( 2470):  mBrightnessEnablebySettings = true mBrightnessEnablebyBattery = true mBrightnessEnablebyDisableFlag = true mPmsBrightnessEnablebySettings = true
D/ConnectivityService(  862): returning getNetworkInfo(networkType - 1) :[type: WIFI[] - WIFI, state: CONNECTED/CONNECTED, reason: (unspecified), extra: "UO Secure", roaming: false, failover: false, isAvailable: true, isConnectedToProvisioningNetwork: false]
D/BatteryMeterView( 2470): ACTION_BATTERY_CHANGED : level:88 status:2 health:2
D/BatteryMeterView( 2470): ACTION_BATTERY_CHANGED : level:88 status:2 health:2
D/BatteryMeterView( 2470): ACTION_BATTERY_CHANGED : level:88 status:2 health:2
D/BatteryMeterView( 2470): onDraw batteryColor : -1
D/ConnectivityService(  862): returning getNetworkInfo(networkType - 1) :[type: WIFI[] - WIFI, state: CONNECTED/CONNECTED, reason: (unspecified), extra: "UO Secure", roaming: false, failover: false, isAvailable: true, isConnectedToProvisioningNetwork: false]
D/ConnectivityService(  862): returning getNetworkInfo(networkType - 1) :[type: WIFI[] - WIFI, state: CONNECTED/CONNECTED, reason: (unspecified), extra: "UO Secure", roaming: false, failover: false, isAvailable: true, isConnectedToProvisioningNetwork: false]
D/SSRM:n  (  862): SIOP:: AP = 410, CUR = 1000
D/BatteryService(  862): !@BatteryListener : batteryPropertiesChanged!
D/BatteryService(  862): level:88, scale:100, status:2, health:2, present:true, voltage: 4291, temperature: 309, technology: Li-ion, AC powered:false, USB powered:true, Wireless powered:false, icon:17303687, invalid charger:0
D/BatteryService(  862): online:6, current avg:1000, charge type:1, power sharing:false, high voltage charger:false, capacity:280000, current_now:1000
D/BatteryService(  862): Sending ACTION_BATTERY_CHANGED.
I/MotionRecognitionService(  862): Plugged
I/MotionRecognitionService(  862): setPowerConnected  = true
D/STATUSBAR-PhoneStatusBar( 2470):  mBrightnessEnablebySettings = true mBrightnessEnablebyBattery = true mBrightnessEnablebyDisableFlag = true mPmsBrightnessEnablebySettings = true
D/BatteryMeterView( 2470): ACTION_BATTERY_CHANGED : level:88 status:2 health:2
D/BatteryMeterView( 2470): ACTION_BATTERY_CHANGED : level:88 status:2 health:2
D/BatteryMeterView( 2470): ACTION_BATTERY_CHANGED : level:88 status:2 health:2
D/SSRM:n  (  862): SIOP:: AP = 410, CUR = 1000
D/BatteryService(  862): !@BatteryListener : batteryPropertiesChanged!
D/BatteryService(  862): level:88, scale:100, status:2, health:2, present:true, voltage: 4297, temperature: 309, technology: Li-ion, AC powered:false, USB powered:true, Wireless powered:false, icon:17303687, invalid charger:0
D/BatteryService(  862): online:6, current avg:1000, charge type:1, power sharing:false, high voltage charger:false, capacity:280000, current_now:1000
D/BatteryService(  862): Sending ACTION_BATTERY_CHANGED.
I/MotionRecognitionService(  862): Plugged
I/MotionRecognitionService(  862): setPowerConnected  = true
D/STATUSBAR-PhoneStatusBar( 2470):  mBrightnessEnablebySettings = true mBrightnessEnablebyBattery = true mBrightnessEnablebyDisableFlag = true mPmsBrightnessEnablebySettings = true
D/BatteryMeterView( 2470): ACTION_BATTERY_CHANGED : level:88 status:2 health:2
D/BatteryMeterView( 2470): ACTION_BATTERY_CHANGED : level:88 status:2 health:2
D/BatteryMeterView( 2470): ACTION_BATTERY_CHANGED : level:88 status:2 health:2
E/Watchdog(  862): !@Sync 51141
D/PowerManagerService(  862): [input device light] setInputDeviceLightOn is called : 1
D/PowerManagerService(  862): [input device light] handleInputDeviceLightOn
D/ActivityManager(  862): startService callerProcessName:com.menny.android.anysoftkeyboard, calleePkgName: com.menny.android.anysoftkeyboard
D/ActivityManager(  862): caller:android.app.ApplicationThreadProxy@13075150, r.packageName :com.menny.android.anysoftkeyboard
D/StatusBarManagerService(  862): manageDisableList userId=0 what=0x0 pkg=WindowManager.LayoutParams
D/ConnectivityService(  862): returning getActiveNetworkInfo :[type: WIFI[] - WIFI, state: CONNECTED/CONNECTED, reason: (unspecified), extra: "UO Secure", roaming: false, failover: false, isAvailable: true, isConnectedToProvisioningNetwork: false]
D/ConnectivityService(  862): returning getActiveNetworkInfo :[type: WIFI[] - WIFI, state: CONNECTED/CONNECTED, reason: (unspecified), extra: "UO Secure", roaming: false, failover: false, isAvailable: true, isConnectedToProvisioningNetwork: false]
D/ConnectivityService(  862): returning getActiveNetworkInfo :[type: WIFI[] - WIFI, state: CONNECTED/CONNECTED, reason: (unspecified), extra: "UO Secure", roaming: false, failover: false, isAvailable: true, isConnectedToProvisioningNetwork: false]
W/ContextImpl(  862): Calling a method in the system process without a qualified user: android.app.ContextImpl.sendBroadcast:1699 com.android.server.InputMethodManagerService$6.run:2734 java.lang.Thread.run:818 <bottom of call stack> <bottom of call stack> 
D/SSRM:a  (  862): DeviceInfo:: 000000000000
D/SSRM:a  (  862): SettingsAirViewInfo:: 000000000
W/ContextImpl(28998): Calling a method in the system process without a qualified user: android.app.ContextImpl.sendStickyBroadcast:1866 android.content.ContextWrapper.sendStickyBroadcast:463 com.samsung.android.app.gestureservice.GestureService.updateStatusBar:826 com.samsung.android.app.gestureservice.GestureService.enableService:967 com.samsung.android.app.gestureservice.GestureService.access$1800:40 
D/SSRM:n  (  862): SIOP:: AP = 410, CUR = 1000
D/BatteryService(  862): !@BatteryListener : batteryPropertiesChanged!
D/BatteryService(  862): level:88, scale:100, status:2, health:2, present:true, voltage: 4290, temperature: 309, technology: Li-ion, AC powered:false, USB powered:true, Wireless powered:false, icon:17303687, invalid charger:0
D/BatteryService(  862): online:6, current avg:1000, charge type:1, power sharing:false, high voltage charger:false, capacity:280000, current_now:1000
D/BatteryService(  862): Sending ACTION_BATTERY_CHANGED.
I/MotionRecognitionService(  862): Plugged
I/MotionRecognitionService(  862): setPowerConnected  = true
D/STATUSBAR-PhoneStatusBar( 2470):  mBrightnessEnablebySettings = true mBrightnessEnablebyBattery = true mBrightnessEnablebyDisableFlag = true mPmsBrightnessEnablebySettings = true
D/BatteryMeterView( 2470): ACTION_BATTERY_CHANGED : level:88 status:2 health:2
D/BatteryMeterView( 2470): ACTION_BATTERY_CHANGED : level:88 status:2 health:2
D/BatteryMeterView( 2470): ACTION_BATTERY_CHANGED : level:88 status:2 health:2
D/PowerManagerService(  862): [input device light] setInputDeviceLightOn is called : 1
D/PowerManagerService(  862): [input device light] handleInputDeviceLightOn
W/ResourcesManager(  862): Asset path '/system/framework/secmediarecorder.jar' does not exist or contains no resources.
W/ResourcesManager(  862): Asset path '/system/framework/sechardware.jar' does not exist or contains no resources.
W/ResourcesManager(  862): Asset path '/system/framework/sec_feature.jar' does not exist or contains no resources.
W/ResourcesManager(  862): Asset path '/system/framework/seccamera.jar' does not exist or contains no resources.
W/ResourcesManager(  862): Asset path '/system/framework/secvision.jar' does not exist or contains no resources.
D/CustomFrequencyManagerService(  862): acquireDVFSLockLocked : type : DVFS_MIN_LIMIT  frequency : 1350000  uid : 1000  pid : 862  pkgName : ACTIVITY_RESUME_BOOSTER@7
W/ActivityManager(  862): mDVFSHelper.acquire()
D/StatusBarManagerService(  862): manageDisableList userId=0 what=0x0 pkg=WindowManager.LayoutParams
V/WindowManager(  862): rotationForOrientationLw(orient=0, last=0); user=0 USER_ROTATION_LOCKED sensorRotation=-1 mLidState=-1 mDockMode=0 mHdmiPlugged=false
D/SamsungWindowManager(  862): setRotationLw() : rotation=1
D/CustomFrequencyManagerService(  862): acquireDVFSLockLocked : type : DVFS_MIN_LIMIT  frequency : 1890000  uid : 1000  pid : 862  pkgName : ROTATION_BOOSTER@37
I/ActivityManager(  862): Config changes=480 {0 1.0 310mcc410mnc en_US ldltr sw360dp w640dp h335dp 480dpi nrml long land finger -keyb/v/h -nav/h s.257}
V/ActivityManager(  862): Display changed displayId=0
D/Recents_AlternateRecentsComponent( 2470): reloadHeaderBarLayout is getting called
D/MultiPhoneWindow( 3102): onMultiWindowConfigurationChanged com.android.incallui/com.android.incallui.InCallActivityoldRect=Rect(0, 0 - 1080, 1920)
D/Recents_TaskViewHeader( 2470): onFinishInflate
D/STATUSBAR-QSTileView( 2470): dynamicallyReduceTextSize: 206
D/STATUSBAR-QSTileView( 2470): dynamicallyReduceTextSize: 206
D/STATUSBAR-QSTileView( 2470): dynamicallyReduceTextSize: 206
D/STATUSBAR-QSTileView( 2470): dynamicallyReduceTextSize: 206
D/STATUSBAR-QSTileView( 2470): dynamicallyReduceTextSize: 206
D/STATUSBAR-QSTileView( 2470): dynamicallyReduceTextSize: 206
D/STATUSBAR-QSTileView( 2470): dynamicallyReduceTextSize: 206
D/STATUSBAR-QSTileView( 2470): dynamicallyReduceTextSize: 206
D/STATUSBAR-QSTileView( 2470): dynamicallyReduceTextSize: 206
D/STATUSBAR-QSTileView( 2470): dynamicallyReduceTextSize: 206
D/STATUSBAR-QSTileView( 2470): dynamicallyReduceTextSize: 206
D/STATUSBAR-QSTileView( 2470): dynamicallyReduceTextSize: 206
D/STATUSBAR-QSTileView( 2470): dynamicallyReduceTextSize: 206
D/STATUSBAR-QSTileView( 2470): dynamicallyReduceTextSize: 206
D/STATUSBAR-QSTileView( 2470): dynamicallyReduceTextSize: 206
D/STATUSBAR-QSTileView( 2470): dynamicallyReduceTextSize: 206
D/STATUSBAR-QSTileView( 2470): dynamicallyReduceTextSize: 206
D/STATUSBAR-QSTileView( 2470): dynamicallyReduceTextSize: 206
D/STATUSBAR-QSTileView( 2470): dynamicallyReduceTextSize: 206
D/STATUSBAR-QSTileView( 2470): dynamicallyReduceTextSize: 206
E/SmartFaceService(  862): onReceive: android.intent.action.CONFIGURATION_CHANGED
E/SmartFaceService(  862): mFolderCoverOpened: (true, true) -> true
D/ConnectivityService(  862): returning getNetworkInfo(networkType - 1) :[type: WIFI[] - WIFI, state: CONNECTED/CONNECTED, reason: (unspecified), extra: "UO Secure", roaming: false, failover: false, isAvailable: true, isConnectedToProvisioningNetwork: false]
W/ContextImpl(28998): Calling a method in the system process without a qualified user: android.app.ContextImpl.sendStickyBroadcast:1866 android.content.ContextWrapper.sendStickyBroadcast:463 com.samsung.android.app.gestureservice.GestureService.updateStatusBar:826 com.samsung.android.app.gestureservice.GestureService.access$1300:40 com.samsung.android.app.gestureservice.GestureService$2.onReceive:242 
W/InputMethodInfo(  862): Duplicated subtype definition found: , voice
D/VoIPInterfaceManager(  862): isVoIPIdle()...
D/VoIPInterfaceManager(  862): isVoIPRunningAndDeregi()...
D/VoIPInterfaceManager(  862): Not exist call session
D/VoIPInterfaceManager(  862):     isVoIPIdle() : No session in db 
W/ActivityManager(  862): getTasks: caller 10170 does not hold REAL_GET_TASKS; limiting output
D/SSRM:a  (  862): DeviceInfo:: 000000000000
D/SSRM:a  (  862): SettingsAirViewInfo:: 000000000
D/VoIPInterfaceManager(  862): isVoIPIdle()...
D/VoIPInterfaceManager(  862): isVoIPRunningAndDeregi()...
D/VoIPInterfaceManager(  862): Not exist call session
D/VoIPInterfaceManager(  862):     isVoIPIdle() : No session in db 
W/ActivityManager(  862): getTasks: caller 10170 does not hold REAL_GET_TASKS; limiting output
D/SSRM:a  (  862): DeviceInfo:: 000000000000
D/SSRM:a  (  862): SettingsAirViewInfo:: 000000000
D/VoIPInterfaceManager(  862): isVoIPIdle()...
D/VoIPInterfaceManager(  862): isVoIPRunningAndDeregi()...
D/VoIPInterfaceManager(  862): Not exist call session
D/VoIPInterfaceManager(  862):     isVoIPIdle() : No session in db 
W/ActivityManager(  862): getTasks: caller 10170 does not hold REAL_GET_TASKS; limiting output
D/VoIPInterfaceManager(  862): isVoIPIdle()...
D/VoIPInterfaceManager(  862): isVoIPRunningAndDeregi()...
D/VoIPInterfaceManager(  862): Not exist call session
D/VoIPInterfaceManager(  862):     isVoIPIdle() : No session in db 
W/ActivityManager(  862): getTasks: caller 10170 does not hold REAL_GET_TASKS; limiting output
W/ActivityManager(  862): getTasks: caller 10170 does not hold REAL_GET_TASKS; limiting output
D/PowerManagerService(  862): [api] acquire WakeLock flags=0xa tag=Camera2 uid=10170 pid=6411
D/MountService(  862):  :::: isUsbMassStorageEnabled :: ret = false
D/StatusBarManagerService(  862): manageDisableList userId=0 what=0x0 pkg=WindowManager.LayoutParams
D/PowerManagerService(  862): [api] acquire WakeLock flags=0x2000000a tag=WindowManager uid=1000 pid=862
D/StatusBarManagerService(  862): manageDisableList userId=0 what=0x0 pkg=WindowManager.LayoutParams
W/ContextImpl(  862): Calling a method in the system process without a qualified user: android.app.ContextImpl.sendBroadcast:1699 com.android.internal.policy.impl.PhoneWindowManager.notifyToSSRM:5607 com.android.internal.policy.impl.PhoneWindowManager.access$600:192 com.android.internal.policy.impl.PhoneWindowManager$PolicyHandler.handleMessage:806 android.os.Handler.dispatchMessage:102 
D/SSRM:a  (  862): DeviceInfo:: 000000000000
D/SSRM:a  (  862): SettingsAirViewInfo:: 000000000
D/CustomFrequencyManagerService(  862): releaseDVFSLockLocked : Getting Lock type frm List : DVFS_MIN_LIMIT  frequency : 1350000  uid : 1000  pid : 862  tag : ACTIVITY_RESUME_BOOSTER@7
W/ActivityManager(  862): mDVFSHelper.release()
D/CustomFrequencyManagerService(  862): acquireDVFSLockLocked : type : DVFS_MIN_LIMIT  frequency : 1350000  uid : 1000  pid : 862  pkgName : ACTIVITY_RESUME_BOOSTER@11
I/WindowManager(  862): Screen frozen for +464ms due to Window{13dc542d u0 com.sec.android.app.camera/com.sec.android.app.camera.Camcorder}
V/WindowManager(  862): rotationForOrientationLw(orient=0, last=1); user=0 USER_ROTATION_LOCKED sensorRotation=-1 mLidState=-1 mDockMode=0 mHdmiPlugged=false
W/ContextImpl(  862): Calling a method in the system process without a qualified user: android.app.ContextImpl.sendBroadcast:1699 com.android.server.InputMethodManagerService$6.run:2734 java.lang.Thread.run:818 <bottom of call stack> <bottom of call stack> 
W/ContextImpl(28998): Calling a method in the system process without a qualified user: android.app.ContextImpl.sendStickyBroadcast:1866 android.content.ContextWrapper.sendStickyBroadcast:463 com.samsung.android.app.gestureservice.GestureService.updateStatusBar:826 com.samsung.android.app.gestureservice.GestureService.enableService:967 com.samsung.android.app.gestureservice.GestureService.access$1800:40 
D/ActivityManager(  862): getContentProviderImpl callerProcessName:com.sec.android.app.camera, calleePkgName: com.samsung.android.provider.filterprovider
E/ActivityManager(  862): checkUser: useridlist=null, currentuser=0
E/ActivityManager(  862): checkUser: useridlist=null, currentuser=0
E/ActivityManager(  862): checkUser: useridlist=null, currentuser=0
E/ActivityManager(  862): checkUser: useridlist=null, currentuser=0
I/libpersona( 7981): KNOX_SDCARD checking this for 10118
I/libpersona( 7981): KNOX_SDCARD not a persona
I/ActivityManager(  862): Start proc com.samsung.android.provider.filterprovider for content provider com.samsung.android.provider.filterprovider/.FilterProvider: pid=7981 uid=10118 gids={50118, 9997, 1023} abi=armeabi-v7a
I/ActivityManager(  862): Process com.sec.android.provider.badge (pid 6743)(adj 15) has died(155,177)
D/ActivityManager(  862): cleanUpApplicationRecord -- 6743
I/ActivityManager(  862): Process com.wsomacp (pid 6763)(adj 15) has died(158,177)
D/ActivityManager(  862): cleanUpApplicationRecord -- 6763
D/SSRM:a  (  862): DeviceInfo:: 000000000000
D/SSRM:a  (  862): SettingsAirViewInfo:: 000000000
D/CustomFrequencyManagerService(  862): releaseDVFSLockLocked : Getting Lock type frm List : DVFS_MIN_LIMIT  frequency : 1350000  uid : 1000  pid : 862  tag : ACTIVITY_RESUME_BOOSTER@11
W/ContextImpl(  862): Calling a method in the system process without a qualified user: android.app.ContextImpl.sendBroadcast:1699 com.android.server.InputMethodManagerService$6.run:2734 java.lang.Thread.run:818 <bottom of call stack> <bottom of call stack> 
D/VoIPInterfaceManager(  862): isVoIPIdle()...
D/VoIPInterfaceManager(  862): isVoIPRunningAndDeregi()...
D/VoIPInterfaceManager(  862): Not exist call session
D/VoIPInterfaceManager(  862):     isVoIPIdle() : No session in db 
W/ActivityManager(  862): getTasks: caller 10170 does not hold REAL_GET_TASKS; limiting output
D/WifiP2pService(  862): InactiveState{ what=139287 }
D/WifiP2pService(  862): P2pEnabledState{ what=139287 }
D/WifiP2pService(  862): DefaultState{ what=139287 }
D/CountryDetector(  862): No listener is left
I/ActivityManager(  862): Process com.android.mms (pid 6681)(adj 15) has died(140,174)
D/ActivityManager(  862): cleanUpApplicationRecord -- 6681
V/ActivityThread( 7318): updateVisibility : ActivityRecord{1c76bec7 token=android.os.BinderProxy@230574cd {com.menny.android.anysoftkeyboard/com.radicalninja.logger.VideoActivity}} show : false
D/PowerManagerService(  862): [input device light] setInputDeviceLightOn is called : 1
D/PowerManagerService(  862): [input device light] handleInputDeviceLightOn
D/VoIPInterfaceManager(  862): isVoIPIdle()...
D/VoIPInterfaceManager(  862): isVoIPRunningAndDeregi()...
D/VoIPInterfaceManager(  862): Not exist call session
D/VoIPInterfaceManager(  862):     isVoIPIdle() : No session in db 
W/ActivityManager(  862): getTasks: caller 10170 does not hold REAL_GET_TASKS; limiting output
D/CustomFrequencyManagerService(  862): releaseDVFSLockLocked : Getting Lock type frm List : DVFS_MIN_LIMIT  frequency : 1890000  uid : 1000  pid : 862  tag : ROTATION_BOOSTER@37
D/SSRM:a  (  862): DeviceInfo:: 000000000000
D/SSRM:a  (  862): SettingsAirViewInfo:: 000000000
D/ConnectivityService(  862): returning getNetworkInfo(networkType - 1) :[type: WIFI[] - WIFI, state: CONNECTED/CONNECTED, reason: (unspecified), extra: "UO Secure", roaming: false, failover: false, isAvailable: true, isConnectedToProvisioningNetwork: false]
D/StatusBarManagerService(  862): manageDisableList userId=0 what=0x40000 pkg=com.sec.android.app.camera
D/VibratorService(  862): Turning vibrator off - ImmVibe.
D/StatusBar-DoNotDistrub( 2470): isDisableAlert isDormantModeOn:false isNotificationDisabled:true
D/ActivityManager(  862): startProcessLocked calleePkgName: com.android.mms, hostingType: broadcast
E/ActivityManager(  862): checkUser: useridlist=null, currentuser=0
E/ActivityManager(  862): checkUser: useridlist=null, currentuser=0
E/ActivityManager(  862): checkUser: useridlist=null, currentuser=0
E/ActivityManager(  862): checkUser: useridlist=null, currentuser=0
I/libpersona( 8122): KNOX_SDCARD checking this for 10050
I/libpersona( 8122): KNOX_SDCARD not a persona
I/ActivityManager(  862): Start proc com.android.mms for broadcast com.android.mms/.transaction.MessagingNotification: pid=8122 uid=10050 gids={50050, 9997, 3003, 1028, 1015, 1023, 1003} abi=armeabi-v7a
W/ResourcesManager( 8122): Asset path '/system/framework/minimode.jar' does not exist or contains no resources.
W/ResourcesManager( 8122): Asset path '/system/framework/com.google.android.maps.jar' does not exist or contains no resources.
W/ResourcesManager( 8122): Asset path '/system/framework/multiwindow.jar' does not exist or contains no resources.
W/ResourcesManager( 8122): Asset path '/system/framework/twframework.jar' does not exist or contains no resources.
W/ResourcesManager( 8122): Asset path '/system/framework/secvision.jar' does not exist or contains no resources.
W/ResourcesManager( 8122): Asset path '/system/framework/imsmanager.jar' does not exist or contains no resources.
W/ResourcesManager( 8122): Asset path '/system/framework/com.google.android.media.effects.jar' does not exist or contains no resources.
D/CountryDetector(  862): The first listener is added
E/ActivityThread( 8122): Failed to find provider info for com.samsung.android.coreapps.easysignup.public
E/ActivityThread( 8122): Failed to find provider info for com.samsung.android.coreapps.easysignup.public
E/ActivityThread( 8122): Failed to find provider info for com.samsung.android.coreapps.easysignup
I/ActivityManager(  862): Killing 6863:com.sec.android.app.camera:CropImage/u0a170 (adj 15): BG, 9354K, hotnessAdj=0, XmlFlag=false, oom_adj=15
I/ActivityManager(  862): Killing 6826:com.android.settings/1000 (adj 13): BG, 5716K, hotnessAdj=6397, XmlFlag=false, oom_adj=13
I/ActivityManager(  862): Killing 7560:com.weather.Weather/u0a224 (adj 13): BG, 37556K, hotnessAdj=7409, XmlFlag=false, oom_adj=13
W/ContextImpl(  862): Calling a method in the system process without a qualified user: android.app.ContextImpl.sendBroadcast:1699 com.android.server.am.SmartAdjustManager.SPCMLocked:1137 com.android.server.am.SmartAdjustManager.smartAdjustProcessesLocked:673 com.android.server.am.ActivityManagerService.updateOomAdjLocked:22098 com.android.server.am.BroadcastQueue.processNextBroadcast:725 
I/SAMP_SDHA(  862): F:065M, C:152M, ProcCnt:043K, mgn:083M, nF:24920K, fd:52626K, thd:180M, wm:05M, cch:00M, emp:07, svcB:28, skipBG:00, TOP:camera
D/ActivityManager(  862): getContentProviderImpl callerProcessName:com.android.mms, calleePkgName: com.sec.android.provider.badge
E/ActivityManager(  862): checkUser: useridlist=null, currentuser=0
E/ActivityManager(  862): checkUser: useridlist=null, currentuser=0
E/ActivityManager(  862): checkUser: useridlist=null, currentuser=0
E/ActivityManager(  862): checkUser: useridlist=null, currentuser=0
I/libpersona( 8171): KNOX_SDCARD checking this for 10086
I/libpersona( 8171): KNOX_SDCARD not a persona
I/ActivityManager(  862): Start proc com.sec.android.provider.badge for content provider com.sec.android.provider.badge/.BadgeProvider: pid=8171 uid=10086 gids={50086, 9997} abi=armeabi-v7a
D/ActivityManager(  862): cleanUpApplicationRecord -- 6863
D/ActivityManager(  862): cleanUpApplicationRecord -- 6826
I/ActivityManager(  862): Force stopping com.facebook.orca appid=10219 user=0: SPCM kill lowestscore package!
I/ActivityManager(  862): Killing 4206:com.facebook.orca/u0a219 (adj 8): stop com.facebook.orca cause SPCM kill lowestscore package!
D/ActivityManager(  862): cleanUpApplicationRecord -- 4206
W/ActivityManager(  862): Scheduling restart of crashed service com.facebook.orca/com.facebook.messaging.newphoto.NewPhotoIntentService in 1000ms
W/ActivityManager(  862): Scheduling restart of crashed service com.facebook.orca/com.facebook.mqttlite.MqttService in 1000ms
I/ActivityManager(  862):   Force stopping service ServiceRecord{c96ce10 u0 com.facebook.orca/com.facebook.video.vps.VideoPlayerService}
I/ActivityManager(  862):   Force stopping service ServiceRecord{10b30de5 u0 com.facebook.orca/com.facebook.mqttlite.MqttService}
D/ActivityManager(  862): cleanUpApplicationRecord -- 7560
D/ConnectivityService(  862): ConnectivityService NetworkRequestInfo binderDied(NetworkRequest [ id=3075, legacyType=-1, [ Capabilities: INTERNET&NOT_RESTRICTED&TRUSTED] ], android.os.BinderProxy@3f5ecd09)
D/ConnectivityService(  862): releasing NetworkRequest NetworkRequest [ id=3075, legacyType=-1, [ Capabilities: INTERNET&NOT_RESTRICTED&TRUSTED] ]
D/ConnectivityService(  862): sending notification RELEASED for NetworkRequest [ id=3075, legacyType=-1, [ Capabilities: INTERNET&NOT_RESTRICTED&TRUSTED] ]
E/ConnectivityService(  862): RemoteException caught trying to send a callback msg for NetworkRequest [ id=3075, legacyType=-1, [ Capabilities: INTERNET&NOT_RESTRICTED&TRUSTED] ]
D/ActivityManager(  862): startService callerProcessName:com.android.mms, calleePkgName: com.android.mms
D/ActivityManager(  862): caller:android.app.ApplicationThreadProxy@3bcc3b0e, r.packageName :com.android.mms
D/ConnectivityService(  862): returning getNetworkInfo(networkType - 2) :[type: MOBILE_MMS[] - MOBILE_MMS, state: DISCONNECTED/DISCONNECTED, reason: (unspecified), extra: (none), roaming: false, failover: false, isAvailable: true, isConnectedToProvisioningNetwork: false]
D/ActivityManager(  862): getContentProviderImpl callerProcessName:com.android.mms, calleePkgName: com.wsomacp
E/ActivityManager(  862): checkUser: useridlist=null, currentuser=0
E/ActivityManager(  862): checkUser: useridlist=null, currentuser=0
E/ActivityManager(  862): checkUser: useridlist=null, currentuser=0
E/ActivityManager(  862): checkUser: useridlist=null, currentuser=0
I/libpersona( 8189): KNOX_SDCARD checking this for 10027
I/libpersona( 8189): KNOX_SDCARD not a persona
I/ActivityManager(  862): Start proc com.wsomacp for content provider com.wsomacp/.db.XCPDBSqlProvider: pid=8189 uid=10027 gids={50027, 9997} abi=armeabi-v7a
W/ResourcesManager( 8189): Asset path '/system/framework/multiwindow.jar' does not exist or contains no resources.
W/ProcessCpuTracker(  862): Skipping unknown process pid 8150
W/ProcessCpuTracker(  862): Skipping unknown process pid 8152
W/ProcessCpuTracker(  862): Skipping unknown process pid 8166
W/ProcessCpuTracker(  862): Skipping unknown process pid 8167
W/ProcessCpuTracker(  862): Skipping unknown process pid 8206
D/PowerManagerService(  862): [input device light] setInputDeviceLightOn is called : 1
D/PowerManagerService(  862): [input device light] handleInputDeviceLightOn
D/SSRM:a  (  862): DeviceInfo:: 000000000000
D/SSRM:a  (  862): SettingsAirViewInfo:: 000000000
D/ConnectivityService(  862): returning getNetworkInfo(networkType - 1) :[type: WIFI[] - WIFI, state: CONNECTED/CONNECTED, reason: (unspecified), extra: "UO Secure", roaming: false, failover: false, isAvailable: true, isConnectedToProvisioningNetwork: false]
D/StatusBarManagerService(  862): manageDisableList userId=0 what=0x0 pkg=com.sec.android.app.camera
D/StatusBar-DoNotDistrub( 2470): isDisableAlert isDormantModeOn:false isNotificationDisabled:true
W/ResourcesManager(  862): Asset path '/system/framework/secmediarecorder.jar' does not exist or contains no resources.
W/ResourcesManager(  862): Asset path '/system/framework/sechardware.jar' does not exist or contains no resources.
W/ResourcesManager(  862): Asset path '/system/framework/sec_feature.jar' does not exist or contains no resources.
W/ResourcesManager(  862): Asset path '/system/framework/seccamera.jar' does not exist or contains no resources.
W/ResourcesManager(  862): Asset path '/system/framework/secvision.jar' does not exist or contains no resources.
D/CustomFrequencyManagerService(  862): acquireDVFSLockLocked : type : DVFS_MIN_LIMIT  frequency : 1350000  uid : 1000  pid : 862  pkgName : ACTIVITY_RESUME_BOOSTER@7
W/ActivityManager(  862): mDVFSHelper.acquire()
D/MotionRecognitionService(  862):  ssp status : true
--------- beginning of main
I/AudioPlayer(  303): reset out
V/AwesomePlayer(  303): reset_l() mAudioPlayer successfully deleted
I/SecVideoCapture(  303): SecVideoCapture destructor
I/SecVideoCapture(  303): reset
V/AwesomePlayer(  303): mSecCapture clear
I/SecMediaClock(  303): SecMediaClock destructor
V/AwesomePlayer(  303): mSecMediaClock clear
V/StagefrightPlayer(  303): ~StagefrightPlayer
V/StagefrightPlayer(  303): reset
V/AwesomePlayer(  303): reset_l()
V/AwesomePlayer(  303): notifyListner_l() msg (8-MEDIA_STOPPED), ext1 (0), ext2 (0)
V/AwesomePlayer(  303): cancelPlayerEvents (keepNotifications=0)
V/AwesomePlayer(  303): mAudioTrackVector clear
D/TP/MmsProvider( 2672): Query uri=content://mms/2838/addr, match=13, calling pid = 8122
V/AwesomePlayer(  303): reset_l() mAudioPlayer successfully deleted
V/AwesomePlayer(  303): mSecCapture clear
V/AwesomePlayer(  303): mSecMediaClock clear
V/AwesomePlayer(  303): destructor
V/AwesomePlayer(  303): reset_l()
V/AwesomePlayer(  303): notifyListner_l() msg (8-MEDIA_STOPPED), ext1 (0), ext2 (0)
V/AwesomePlayer(  303): cancelPlayerEvents (keepNotifications=0)
V/AwesomePlayer(  303): mAudioTrackVector clear
V/AwesomePlayer(  303): reset_l() mAudioPlayer successfully deleted
V/AwesomePlayer(  303): mSecCapture clear
V/AwesomePlayer(  303): mSecMediaClock clear
V/MediaPlayerService(  303): Client(2794) destructor pid = 6411
V/AudioSink(  303): close
V/AudioSink(  303): --- close
V/MediaPlayerService(  303): disconnect(2794) from pid 6411
V/MediaPlayer(  303): destructor
V/MediaPlayer(  303): disconnect
D/TP/MmsProvider( 2672): Query uri=content://mms/2836/addr, match=13, calling pid = 8122
D/PowerManagerService(  862): [api] release WakeLock flags=0xa tag=Camera2 uid=10170 pid=6411 (0x0)
W/ActivityManager(  862): getTasks: caller 10170 does not hold REAL_GET_TASKS; limiting output
W/ActivityManager(  862): getTasks: caller 10170 does not hold REAL_GET_TASKS; limiting output
E/ActivityManager(  862): checkUser: useridlist=null, currentuser=0
E/ActivityManager(  862): checkUser: useridlist=null, currentuser=0
E/ActivityManager(  862): checkUser: useridlist=null, currentuser=0
E/ActivityManager(  862): checkUser: useridlist=null, currentuser=0
I/libpersona( 8216): KNOX_SDCARD checking this for 10170
I/libpersona( 8216): KNOX_SDCARD not a persona
I/ActivityManager(  862): Start proc com.sec.android.app.camera:CropImage for activity com.sec.android.app.camera/.CropImage: pid=8216 uid=10170 gids={50170, 9997, 1028, 1015, 3003, 1023} abi=armeabi-v7a
D/PowerManagerService(  862): [api] [s] userActivity : event: 0 flags: 0 (uid: 1000 pid: 862) eventTime = 1535337908
D/PowerManagerService(  862): [api] release WakeLock flags=0x2000000a tag=WindowManager uid=1000 pid=862 (0x0)
D/PowerManagerService(  862): [api] applyWakeLockFlagsOnReleaseLocked : userActivityNoUpdateLocked is called : SCREEN_BRIGHT_WAKE_LOCK        'WindowManager' ON_AFTER_RELEASE (uid=1000, pid=862, ws=WorkSource{10170}) (elapsedTime=6175)
V/WindowManager(  862): rotationForOrientationLw(orient=-1, last=1); user=0 USER_ROTATION_LOCKED sensorRotation=-1 mLidState=-1 mDockMode=0 mHdmiPlugged=false
D/SamsungWindowManager(  862): setRotationLw() : rotation=0
D/CustomFrequencyManagerService(  862): acquireDVFSLockLocked : type : DVFS_MIN_LIMIT  frequency : 1890000  uid : 1000  pid : 862  pkgName : ROTATION_BOOSTER@37
I/ActivityManager(  862): Config changes=480 {0 1.0 310mcc410mnc en_US ldltr sw360dp w360dp h615dp 480dpi nrml long port finger -keyb/v/h -nav/h s.258}
D/Recents_AlternateRecentsComponent( 2470): reloadHeaderBarLayout is getting called
D/MultiPhoneWindow( 3102): onMultiWindowConfigurationChanged com.android.incallui/com.android.incallui.InCallActivityoldRect=Rect(0, 0 - 1920, 1080)
D/StatusBarManagerService(  862): manageDisableList userId=0 what=0x0 pkg=WindowManager.LayoutParams
D/Recents_TaskViewHeader( 2470): onFinishInflate
E/SmartFaceService(  862): onReceive: android.intent.action.CONFIGURATION_CHANGED
E/SmartFaceService(  862): mFolderCoverOpened: (true, true) -> true
D/STATUSBAR-QSTileView( 2470): dynamicallyReduceTextSize: 206
D/STATUSBAR-QSTileView( 2470): dynamicallyReduceTextSize: 206
D/STATUSBAR-QSTileView( 2470): dynamicallyReduceTextSize: 206
D/STATUSBAR-QSTileView( 2470): dynamicallyReduceTextSize: 206
D/STATUSBAR-QSTileView( 2470): dynamicallyReduceTextSize: 206
D/STATUSBAR-QSTileView( 2470): dynamicallyReduceTextSize: 206
D/STATUSBAR-QSTileView( 2470): dynamicallyReduceTextSize: 206
D/STATUSBAR-QSTileView( 2470): dynamicallyReduceTextSize: 206
D/STATUSBAR-QSTileView( 2470): dynamicallyReduceTextSize: 206
D/STATUSBAR-QSTileView( 2470): dynamicallyReduceTextSize: 206
D/STATUSBAR-QSTileView( 2470): dynamicallyReduceTextSize: 206
D/STATUSBAR-QSTileView( 2470): dynamicallyReduceTextSize: 206
D/STATUSBAR-QSTileView( 2470): dynamicallyReduceTextSize: 206
D/STATUSBAR-QSTileView( 2470): dynamicallyReduceTextSize: 206
D/STATUSBAR-QSTileView( 2470): dynamicallyReduceTextSize: 206
D/STATUSBAR-QSTileView( 2470): dynamicallyReduceTextSize: 206
D/STATUSBAR-QSTileView( 2470): dynamicallyReduceTextSize: 206
D/STATUSBAR-QSTileView( 2470): dynamicallyReduceTextSize: 206
D/STATUSBAR-QSTileView( 2470): dynamicallyReduceTextSize: 206
D/STATUSBAR-QSTileView( 2470): dynamicallyReduceTextSize: 206
W/ContextImpl(28998): Calling a method in the system process without a qualified user: android.app.ContextImpl.sendStickyBroadcast:1866 android.content.ContextWrapper.sendStickyBroadcast:463 com.samsung.android.app.gestureservice.GestureService.updateStatusBar:826 com.samsung.android.app.gestureservice.GestureService.access$1300:40 com.samsung.android.app.gestureservice.GestureService$2.onReceive:242 
W/ResourcesManager( 8216): Asset path '/system/framework/secmediarecorder.jar' does not exist or contains no resources.
W/ResourcesManager( 8216): Asset path '/system/framework/sechardware.jar' does not exist or contains no resources.
W/ResourcesManager( 8216): Asset path '/system/framework/sec_feature.jar' does not exist or contains no resources.
W/ResourcesManager( 8216): Asset path '/system/framework/seccamera.jar' does not exist or contains no resources.
W/ResourcesManager( 8216): Asset path '/system/framework/secvision.jar' does not exist or contains no resources.
W/InputMethodInfo(  862): Duplicated subtype definition found: , voice
D/TP/MmsProvider( 2672): Query uri=content://mms/2808/addr, match=13, calling pid = 8122
D/TP/MmsProvider( 2672): Query uri=content://mms/2805/addr, match=13, calling pid = 8122
D/TP/MmsProvider( 2672): Query uri=content://mms/2778/addr, match=13, calling pid = 8122
D/TP/MmsProvider( 2672): Query uri=content://mms/2775/addr, match=13, calling pid = 8122
D/TP/MmsProvider( 2672): Query uri=content://mms/2773/addr, match=13, calling pid = 8122
D/TP/MmsProvider( 2672): Query uri=content://mms/2770/addr, match=13, calling pid = 8122
D/PanelView( 2470): mClearAll.setVisibility - mIsFullyOpened : false isShade : true mHasNotification : true mIsUpwardFling : false mQsFullyExpanded : true isShadeLocked : false mClearAllVisible : true
D/TP/MmsProvider( 2672): Query uri=content://mms/2767/addr, match=13, calling pid = 8122
D/TP/MmsProvider( 2672): Query uri=content://mms/2765/addr, match=13, calling pid = 8122
D/TP/MmsProvider( 2672): Query uri=content://mms/2763/addr, match=13, calling pid = 8122
D/TP/MmsProvider( 2672): Query uri=content://mms/2761/addr, match=13, calling pid = 8122
D/TP/MmsProvider( 2672): Query uri=content://mms/2759/addr, match=13, calling pid = 8122
D/TP/MmsProvider( 2672): Query uri=content://mms/2757/addr, match=13, calling pid = 8122
D/TP/MmsProvider( 2672): Query uri=content://mms/2755/addr, match=13, calling pid = 8122
D/TP/MmsProvider( 2672): Query uri=content://mms/2752/addr, match=13, calling pid = 8122
D/TP/MmsProvider( 2672): Query uri=content://mms/2750/addr, match=13, calling pid = 8122
D/Activity( 8216): performCreate Call secproduct feature valuefalse
D/Activity( 8216): performCreate Call debug elastic valuetrue
D/skia    ( 8216): --- SkImageDecoder::Factory returned null
D/TP/MmsProvider( 2672): Query uri=content://mms/2748/addr, match=13, calling pid = 8122
V/MediaPlayerService(  303): Create new media retriever from pid 8216
D/TP/MmsProvider( 2672): Query uri=content://mms/2745/addr, match=13, calling pid = 8122
D/TP/MmsProvider( 2672): Query uri=content://mms/2690/addr, match=13, calling pid = 8122
D/TP/MmsProvider( 2672): Query uri=content://mms/2687/addr, match=13, calling pid = 8122
D/TP/MmsProvider( 2672): Query uri=content://mms/2685/addr, match=13, calling pid = 8122
D/TP/MmsProvider( 2672): Query uri=content://mms/2682/addr, match=13, calling pid = 8122
D/TP/MmsProvider( 2672): Query uri=content://mms/2680/addr, match=13, calling pid = 8122
D/TP/MmsProvider( 2672): Query uri=content://mms/2678/addr, match=13, calling pid = 8122
D/TP/MmsProvider( 2672): Query uri=content://mms/2675/addr, match=13, calling pid = 8122
D/TP/MmsProvider( 2672): Query uri=content://mms/2673/addr, match=13, calling pid = 8122
D/TP/MmsProvider( 2672): Query uri=content://mms/2671/addr, match=13, calling pid = 8122
D/TP/MmsProvider( 2672): Query uri=content://mms/2668/addr, match=13, calling pid = 8122
D/TP/MmsProvider( 2672): Query uri=content://mms/2666/addr, match=13, calling pid = 8122
D/TP/MmsProvider( 2672): Query uri=content://mms/2662/addr, match=13, calling pid = 8122
D/TP/MmsProvider( 2672): Query uri=content://mms/2659/addr, match=13, calling pid = 8122
D/TP/MmsProvider( 2672): Query uri=content://mms/2656/addr, match=13, calling pid = 8122
D/TP/MmsProvider( 2672): Query uri=content://mms/2654/addr, match=13, calling pid = 8122
D/TP/MmsProvider( 2672): Query uri=content://mms/2652/addr, match=13, calling pid = 8122
D/TP/MmsProvider( 2672): Query uri=content://mms/2649/addr, match=13, calling pid = 8122
I/art     ( 2672): Explicit concurrent mark sweep GC freed 5391(224KB) AllocSpace objects, 0(0B) LOS objects, 39% free, 19MB/32MB, paused 823us total 35.858ms
D/TP/MmsProvider( 2672): Query uri=content://mms/2650/addr, match=13, calling pid = 8122
D/TP/MmsProvider( 2672): Query uri=content://mms/2646/addr, match=13, calling pid = 8122
D/TP/MmsProvider( 2672): Query uri=content://mms/2642/addr, match=13, calling pid = 8122
D/TP/MmsProvider( 2672): Query uri=content://mms/2640/addr, match=13, calling pid = 8122
D/TP/MmsProvider( 2672): Query uri=content://mms/2638/addr, match=13, calling pid = 8122
D/TP/MmsProvider( 2672): Query uri=content://mms/2633/addr, match=13, calling pid = 8122
D/TP/MmsProvider( 2672): Query uri=content://mms/2635/addr, match=13, calling pid = 8122
D/Mms/BubbleViewCache( 8122): fillCache bubble = 8
D/TP/MmsProvider( 2672): Query uri=content://mms/2634/addr, match=13, calling pid = 8122
D/Mms/MmsApp( 8122): [start]    onConfigurationChanged(), newConfig = {0 1.0 310mcc410mnc en_US ldltr sw360dp w360dp h615dp 480dpi nrml long port finger -keyb/v/h -nav/h s.258} consume time = 589.111328
D/Mms/MmsApp( 8122): [end]    onConfigurationChanged(), newConfig = {0 1.0 310mcc410mnc en_US ldltr sw360dp w360dp h615dp 480dpi nrml long port finger -keyb/v/h -nav/h s.258} consume time = 0.12207
D/TP/MmsProvider( 2672): Query uri=content://mms/2626/addr, match=13, calling pid = 8122
D/TP/MmsProvider( 2672): Query uri=content://mms/2624/addr, match=13, calling pid = 8122
D/skia    ( 8216): --- SkImageDecoder::Factory returned null
D/TP/MmsProvider( 2672): Query uri=content://mms/2622/addr, match=13, calling pid = 8122
D/OpenGLRenderer( 8216): Render dirty regions requested: true
D/TP/MmsProvider( 2672): Query uri=content://mms/2620/addr, match=13, calling pid = 8122
D/ActivityManager(  862): post active user change for 0
D/KnoxTimeoutHandler(  862): postActiveUserChange for user 0
D/TP/MmsProvider( 2672): Query uri=content://mms/2618/addr, match=13, calling pid = 8122
I/SurfaceFlinger(  273): SF.. call setExternalOrientation ret -22, orient=0
I/SecExternalDisplayIntents_Java(  862): Intent Recieved ..  -com.samsung.android.app.camera.RVFBroadCast Map value - 5
D/TP/MmsProvider( 2672): Query uri=content://mms/2616/addr, match=13, calling pid = 8122
D/TP/MmsProvider( 2672): Query uri=content://mms/2613/addr, match=13, calling pid = 8122
V/ActivityManager(  862): Display changed displayId=0
D/TP/MmsProvider( 2672): Query uri=content://mms/2611/addr, match=13, calling pid = 8122
D/TP/MmsProvider( 2672): Query uri=content://mms/2609/addr, match=13, calling pid = 8122
W/Settings(  862): Setting tether_dun_required has moved from android.provider.Settings.System to android.provider.Settings.Global
D/SettingsProvider(  862): name = tether_dun_required
D/AudioService(  862): cameraSoundForced : false mCameraSoundForced : false
D/KnoxTimeoutHandler(  862): handleActiveUserChange for user 0
D/VolumePanel( 2470): updateSliderProgress : progress = -1
V/AudioPolicyManager_legacy(  303): getOutputsForDevice device 0002 -> 0002
I/AudioService(  862): getStreamVolume 2 index 0
D/VolumePanel( 2470): updateSliderProgress : progress = -1
I/AudioService(  862): getStreamVolume 3 index 0
D/PointerIcon(  862): setMouseIconStyle1 pointerType: 1001iconType:101 flag:0
D/PointerIcon(  862): setMouseCustomIcon IconType is same.101
D/PointerIcon(  862): setHoveringSpenIconStyle1 pointerType: 10001iconType:1 flag:0
D/PointerIcon(  862): setHoveringSpenCustomIcon IconType is same.1
I/AudioService(  862): getStreamVolume 3 index 0
D/VolumePanel( 2470): updateSliderProgress : progress = -1
V/AudioPolicyManager_legacy(  303): getOutputsForDevice device 0002 -> 0002
I/AudioService(  862): getStreamVolume 5 index 0
I/Adreno-EGL( 8216): <qeglDrvAPI_eglInitialize:410>: EGL 1.4 QUALCOMM build:  ()
I/Adreno-EGL( 8216): OpenGL ES Shader Compiler Version: E031.25.03.06
I/Adreno-EGL( 8216): Build Date: 01/24/15 Sat
I/Adreno-EGL( 8216): Local Branch: AF11_RB1_AU15
I/Adreno-EGL( 8216): Remote Branch: 
I/Adreno-EGL( 8216): Local Patches: 
I/Adreno-EGL( 8216): Reconstruct Branch: 
D/VolumePanel( 2470): updateSliderProgress : progress = -1
D/TP/MmsProvider( 2672): Query uri=content://mms/2607/addr, match=13, calling pid = 8122
I/AudioService(  862): getStreamVolume 1 index 40
I/OpenGLRenderer( 8216): Initialized EGL, version 1.4
D/TP/MmsProvider( 2672): Query uri=content://mms/2605/addr, match=13, calling pid = 8122
D/TP/MmsProvider( 2672): Query uri=content://mms/2603/addr, match=13, calling pid = 8122
D/TP/MmsProvider( 2672): Query uri=content://mms/2601/addr, match=13, calling pid = 8122
D/TP/MmsProvider( 2672): Query uri=content://mms/2598/addr, match=13, calling pid = 8122
D/OpenGLRenderer( 8216): Enabling debug mode 0
D/TP/MmsProvider( 2672): Query uri=content://mms/2596/addr, match=13, calling pid = 8122
D/TP/MmsProvider( 2672): Query uri=content://mms/2593/addr, match=13, calling pid = 8122
D/TP/MmsProvider( 2672): Query uri=content://mms/2591/addr, match=13, calling pid = 8122
D/TP/MmsProvider( 2672): Query uri=content://mms/2588/addr, match=13, calling pid = 8122
D/TP/MmsProvider( 2672): Query uri=content://mms/2586/addr, match=13, calling pid = 8122
D/TP/MmsProvider( 2672): Query uri=content://mms/2584/addr, match=13, calling pid = 8122
D/TP/MmsProvider( 2672): Query uri=content://mms/2582/addr, match=13, calling pid = 8122
D/InputMethodManagerService(  862): windowGainedFocus mCurrentFocusedUserId - 0 and mSecureKeypadEnabled-false
D/TP/MmsProvider( 2672): Query uri=content://mms/2580/addr, match=13, calling pid = 8122
D/TP/MmsProvider( 2672): Query uri=content://mms/2577/addr, match=13, calling pid = 8122
W/ContextImpl(  862): Calling a method in the system process without a qualified user: android.app.ContextImpl.sendBroadcast:1699 com.android.server.InputMethodManagerService$6.run:2734 java.lang.Thread.run:818 <bottom of call stack> <bottom of call stack> 
I/art     (  862): Explicit concurrent mark sweep GC freed 13390(613KB) AllocSpace objects, 1(16KB) LOS objects, 16% free, 80MB/96MB, paused 3.021ms total 220.855ms
I/Timeline( 8216): Timeline: Activity_idle id: android.os.BinderProxy@1963c98f time:1535338760
W/IInputConnectionWrapper( 6411): showStatusIcon on inactive InputConnection
D/Log     ( 7318): clearBuffers 1
D/Log     ( 7318): clearBuffers 2
D/Log     ( 7318): We are in saveBuffer line 235
D/Log     ( 7318): this is in write to file, LogManager
D/Log     ( 7318): clearBuffers 3
D/TP/MmsProvider( 2672): Query uri=content://mms/2575/addr, match=13, calling pid = 8122
D/GestureService(28998): serviceOnOffReceiver: onReceive - ResponseAxT9Info
V/GestureService(28998): enableService!!!!
E/GestureService(28998): updateFlags started
V/GestureService(28998): ================== GestureService Listener List ==================
E/GestureService(28998): bVertical = false
E/GestureService(28998): bHorizontal = false
E/GestureService(28998): bHorizontalWave = false
D/TP/MmsProvider( 2672): Query uri=content://mms/2572/addr, match=13, calling pid = 8122
W/ContextImpl(28998): Calling a method in the system process without a qualified user: android.app.ContextImpl.sendStickyBroadcast:1866 android.content.ContextWrapper.sendStickyBroadcast:463 com.samsung.android.app.gestureservice.GestureService.updateStatusBar:826 com.samsung.android.app.gestureservice.GestureService.enableService:967 com.samsung.android.app.gestureservice.GestureService.access$1800:40 
I/ActivityManager(  862): Displayed Component not be shown by security: +899ms
I/Timeline(  862): Timeline: Activity_windows_visible id: ActivityRecord{36f89de6 u0 com.sec.android.app.camera/.CropImage t10349} time:1535338783
D/TP/MmsProvider( 2672): Query uri=content://mms/2570/addr, match=13, calling pid = 8122
D/CustomFrequencyManagerService(  862): releaseDVFSLockLocked : Getting Lock type frm List : DVFS_MIN_LIMIT  frequency : 1350000  uid : 1000  pid : 862  tag : ACTIVITY_RESUME_BOOSTER@7
W/ActivityManager(  862): mDVFSHelper.release()
D/TextEntryState( 7318): State = START
E/SurfaceFlinger(  273): rejecting buffer: bufWidth=1920, bufHeight=1080, front.active.{w=1080, h=1920}
D/Camera2 ( 6411): setmDNIeUIMode : 0
D/TP/MmsProvider( 2672): Query uri=content://mms/2568/addr, match=13, calling pid = 8122
D/CustomFrequencyManagerService(  862): acquireDVFSLockLocked : type : DVFS_MIN_LIMIT  frequency : 1350000  uid : 1000  pid : 862  pkgName : ACTIVITY_RESUME_BOOSTER@11
I/WindowManager(  862): Screen frozen for +895ms due to Window{2f6e6c3 u0 Starting com.sec.android.app.camera}
D/TP/MmsProvider( 2672): Query uri=content://mms/2565/addr, match=13, calling pid = 8122
D/InputDispatcher(  862): setInputDispatchMode: enabled=1, frozen=0
D/TP/MmsProvider( 2672): Query uri=content://mms/2563/addr, match=13, calling pid = 8122
D/TP/MmsProvider( 2672): Query uri=content://mms/2561/addr, match=13, calling pid = 8122
D/TP/MmsProvider( 2672): Query uri=content://mms/2559/addr, match=13, calling pid = 8122
D/TP/MmsProvider( 2672): Query uri=content://mms/2556/addr, match=13, calling pid = 8122
D/TP/MmsProvider( 2672): Query uri=content://mms/2554/addr, match=13, calling pid = 8122
D/TP/MmsProvider( 2672): Query uri=content://mms/2552/addr, match=13, calling pid = 8122
I/art     ( 8122): Explicit concurrent mark sweep GC freed 12901(691KB) AllocSpace objects, 0(0B) LOS objects, 24% free, 20MB/27MB, paused 427us total 40.802ms
D/TP/MmsProvider( 2672): Query uri=content://mms/2550/addr, match=13, calling pid = 8122
D/TP/MmsProvider( 2672): Query uri=content://mms/2548/addr, match=13, calling pid = 8122
D/KeyguardUpdateMonitor( 2470): received broadcast android.intent.action.BATTERY_CHANGED
D/KeyguardUpdateMonitor( 2470): handleBatteryUpdate
D/TP/MmsProvider( 2672): Query uri=content://mms/2546/addr, match=13, calling pid = 8122
D/BatteryService(  862): !@BatteryListener : batteryPropertiesChanged!
D/BatteryService(  862): level:88, scale:100, status:2, health:2, present:true, voltage: 4200, temperature: 308, technology: Li-ion, AC powered:false, USB powered:true, Wireless powered:false, icon:17303687, invalid charger:0
D/BatteryService(  862): online:6, current avg:1000, charge type:1, power sharing:false, high voltage charger:false, capacity:280000, current_now:1000
D/BatteryService(  862): Sending ACTION_BATTERY_CHANGED.
I/MotionRecognitionService(  862): Plugged
I/MotionRecognitionService(  862): setPowerConnected  = true
D/STATUSBAR-PhoneStatusBar( 2470):  mBrightnessEnablebySettings = true mBrightnessEnablebyBattery = true mBrightnessEnablebyDisableFlag = true mPmsBrightnessEnablebySettings = true
D/SSRM:a  (  862): DeviceInfo:: 000000000000
D/SSRM:a  (  862): SettingsAirViewInfo:: 000000000
D/SSRM:a  (  862): DeviceInfo:: 000000000000
D/SSRM:a  (  862): SettingsAirViewInfo:: 000000000
D/SSRM:a  (  862): DeviceInfo:: 000000000000
D/SSRM:a  (  862): SettingsAirViewInfo:: 000000000
D/TP/MmsProvider( 2672): Query uri=content://mms/2544/addr, match=13, calling pid = 8122
D/TP/MmsProvider( 2672): Query uri=content://mms/2540/addr, match=13, calling pid = 8122
D/TP/MmsProvider( 2672): Query uri=content://mms/2538/addr, match=13, calling pid = 8122
D/TP/MmsProvider( 2672): Query uri=content://mms/2535/addr, match=13, calling pid = 8122
D/BatteryMeterView( 2470): ACTION_BATTERY_CHANGED : level:88 status:2 health:2
D/BatteryMeterView( 2470): ACTION_BATTERY_CHANGED : level:88 status:2 health:2
D/BatteryMeterView( 2470): ACTION_BATTERY_CHANGED : level:88 status:2 health:2
D/SSRM:n  (  862): SIOP:: AP = 450, CUR = 1000
D/TP/MmsProvider( 2672): Query uri=content://mms/2533/addr, match=13, calling pid = 8122
V/ActivityThread( 6411): updateVisibility : ActivityRecord{2a7a3dd5 token=android.os.BinderProxy@36fa47be {com.sec.android.app.camera/com.sec.android.app.camera.Camcorder}} show : false
E/OpenGLRenderer( 6411): SFEffectCache:clear(), mSize = 0
I/art     ( 2672): Explicit concurrent mark sweep GC freed 4627(193KB) AllocSpace objects, 0(0B) LOS objects, 39% free, 19MB/32MB, paused 610us total 35.491ms
D/TP/MmsProvider( 2672): Query uri=content://mms/2531/addr, match=13, calling pid = 8122
D/TP/MmsProvider( 2672): Query uri=content://mms/2529/addr, match=13, calling pid = 8122
