--------- beginning of system
W/ContextImpl(  862): Calling a method in the system process without a qualified user: android.app.ContextImpl.sendBroadcast:1699 com.android.server.InputMethodManagerService$6.run:2734 java.lang.Thread.run:818 <bottom of call stack> <bottom of call stack> 
D/SSRM:a  (  862): DeviceInfo:: 000000000000
D/SSRM:a  (  862): SettingsAirViewInfo:: 000000000
W/ContextImpl(28998): Calling a method in the system process without a qualified user: android.app.ContextImpl.sendStickyBroadcast:1866 android.content.ContextWrapper.sendStickyBroadcast:463 com.samsung.android.app.gestureservice.GestureService.updateStatusBar:826 com.samsung.android.app.gestureservice.GestureService.enableService:967 com.samsung.android.app.gestureservice.GestureService.access$1800:40 
D/CustomFrequencyManagerService(  862): releaseDVFSLockLocked : Getting Lock type frm List : DVFS_MIN_LIMIT  frequency : 1350000  uid : 1000  pid : 862  tag : ACTIVITY_RESUME_BOOSTER@7
W/ActivityManager(  862): mDVFSHelper.release()
D/CustomFrequencyManagerService(  862): acquireDVFSLockLocked : type : DVFS_MIN_LIMIT  frequency : 1350000  uid : 1000  pid : 862  pkgName : ACTIVITY_RESUME_BOOSTER@11
I/WindowManager(  862): Screen frozen for +905ms due to Window{23aad609 u0 Starting com.sec.android.app.camera}
V/ActivityThread( 6411): updateVisibility : ActivityRecord{39f6e841 token=android.os.BinderProxy@1963c98f {com.sec.android.app.camera/com.sec.android.app.camera.Camcorder}} show : false
D/CustomFrequencyManagerService(  862): releaseDVFSLockLocked : Getting Lock type frm List : DVFS_MIN_LIMIT  frequency : 1350000  uid : 1000  pid : 862  tag : ACTIVITY_RESUME_BOOSTER@11
V/WindowManager(  862): rotationForOrientationLw(orient=-1, last=0); user=0 USER_ROTATION_LOCKED sensorRotation=-1 mLidState=-1 mDockMode=0 mHdmiPlugged=false
D/CustomFrequencyManagerService(  862): releaseDVFSLockLocked : Getting Lock type frm List : DVFS_MIN_LIMIT  frequency : 1890000  uid : 1000  pid : 862  tag : ROTATION_BOOSTER@37
D/PowerManagerService(  862): [input device light] handleInputDeviceLightOff
D/BatteryService(  862): !@BatteryListener : batteryPropertiesChanged!
D/BatteryService(  862): level:87, scale:100, status:2, health:2, present:true, voltage: 4282, temperature: 306, technology: Li-ion, AC powered:false, USB powered:true, Wireless powered:false, icon:17303687, invalid charger:0
D/BatteryService(  862): online:6, current avg:1000, charge type:1, power sharing:false, high voltage charger:false, capacity:280000, current_now:1000
D/BatteryService(  862): Sending ACTION_BATTERY_CHANGED.
I/MotionRecognitionService(  862): Plugged
I/MotionRecognitionService(  862): setPowerConnected  = true
D/STATUSBAR-PhoneStatusBar( 2470):  mBrightnessEnablebySettings = true mBrightnessEnablebyBattery = true mBrightnessEnablebyDisableFlag = true mPmsBrightnessEnablebySettings = true
D/BatteryMeterView( 2470): ACTION_BATTERY_CHANGED : level:87 status:2 health:2
D/BatteryMeterView( 2470): ACTION_BATTERY_CHANGED : level:87 status:2 health:2
D/BatteryMeterView( 2470): ACTION_BATTERY_CHANGED : level:87 status:2 health:2
D/SSRM:n  (  862): SIOP:: AP = 440, CUR = 1000
D/BatteryService(  862): !@BatteryListener : batteryPropertiesChanged!
D/BatteryService(  862): level:87, scale:100, status:2, health:2, present:true, voltage: 4285, temperature: 306, technology: Li-ion, AC powered:false, USB powered:true, Wireless powered:false, icon:17303687, invalid charger:0
D/BatteryService(  862): online:6, current avg:1000, charge type:1, power sharing:false, high voltage charger:false, capacity:280000, current_now:1000
D/BatteryService(  862): Sending ACTION_BATTERY_CHANGED.
I/MotionRecognitionService(  862): Plugged
I/MotionRecognitionService(  862): setPowerConnected  = true
D/STATUSBAR-PhoneStatusBar( 2470):  mBrightnessEnablebySettings = true mBrightnessEnablebyBattery = true mBrightnessEnablebyDisableFlag = true mPmsBrightnessEnablebySettings = true
D/BatteryMeterView( 2470): ACTION_BATTERY_CHANGED : level:87 status:2 health:2
D/BatteryMeterView( 2470): ACTION_BATTERY_CHANGED : level:87 status:2 health:2
D/BatteryMeterView( 2470): ACTION_BATTERY_CHANGED : level:87 status:2 health:2
D/SSRM:n  (  862): SIOP:: AP = 430, CUR = 1000
D/PowerManagerService(  862): [input device light] setInputDeviceLightOn is called : 1
D/PowerManagerService(  862): [input device light] handleInputDeviceLightOn
D/CustomFrequencyManagerService(  862): acquireDVFSLockLocked : type : DVFS_MIN_LIMIT  frequency : 1350000  uid : 1000  pid : 862  pkgName : ACTIVITY_RESUME_BOOSTER@7
W/ActivityManager(  862): mDVFSHelper.acquire()
V/WindowManager(  862): rotationForOrientationLw(orient=0, last=0); user=0 USER_ROTATION_LOCKED sensorRotation=-1 mLidState=-1 mDockMode=0 mHdmiPlugged=false
D/SamsungWindowManager(  862): setRotationLw() : rotation=1
D/CustomFrequencyManagerService(  862): acquireDVFSLockLocked : type : DVFS_MIN_LIMIT  frequency : 1890000  uid : 1000  pid : 862  pkgName : ROTATION_BOOSTER@37
I/ActivityManager(  862): Config changes=480 {0 1.0 310mcc410mnc en_US ldltr sw360dp w640dp h335dp 480dpi nrml long land finger -keyb/v/h -nav/h s.255}
V/ActivityManager(  862): Display changed displayId=0
D/MultiPhoneWindow( 3102): onMultiWindowConfigurationChanged com.android.incallui/com.android.incallui.InCallActivityoldRect=Rect(0, 0 - 1080, 1920)
W/ContextImpl(  862): Calling a method in the system process without a qualified user: android.app.ContextImpl.sendBroadcast:1699 com.android.internal.policy.impl.PhoneWindowManager.notifyToSSRM:5607 com.android.internal.policy.impl.PhoneWindowManager.access$600:192 com.android.internal.policy.impl.PhoneWindowManager$PolicyHandler.handleMessage:806 android.os.Handler.dispatchMessage:102 
D/Recents_AlternateRecentsComponent( 2470): reloadHeaderBarLayout is getting called
D/Recents_TaskViewHeader( 2470): onFinishInflate
E/SmartFaceService(  862): onReceive: android.intent.action.CONFIGURATION_CHANGED
E/SmartFaceService(  862): mFolderCoverOpened: (true, true) -> true
I/WindowManager(  862): Screen frozen for +85ms due to Window{23aad609 u0 Starting com.sec.android.app.camera}
D/STATUSBAR-QSTileView( 2470): dynamicallyReduceTextSize: 206
D/STATUSBAR-QSTileView( 2470): dynamicallyReduceTextSize: 206
D/STATUSBAR-QSTileView( 2470): dynamicallyReduceTextSize: 206
D/STATUSBAR-QSTileView( 2470): dynamicallyReduceTextSize: 206
D/STATUSBAR-QSTileView( 2470): dynamicallyReduceTextSize: 206
D/STATUSBAR-QSTileView( 2470): dynamicallyReduceTextSize: 206
D/STATUSBAR-QSTileView( 2470): dynamicallyReduceTextSize: 206
D/STATUSBAR-QSTileView( 2470): dynamicallyReduceTextSize: 206
D/STATUSBAR-QSTileView( 2470): dynamicallyReduceTextSize: 206
D/STATUSBAR-QSTileView( 2470): dynamicallyReduceTextSize: 206
D/STATUSBAR-QSTileView( 2470): dynamicallyReduceTextSize: 206
D/STATUSBAR-QSTileView( 2470): dynamicallyReduceTextSize: 206
D/STATUSBAR-QSTileView( 2470): dynamicallyReduceTextSize: 206
D/STATUSBAR-QSTileView( 2470): dynamicallyReduceTextSize: 206
D/STATUSBAR-QSTileView( 2470): dynamicallyReduceTextSize: 206
D/STATUSBAR-QSTileView( 2470): dynamicallyReduceTextSize: 206
D/STATUSBAR-QSTileView( 2470): dynamicallyReduceTextSize: 206
D/STATUSBAR-QSTileView( 2470): dynamicallyReduceTextSize: 206
D/STATUSBAR-QSTileView( 2470): dynamicallyReduceTextSize: 206
D/STATUSBAR-QSTileView( 2470): dynamicallyReduceTextSize: 206
W/ContextImpl(28998): Calling a method in the system process without a qualified user: android.app.ContextImpl.sendStickyBroadcast:1866 android.content.ContextWrapper.sendStickyBroadcast:463 com.samsung.android.app.gestureservice.GestureService.updateStatusBar:826 com.samsung.android.app.gestureservice.GestureService.access$1300:40 com.samsung.android.app.gestureservice.GestureService$2.onReceive:242 
D/ConnectivityService(  862): returning getNetworkInfo(networkType - 1) :[type: WIFI[] - WIFI, state: CONNECTED/CONNECTED, reason: (unspecified), extra: "UO Secure", roaming: false, failover: false, isAvailable: true, isConnectedToProvisioningNetwork: false]
D/SSRM:a  (  862): DeviceInfo:: 000000000000
D/SSRM:a  (  862): SettingsAirViewInfo:: 000000000
W/InputMethodInfo(  862): Duplicated subtype definition found: , voice
D/ActivityManager(  862): startService callerProcessName:com.menny.android.anysoftkeyboard, calleePkgName: com.menny.android.anysoftkeyboard
W/ActivityManager(  862): Unable to start service Intent { cmp=com.menny.android.anysoftkeyboard/com.radicalninja.logger.MainActivity } U=0: not found
D/StatusBarManagerService(  862): manageDisableList userId=0 what=0x0 pkg=WindowManager.LayoutParams
I/WindowState(  862): WIN DEATH: Window{30e43f58 u0 WARNING}
I/ActivityManager(  862): Process com.menny.android.anysoftkeyboard (pid 2811)(adj 0) has died(185,203)
D/ActivityManager(  862): cleanUpApplicationRecord -- 2811
W/ActivityManager(  862): Scheduling restart of crashed service com.menny.android.anysoftkeyboard/com.amazonaws.mobileconnectors.s3.transferutility.TransferService in 1000ms
W/ActivityManager(  862): Scheduling restart of crashed service com.menny.android.anysoftkeyboard/.SoftKeyboard in 1000ms
I/WindowState(  862): WIN DEATH: Window{35450196 u0 com.menny.android.anysoftkeyboard/com.radicalninja.logger.VideoActivity}
I/WindowState(  862): WIN DEATH: Window{36abdfd7 u0 com.menny.android.anysoftkeyboard/com.radicalninja.logger.MainActivity}
E/ActivityManager(  862): checkUser: useridlist=null, currentuser=0
E/ActivityManager(  862): checkUser: useridlist=null, currentuser=0
E/ActivityManager(  862): checkUser: useridlist=null, currentuser=0
E/ActivityManager(  862): checkUser: useridlist=null, currentuser=0
W/InputMethodManagerService(  862): Session failed to close due to remote exception
W/InputMethodManagerService(  862): android.os.DeadObjectException
W/InputMethodManagerService(  862): 	at android.os.BinderProxy.transactNative(Native Method)
W/InputMethodManagerService(  862): 	at android.os.BinderProxy.transact(Binder.java:496)
W/InputMethodManagerService(  862): 	at com.android.internal.view.IInputMethodSession$Stub$Proxy.finishSession(IInputMethodSession.java:327)
W/InputMethodManagerService(  862): 	at com.android.server.InputMethodManagerService.finishSessionLocked(InputMethodManagerService.java:2111)
W/InputMethodManagerService(  862): 	at com.android.server.InputMethodManagerService.clearClientSessionLocked(InputMethodManagerService.java:2102)
W/InputMethodManagerService(  862): 	at com.android.server.InputMethodManagerService.removeClient(InputMethodManagerService.java:1746)
W/InputMethodManagerService(  862): 	at com.android.server.wm.Session.binderDied(Session.java:153)
W/InputMethodManagerService(  862): 	at android.os.BinderProxy.sendDeathNotice(Binder.java:551)
W/InputMethodManagerService(  862): Session failed to close due to remote exception
W/InputMethodManagerService(  862): android.os.DeadObjectException
W/InputMethodManagerService(  862): 	at android.os.BinderProxy.transactNative(Native Method)
W/InputMethodManagerService(  862): 	at android.os.BinderProxy.transact(Binder.java:496)
W/InputMethodManagerService(  862): 	at com.android.internal.view.IInputMethodSession$Stub$Proxy.finishSession(IInputMethodSession.java:327)
W/InputMethodManagerService(  862): 	at com.android.server.InputMethodManagerService.finishSessionLocked(InputMethodManagerService.java:2111)
W/InputMethodManagerService(  862): 	at com.android.server.InputMethodManagerService.clearClientSessionLocked(InputMethodManagerService.java:2102)
W/InputMethodManagerService(  862): 	at com.android.server.InputMethodManagerService.clearCurMethodLocked(InputMethodManagerService.java:2128)
W/InputMethodManagerService(  862): 	at com.android.server.InputMethodManagerService.onServiceDisconnected(InputMethodManagerService.java:2147)
W/InputMethodManagerService(  862): 	at android.app.LoadedApk$ServiceDispatcher.doDeath(LoadedApk.java:1270)
W/InputMethodManagerService(  862): 	at android.app.LoadedApk$ServiceDispatcher$RunConnection.run(LoadedApk.java:1284)
W/InputMethodManagerService(  862): 	at android.os.Handler.handleCallback(Handler.java:739)
W/InputMethodManagerService(  862): 	at android.os.Handler.dispatchMessage(Handler.java:95)
W/InputMethodManagerService(  862): 	at android.os.Looper.loop(Looper.java:145)
W/InputMethodManagerService(  862): 	at com.android.server.SystemServer.run(SystemServer.java:430)
W/InputMethodManagerService(  862): 	at com.android.server.SystemServer.main(SystemServer.java:315)
W/InputMethodManagerService(  862): 	at java.lang.reflect.Method.invoke(Native Method)
W/InputMethodManagerService(  862): 	at java.lang.reflect.Method.invoke(Method.java:372)
W/InputMethodManagerService(  862): 	at com.android.internal.os.ZygoteInit$MethodAndArgsCaller.run(ZygoteInit.java:1399)
W/InputMethodManagerService(  862): 	at com.android.internal.os.ZygoteInit.main(ZygoteInit.java:1194)
W/InputMethodManagerService(  862): Session failed to close due to remote exception
W/InputMethodManagerService(  862): android.os.DeadObjectException
W/InputMethodManagerService(  862): 	at android.os.BinderProxy.transactNative(Native Method)
W/InputMethodManagerService(  862): 	at android.os.BinderProxy.transact(Binder.java:496)
W/InputMethodManagerService(  862): 	at com.android.internal.view.IInputMethodSession$Stub$Proxy.finishSession(IInputMethodSession.java:327)
W/InputMethodManagerService(  862): 	at com.android.server.InputMethodManagerService.finishSessionLocked(InputMethodManagerService.java:2111)
W/InputMethodManagerService(  862): 	at com.android.server.InputMethodManagerService.clearClientSessionLocked(InputMethodManagerService.java:2102)
W/InputMethodManagerService(  862): 	at com.android.server.InputMethodManagerService.clearCurMethodLocked(InputMethodManagerService.java:2128)
W/InputMethodManagerService(  862): 	at com.android.server.InputMethodManagerService.onServiceDisconnected(InputMethodManagerService.java:2147)
W/InputMethodManagerService(  862): 	at android.app.LoadedApk$ServiceDispatcher.doDeath(LoadedApk.java:1270)
W/InputMethodManagerService(  862): 	at android.app.LoadedApk$ServiceDispatcher$RunConnection.run(LoadedApk.java:1284)
W/InputMethodManagerService(  862): 	at android.os.Handler.handleCallback(Handler.java:739)
W/InputMethodManagerService(  862): 	at android.os.Handler.dispatchMessage(Handler.java:95)
W/InputMethodManagerService(  862): 	at android.os.Looper.loop(Looper.java:145)
W/InputMethodManagerService(  862): 	at com.android.server.SystemServer.run(SystemServer.java:430)
W/InputMethodManagerService(  862): 	at com.android.server.SystemServer.main(SystemServer.java:315)
W/InputMethodManagerService(  862): 	at java.lang.reflect.Method.invoke(Native Method)
W/InputMethodManagerService(  862): 	at java.lang.reflect.Method.invoke(Method.java:372)
W/InputMethodManagerService(  862): 	at com.android.internal.os.ZygoteInit$MethodAndArgsCaller.run(ZygoteInit.java:1399)
W/InputMethodManagerService(  862): 	at com.android.internal.os.ZygoteInit.main(ZygoteInit.java:1194)
W/InputMethodManagerService(  862): Session failed to close due to remote exception
W/InputMethodManagerService(  862): android.os.DeadObjectException
W/InputMethodManagerService(  862): 	at android.os.BinderProxy.transactNative(Native Method)
W/InputMethodManagerService(  862): 	at android.os.BinderProxy.transact(Binder.java:496)
W/InputMethodManagerService(  862): 	at com.android.internal.view.IInputMethodSession$Stub$Proxy.finishSession(IInputMethodSession.java:327)
W/InputMethodManagerService(  862): 	at com.android.server.InputMethodManagerService.finishSessionLocked(InputMethodManagerService.java:2111)
W/InputMethodManagerService(  862): 	at com.android.server.InputMethodManagerService.clearClientSessionLocked(InputMethodManagerService.java:2102)
W/InputMethodManagerService(  862): 	at com.android.server.InputMethodManagerService.clearCurMethodLocked(InputMethodManagerService.java:2128)
W/InputMethodManagerService(  862): 	at com.android.server.InputMethodManagerService.onServiceDisconnected(InputMethodManagerService.java:2147)
W/InputMethodManagerService(  862): 	at android.app.LoadedApk$ServiceDispatcher.doDeath(LoadedApk.java:1270)
W/InputMethodManagerService(  862): 	at android.app.LoadedApk$ServiceDispatcher$RunConnection.run(LoadedApk.java:1284)
W/InputMethodManagerService(  862): 	at android.os.Handler.handleCallback(Handler.java:739)
W/InputMethodManagerService(  862): 	at android.os.Handler.dispatchMessage(Handler.java:95)
W/InputMethodManagerService(  862): 	at android.os.Looper.loop(Looper.java:145)
W/InputMethodManagerService(  862): 	at com.android.server.SystemServer.run(SystemServer.java:430)
W/InputMethodManagerService(  862): 	at com.android.server.SystemServer.main(SystemServer.java:315)
W/InputMethodManagerService(  862): 	at java.lang.reflect.Method.invoke(Native Method)
W/InputMethodManagerService(  862): 	at java.lang.reflect.Method.invoke(Method.java:372)
W/InputMethodManagerService(  862): 	at com.android.internal.os.ZygoteInit$MethodAndArgsCaller.run(ZygoteInit.java:1399)
W/InputMethodManagerService(  862): 	at com.android.internal.os.ZygoteInit.main(ZygoteInit.java:1194)
I/libpersona( 7318): KNOX_SDCARD checking this for 10054
I/libpersona( 7318): KNOX_SDCARD not a persona
I/ActivityManager(  862): Start proc com.menny.android.anysoftkeyboard for activity com.menny.android.anysoftkeyboard/com.radicalninja.logger.MainActivity: pid=7318 uid=10054 gids={50054, 9997, 1028, 1015, 3003} abi=armeabi-v7a
D/StatusBarManagerService(  862): manageDisableList userId=0 what=0x0 pkg=WindowManager.LayoutParams
V/WindowManager(  862): rotationForOrientationLw(orient=1, last=1); user=0 USER_ROTATION_LOCKED sensorRotation=-1 mLidState=-1 mDockMode=0 mHdmiPlugged=false
D/SamsungWindowManager(  862): setRotationLw() : rotation=0
D/CustomFrequencyManagerService(  862): releaseDVFSLockLocked : Getting Lock type frm List : DVFS_MIN_LIMIT  frequency : 1890000  uid : 1000  pid : 862  tag : ROTATION_BOOSTER@37
D/CustomFrequencyManagerService(  862): acquireDVFSLockLocked : type : DVFS_MIN_LIMIT  frequency : 1890000  uid : 1000  pid : 862  pkgName : ROTATION_BOOSTER@37
V/ActivityManager(  862): Display changed displayId=0
I/ActivityManager(  862): Config changes=480 {0 1.0 310mcc410mnc en_US ldltr sw360dp w360dp h615dp 480dpi nrml long port finger -keyb/v/h -nav/h s.256}
D/MultiPhoneWindow( 3102): onMultiWindowConfigurationChanged com.android.incallui/com.android.incallui.InCallActivityoldRect=Rect(0, 0 - 1920, 1080)
D/Recents_AlternateRecentsComponent( 2470): reloadHeaderBarLayout is getting called
D/Recents_TaskViewHeader( 2470): onFinishInflate
V/WindowManager(  862): rotationForOrientationLw(orient=1, last=0); user=0 USER_ROTATION_LOCKED sensorRotation=-1 mLidState=-1 mDockMode=0 mHdmiPlugged=false
E/SmartFaceService(  862): onReceive: android.intent.action.CONFIGURATION_CHANGED
E/SmartFaceService(  862): mFolderCoverOpened: (true, true) -> true
W/ContextImpl(28998): Calling a method in the system process without a qualified user: android.app.ContextImpl.sendStickyBroadcast:1866 android.content.ContextWrapper.sendStickyBroadcast:463 com.samsung.android.app.gestureservice.GestureService.updateStatusBar:826 com.samsung.android.app.gestureservice.GestureService.access$1300:40 com.samsung.android.app.gestureservice.GestureService$2.onReceive:242 
D/STATUSBAR-QSTileView( 2470): dynamicallyReduceTextSize: 206
D/STATUSBAR-QSTileView( 2470): dynamicallyReduceTextSize: 206
D/STATUSBAR-QSTileView( 2470): dynamicallyReduceTextSize: 206
D/STATUSBAR-QSTileView( 2470): dynamicallyReduceTextSize: 206
D/STATUSBAR-QSTileView( 2470): dynamicallyReduceTextSize: 206
D/STATUSBAR-QSTileView( 2470): dynamicallyReduceTextSize: 206
D/STATUSBAR-QSTileView( 2470): dynamicallyReduceTextSize: 206
D/STATUSBAR-QSTileView( 2470): dynamicallyReduceTextSize: 206
D/STATUSBAR-QSTileView( 2470): dynamicallyReduceTextSize: 206
D/STATUSBAR-QSTileView( 2470): dynamicallyReduceTextSize: 206
D/STATUSBAR-QSTileView( 2470): dynamicallyReduceTextSize: 206
D/STATUSBAR-QSTileView( 2470): dynamicallyReduceTextSize: 206
D/STATUSBAR-QSTileView( 2470): dynamicallyReduceTextSize: 206
D/STATUSBAR-QSTileView( 2470): dynamicallyReduceTextSize: 206
D/STATUSBAR-QSTileView( 2470): dynamicallyReduceTextSize: 206
D/STATUSBAR-QSTileView( 2470): dynamicallyReduceTextSize: 206
D/STATUSBAR-QSTileView( 2470): dynamicallyReduceTextSize: 206
D/STATUSBAR-QSTileView( 2470): dynamicallyReduceTextSize: 206
D/STATUSBAR-QSTileView( 2470): dynamicallyReduceTextSize: 206
D/STATUSBAR-QSTileView( 2470): dynamicallyReduceTextSize: 206
D/CustomFrequencyManagerService(  862): releaseDVFSLockLocked : Getting Lock type frm List : DVFS_MIN_LIMIT  frequency : 1350000  uid : 1000  pid : 862  tag : ACTIVITY_RESUME_BOOSTER@7
D/CustomFrequencyManagerService(  862): acquireDVFSLockLocked : type : DVFS_MIN_LIMIT  frequency : 1350000  uid : 1000  pid : 862  pkgName : ACTIVITY_RESUME_BOOSTER@7
W/ActivityManager(  862): mDVFSHelper.acquire()
D/CustomFrequencyManagerService(  862): releaseDVFSLockLocked : Getting Lock type frm List : DVFS_MIN_LIMIT  frequency : 1350000  uid : 1000  pid : 862  tag : ACTIVITY_RESUME_BOOSTER@7
D/CustomFrequencyManagerService(  862): acquireDVFSLockLocked : type : DVFS_MIN_LIMIT  frequency : 1350000  uid : 1000  pid : 862  pkgName : ACTIVITY_RESUME_BOOSTER@7
W/ActivityManager(  862): mDVFSHelper.acquire()
E/InputMethodManagerService(  862): Ignoring updateStatusIcon due to an invalid token. uid:1000 token:null
D/LightsService(  862): [api] [SvcLED] turnOff:: id = 4 (uid: 1000 pid: 862) 
D/LightsService(  862): [SvcLED] setSvcLedStateLocked:: SvcLEDState : 0x0 -> 0x0 | SvcLED(id=4) set Off
D/LightsService(  862): [SvcLED] Lux failed to be updated in 700ms. -> handleForcedSvcLEDTasK
D/LightsService(  862): [SvcLED]  setSvcLedLightLocked :: Current SvcLED(id=4) maintains its priority right
W/InputMethodInfo(  862): Duplicated subtype definition found: , voice
D/ActivityManager(  862): startService callerProcessName:com.menny.android.anysoftkeyboard, calleePkgName: com.menny.android.anysoftkeyboard
W/ActivityManager(  862): Unable to start service Intent { cmp=com.menny.android.anysoftkeyboard/com.radicalninja.logger.MainActivity } U=0: not found
D/CustomFrequencyManagerService(  862): releaseDVFSLockLocked : Getting Lock type frm List : DVFS_MIN_LIMIT  frequency : 1350000  uid : 1000  pid : 862  tag : ACTIVITY_RESUME_BOOSTER@7
D/CustomFrequencyManagerService(  862): acquireDVFSLockLocked : type : DVFS_MIN_LIMIT  frequency : 1350000  uid : 1000  pid : 862  pkgName : ACTIVITY_RESUME_BOOSTER@7
W/ActivityManager(  862): mDVFSHelper.acquire()
D/CustomFrequencyManagerService(  862): releaseDVFSLockLocked : Getting Lock type frm List : DVFS_MIN_LIMIT  frequency : 1350000  uid : 1000  pid : 862  tag : ACTIVITY_RESUME_BOOSTER@7
D/CustomFrequencyManagerService(  862): acquireDVFSLockLocked : type : DVFS_MIN_LIMIT  frequency : 1350000  uid : 1000  pid : 862  pkgName : ACTIVITY_RESUME_BOOSTER@7
W/ActivityManager(  862): mDVFSHelper.acquire()
I/WindowManager(  862): Screen frozen for +603ms due to AppWindowToken{bbffc00 token=Token{3ebb74a6 ActivityRecord{30770e01 u0 com.menny.android.anysoftkeyboard/com.radicalninja.logger.MainActivity t10349}}}
D/StatusBarManagerService(  862): manageDisableList userId=0 what=0x0 pkg=WindowManager.LayoutParams
W/ContextImpl(  862): Calling a method in the system process without a qualified user: android.app.ContextImpl.sendBroadcast:1699 com.android.server.InputMethodManagerService$6.run:2734 java.lang.Thread.run:818 <bottom of call stack> <bottom of call stack> 
D/SSRM:a  (  862): DeviceInfo:: 000000000000
D/SSRM:a  (  862): SettingsAirViewInfo:: 000000000
D/CustomFrequencyManagerService(  862): releaseDVFSLockLocked : Getting Lock type frm List : DVFS_MIN_LIMIT  frequency : 1350000  uid : 1000  pid : 862  tag : ACTIVITY_RESUME_BOOSTER@7
W/ActivityManager(  862): mDVFSHelper.release()
W/ContextImpl(28998): Calling a method in the system process without a qualified user: android.app.ContextImpl.sendStickyBroadcast:1866 android.content.ContextWrapper.sendStickyBroadcast:463 com.samsung.android.app.gestureservice.GestureService.updateStatusBar:826 com.samsung.android.app.gestureservice.GestureService.enableService:967 com.samsung.android.app.gestureservice.GestureService.access$1800:40 
V/ActivityThread( 7318): updateVisibility : ActivityRecord{165b3a41 token=android.os.BinderProxy@3cadfe4e {com.menny.android.anysoftkeyboard/com.radicalninja.logger.MainActivity}} show : false
D/CustomFrequencyManagerService(  862): acquireDVFSLockLocked : type : DVFS_MIN_LIMIT  frequency : 1350000  uid : 1000  pid : 862  pkgName : ACTIVITY_RESUME_BOOSTER@11
V/WindowManager(  862): rotationForOrientationLw(orient=1, last=0); user=0 USER_ROTATION_LOCKED sensorRotation=-1 mLidState=-1 mDockMode=0 mHdmiPlugged=false
D/CustomFrequencyManagerService(  862): releaseDVFSLockLocked : Getting Lock type frm List : DVFS_MIN_LIMIT  frequency : 1350000  uid : 1000  pid : 862  tag : ACTIVITY_RESUME_BOOSTER@11
D/CustomFrequencyManagerService(  862): releaseDVFSLockLocked : Getting Lock type frm List : DVFS_MIN_LIMIT  frequency : 1890000  uid : 1000  pid : 862  tag : ROTATION_BOOSTER@37
E/Watchdog(  862): !@Sync 51137
W/NotificationService(  862): Object died trying to hide notification android.app.ITransientNotification$Stub$Proxy@d3275da in package com.menny.android.anysoftkeyboard
W/ActivityManager(  862): setProcessForeground called on unknown pid: 2811
W/NotificationService(  862): Object died trying to show notification android.app.ITransientNotification$Stub$Proxy@3f00ca0b in package com.menny.android.anysoftkeyboard
V/AlarmManager(  862): waitForAlarm result :8
D/CustomFrequencyManagerService(  862): acquireDVFSLockLocked : type : DVFS_MIN_LIMIT  frequency : 1350000  uid : 1000  pid : 862  pkgName : ACTIVITY_RESUME_BOOSTER@7
W/ActivityManager(  862): mDVFSHelper.acquire()
D/ActivityManager(  862): startService callerProcessName:com.menny.android.anysoftkeyboard, calleePkgName: com.menny.android.anysoftkeyboard
W/ActivityManager(  862): Unable to start service Intent { cmp=com.menny.android.anysoftkeyboard/com.radicalninja.logger.MainActivity } U=0: not found
D/StatusBarManagerService(  862): manageDisableList userId=0 what=0x0 pkg=WindowManager.LayoutParams
D/CustomFrequencyManagerService(  862): releaseDVFSLockLocked : Getting Lock type frm List : DVFS_MIN_LIMIT  frequency : 1350000  uid : 1000  pid : 862  tag : ACTIVITY_RESUME_BOOSTER@7
D/CustomFrequencyManagerService(  862): acquireDVFSLockLocked : type : DVFS_MIN_LIMIT  frequency : 1350000  uid : 1000  pid : 862  pkgName : ACTIVITY_RESUME_BOOSTER@7
W/ActivityManager(  862): mDVFSHelper.acquire()
D/StatusBarManagerService(  862): manageDisableList userId=0 what=0x0 pkg=WindowManager.LayoutParams
D/CustomFrequencyManagerService(  862): releaseDVFSLockLocked : Getting Lock type frm List : DVFS_MIN_LIMIT  frequency : 1350000  uid : 1000  pid : 862  tag : ACTIVITY_RESUME_BOOSTER@7
D/CustomFrequencyManagerService(  862): acquireDVFSLockLocked : type : DVFS_MIN_LIMIT  frequency : 1350000  uid : 1000  pid : 862  pkgName : ACTIVITY_RESUME_BOOSTER@7
W/ActivityManager(  862): mDVFSHelper.acquire()
D/PowerManagerService(  862): [input device light] handleInputDeviceLightOff
W/ContextImpl(  862): Calling a method in the system process without a qualified user: android.app.ContextImpl.sendBroadcast:1699 com.android.server.InputMethodManagerService$6.run:2734 java.lang.Thread.run:818 <bottom of call stack> <bottom of call stack> 
D/CustomFrequencyManagerService(  862): acquireDVFSLockLocked : type : DVFS_MIN_LIMIT  frequency : 1350000  uid : 1000  pid : 862  pkgName : ACTIVITY_RESUME_BOOSTER@11
D/CustomFrequencyManagerService(  862): releaseDVFSLockLocked : Getting Lock type frm List : DVFS_MIN_LIMIT  frequency : 1350000  uid : 1000  pid : 862  tag : ACTIVITY_RESUME_BOOSTER@7
W/ActivityManager(  862): mDVFSHelper.release()
D/SSRM:a  (  862): DeviceInfo:: 000000000000
D/SSRM:a  (  862): SettingsAirViewInfo:: 000000000
W/ContextImpl(28998): Calling a method in the system process without a qualified user: android.app.ContextImpl.sendStickyBroadcast:1866 android.content.ContextWrapper.sendStickyBroadcast:463 com.samsung.android.app.gestureservice.GestureService.updateStatusBar:826 com.samsung.android.app.gestureservice.GestureService.enableService:967 com.samsung.android.app.gestureservice.GestureService.access$1800:40 
D/ActivityManager(  862): startService callerProcessName:com.menny.android.anysoftkeyboard, calleePkgName: com.menny.android.anysoftkeyboard
W/ActivityManager(  862): Unable to start service Intent { cmp=com.menny.android.anysoftkeyboard/com.radicalninja.logger.MainActivity } U=0: not found
V/ActivityThread( 7318): updateVisibility : ActivityRecord{318190c9 token=android.os.BinderProxy@c313546 {com.menny.android.anysoftkeyboard/com.radicalninja.logger.MainActivity}} show : false
D/CustomFrequencyManagerService(  862): releaseDVFSLockLocked : Getting Lock type frm List : DVFS_MIN_LIMIT  frequency : 1350000  uid : 1000  pid : 862  tag : ACTIVITY_RESUME_BOOSTER@11
D/PowerManagerService(  862): [api] setMasterBrightnessLimit : minBrightnss : -1  maxBrightness : -1 (uid: 1000 pid: 862)
W/ContextImpl(  862): Calling a method in the system process without a qualified user: android.app.ContextImpl.sendStickyBroadcast:1866 com.android.server.ssrm.ae.c:-1 com.android.server.ssrm.aB.bu:-1 com.android.server.ssrm.aB.run:-1 android.os.Handler.handleCallback:739 
D/DisplayPowerController(  862): getFinalBrightness : 77 -> 77
D/DisplayPowerController(  862): animation target = 77, rate=2000 (PSM:false, AB limit:(-1 ~ -1) MB Limit:(-1 ~ -1) MAdj:(0, (0, 255)))
D/PowerManagerService(  862): [s] DisplayPowerCallbacks : onStateChanged()
D/SSRM:n  (  862): SIOP:: AP = 430, CUR = 1000
V/AlarmManager(  862): waitForAlarm result :4
D/ActivityManager(  862): bindService callerProcessName:android, calleePkgName: com.facebook.orca, action: null
D/BatteryService(  862): !@BatteryListener : batteryPropertiesChanged!
D/BatteryService(  862): level:87, scale:100, status:2, health:2, present:true, voltage: 4278, temperature: 307, technology: Li-ion, AC powered:false, USB powered:true, Wireless powered:false, icon:17303687, invalid charger:0
D/BatteryService(  862): online:6, current avg:1000, charge type:1, power sharing:false, high voltage charger:false, capacity:280000, current_now:1000
D/BatteryService(  862): Sending ACTION_BATTERY_CHANGED.
I/MotionRecognitionService(  862): Plugged
I/MotionRecognitionService(  862): setPowerConnected  = true
D/STATUSBAR-PhoneStatusBar( 2470):  mBrightnessEnablebySettings = true mBrightnessEnablebyBattery = true mBrightnessEnablebyDisableFlag = true mPmsBrightnessEnablebySettings = true
D/BatteryMeterView( 2470): ACTION_BATTERY_CHANGED : level:87 status:2 health:2
D/BatteryMeterView( 2470): ACTION_BATTERY_CHANGED : level:87 status:2 health:2
D/BatteryMeterView( 2470): ACTION_BATTERY_CHANGED : level:87 status:2 health:2
D/ConnectivityService(  862): returning getActiveNetworkInfo :[type: WIFI[] - WIFI, state: CONNECTED/CONNECTED, reason: (unspecified), extra: "UO Secure", roaming: false, failover: false, isAvailable: true, isConnectedToProvisioningNetwork: false]
D/ConnectivityService(  862): returning getActiveNetworkInfo :[type: WIFI[] - WIFI, state: CONNECTED/CONNECTED, reason: (unspecified), extra: "UO Secure", roaming: false, failover: false, isAvailable: true, isConnectedToProvisioningNetwork: false]
D/SSRM:n  (  862): SIOP:: AP = 430, CUR = 1000
D/BatteryService(  862): !@BatteryListener : batteryPropertiesChanged!
D/BatteryService(  862): level:87, scale:100, status:2, health:2, present:true, voltage: 4288, temperature: 307, technology: Li-ion, AC powered:false, USB powered:true, Wireless powered:false, icon:17303687, invalid charger:0
D/BatteryService(  862): online:6, current avg:1000, charge type:1, power sharing:false, high voltage charger:false, capacity:280000, current_now:1000
D/BatteryService(  862): Sending ACTION_BATTERY_CHANGED.
I/MotionRecognitionService(  862): Plugged
I/MotionRecognitionService(  862): setPowerConnected  = true
D/STATUSBAR-PhoneStatusBar( 2470):  mBrightnessEnablebySettings = true mBrightnessEnablebyBattery = true mBrightnessEnablebyDisableFlag = true mPmsBrightnessEnablebySettings = true
D/BatteryMeterView( 2470): ACTION_BATTERY_CHANGED : level:87 status:2 health:2
D/BatteryMeterView( 2470): ACTION_BATTERY_CHANGED : level:87 status:2 health:2
D/BatteryMeterView( 2470): ACTION_BATTERY_CHANGED : level:87 status:2 health:2
D/SSRM:n  (  862): SIOP:: AP = 420, CUR = 1000
V/AlarmManager(  862): waitForAlarm result :8
E/Watchdog(  862): !@Sync 51138
D/BatteryService(  862): !@BatteryListener : batteryPropertiesChanged!
D/BatteryService(  862): level:87, scale:100, status:2, health:2, present:true, voltage: 4291, temperature: 308, technology: Li-ion, AC powered:false, USB powered:true, Wireless powered:false, icon:17303687, invalid charger:0
D/BatteryService(  862): online:6, current avg:1000, charge type:1, power sharing:false, high voltage charger:false, capacity:280000, current_now:1000
D/BatteryService(  862): Sending ACTION_BATTERY_CHANGED.
I/MotionRecognitionService(  862): Plugged
I/MotionRecognitionService(  862): setPowerConnected  = true
D/STATUSBAR-PhoneStatusBar( 2470):  mBrightnessEnablebySettings = true mBrightnessEnablebyBattery = true mBrightnessEnablebyDisableFlag = true mPmsBrightnessEnablebySettings = true
D/BatteryMeterView( 2470): ACTION_BATTERY_CHANGED : level:87 status:2 health:2
D/BatteryMeterView( 2470): ACTION_BATTERY_CHANGED : level:87 status:2 health:2
D/BatteryMeterView( 2470): ACTION_BATTERY_CHANGED : level:87 status:2 health:2
D/SSRM:n  (  862): SIOP:: AP = 420, CUR = 1000
D/BatteryService(  862): !@BatteryListener : batteryPropertiesChanged!
D/BatteryService(  862): level:87, scale:100, status:2, health:2, present:true, voltage: 4283, temperature: 308, technology: Li-ion, AC powered:false, USB powered:true, Wireless powered:false, icon:17303687, invalid charger:0
D/BatteryService(  862): online:6, current avg:1000, charge type:1, power sharing:false, high voltage charger:false, capacity:280000, current_now:1000
D/BatteryService(  862): Sending ACTION_BATTERY_CHANGED.
I/MotionRecognitionService(  862): Plugged
I/MotionRecognitionService(  862): setPowerConnected  = true
D/STATUSBAR-PhoneStatusBar( 2470):  mBrightnessEnablebySettings = true mBrightnessEnablebyBattery = true mBrightnessEnablebyDisableFlag = true mPmsBrightnessEnablebySettings = true
D/BatteryMeterView( 2470): ACTION_BATTERY_CHANGED : level:87 status:2 health:2
D/BatteryMeterView( 2470): ACTION_BATTERY_CHANGED : level:87 status:2 health:2
D/BatteryMeterView( 2470): ACTION_BATTERY_CHANGED : level:87 status:2 health:2
D/SSRM:n  (  862): SIOP:: AP = 420, CUR = 1000
D/BatteryService(  862): !@BatteryListener : batteryPropertiesChanged!
D/BatteryService(  862): level:87, scale:100, status:2, health:2, present:true, voltage: 4291, temperature: 309, technology: Li-ion, AC powered:false, USB powered:true, Wireless powered:false, icon:17303687, invalid charger:0
D/BatteryService(  862): online:6, current avg:1000, charge type:1, power sharing:false, high voltage charger:false, capacity:280000, current_now:1000
D/BatteryService(  862): Sending ACTION_BATTERY_CHANGED.
I/MotionRecognitionService(  862): Plugged
I/MotionRecognitionService(  862): setPowerConnected  = true
D/STATUSBAR-PhoneStatusBar( 2470):  mBrightnessEnablebySettings = true mBrightnessEnablebyBattery = true mBrightnessEnablebyDisableFlag = true mPmsBrightnessEnablebySettings = true
D/BatteryMeterView( 2470): ACTION_BATTERY_CHANGED : level:87 status:2 health:2
D/BatteryMeterView( 2470): ACTION_BATTERY_CHANGED : level:87 status:2 health:2
D/BatteryMeterView( 2470): ACTION_BATTERY_CHANGED : level:87 status:2 health:2
D/SSRM:n  (  862): SIOP:: AP = 410, CUR = 1000
E/Watchdog(  862): !@Sync 51139
D/SSRM:n  (  862): SIOP:: AP = 410, CUR = 1000
V/AlarmManager(  862): waitForAlarm result :4
D/BatteryService(  862): !@BatteryListener : batteryPropertiesChanged!
D/BatteryService(  862): level:87, scale:100, status:2, health:2, present:true, voltage: 4295, temperature: 308, technology: Li-ion, AC powered:false, USB powered:true, Wireless powered:false, icon:17303687, invalid charger:0
D/BatteryService(  862): online:6, current avg:1000, charge type:1, power sharing:false, high voltage charger:false, capacity:280000, current_now:1000
D/BatteryService(  862): Sending ACTION_BATTERY_CHANGED.
I/MotionRecognitionService(  862): Plugged
I/MotionRecognitionService(  862): setPowerConnected  = true
D/STATUSBAR-PhoneStatusBar( 2470):  mBrightnessEnablebySettings = true mBrightnessEnablebyBattery = true mBrightnessEnablebyDisableFlag = true mPmsBrightnessEnablebySettings = true
D/BatteryMeterView( 2470): ACTION_BATTERY_CHANGED : level:87 status:2 health:2
D/BatteryMeterView( 2470): ACTION_BATTERY_CHANGED : level:87 status:2 health:2
D/BatteryMeterView( 2470): ACTION_BATTERY_CHANGED : level:87 status:2 health:2
D/LightsService(  862): [api] onReceive : SvcLEDReceiver re-enables LightSenor and sends MSG_FORCEDSVCLEDTASK
D/ActivityManager(  862): caller:null, r.packageName :com.weather.Weather
E/ActivityManager(  862): checkUser: useridlist=null, currentuser=0
E/ActivityManager(  862): checkUser: useridlist=null, currentuser=0
E/ActivityManager(  862): checkUser: useridlist=null, currentuser=0
E/ActivityManager(  862): checkUser: useridlist=null, currentuser=0
I/ActivityManager(  862): Start proc com.weather.Weather for service com.weather.Weather/com.weather.dal2.cache.CleanupService: pid=7560 uid=10224 gids={50224, 9997, 1028, 1015, 3003} abi=armeabi-v7a
W/AlarmManager(  862): Canceled alarm list has 1 of 5 entrie(s)
I/libpersona( 7560): KNOX_SDCARD checking this for 10224
I/libpersona( 7560): KNOX_SDCARD not a persona
W/ResourcesManager( 7560): Asset path '/system/framework/com.google.android.maps.jar' does not exist or contains no resources.
D/LightsService(  862): [SvcLED] Lux failed to be updated in 700ms. -> handleForcedSvcLEDTasK
D/LightsService(  862): [SvcLED]  setSvcLedLightLocked :: Current SvcLED(id=4) maintains its priority right
E/ActivityManager(  862): checkUser: useridlist=null, currentuser=0
E/ActivityManager(  862): checkUser: useridlist=null, currentuser=0
E/ActivityManager(  862): checkUser: useridlist=null, currentuser=0
E/ActivityManager(  862): checkUser: useridlist=null, currentuser=0
I/libpersona( 7625): KNOX_SDCARD checking this for 10013
I/libpersona( 7625): KNOX_SDCARD not a persona
I/ActivityManager(  862): Start proc com.google.android.gms for service com.google.android.gms/.ads.identifier.service.AdvertisingIdService: pid=7625 uid=10013 gids={50013, 9997, 2001, 3003, 1007, 3006, 1028, 1015, 3002, 3001, 3007} abi=armeabi-v7a
W/ResourcesManager( 7625): Asset path '/system/framework/com.android.media.remotedisplay.jar' does not exist or contains no resources.
W/ResourcesManager( 7625): Asset path '/system/framework/com.android.location.provider.jar' does not exist or contains no resources.
W/ResourcesManager( 7560): Asset path '/system/framework/com.android.media.remotedisplay.jar' does not exist or contains no resources.
W/ResourcesManager( 7560): Asset path '/system/framework/com.android.location.provider.jar' does not exist or contains no resources.
W/ResourcesManager( 7560): Asset path '/system/framework/com.android.media.remotedisplay.jar' does not exist or contains no resources.
W/ResourcesManager( 7560): Asset path '/system/framework/com.android.location.provider.jar' does not exist or contains no resources.
D/ActivityManager(  862): bindService callerProcessName:com.weather.Weather, calleePkgName: com.android.providers.media, action: android.media.IMediaScannerService
D/ActivityManager(  862): bindService callerProcessName:com.weather.Weather, calleePkgName: com.android.providers.media, action: android.media.IMediaScannerService
D/ActivityManager(  862): bindService callerProcessName:com.weather.Weather, calleePkgName: com.android.providers.media, action: android.media.IMediaScannerService
D/ActivityManager(  862): bindService callerProcessName:com.weather.Weather, calleePkgName: com.android.providers.media, action: android.media.IMediaScannerService
D/ActivityManager(  862): bindService callerProcessName:com.weather.Weather, calleePkgName: com.android.providers.media, action: android.media.IMediaScannerService
D/ActivityManager(  862): bindService callerProcessName:com.weather.Weather, calleePkgName: com.android.providers.media, action: android.media.IMediaScannerService
D/ActivityManager(  862): bindService callerProcessName:com.weather.Weather, calleePkgName: com.android.providers.media, action: android.media.IMediaScannerService
D/ActivityManager(  862): startService callerProcessName:com.weather.Weather, calleePkgName: com.weather.Weather
D/ActivityManager(  862): caller:android.app.ApplicationThreadProxy@1c00aef9, r.packageName :com.weather.Weather
D/ConnectivityService(  862): returning getNetworkInfo(networkType - 1) :[type: WIFI[] - WIFI, state: CONNECTED/CONNECTED, reason: (unspecified), extra: "UO Secure", roaming: false, failover: false, isAvailable: true, isConnectedToProvisioningNetwork: false]
D/ConnectivityService(  862): returning getNetworkInfo(networkType - 1) :[type: WIFI[] - WIFI, state: CONNECTED/CONNECTED, reason: (unspecified), extra: "UO Secure", roaming: false, failover: false, isAvailable: true, isConnectedToProvisioningNetwork: false]
D/ActivityManager(  862): getContentProviderImpl callerProcessName:com.google.android.gms, calleePkgName: com.google.android.gsf
E/ActivityManager(  862): checkUser: useridlist=null, currentuser=0
E/ActivityManager(  862): checkUser: useridlist=null, currentuser=0
E/ActivityManager(  862): checkUser: useridlist=null, currentuser=0
E/ActivityManager(  862): checkUser: useridlist=null, currentuser=0
I/libpersona( 7668): KNOX_SDCARD checking this for 10013
I/libpersona( 7668): KNOX_SDCARD not a persona
I/ActivityManager(  862): Start proc com.google.process.gapps for content provider com.google.android.gsf/.gservices.GservicesProvider: pid=7668 uid=10013 gids={50013, 9997, 2001, 3003, 1007, 3006, 1028, 1015, 3002, 3001, 3007} abi=armeabi-v7a
W/ResourcesManager( 7560): Asset path '/system/framework/com.android.media.remotedisplay.jar' does not exist or contains no resources.
W/ResourcesManager( 7560): Asset path '/system/framework/com.android.location.provider.jar' does not exist or contains no resources.
W/ActivityThread( 7625): ClassLoader.loadClass: The class loader returned by Thread.getContextClassLoader() may fail for processes that host multiple applications. You should explicitly specify a context class loader. For example: Thread.setContextClassLoader(getClass().getClassLoader());
D/ActivityManager(  862): startService callerProcessName:com.weather.Weather, calleePkgName: com.weather.Weather
D/ActivityManager(  862): caller:android.app.ApplicationThreadProxy@28bd808, r.packageName :com.weather.Weather
D/ConnectivityService(  862): returning getNetworkInfo(networkType - 1) :[type: WIFI[] - WIFI, state: CONNECTED/CONNECTED, reason: (unspecified), extra: "UO Secure", roaming: false, failover: false, isAvailable: true, isConnectedToProvisioningNetwork: false]
D/ConnectivityService(  862): returning getNetworkInfo(networkType - 1) :[type: WIFI[] - WIFI, state: CONNECTED/CONNECTED, reason: (unspecified), extra: "UO Secure", roaming: false, failover: false, isAvailable: true, isConnectedToProvisioningNetwork: false]
D/ConnectivityService(  862): returning getActiveNetworkInfo :[type: WIFI[] - WIFI, state: CONNECTED/CONNECTED, reason: (unspecified), extra: "UO Secure", roaming: false, failover: false, isAvailable: true, isConnectedToProvisioningNetwork: false]
D/ActivityManager(  862): startService callerProcessName:com.android.providers.media, calleePkgName: com.android.providers.media
D/ActivityManager(  862): caller:android.app.ApplicationThreadProxy@43c81c6, r.packageName :com.android.providers.media
D/ActivityManager(  862): startService callerProcessName:com.android.providers.media, calleePkgName: com.android.providers.media
D/ActivityManager(  862): caller:android.app.ApplicationThreadProxy@2271c587, r.packageName :com.android.providers.media
D/ActivityManager(  862): startService callerProcessName:com.android.providers.media, calleePkgName: com.android.providers.media
D/ActivityManager(  862): caller:android.app.ApplicationThreadProxy@220a6cb4, r.packageName :com.android.providers.media
V/AlarmManager(  862): waitForAlarm result :8
D/ActivityManager(  862): startService callerProcessName:com.android.providers.media, calleePkgName: com.android.providers.media
D/ActivityManager(  862): caller:android.app.ApplicationThreadProxy@32c750dd, r.packageName :com.android.providers.media
D/ActivityManager(  862): caller:null, r.packageName :com.weather.Weather
D/ActivityManager(  862): startService callerProcessName:com.android.providers.media, calleePkgName: com.android.providers.media
D/ActivityManager(  862): caller:android.app.ApplicationThreadProxy@31ed1dd9, r.packageName :com.android.providers.media
D/ActivityManager(  862): startService callerProcessName:com.android.providers.media, calleePkgName: com.android.providers.media
D/ActivityManager(  862): caller:android.app.ApplicationThreadProxy@2fe4039e, r.packageName :com.android.providers.media
D/ActivityManager(  862): startService callerProcessName:com.android.providers.media, calleePkgName: com.android.providers.media
D/ActivityManager(  862): caller:android.app.ApplicationThreadProxy@763de7f, r.packageName :com.android.providers.media
D/ActivityManager(  862): caller:android.app.ApplicationThreadProxy@288a9e4c, r.packageName :com.google.android.gms
W/ContextImpl(  862): Calling a method in the system process without a qualified user: android.app.ContextImpl.sendBroadcast:1699 com.android.internal.os.BatteryStatsDBHelper.checkForPowerThreshold:545 com.android.internal.os.BatteryStatsDBHelper.addStatsToDB:339 com.android.internal.os.BatteryStatsDumper.refreshStats:540 com.android.server.ssrm.aY.run:-1 
D/ConnectivityService(  862): returning getNetworkInfo(networkType - 1) :[type: WIFI[] - WIFI, state: CONNECTED/CONNECTED, reason: (unspecified), extra: "UO Secure", roaming: false, failover: false, isAvailable: true, isConnectedToProvisioningNetwork: false]
D/ActivityManager(  862): startService callerProcessName:com.google.android.gms, calleePkgName: com.google.android.gms
D/ActivityManager(  862): caller:android.app.ApplicationThreadProxy@1c08bbaa, r.packageName :com.google.android.gms
D/ActivityManager(  862): bindService callerProcessName:com.google.android.gms, calleePkgName: com.google.android.gms, action: null
W/ResourcesManager( 7560): Asset path '/system/framework/com.android.media.remotedisplay.jar' does not exist or contains no resources.
W/ResourcesManager( 7560): Asset path '/system/framework/com.android.location.provider.jar' does not exist or contains no resources.
D/SSRM:n  (  862): SIOP:: AP = 430, CUR = 1000
D/BatteryService(  862): !@BatteryListener : batteryPropertiesChanged!
D/BatteryService(  862): level:87, scale:100, status:2, health:2, present:true, voltage: 4286, temperature: 309, technology: Li-ion, AC powered:false, USB powered:true, Wireless powered:false, icon:17303687, invalid charger:0
D/BatteryService(  862): online:6, current avg:1000, charge type:1, power sharing:false, high voltage charger:false, capacity:280000, current_now:1000
D/BatteryService(  862): Sending ACTION_BATTERY_CHANGED.
I/MotionRecognitionService(  862): Plugged
I/MotionRecognitionService(  862): setPowerConnected  = true
D/STATUSBAR-PhoneStatusBar( 2470):  mBrightnessEnablebySettings = true mBrightnessEnablebyBattery = true mBrightnessEnablebyDisableFlag = true mPmsBrightnessEnablebySettings = true
D/BatteryMeterView( 2470): ACTION_BATTERY_CHANGED : level:87 status:2 health:2
D/BatteryMeterView( 2470): ACTION_BATTERY_CHANGED : level:87 status:2 health:2
D/BatteryMeterView( 2470): ACTION_BATTERY_CHANGED : level:87 status:2 health:2
D/SSRM:n  (  862): SIOP:: AP = 420, CUR = 1000
D/BatteryService(  862): !@BatteryListener : batteryPropertiesChanged!
D/BatteryService(  862): level:87, scale:100, status:2, health:2, present:true, voltage: 4295, temperature: 309, technology: Li-ion, AC powered:false, USB powered:true, Wireless powered:false, icon:17303687, invalid charger:0
D/BatteryService(  862): online:6, current avg:1000, charge type:1, power sharing:false, high voltage charger:false, capacity:280000, current_now:1000
D/BatteryService(  862): Sending ACTION_BATTERY_CHANGED.
I/MotionRecognitionService(  862): Plugged
I/MotionRecognitionService(  862): setPowerConnected  = true
D/STATUSBAR-PhoneStatusBar( 2470):  mBrightnessEnablebySettings = true mBrightnessEnablebyBattery = true mBrightnessEnablebyDisableFlag = true mPmsBrightnessEnablebySettings = true
D/BatteryMeterView( 2470): ACTION_BATTERY_CHANGED : level:87 status:2 health:2
D/BatteryMeterView( 2470): ACTION_BATTERY_CHANGED : level:87 status:2 health:2
D/BatteryMeterView( 2470): ACTION_BATTERY_CHANGED : level:87 status:2 health:2
V/AlarmManager(  862): waitForAlarm result :8
E/Watchdog(  862): !@Sync 51140
D/SSRM:n  (  862): SIOP:: AP = 410, CUR = 1000
D/BatteryService(  862): !@BatteryListener : batteryPropertiesChanged!
