D/TP/MmsProvider( 2672): Query uri=content://mms/2526/addr, match=13, calling pid = 8122
D/TP/MmsProvider( 2672): Query uri=content://mms/2523/addr, match=13, calling pid = 8122
D/TP/MmsProvider( 2672): Query uri=content://mms/2521/addr, match=13, calling pid = 8122
D/TP/MmsProvider( 2672): Query uri=content://mms/2518/addr, match=13, calling pid = 8122
D/TP/MmsProvider( 2672): Query uri=content://mms/2515/addr, match=13, calling pid = 8122
D/TP/MmsProvider( 2672): Query uri=content://mms/2512/addr, match=13, calling pid = 8122
D/TP/MmsProvider( 2672): Query uri=content://mms/2508/addr, match=13, calling pid = 8122
D/TP/MmsProvider( 2672): Query uri=content://mms/2506/addr, match=13, calling pid = 8122
D/TP/MmsProvider( 2672): Query uri=content://mms/2503/addr, match=13, calling pid = 8122
D/TP/MmsProvider( 2672): Query uri=content://mms/2501/addr, match=13, calling pid = 8122
D/TP/MmsProvider( 2672): Query uri=content://mms/2499/addr, match=13, calling pid = 8122
D/TP/MmsProvider( 2672): Query uri=content://mms/2497/addr, match=13, calling pid = 8122
D/TP/MmsProvider( 2672): Query uri=content://mms/2494/addr, match=13, calling pid = 8122
D/TP/MmsProvider( 2672): Query uri=content://mms/2492/addr, match=13, calling pid = 8122
D/TP/MmsProvider( 2672): Query uri=content://mms/2490/addr, match=13, calling pid = 8122
D/TP/MmsProvider( 2672): Query uri=content://mms/2488/addr, match=13, calling pid = 8122
D/TP/MmsProvider( 2672): Query uri=content://mms/2485/addr, match=13, calling pid = 8122
D/TP/MmsProvider( 2672): Query uri=content://mms/2483/addr, match=13, calling pid = 8122
D/TP/MmsProvider( 2672): Query uri=content://mms/2481/addr, match=13, calling pid = 8122
D/TP/MmsProvider( 2672): Query uri=content://mms/2479/addr, match=13, calling pid = 8122
D/CustomFrequencyManagerService(  862): releaseDVFSLockLocked : Getting Lock type frm List : DVFS_MIN_LIMIT  frequency : 1350000  uid : 1000  pid : 862  tag : ACTIVITY_RESUME_BOOSTER@11
D/TP/MmsProvider( 2672): Query uri=content://mms/2477/addr, match=13, calling pid = 8122
D/TP/MmsProvider( 2672): Query uri=content://mms/2475/addr, match=13, calling pid = 8122
D/TP/MmsProvider( 2672): Query uri=content://mms/2470/addr, match=13, calling pid = 8122
D/TP/MmsProvider( 2672): Query uri=content://mms/2467/addr, match=13, calling pid = 8122
D/TP/MmsProvider( 2672): Query uri=content://mms/2465/addr, match=13, calling pid = 8122
D/TP/MmsProvider( 2672): Query uri=content://mms/2462/addr, match=13, calling pid = 8122
D/TP/MmsProvider( 2672): Query uri=content://mms/2459/addr, match=13, calling pid = 8122
D/TP/MmsProvider( 2672): Query uri=content://mms/2457/addr, match=13, calling pid = 8122
D/TP/MmsProvider( 2672): Query uri=content://mms/2454/addr, match=13, calling pid = 8122
D/TP/MmsProvider( 2672): Query uri=content://mms/2452/addr, match=13, calling pid = 8122
D/TP/MmsProvider( 2672): Query uri=content://mms/2449/addr, match=13, calling pid = 8122
D/TP/MmsProvider( 2672): Query uri=content://mms/2447/addr, match=13, calling pid = 8122
D/TP/MmsProvider( 2672): Query uri=content://mms/2413/addr, match=13, calling pid = 8122
D/TP/MmsProvider( 2672): Query uri=content://mms/2411/addr, match=13, calling pid = 8122
D/TP/MmsProvider( 2672): Query uri=content://mms/2317/addr, match=13, calling pid = 8122
D/TP/MmsProvider( 2672): Query uri=content://mms/2314/addr, match=13, calling pid = 8122
D/TP/MmsProvider( 2672): Query uri=content://mms/2312/addr, match=13, calling pid = 8122
D/TP/MmsProvider( 2672): Query uri=content://mms/2309/addr, match=13, calling pid = 8122
D/TP/MmsProvider( 2672): Query uri=content://mms/2306/addr, match=13, calling pid = 8122
D/TP/MmsProvider( 2672): Query uri=content://mms/2304/addr, match=13, calling pid = 8122
D/TP/MmsProvider( 2672): Query uri=content://mms/2301/addr, match=13, calling pid = 8122
D/TP/MmsProvider( 2672): Query uri=content://mms/2299/addr, match=13, calling pid = 8122
D/TP/MmsProvider( 2672): Query uri=content://mms/2296/addr, match=13, calling pid = 8122
D/TP/MmsProvider( 2672): Query uri=content://mms/2294/addr, match=13, calling pid = 8122
D/TP/MmsProvider( 2672): Query uri=content://mms/2291/addr, match=13, calling pid = 8122
D/TP/MmsProvider( 2672): Query uri=content://mms/2288/addr, match=13, calling pid = 8122
D/TP/MmsProvider( 2672): Query uri=content://mms/2285/addr, match=13, calling pid = 8122
D/TP/MmsProvider( 2672): Query uri=content://mms/2281/addr, match=13, calling pid = 8122
D/TP/MmsProvider( 2672): Query uri=content://mms/2279/addr, match=13, calling pid = 8122
V/WindowOrientationListener(  862): mSContextAutoRotationListener.getProposedRotation, mbResultFaceDectection: false
V/WindowOrientationListener(  862): mSContextAutoRotationListener.getProposedRotation, Rotation: -1
V/WindowOrientationListener(  862): mSContextAutoRotationListener.getProposedRotation, mbResultFaceDectection: false
V/WindowOrientationListener(  862): mSContextAutoRotationListener.getProposedRotation, Rotation: -1
V/WindowManager(  862): rotationForOrientationLw(orient=-1, last=0); user=0 USER_ROTATION_LOCKED sensorRotation=-1 mLidState=-1 mDockMode=0 mHdmiPlugged=false
I/art     ( 2672): Explicit concurrent mark sweep GC freed 5180(213KB) AllocSpace objects, 0(0B) LOS objects, 39% free, 19MB/32MB, paused 610us total 36.804ms
D/TP/MmsProvider( 2672): Query uri=content://mms/2276/addr, match=13, calling pid = 8122
D/TP/MmsProvider( 2672): Query uri=content://mms/2274/addr, match=13, calling pid = 8122
D/TP/MmsProvider( 2672): Query uri=content://mms/2270/addr, match=13, calling pid = 8122
D/TP/MmsProvider( 2672): Query uri=content://mms/2264/addr, match=13, calling pid = 8122
D/TP/MmsProvider( 2672): Query uri=content://mms/2262/addr, match=13, calling pid = 8122
D/TP/MmsProvider( 2672): Query uri=content://mms/2259/addr, match=13, calling pid = 8122
D/TP/MmsProvider( 2672): Query uri=content://mms/2257/addr, match=13, calling pid = 8122
D/TP/MmsProvider( 2672): Query uri=content://mms/2255/addr, match=13, calling pid = 8122
D/TP/MmsProvider( 2672): Query uri=content://mms/2253/addr, match=13, calling pid = 8122
D/TP/MmsProvider( 2672): Query uri=content://mms/2249/addr, match=13, calling pid = 8122
D/TP/MmsProvider( 2672): Query uri=content://mms/2247/addr, match=13, calling pid = 8122
D/TP/MmsProvider( 2672): Query uri=content://mms/2244/addr, match=13, calling pid = 8122
D/TP/MmsProvider( 2672): Query uri=content://mms/2242/addr, match=13, calling pid = 8122
D/TP/MmsProvider( 2672): Query uri=content://mms/2239/addr, match=13, calling pid = 8122
D/TP/MmsProvider( 2672): Query uri=content://mms/2237/addr, match=13, calling pid = 8122
D/TP/MmsProvider( 2672): Query uri=content://mms/2235/addr, match=13, calling pid = 8122
D/TP/MmsProvider( 2672): Query uri=content://mms/2232/addr, match=13, calling pid = 8122
D/TP/MmsProvider( 2672): Query uri=content://mms/2230/addr, match=13, calling pid = 8122
D/TP/MmsProvider( 2672): Query uri=content://mms/2227/addr, match=13, calling pid = 8122
D/TP/MmsProvider( 2672): Query uri=content://mms/2225/addr, match=13, calling pid = 8122
D/TP/MmsProvider( 2672): Query uri=content://mms/2223/addr, match=13, calling pid = 8122
D/TP/MmsProvider( 2672): Query uri=content://mms/2221/addr, match=13, calling pid = 8122
D/TP/MmsProvider( 2672): Query uri=content://mms/2218/addr, match=13, calling pid = 8122
D/TP/MmsProvider( 2672): Query uri=content://mms/2216/addr, match=13, calling pid = 8122
D/TP/MmsProvider( 2672): Query uri=content://mms/2215/addr, match=13, calling pid = 8122
D/TP/MmsProvider( 2672): Query uri=content://mms/2212/addr, match=13, calling pid = 8122
D/TP/MmsProvider( 2672): Query uri=content://mms/2209/addr, match=13, calling pid = 8122
D/TP/MmsProvider( 2672): Query uri=content://mms/2207/addr, match=13, calling pid = 8122
D/TP/MmsProvider( 2672): Query uri=content://mms/2205/addr, match=13, calling pid = 8122
D/TP/MmsProvider( 2672): Query uri=content://mms/2202/addr, match=13, calling pid = 8122
D/TP/MmsProvider( 2672): Query uri=content://mms/2200/addr, match=13, calling pid = 8122
D/TP/MmsProvider( 2672): Query uri=content://mms/2197/addr, match=13, calling pid = 8122
D/TP/MmsProvider( 2672): Query uri=content://mms/2194/addr, match=13, calling pid = 8122
D/TP/MmsProvider( 2672): Query uri=content://mms/2191/addr, match=13, calling pid = 8122
D/TP/MmsProvider( 2672): Query uri=content://mms/2188/addr, match=13, calling pid = 8122
D/TP/MmsProvider( 2672): Query uri=content://mms/2185/addr, match=13, calling pid = 8122
D/TP/MmsProvider( 2672): Query uri=content://mms/2182/addr, match=13, calling pid = 8122
D/TP/MmsProvider( 2672): Query uri=content://mms/2180/addr, match=13, calling pid = 8122
D/TP/MmsProvider( 2672): Query uri=content://mms/2178/addr, match=13, calling pid = 8122
D/TP/MmsProvider( 2672): Query uri=content://mms/2176/addr, match=13, calling pid = 8122
D/TP/MmsProvider( 2672): Query uri=content://mms/2174/addr, match=13, calling pid = 8122
D/TP/MmsProvider( 2672): Query uri=content://mms/2171/addr, match=13, calling pid = 8122
D/TP/MmsProvider( 2672): Query uri=content://mms/2168/addr, match=13, calling pid = 8122
D/TP/MmsProvider( 2672): Query uri=content://mms/2166/addr, match=13, calling pid = 8122
D/TP/MmsProvider( 2672): Query uri=content://mms/2164/addr, match=13, calling pid = 8122
D/TP/MmsProvider( 2672): Query uri=content://mms/2161/addr, match=13, calling pid = 8122
D/TP/MmsProvider( 2672): Query uri=content://mms/2159/addr, match=13, calling pid = 8122
D/TP/MmsProvider( 2672): Query uri=content://mms/2157/addr, match=13, calling pid = 8122
D/TP/MmsProvider( 2672): Query uri=content://mms/2155/addr, match=13, calling pid = 8122
D/TP/MmsProvider( 2672): Query uri=content://mms/2152/addr, match=13, calling pid = 8122
D/TP/MmsProvider( 2672): Query uri=content://mms/2150/addr, match=13, calling pid = 8122
D/TP/MmsProvider( 2672): Query uri=content://mms/2147/addr, match=13, calling pid = 8122
I/art     ( 2672): Explicit concurrent mark sweep GC freed 4705(196KB) AllocSpace objects, 0(0B) LOS objects, 39% free, 19MB/32MB, paused 640us total 33.630ms
D/TP/MmsProvider( 2672): Query uri=content://mms/2145/addr, match=13, calling pid = 8122
D/TP/MmsProvider( 2672): Query uri=content://mms/2143/addr, match=13, calling pid = 8122
D/TP/MmsProvider( 2672): Query uri=content://mms/2026/addr, match=13, calling pid = 8122
D/TP/MmsProvider( 2672): Query uri=content://mms/2024/addr, match=13, calling pid = 8122
D/TP/MmsProvider( 2672): Query uri=content://mms/2023/addr, match=13, calling pid = 8122
D/TP/MmsProvider( 2672): Query uri=content://mms/2020/addr, match=13, calling pid = 8122
D/TP/MmsProvider( 2672): Query uri=content://mms/2018/addr, match=13, calling pid = 8122
D/TP/MmsProvider( 2672): Query uri=content://mms/2014/addr, match=13, calling pid = 8122
D/TP/MmsProvider( 2672): Query uri=content://mms/2012/addr, match=13, calling pid = 8122
D/TP/MmsProvider( 2672): Query uri=content://mms/2009/addr, match=13, calling pid = 8122
D/TP/MmsProvider( 2672): Query uri=content://mms/2006/addr, match=13, calling pid = 8122
D/TP/MmsProvider( 2672): Query uri=content://mms/2002/addr, match=13, calling pid = 8122
D/TP/MmsProvider( 2672): Query uri=content://mms/1993/addr, match=13, calling pid = 8122
I/art     ( 8122): Explicit concurrent mark sweep GC freed 6790(227KB) AllocSpace objects, 0(0B) LOS objects, 24% free, 20MB/27MB, paused 335us total 31.280ms
D/TP/MmsProvider( 2672): Query uri=content://mms/1989/addr, match=13, calling pid = 8122
D/TP/MmsProvider( 2672): Query uri=content://mms/1985/addr, match=13, calling pid = 8122
D/TP/MmsProvider( 2672): Query uri=content://mms/1982/addr, match=13, calling pid = 8122
D/TP/MmsProvider( 2672): Query uri=content://mms/1978/addr, match=13, calling pid = 8122
D/TP/MmsProvider( 2672): Query uri=content://mms/1975/addr, match=13, calling pid = 8122
D/TP/MmsProvider( 2672): Query uri=content://mms/1969/addr, match=13, calling pid = 8122
D/TP/MmsProvider( 2672): Query uri=content://mms/1967/addr, match=13, calling pid = 8122
D/TP/MmsProvider( 2672): Query uri=content://mms/1962/addr, match=13, calling pid = 8122
D/TP/MmsProvider( 2672): Query uri=content://mms/1959/addr, match=13, calling pid = 8122
D/TP/MmsProvider( 2672): Query uri=content://mms/1956/addr, match=13, calling pid = 8122
D/TP/MmsProvider( 2672): Query uri=content://mms/1953/addr, match=13, calling pid = 8122
D/TP/MmsProvider( 2672): Query uri=content://mms/1951/addr, match=13, calling pid = 8122
D/TP/MmsProvider( 2672): Query uri=content://mms/1948/addr, match=13, calling pid = 8122
D/InputReader(  862): Input event: value=1
I/InputReader(  862): Touch event's action is 0x0 (deviceType=0) [pCnt=1, s=0.37037 ] when=1535339731613000
I/InputDispatcher(  862): Delivering touch to (8216): action: 0x0, toolType: 1
D/ViewRootImpl( 8216): ViewPostImeInputStage ACTION_DOWN
D/TP/MmsProvider( 2672): Query uri=content://mms/1946/addr, match=13, calling pid = 8122
D/PowerManagerService(  862): [input device light] setInputDeviceLightOn is called : 1
D/PowerManagerService(  862): [input device light] handleInputDeviceLightOn
D/TP/MmsProvider( 2672): Query uri=content://mms/1943/addr, match=13, calling pid = 8122
D/TP/MmsProvider( 2672): Query uri=content://mms/1941/addr, match=13, calling pid = 8122
D/TP/MmsProvider( 2672): Query uri=content://mms/1939/addr, match=13, calling pid = 8122
D/TP/MmsProvider( 2672): Query uri=content://mms/1936/addr, match=13, calling pid = 8122
D/TP/MmsProvider( 2672): Query uri=content://mms/1930/addr, match=13, calling pid = 8122
D/TP/MmsProvider( 2672): Query uri=content://mms/1928/addr, match=13, calling pid = 8122
D/TP/MmsProvider( 2672): Query uri=content://mms/1926/addr, match=13, calling pid = 8122
D/TP/MmsProvider( 2672): Query uri=content://mms/1924/addr, match=13, calling pid = 8122
D/TP/MmsProvider( 2672): Query uri=content://mms/1920/addr, match=13, calling pid = 8122
D/TP/MmsProvider( 2672): Query uri=content://mms/1917/addr, match=13, calling pid = 8122
D/TP/MmsProvider( 2672): Query uri=content://mms/1915/addr, match=13, calling pid = 8122
D/TP/MmsProvider( 2672): Query uri=content://mms/1912/addr, match=13, calling pid = 8122
D/TP/MmsProvider( 2672): Query uri=content://mms/1908/addr, match=13, calling pid = 8122
D/TP/MmsProvider( 2672): Query uri=content://mms/1904/addr, match=13, calling pid = 8122
D/TP/MmsProvider( 2672): Query uri=content://mms/1901/addr, match=13, calling pid = 8122
D/TP/MmsProvider( 2672): Query uri=content://mms/1899/addr, match=13, calling pid = 8122
D/TP/MmsProvider( 2672): Query uri=content://mms/1895/addr, match=13, calling pid = 8122
D/TP/MmsProvider( 2672): Query uri=content://mms/1893/addr, match=13, calling pid = 8122
D/InputReader(  862): Input event: value=0
I/InputReader(  862): Touch event's action is 0x1 (deviceType=0) [pCnt=1, s=] when=1535339833817000
I/InputDispatcher(  862): Delivering touch to (8216): action: 0x1, toolType: 1
D/TP/MmsProvider( 2672): Query uri=content://mms/1889/addr, match=13, calling pid = 8122
D/TP/MmsProvider( 2672): Query uri=content://mms/1886/addr, match=13, calling pid = 8122
V/WindowOrientationListener(  862): mSContextAutoRotationListener.getProposedRotation, mbResultFaceDectection: false
V/WindowOrientationListener(  862): mSContextAutoRotationListener.getProposedRotation, Rotation: -1
V/WindowOrientationListener(  862): mSContextAutoRotationListener.getProposedRotation, mbResultFaceDectection: false
V/WindowOrientationListener(  862): mSContextAutoRotationListener.getProposedRotation, Rotation: -1
D/CustomFrequencyManagerService(  862): acquireDVFSLockLocked : type : DVFS_MIN_LIMIT  frequency : 1350000  uid : 1000  pid : 862  pkgName : ACTIVITY_RESUME_BOOSTER@7
W/ActivityManager(  862): mDVFSHelper.acquire()
V/WindowManager(  862): rotationForOrientationLw(orient=0, last=0); user=0 USER_ROTATION_LOCKED sensorRotation=-1 mLidState=-1 mDockMode=0 mHdmiPlugged=false
D/SamsungWindowManager(  862): setRotationLw() : rotation=1
D/CustomFrequencyManagerService(  862): releaseDVFSLockLocked : Getting Lock type frm List : DVFS_MIN_LIMIT  frequency : 1890000  uid : 1000  pid : 862  tag : ROTATION_BOOSTER@37
D/CustomFrequencyManagerService(  862): acquireDVFSLockLocked : type : DVFS_MIN_LIMIT  frequency : 1890000  uid : 1000  pid : 862  pkgName : ROTATION_BOOSTER@37
D/InputDispatcher(  862): setInputDispatchMode: enabled=1, frozen=1
I/ActivityManager(  862): Config changes=480 {0 1.0 310mcc410mnc en_US ldltr sw360dp w640dp h335dp 480dpi nrml long land finger -keyb/v/h -nav/h s.259}
V/ActivityManager(  862): Display changed displayId=0
I/InputReader(  862): Reconfiguring input devices.  changes=0x00000004
I/InputReader(  862): Device reconfigured: id=10, name='sec_touchscreen', size 1080x1920, orientation 1, mode 1, display id 0
D/PointerIcon(  862): setMouseIconStyle1 pointerType: 1001iconType:101 flag:0
D/PointerIcon(  862): setMouseCustomIcon IconType is same.101
D/PointerIcon(  862): setHoveringSpenIconStyle1 pointerType: 10001iconType:1 flag:0
D/PointerIcon(  862): setHoveringSpenCustomIcon IconType is same.1
D/MultiPhoneWindow( 3102): onMultiWindowConfigurationChanged com.android.incallui/com.android.incallui.InCallActivityoldRect=Rect(0, 0 - 1080, 1920)
D/Recents_AlternateRecentsComponent( 2470): reloadHeaderBarLayout is getting called
W/ContextImpl(  862): Calling a method in the system process without a qualified user: android.app.ContextImpl.sendBroadcast:1699 com.android.internal.policy.impl.PhoneWindowManager.notifyToSSRM:5607 com.android.internal.policy.impl.PhoneWindowManager.access$600:192 com.android.internal.policy.impl.PhoneWindowManager$PolicyHandler.handleMessage:806 android.os.Handler.dispatchMessage:102 
D/VolumePanel( 2470): ===== Start onConfigurationChanged =====
D/VolumePanel( 2470): onConfigurationChanged : call updateLayout
D/TextEntryState( 7318): State = START
D/VolumePanel( 2470): ===== Start updateLayout =====
D/ASK_KF  ( 7318): getAllAddOns has 3 add on for com.anysoftkeyboard.keyboards.KeyboardFactory
D/VolumePanel( 2470): updateLayout : lp.width = 951, lp.y = 129
D/ASK_KF  ( 7318): getAllAddOns will return 3 add on for com.anysoftkeyboard.keyboards.KeyboardFactory
I/ASK_KF  ( 7318): Creating enabled addons list. I have a total of 3 addons
D/ASK_KF  ( 7318): Factory provided addon: keyboard_c7535083-4fe6-49dc-81aa-c5438a1a343a
D/StatusBar-QSPanel( 2470): updateButtonInfo mButtonWidth : 234 mColumns:8 orien: 2 displayWidth:1872
D/KeyguardUpdateMonitor( 2470): updateCMASText( show = false )
W/Settings( 2470): Setting airplane_mode_on has moved from android.provider.Settings.System to android.provider.Settings.Global, returning read-only value.
D/Recents_TaskViewHeader( 2470): onFinishInflate
D/PanelView( 2470): There is/are notification(s) 
V/Camera2 ( 6411): --onActivityResult--requestCode: 2002
V/Camera2 ( 6411): --onActivityResult--resultCode: -1
V/Camera2 ( 6411): --onActivityResult--data: Intent { act=inline-data (has extras) }
D/PanelView( 2470): onConfigurationChanged
D/PanelView( 2470): mQsDetailviewPanelHeight : 921
D/StatusBar-QSPanel( 2470): setSingleLine:true
D/StatusBar-QSPanel( 2470): updateButtonInfo mButtonWidth : 234 mColumns:8 orien: 2 displayWidth:1872
D/StatusBar-QSPanel( 2470): setSingleLine height:0
D/ResourcesManager(  862): creating new AssetManager and set to /system/app/Swype/Swype.apk
D/STATUSBAR-QSTileView( 2470): dynamicallyReduceTextSize: 206
D/STATUSBAR-QSTileView( 2470): dynamicallyReduceTextSize: 206
D/STATUSBAR-QSTileView( 2470): dynamicallyReduceTextSize: 206
E/SmartFaceService(  862): onReceive: android.intent.action.CONFIGURATION_CHANGED
E/SmartFaceService(  862): mFolderCoverOpened: (true, true) -> true
D/GestureService(28998): deviceConditionChangeReceiver: onReceive - android.intent.action.CONFIGURATION_CHANGED
D/OpenGLRenderer( 8216): endAllStagingAnimators on 0xb4ff7300 (StateListDrawable) with handle 0xaf217a50
D/ResourcesManager(  862): creating new AssetManager and set to /system/app/SamsungIME/SamsungIME.apk
D/STATUSBAR-QSTileView( 2470): dynamicallyReduceTextSize: 206
D/STATUSBAR-QSTileView( 2470): dynamicallyReduceTextSize: 206
W/ContextImpl(28998): Calling a method in the system process without a qualified user: android.app.ContextImpl.sendStickyBroadcast:1866 android.content.ContextWrapper.sendStickyBroadcast:463 com.samsung.android.app.gestureservice.GestureService.updateStatusBar:826 com.samsung.android.app.gestureservice.GestureService.access$1300:40 com.samsung.android.app.gestureservice.GestureService$2.onReceive:242 
D/STATUSBAR-QSTileView( 2470): dynamicallyReduceTextSize: 206
D/STATUSBAR-QSTileView( 2470): dynamicallyReduceTextSize: 206
D/STATUSBAR-QSTileView( 2470): dynamicallyReduceTextSize: 206
D/STATUSBAR-QSTileView( 2470): dynamicallyReduceTextSize: 206
D/STATUSBAR-QSTileView( 2470): dynamicallyReduceTextSize: 206
D/STATUSBAR-QSTileView( 2470): dynamicallyReduceTextSize: 206
D/STATUSBAR-QSTileView( 2470): dynamicallyReduceTextSize: 206
D/STATUSBAR-QSTileView( 2470): dynamicallyReduceTextSize: 206
D/STATUSBAR-QSTileView( 2470): dynamicallyReduceTextSize: 206
D/STATUSBAR-QSTileView( 2470): dynamicallyReduceTextSize: 206
D/STATUSBAR-QSTileView( 2470): dynamicallyReduceTextSize: 206
D/STATUSBAR-QSTileView( 2470): dynamicallyReduceTextSize: 206
D/STATUSBAR-QSTileView( 2470): dynamicallyReduceTextSize: 206
D/STATUSBAR-QSTileView( 2470): dynamicallyReduceTextSize: 206
D/STATUSBAR-QSTileView( 2470): dynamicallyReduceTextSize: 206
D/ActivityManager(  862): post active user change for 0
D/KnoxTimeoutHandler(  862): postActiveUserChange for user 0
D/Mms/MmsApp( 8122): [start]    onConfigurationChanged(), newConfig = {0 1.0 310mcc410mnc en_US ldltr sw360dp w640dp h335dp 480dpi nrml long land finger -keyb/v/h -nav/h s.259} consume time = 1583.465577
D/Mms/MmsApp( 8122): [end]    onConfigurationChanged(), newConfig = {0 1.0 310mcc410mnc en_US ldltr sw360dp w640dp h335dp 480dpi nrml long land finger -keyb/v/h -nav/h s.259} consume time = 0.091553
D/ResourcesManager(  862): creating new AssetManager and set to /data/app/com.google.android.googlequicksearchbox-1/base.apk
D/StatusBar.NetworkController( 2470): refreshViews connected={ wifi } level=2 combinedSignalIconId=0x7f02051b/com.android.systemui:drawable/stat_sys_wifi_signal_3 mobileLabel=AT&T wifiLabel="UO Secure"xxxxXXXXxxxxXXXX emergencyOnly=false combinedLabel="UO Secure"xxxxXXXXxxxxXXXX mAirplaneMode=false mDataActivity=3 mPhoneSignalIconId=0x7f020610/com.android.systemui:drawable/tw_stat_sys_5_level_signal_2 mQSPhoneSignalIconId=0x7f02012a/com.android.systemui:drawable/ic_qs_signal_2 mDataDirectionIconId=0x0/(null) mDataSignalIconId=0x7f020610/com.android.systemui:drawable/tw_stat_sys_5_level_signal_2 mDataTypeIconId=0x7f02032e/com.android.systemui:drawable/stat_sys_data_connected_lte_att mQSDataTypeIconId=0x0/(null) mNoSimIconId=0x0/(null) mWifiIconId=0x7f02051b/com.android.systemui:drawable/stat_sys_wifi_signal_3 mQSWifiIconId=0x7f020142/com.android.systemui:drawable/ic_qs_wifi_3 mWifiActivityIconId=0x7f0204ed/com.android.systemui:drawable/stat_sys_signal_in mBluetoothTetherIconId=0x10808cc/android:drawable/stat_sys_tether_bluetooth
D/STATUSBAR-WifiQuickSettingButton( 2470): onWifiSignalChanged enabled=true enabledDesc:"UO Secure"
I/WindowManager(  862): Screen frozen for +127ms due to Window{2f6e6c3 u0 Starting com.sec.android.app.camera}
D/InputDispatcher(  862): setInputDispatchMode: enabled=1, frozen=0
D/ResourcesManager(  862): creating new AssetManager and set to /data/app/com.menny.android.anysoftkeyboard-1/base.apk
W/InputMethodInfo(  862): Duplicated subtype definition found: , voice
D/ActivityManager(  862): startService callerProcessName:com.menny.android.anysoftkeyboard, calleePkgName: com.menny.android.anysoftkeyboard
W/ActivityManager(  862): Unable to start service Intent { cmp=com.menny.android.anysoftkeyboard/com.radicalninja.logger.MainActivity } U=0: not found
W/Settings(  862): Setting tether_dun_required has moved from android.provider.Settings.System to android.provider.Settings.Global
D/SettingsProvider(  862): name = tether_dun_required
D/TP/MmsProvider( 2672): Query uri=content://mms/1883/addr, match=13, calling pid = 8122
D/AudioService(  862): cameraSoundForced : false mCameraSoundForced : false
D/KnoxTimeoutHandler(  862): handleActiveUserChange for user 0
D/TP/MmsProvider( 2672): Query uri=content://mms/1880/addr, match=13, calling pid = 8122
D/ConnectivityService(  862): returning getNetworkInfo(networkType - 1) :[type: WIFI[] - WIFI, state: CONNECTED/CONNECTED, reason: (unspecified), extra: "UO Secure", roaming: false, failover: false, isAvailable: true, isConnectedToProvisioningNetwork: false]
D/SSRM:a  (  862): DeviceInfo:: 000000000000
D/SSRM:a  (  862): SettingsAirViewInfo:: 000000000
I/art     ( 2672): Explicit concurrent mark sweep GC freed 4730(198KB) AllocSpace objects, 0(0B) LOS objects, 40% free, 19MB/32MB, paused 946us total 40.466ms
D/VolumePanel( 2470): updateSliderProgress : progress = -1
V/AudioPolicyManager_legacy(  303): getOutputsForDevice device 0002 -> 0002
I/AudioService(  862): getStreamVolume 2 index 0
D/VolumePanel( 2470): updateSliderProgress : progress = -1
I/AudioService(  862): getStreamVolume 3 index 0
I/AudioService(  862): getStreamVolume 3 index 0
D/TP/MmsProvider( 2672): Query uri=content://mms/1878/addr, match=13, calling pid = 8122
D/VolumePanel( 2470): updateSliderProgress : progress = -1
V/AudioPolicyManager_legacy(  303): getOutputsForDevice device 0002 -> 0002
I/AudioService(  862): getStreamVolume 5 index 0
D/VolumePanel( 2470): updateSliderProgress : progress = -1
I/System.out( 7318): The time changed into nice format is: 17-02-2017 10-51-46
D/Activity( 7318): performCreate Call secproduct feature valuefalse
D/Activity( 7318): performCreate Call debug elastic valuetrue
I/AudioService(  862): getStreamVolume 1 index 40
D/PanelView( 2470): mClearAll.setVisibility - mIsFullyOpened : false isShade : true mHasNotification : true mIsUpwardFling : false mQsFullyExpanded : true isShadeLocked : false mClearAllVisible : true
D/TP/MmsProvider( 2672): Query uri=content://mms/1875/addr, match=13, calling pid = 8122
D/TP/MmsProvider( 2672): Query uri=content://mms/1873/addr, match=13, calling pid = 8122
D/TP/MmsProvider( 2672): Query uri=content://mms/1871/addr, match=13, calling pid = 8122
D/TP/MmsProvider( 2672): Query uri=content://mms/1869/addr, match=13, calling pid = 8122
D/Encrypt ( 7318): We are starting encrytopn 1 - in doInBackgound AsyncTask ENCRYTPTION!
D/Encrypt ( 7318): We are starting encrytopn!
D/TP/MmsProvider( 2672): Query uri=content://mms/1865/addr, match=13, calling pid = 8122
D/Crash   ( 7318): Crash 2.5
D/TP/MmsProvider( 2672): Query uri=content://mms/1863/addr, match=13, calling pid = 8122
D/TP/MmsProvider( 2672): Query uri=content://mms/1861/addr, match=13, calling pid = 8122
D/TP/MmsProvider( 2672): Query uri=content://mms/1858/addr, match=13, calling pid = 8122
D/TP/MmsProvider( 2672): Query uri=content://mms/1789/addr, match=13, calling pid = 8122
E/History ( 7318): In try
D/TP/MmsProvider( 2672): Query uri=content://mms/1787/addr, match=13, calling pid = 8122
D/PointerIcon(  862): setMouseIconStyle1 pointerType: 1001iconType:101 flag:0
D/Encrypt ( 7318): onResume: before transfer utility
D/Encrypt ( 7318): onResume: before encryption
D/Encrypt ( 7318): onResume: after encryption
D/PointerIcon(  862): setMouseCustomIcon IconType is same.101
D/PointerIcon(  862): setHoveringSpenIconStyle1 pointerType: 10001iconType:1 flag:0
D/PointerIcon(  862): setHoveringSpenCustomIcon IconType is same.1
E/History ( 7318): In try
D/ActivityManager(  862): post active user change for 0
D/KnoxTimeoutHandler(  862): postActiveUserChange for user 0
D/KnoxTimeoutHandler(  862): handleActiveUserChange for user 0
D/TP/MmsProvider( 2672): Query uri=content://mms/1785/addr, match=13, calling pid = 8122
D/Crash   ( 7318): Crash 2
D/Crash   ( 7318): Crash 3
D/Exception( 7318): Start of Exception handler class
D/Exception( 7318): Start of Exception handler class 2
D/StatusBarManagerService(  862): manageDisableList userId=0 what=0x0 pkg=WindowManager.LayoutParams
D/Exception( 7318): Start of Exception handler class 3
D/Exception( 7318): Start of Exception handler class 4
D/TP/MmsProvider( 2672): Query uri=content://mms/1783/addr, match=13, calling pid = 8122
D/Exception( 7318): Start of Exception handler class 5
D/TP/MmsProvider( 2672): Query uri=content://mms/1781/addr, match=13, calling pid = 8122
W/System.err( 7318): java.io.FileNotFoundException: /jacoco.exec: open failed: EROFS (Read-only file system)
W/System.err( 7318): 	at libcore.io.IoBridge.open(IoBridge.java:456)
W/System.err( 7318): 	at java.io.FileOutputStream.<init>(FileOutputStream.java:87)
W/System.err( 7318): 	at org.jacoco.agent.rt.internal_b0d6a23.output.FileOutput.openFile(FileOutput.java:67)
W/System.err( 7318): 	at org.jacoco.agent.rt.internal_b0d6a23.output.FileOutput.writeExecutionData(FileOutput.java:53)
W/System.err( 7318): 	at org.jacoco.agent.rt.internal_b0d6a23.Agent.shutdown(Agent.java:137)
W/System.err( 7318): 	at org.jacoco.agent.rt.internal_b0d6a23.Agent$1.run(Agent.java:54)
W/System.err( 7318): Caused by: android.system.ErrnoException: open failed: EROFS (Read-only file system)
W/System.err( 7318): 	at libcore.io.Posix.open(Native Method)
W/System.err( 7318): 	at libcore.io.BlockGuardOs.open(BlockGuardOs.java:186)
W/System.err( 7318): 	at libcore.io.IoBridge.open(IoBridge.java:442)
W/System.err( 7318): 	... 5 more
I/art     ( 7318): System.exit called, status: 1
I/AndroidRuntime( 7318): VM exiting with result code 1, cleanup skipped.
D/TP/MmsProvider( 2672): Query uri=content://mms/1779/addr, match=13, calling pid = 8122
D/TP/MmsProvider( 2672): Query uri=content://mms/1777/addr, match=13, calling pid = 8122
D/TP/MmsProvider( 2672): Query uri=content://mms/1775/addr, match=13, calling pid = 8122
I/WindowState(  862): WIN DEATH: Window{27738d7a u0 WARNING}
W/InputMethodManagerService(  862): Session failed to close due to remote exception
W/InputMethodManagerService(  862): android.os.DeadObjectException
W/InputMethodManagerService(  862): 	at android.os.BinderProxy.transactNative(Native Method)
W/InputMethodManagerService(  862): 	at android.os.BinderProxy.transact(Binder.java:496)
W/InputMethodManagerService(  862): 	at com.android.internal.view.IInputMethodSession$Stub$Proxy.finishSession(IInputMethodSession.java:327)
W/InputMethodManagerService(  862): 	at com.android.server.InputMethodManagerService.finishSessionLocked(InputMethodManagerService.java:2111)
W/InputMethodManagerService(  862): 	at com.android.server.InputMethodManagerService.clearClientSessionLocked(InputMethodManagerService.java:2102)
W/InputMethodManagerService(  862): 	at com.android.server.InputMethodManagerService.clearCurMethodLocked(InputMethodManagerService.java:2128)
W/InputMethodManagerService(  862): 	at com.android.server.InputMethodManagerService.onServiceDisconnected(InputMethodManagerService.java:2147)
W/InputMethodManagerService(  862): 	at android.app.LoadedApk$ServiceDispatcher.doDeath(LoadedApk.java:1270)
W/InputMethodManagerService(  862): 	at android.app.LoadedApk$ServiceDispatcher$RunConnection.run(LoadedApk.java:1284)
W/InputMethodManagerService(  862): 	at android.os.Handler.handleCallback(Handler.java:739)
W/InputMethodManagerService(  862): 	at android.os.Handler.dispatchMessage(Handler.java:95)
W/InputMethodManagerService(  862): 	at android.os.Looper.loop(Looper.java:145)
W/InputMethodManagerService(  862): 	at com.android.server.SystemServer.run(SystemServer.java:430)
W/InputMethodManagerService(  862): 	at com.android.server.SystemServer.main(SystemServer.java:315)
W/InputMethodManagerService(  862): 	at java.lang.reflect.Method.invoke(Native Method)
W/InputMethodManagerService(  862): 	at java.lang.reflect.Method.invoke(Method.java:372)
W/InputMethodManagerService(  862): 	at com.android.internal.os.ZygoteInit$MethodAndArgsCaller.run(ZygoteInit.java:1399)
W/InputMethodManagerService(  862): 	at com.android.internal.os.ZygoteInit.main(ZygoteInit.java:1194)
W/InputMethodManagerService(  862): Session failed to close due to remote exception
W/InputMethodManagerService(  862): android.os.DeadObjectException
W/InputMethodManagerService(  862): 	at android.os.BinderProxy.transactNative(Native Method)
W/InputMethodManagerService(  862): 	at android.os.BinderProxy.transact(Binder.java:496)
W/InputMethodManagerService(  862): 	at com.android.internal.view.IInputMethodSession$Stub$Proxy.finishSession(IInputMethodSession.java:327)
W/InputMethodManagerService(  862): 	at com.android.server.InputMethodManagerService.finishSessionLocked(InputMethodManagerService.java:2111)
W/InputMethodManagerService(  862): 	at com.android.server.InputMethodManagerService.clearClientSessionLocked(InputMethodManagerService.java:2102)
W/InputMethodManagerService(  862): 	at com.android.server.InputMethodManagerService.clearCurMethodLocked(InputMethodManagerService.java:2128)
W/InputMethodManagerService(  862): 	at com.android.server.InputMethodManagerService.onServiceDisconnected(InputMethodManagerService.java:2147)
W/InputMethodManagerService(  862): 	at android.app.LoadedApk$ServiceDispatcher.doDeath(LoadedApk.java:1270)
W/InputMethodManagerService(  862): 	at android.app.LoadedApk$ServiceDispatcher$RunConnection.run(LoadedApk.java:1284)
W/InputMethodManagerService(  862): 	at android.os.Handler.handleCallback(Handler.java:739)
W/InputMethodManagerService(  862): 	at android.os.Handler.dispatchMessage(Handler.java:95)
W/InputMethodManagerService(  862): 	at android.os.Looper.loop(Looper.java:145)
W/InputMethodManagerService(  862): 	at com.android.server.SystemServer.run(SystemServer.java:430)
W/InputMethodManagerService(  862): 	at com.android.server.SystemServer.main(SystemServer.java:315)
W/InputMethodManagerService(  862): 	at java.lang.reflect.Method.invoke(Native Method)
W/InputMethodManagerService(  862): 	at java.lang.reflect.Method.invoke(Method.java:372)
W/InputMethodManagerService(  862): 	at com.android.internal.os.ZygoteInit$MethodAndArgsCaller.run(ZygoteInit.java:1399)
W/InputMethodManagerService(  862): 	at com.android.internal.os.ZygoteInit.main(ZygoteInit.java:1194)
W/InputMethodManagerService(  862): Session failed to close due to remote exception
W/InputMethodManagerService(  862): android.os.DeadObjectException
W/InputMethodManagerService(  862): 	at android.os.BinderProxy.transactNative(Native Method)
W/InputMethodManagerService(  862): 	at android.os.BinderProxy.transact(Binder.java:496)
W/InputMethodManagerService(  862): 	at com.android.internal.view.IInputMethodSession$Stub$Proxy.finishSession(IInputMethodSession.java:327)
W/InputMethodManagerService(  862): 	at com.android.server.InputMethodManagerService.finishSessionLocked(InputMethodManagerService.java:2111)
W/InputMethodManagerService(  862): 	at com.android.server.InputMethodManagerService.clearClientSessionLocked(InputMethodManagerService.java:2102)
W/InputMethodManagerService(  862): 	at com.android.server.InputMethodManagerService.clearCurMethodLocked(InputMethodManagerService.java:2128)
W/InputMethodManagerService(  862): 	at com.android.server.InputMethodManagerService.onServiceDisconnected(InputMethodManagerService.java:2147)
W/InputMethodManagerService(  862): 	at android.app.LoadedApk$ServiceDispatcher.doDeath(LoadedApk.java:1270)
W/InputMethodManagerService(  862): 	at android.app.LoadedApk$ServiceDispatcher$RunConnection.run(LoadedApk.java:1284)
W/InputMethodManagerService(  862): 	at android.os.Handler.handleCallback(Handler.java:739)
W/InputMethodManagerService(  862): 	at android.os.Handler.dispatchMessage(Handler.java:95)
W/InputMethodManagerService(  862): 	at android.os.Looper.loop(Looper.java:145)
W/InputMethodManagerService(  862): 	at com.android.server.SystemServer.run(SystemServer.java:430)
W/InputMethodManagerService(  862): 	at com.android.server.SystemServer.main(SystemServer.java:315)
W/InputMethodManagerService(  862): 	at java.lang.reflect.Method.invoke(Native Method)
W/InputMethodManagerService(  862): 	at java.lang.reflect.Method.invoke(Method.java:372)
W/InputMethodManagerService(  862): 	at com.android.internal.os.ZygoteInit$MethodAndArgsCaller.run(ZygoteInit.java:1399)
W/InputMethodManagerService(  862): 	at com.android.internal.os.ZygoteInit.main(ZygoteInit.java:1194)
I/ActivityManager(  862): Process com.menny.android.anysoftkeyboard (pid 7318)(adj 0) has died(202,211)
D/ActivityManager(  862): cleanUpApplicationRecord -- 7318
W/ActivityManager(  862): Scheduling restart of crashed service com.menny.android.anysoftkeyboard/com.amazonaws.mobileconnectors.s3.transferutility.TransferService in 1000ms
W/ActivityManager(  862): Scheduling restart of crashed service com.menny.android.anysoftkeyboard/.SoftKeyboard in 1000ms
D/PointerIcon(  862): setMouseIconStyle1 pointerType: 1001iconType:101 flag:0
D/PointerIcon(  862): setMouseCustomIcon IconType is same.101
D/PointerIcon(  862): setHoveringSpenIconStyle1 pointerType: 10001iconType:1 flag:0
D/PointerIcon(  862): setHoveringSpenCustomIcon IconType is same.1
I/WindowState(  862): WIN DEATH: Window{908188 u0 com.menny.android.anysoftkeyboard/com.radicalninja.logger.VideoActivity}
I/WindowState(  862): WIN DEATH: Window{3c99acd7 u0 com.menny.android.anysoftkeyboard/com.radicalninja.logger.MainActivity}
E/ActivityManager(  862): checkUser: useridlist=null, currentuser=0
E/ActivityManager(  862): checkUser: useridlist=null, currentuser=0
E/ActivityManager(  862): checkUser: useridlist=null, currentuser=0
E/ActivityManager(  862): checkUser: useridlist=null, currentuser=0
E/Zygote  ( 8268): MountEmulatedStorage()
E/Zygote  ( 8268): v2
D/TP/MmsProvider( 2672): Query uri=content://mms/1771/addr, match=13, calling pid = 8122
I/libpersona( 8268): KNOX_SDCARD checking this for 10054
I/libpersona( 8268): KNOX_SDCARD not a persona
I/ActivityManager(  862): Start proc com.menny.android.anysoftkeyboard for activity com.menny.android.anysoftkeyboard/com.radicalninja.logger.MainActivity: pid=8268 uid=10054 gids={50054, 9997, 1028, 1015, 3003} abi=armeabi-v7a
D/TP/MmsProvider( 2672): Query uri=content://mms/1769/addr, match=13, calling pid = 8122
D/TP/MmsProvider( 2672): Query uri=content://mms/1767/addr, match=13, calling pid = 8122
D/TP/MmsProvider( 2672): Query uri=content://mms/1765/addr, match=13, calling pid = 8122
D/TP/MmsProvider( 2672): Query uri=content://mms/1760/addr, match=13, calling pid = 8122
I/SELinux ( 8268): Function: selinux_compare_spd_ram, SPD-policy is existed. and_ver=SEPF_SAMSUNG-SGH-I337_5.0.1-1 ver=51
I/SELinux ( 8268): Function: selinux_compare_spd_ram , priority [1] , priority version is VE=SEPF_SAMSUNG-SGH-I337_5.0.1-1_0051
I/Zygote  (  315): Process 7318 exited cleanly (1)
E/SELinux ( 8268): [DEBUG] get_category: variable seinfo: default sensitivity: NULL, cateogry: NULL
I/art     ( 8268): Late-enabling -Xcheck:jni
D/TP/MmsProvider( 2672): Query uri=content://mms/1757/addr, match=13, calling pid = 8122
D/TP/MmsProvider( 2672): Query uri=content://mms/1755/addr, match=13, calling pid = 8122
D/TP/MmsProvider( 2672): Query uri=content://mms/1753/addr, match=13, calling pid = 8122
D/TP/MmsProvider( 2672): Query uri=content://mms/1751/addr, match=13, calling pid = 8122
D/TP/MmsProvider( 2672): Query uri=content://mms/1749/addr, match=13, calling pid = 8122
D/TP/MmsProvider( 2672): Query uri=content://mms/1747/addr, match=13, calling pid = 8122
D/ResourcesManager( 8268): creating new AssetManager and set to /data/app/com.menny.android.anysoftkeyboard-1/base.apk
D/TP/MmsProvider( 2672): Query uri=content://mms/1745/addr, match=13, calling pid = 8122
D/TP/MmsProvider( 2672): Query uri=content://mms/1743/addr, match=13, calling pid = 8122
D/TP/MmsProvider( 2672): Query uri=content://mms/1741/addr, match=13, calling pid = 8122
D/TP/MmsProvider( 2672): Query uri=content://mms/1739/addr, match=13, calling pid = 8122
E/qdoverlay(  273): Failed to call ioctl MSMFB_OVERLAY_SET err=Invalid argument
E/qdoverlay(  273): MdpCtrl failed to setOverlay, restoring last known good ov info
E/qdoverlay(  273): == Bad OVInfo is:  mdp_overlay z=0 fg=0 alpha=255 mask=-1 flags=0x20000 id=1
E/qdoverlay(  273): src msmfb_img w=1152 h=1920 format=13 MDP_RGBA_8888
E/qdoverlay(  273): src_rect mdp_rect x=0 y=0 w=0 h=0
E/qdoverlay(  273): dst_rect mdp_rect x=0 y=0 w=0 h=0
E/qdoverlay(  273): == Last good known OVInfo is:  mdp_overlay z=0 fg=0 alpha=255 mask=-1 flags=0x20000 id=1
E/qdoverlay(  273): src msmfb_img w=1152 h=1920 format=13 MDP_RGBA_8888
E/qdoverlay(  273): src_rect mdp_rect x=0 y=0 w=1080 h=1920
E/qdoverlay(  273): dst_rect mdp_rect x=0 y=0 w=1080 h=1920
E/qdoverlay(  273): Ctrl commit failed set overlay
E/qdhwcomposer(  273): configure: configMdp failed for dpy 0
D/TP/MmsProvider( 2672): Query uri=content://mms/1737/addr, match=13, calling pid = 8122
D/TP/MmsProvider( 2672): Query uri=content://mms/1735/addr, match=13, calling pid = 8122
D/TP/MmsProvider( 2672): Query uri=content://mms/1732/addr, match=13, calling pid = 8122
D/StatusBarManagerService(  862): manageDisableList userId=0 what=0x0 pkg=WindowManager.LayoutParams
D/TP/MmsProvider( 2672): Query uri=content://mms/1729/addr, match=13, calling pid = 8122
D/TP/MmsProvider( 2672): Query uri=content://mms/1723/addr, match=13, calling pid = 8122
W/System.err( 8268): java.io.FileNotFoundException: /jacoco.exec: open failed: EROFS (Read-only file system)
W/System.err( 8268): 	at libcore.io.IoBridge.open(IoBridge.java:456)
W/System.err( 8268): 	at java.io.FileOutputStream.<init>(FileOutputStream.java:87)
W/System.err( 8268): 	at org.jacoco.agent.rt.internal_b0d6a23.output.FileOutput.openFile(FileOutput.java:67)
W/System.err( 8268): 	at org.jacoco.agent.rt.internal_b0d6a23.output.FileOutput.startup(FileOutput.java:49)
E/qdoverlay(  273): Failed to call ioctl MSMFB_OVERLAY_SET err=Invalid argument
E/qdoverlay(  273): MdpCtrl failed to setOverlay, restoring last known good ov info
E/qdoverlay(  273): == Bad OVInfo is:  mdp_overlay z=0 fg=0 alpha=255 mask=-1 flags=0x20000 id=-1
E/qdoverlay(  273): src msmfb_img w=1152 h=1920 format=13 MDP_RGBA_8888
E/qdoverlay(  273): src_rect mdp_rect x=1079 y=0 w=1 h=1920
E/qdoverlay(  273): dst_rect mdp_rect x=1079 y=0 w=1 h=1920
E/qdoverlay(  273): == Last good known OVInfo is:  mdp_overlay z=0 fg=0 alpha=0 mask=0 flags=0x0 id=-1
E/qdoverlay(  273): src msmfb_img w=0 h=0 format=0 MDP_RGB_565
E/qdoverlay(  273): src_rect mdp_rect x=0 y=0 w=0 h=0
E/qdoverlay(  273): dst_rect mdp_rect x=0 y=0 w=0 h=0
W/System.err( 8268): 	at org.jacoco.agent.rt.internal_b0d6a23.Agent.startup(Agent.java:122)
E/qdoverlay(  273): MdpCtrl Lkgo ov has id -1, will not restore
W/System.err( 8268): 	at org.jacoco.agent.rt.internal_b0d6a23.Agent.getInstance(Agent.java:50)
E/qdoverlay(  273): Ctrl commit failed set overlay
E/qdhwcomposer(  273): configure: configMdp failed for dpy 0
W/System.err( 8268): 	at org.jacoco.agent.rt.internal_b0d6a23.Offline.<clinit>(Offline.java:31)
W/System.err( 8268): 	at com.menny.android.anysoftkeyboard.AnyApplication.$jacocoInit(AnyApplication.java)
W/System.err( 8268): 	at com.menny.android.anysoftkeyboard.AnyApplication.<init>(AnyApplication.java)
W/System.err( 8268): 	at java.lang.reflect.Constructor.newInstance(Native Method)
W/System.err( 8268): 	at java.lang.Class.newInstance(Class.java:1650)
W/System.err( 8268): 	at android.app.Instrumentation.newApplication(Instrumentation.java:1003)
W/System.err( 8268): 	at android.app.Instrumentation.newApplication(Instrumentation.java:988)
W/System.err( 8268): 	at android.app.LoadedApk.makeApplication(LoadedApk.java:620)
W/System.err( 8268): 	at android.app.ActivityThread.handleBindApplication(ActivityThread.java:5095)
W/System.err( 8268): 	at android.app.ActivityThread.access$1600(ActivityThread.java:177)
W/System.err( 8268): 	at android.app.ActivityThread$H.handleMessage(ActivityThread.java:1510)
W/System.err( 8268): 	at android.os.Handler.dispatchMessage(Handler.java:102)
W/System.err( 8268): 	at android.os.Looper.loop(Looper.java:145)
W/System.err( 8268): 	at android.app.ActivityThread.main(ActivityThread.java:5951)
W/System.err( 8268): 	at java.lang.reflect.Method.invoke(Native Method)
W/System.err( 8268): 	at java.lang.reflect.Method.invoke(Method.java:372)
W/System.err( 8268): 	at com.android.internal.os.ZygoteInit$MethodAndArgsCaller.run(ZygoteInit.java:1399)
W/System.err( 8268): 	at com.android.internal.os.ZygoteInit.main(ZygoteInit.java:1194)
W/System.err( 8268): Caused by: android.system.ErrnoException: open failed: EROFS (Read-only file system)
W/System.err( 8268): 	at libcore.io.Posix.open(Native Method)
W/System.err( 8268): 	at libcore.io.BlockGuardOs.open(BlockGuardOs.java:186)
W/System.err( 8268): 	at libcore.io.IoBridge.open(IoBridge.java:442)
W/System.err( 8268): 	... 23 more
D/TP/MmsProvider( 2672): Query uri=content://mms/1721/addr, match=13, calling pid = 8122
D/ASK_APP ( 8268): ** Starting application in DEBUG mode.
D/FrankenRobotImpl( 8268): Raw mapping: com.anysoftkeyboard.backup.CloudBackupRequester is @string/frankenrobot_cloud_backup_implementation
D/FrankenRobotImpl( 8268): Raw mapping: com.anysoftkeyboard.dictionaries.DictionaryContentObserver is @string/frankenrobot_dictionary_observer_implementation
D/FrankenRobotImpl( 8268): Raw mapping: com.anysoftkeyboard.devicespecific.Clipboard is @string/frankenrobot_clipboard_implementation
D/FrankenRobotImpl( 8268): Raw mapping: com.anysoftkeyboard.devicespecific.StrictModeAble is @string/frankenrobot_strict_mode_implementation
V/WindowOrientationListener(  862): mSContextAutoRotationListener.getProposedRotation, mbResultFaceDectection: false
V/WindowOrientationListener(  862): mSContextAutoRotationListener.getProposedRotation, Rotation: -1
V/WindowOrientationListener(  862): mSContextAutoRotationListener.getProposedRotation, mbResultFaceDectection: false
V/WindowOrientationListener(  862): mSContextAutoRotationListener.getProposedRotation, Rotation: -1
D/FrankenRobotImpl( 8268): Interface com.anysoftkeyboard.backup.CloudBackupRequester is mapped to concrete class com.anysoftkeyboard.backup.CloudBackupRequesterApi8
D/FrankenRobotImpl( 8268): Interface com.anysoftkeyboard.dictionaries.DictionaryContentObserver is mapped to concrete class com.anysoftkeyboard.dictionaries.DictionaryContentObserverAPI16
D/InputDispatcher(  862): setInputDispatchMode: enabled=1, frozen=1
D/FrankenRobotImpl( 8268): Interface com.anysoftkeyboard.devicespecific.Clipboard is mapped to concrete class com.anysoftkeyboard.devicespecific.ClipboardV11
D/TP/MmsProvider( 2672): Query uri=content://mms/1719/addr, match=13, calling pid = 8122
D/FrankenRobotImpl( 8268): Interface com.anysoftkeyboard.devicespecific.StrictModeAble is mapped to concrete class com.anysoftkeyboard.devicespecific.StrictModeImpl
V/WindowManager(  862): rotationForOrientationLw(orient=1, last=1); user=0 USER_ROTATION_LOCKED sensorRotation=-1 mLidState=-1 mDockMode=0 mHdmiPlugged=false
D/SamsungWindowManager(  862): setRotationLw() : rotation=0
D/CustomFrequencyManagerService(  862): releaseDVFSLockLocked : Getting Lock type frm List : DVFS_MIN_LIMIT  frequency : 1890000  uid : 1000  pid : 862  tag : ROTATION_BOOSTER@37
D/CustomFrequencyManagerService(  862): acquireDVFSLockLocked : type : DVFS_MIN_LIMIT  frequency : 1890000  uid : 1000  pid : 862  pkgName : ROTATION_BOOSTER@37
D/TP/MmsProvider( 2672): Query uri=content://mms/1717/addr, match=13, calling pid = 8122
I/ASK_Cfg ( 8268): ** Version: 1.8.-1324
I/ASK_Cfg ( 8268): ** Release code: -1324
I/ASK_Cfg ( 8268): ** BUILD_TYPE: debug
I/ASK_Cfg ( 8268): ** DEBUG: true
I/ASK_Cfg ( 8268): ** TESTING_BUILD: true
I/ASK_Cfg ( 8268): ** CUTTING_EDGE: true
D/TP/MmsProvider( 2672): Query uri=content://mms/1714/addr, match=13, calling pid = 8122
D/TP/MmsProvider( 2672): Query uri=content://mms/1641/addr, match=13, calling pid = 8122
D/ASK_Cfg ( 8268): Checking if configuration upgrade is needed.
D/TP/MmsProvider( 2672): Query uri=content://mms/1639/addr, match=13, calling pid = 8122
D/ASK_Cfg ( 8268): **** onSharedPreferenceChanged: 
D/ASK_Cfg ( 8268): ** mDomainText: .com
D/ASK_Cfg ( 8268): ** mShowKeyPreview: true
D/ASK_Cfg ( 8268): ** mKeyPreviewAboveKey: true
D/ASK_Cfg ( 8268): ** mShowKeyboardNameText: true
D/ASK_Cfg ( 8268): ** mShowHintTextOnKeys: true
D/ASK_Cfg ( 8268): ** mUseCustomHintAlign: false
D/ASK_Cfg ( 8268): ** mCustomHintAlign: 17
D/ASK_Cfg ( 8268): ** mCustomHintVAlign: 48
D/ASK_Cfg ( 8268): ** mSwitchKeyboardOnSpace: true
D/ASK_Cfg ( 8268): ** mUseFullScreenInputInLandscape: true
D/ASK_Cfg ( 8268): ** mUseFullScreenInputInPortrait: false
D/ASK_Cfg ( 8268): ** mUseKeyRepeat: true
D/TP/MmsProvider( 2672): Query uri=content://mms/1637/addr, match=13, calling pid = 8122
D/ASK_Cfg ( 8268): ** mKeysHeightFactorInPortrait: 1.0
D/ASK_Cfg ( 8268): ** mKeysHeightFactorInLandscape: 1.0
D/ASK_Cfg ( 8268): ** mInsertSpaceAfterCandidatePick: true
D/ASK_Cfg ( 8268): ** mSwipeUpKeyCode: -1
D/ASK_Cfg ( 8268): ** mSwipeUpFromSpaceBarKeyCode: -120
D/ASK_Cfg ( 8268): ** mSwipeDownKeyCode: -3
D/ASK_Cfg ( 8268): ** mSwipeLeftKeyCode: -2
D/TP/MmsProvider( 2672): Query uri=content://mms/1635/addr, match=13, calling pid = 8122
D/ASK_Cfg ( 8268): ** mSwipeRightKeyCode: -99
D/ASK_Cfg ( 8268): ** mPinchKeyCode: -111
D/ASK_Cfg ( 8268): ** mSeparateKeyCode: -110
D/ASK_Cfg ( 8268): ** mSwipeLeftFromSpaceBarKeyCode: -2
D/ASK_Cfg ( 8268): ** mSwipeRightFromSpaceBarKeyCode: -99
