E/mm-camera(  285): sensor_client_set_params: cmd type: 1
I/EDMNativeHelperService(  862): isCameraEnabled
D/ShotSingle(  303): CAMERA_MSG_PREVIEW_FRAME X
D/SecCameraCoreManager(  303): disableMsgType: 0x10
E/QualcommCamera(  303): Qvoid android::disable_msg_type(camera_device*, int32_t): E
I/QCameraHWI(  303): disableMsgType: E
I/QCameraHWI(  303): disableMsgType: X, msgType =0x10, mMsgEnabled=0xc0d
D/SecCamera-JNI-Java(  862): handleMessage: 16
D/SecCameraCoreManager(  303): enableMsgType: 0x10
I/QCameraHWI(  303): enableMsgType: E, msgType =0x10
I/QCameraHWI(  303): enableMsgType: X, msgType =0x10, mMsgEnabled=0xc1d
E/SmartFaceService(  862): Orientation: 0
E/SmartFaceService(  862): Calling onPreviewFrame: Thread[Scroll/Pause Worker,5,main]/1535510804
E/SmartFaceService(  862): Calling onPreviewFrame: Thread[Stay/Rotation Worker,5,main]/1535510804
D/DMCFaceEngine(  862): fd_find_run : Use A New Sensor ==========> 1 [270][480]
D/DMCFaceEngine(  862): caFace_RunFaceDetection_SmartStayRotation : Detected No Face
D/DMCFaceEngine(  862): caSmartDP_SmartStay : SINGLE EYE DETECTION LOOP START
D/DMCFaceEngine(  862): caSmartDP_SmartStay : single eye detection loop start _ dir 1
D/DMCFaceEngine(  862): caIF_RunEyeDetection_MCT_IRS : caIF_RunEyeDetection_MCT_IRS START
D/DMCFaceEngine(  862): caIF_RunEyeDetection_MCT_IRS : Width 180, Height 320
E/mm-camera(  285): sensor_client_set_params: cmd type: 1
E/mm-camera-intf(  303): mm_camera_cmd_thread: cmd_type : 0
D/ShotSingle(  303): CAMERA_MSG_PREVIEW_FRAME E
I/EDMNativeHelperService(  862): isCameraEnabled
D/StatusBar.NetworkController( 2470): refreshViews connected={ wifi } level=2 combinedSignalIconId=0x7f02051b/com.android.systemui:drawable/stat_sys_wifi_signal_3 mobileLabel=AT&T wifiLabel="UO Secure"xxxxXXXXxxxxXXXX emergencyOnly=false combinedLabel="UO Secure"xxxxXXXXxxxxXXXX mAirplaneMode=false mDataActivity=3 mPhoneSignalIconId=0x7f020610/com.android.systemui:drawable/tw_stat_sys_5_level_signal_2 mQSPhoneSignalIconId=0x7f02012a/com.android.systemui:drawable/ic_qs_signal_2 mDataDirectionIconId=0x0/(null) mDataSignalIconId=0x7f020610/com.android.systemui:drawable/tw_stat_sys_5_level_signal_2 mDataTypeIconId=0x7f02032e/com.android.systemui:drawable/stat_sys_data_connected_lte_att mQSDataTypeIconId=0x0/(null) mNoSimIconId=0x0/(null) mWifiIconId=0x7f02051b/com.android.systemui:drawable/stat_sys_wifi_signal_3 mQSWifiIconId=0x7f020142/com.android.systemui:drawable/ic_qs_wifi_3 mWifiActivityIconId=0x7f0204ed/com.android.systemui:drawable/stat_sys_signal_in mBluetoothTetherIconId=0x10808cc/android:drawable/stat_sys_tether_bluetooth
D/ShotSingle(  303): CAMERA_MSG_PREVIEW_FRAME X
D/STATUSBAR-WifiQuickSettingButton( 2470): onWifiSignalChanged enabled=true enabledDesc:"UO Secure"
D/StatusBar.NetworkController( 2470): refreshSignalCluster - setNWBoosterIndicators(false)
D/StatusBar.NetworkController( 2470): applyOpen
D/StatusBar.NetworkController( 2470): refreshSignalCluster - setNWBoosterIndicators(false)
D/SecCameraCoreManager(  303): disableMsgType: 0x10
E/QualcommCamera(  303): Qvoid android::disable_msg_type(camera_device*, int32_t): E
I/QCameraHWI(  303): disableMsgType: E
I/QCameraHWI(  303): disableMsgType: X, msgType =0x10, mMsgEnabled=0xc0d
D/StatusBar.NetworkController( 2470): applyOpen
D/SecCamera-JNI-Java(  862): handleMessage: 16
D/SecCameraCoreManager(  303): enableMsgType: 0x10
I/QCameraHWI(  303): enableMsgType: E, msgType =0x10
I/QCameraHWI(  303): enableMsgType: X, msgType =0x10, mMsgEnabled=0xc1d
D/StatusBar.NetworkController( 2470): refreshSignalCluster - setNWBoosterIndicators(false)
D/StatusBar.NetworkController( 2470): applyOpen
D/StatusBar.NetworkController( 2470): refreshSignalCluster - setNWBoosterIndicators(false)
D/StatusBar.NetworkController( 2470): applyOpen
E/SmartFaceService(  862): Orientation: 0
E/SmartFaceService(  862): Calling onPreviewFrame: Thread[Scroll/Pause Worker,5,main]/1535510840
E/SmartFaceService(  862): Calling onPreviewFrame: Thread[Stay/Rotation Worker,5,main]/1535510841
E/mm-camera-intf(  303): mm_camera_cmd_thread: cmd_type : 0
D/ShotSingle(  303): CAMERA_MSG_PREVIEW_FRAME E
E/mm-camera(  285): sensor_client_set_params: cmd type: 1
I/EDMNativeHelperService(  862): isCameraEnabled
D/ShotSingle(  303): CAMERA_MSG_PREVIEW_FRAME X
D/SecCameraCoreManager(  303): disableMsgType: 0x10
E/QualcommCamera(  303): Qvoid android::disable_msg_type(camera_device*, int32_t): E
I/QCameraHWI(  303): disableMsgType: E
I/QCameraHWI(  303): disableMsgType: X, msgType =0x10, mMsgEnabled=0xc0d
D/SecCamera-JNI-Java(  862): handleMessage: 16
D/SecCameraCoreManager(  303): enableMsgType: 0x10
I/QCameraHWI(  303): enableMsgType: E, msgType =0x10
I/QCameraHWI(  303): enableMsgType: X, msgType =0x10, mMsgEnabled=0xc1d
E/SmartFaceService(  862): Orientation: 0
E/SmartFaceService(  862): Calling onPreviewFrame: Thread[Scroll/Pause Worker,5,main]/1535510873
E/SmartFaceService(  862): Calling onPreviewFrame: Thread[Stay/Rotation Worker,5,main]/1535510873
D/DMCFaceEngine(  862): caIF_RunEyeDetection_MCT_IRS : caIF_RunEyeDetection_MCT_IRS END
D/DMCFaceEngine(  862): caSmartDP_SmartStay : caFace_Aux_FindEyes_IRS time 69305
D/DMCFaceEngine(  862): caSmartDP_SmartStay : Single Eye Detection Fail dir 1
D/DMCFaceEngine(  862): caSmartDP_SmartStay : loop End ED dir 1 with nResult -1
D/DMCFaceEngine(  862): caSmartDP_SmartStay : SINGLE EYE DETECTION LOOP END with nResult -1
D/DMCFaceEngine(  862): caSmartDP_SmartStay : DETECT HUMAN FAIL
D/DMCFaceEngine(  862): caSmartDP_SmartStay : face : X[0] Y[0] W[0] H[0]
D/DMCFaceEngine(  862): caSmartDP_SmartStay : eye  : LX[0] LY[0] RX[0] RY[0]
D/DMCFaceEngine(  862): caSmartDP_DetermineFixedDevice : TmpFile exists /data/smart_stay_hash.dmc 
D/DMCFaceEngine(  862): caSmartDP_HashingImage : wd [120] ht [67]
D/DMCFaceEngine(  862): caSmartDP_DetermineFixedDevice : FIXED OR NOT  : difference 212.038184
D/DMCFaceEngine(  862): caSmartDP_DetermineFixedDevice : TmpFile making start /data/smart_stay_hash.dmc 
E/mm-camera-intf(  303): mm_camera_cmd_thread: cmd_type : 0
D/ShotSingle(  303): CAMERA_MSG_PREVIEW_FRAME E
I/EDMNativeHelperService(  862): isCameraEnabled
E/mm-camera(  285): sensor_client_set_params: cmd type: 1
D/ShotSingle(  303): CAMERA_MSG_PREVIEW_FRAME X
D/SecCameraCoreManager(  303): disableMsgType: 0x10
E/QualcommCamera(  303): Qvoid android::disable_msg_type(camera_device*, int32_t): E
I/QCameraHWI(  303): disableMsgType: E
I/QCameraHWI(  303): disableMsgType: X, msgType =0x10, mMsgEnabled=0xc0d
D/SecCamera-JNI-Java(  862): handleMessage: 16
D/SecCameraCoreManager(  303): enableMsgType: 0x10
I/QCameraHWI(  303): enableMsgType: E, msgType =0x10
I/QCameraHWI(  303): enableMsgType: X, msgType =0x10, mMsgEnabled=0xc1d
E/SmartFaceService(  862): Orientation: 0
E/SmartFaceService(  862): Calling onPreviewFrame: Thread[Scroll/Pause Worker,5,main]/1535510906
E/SmartFaceService(  862): Calling onPreviewFrame: Thread[Stay/Rotation Worker,5,main]/1535510907
D/DMCFaceEngine(  862): caSmartDP_DetermineFixedDevice : TmpFile making end /data/smart_stay_hash.dmc 
D/DMCFaceEngine(  862): caSmartDP_SmartStay result [-1] - [5.000000]
D/DMCFaceEngine(  862): caSmartDP_SmartStay : [5.000000] determine[212] result [-1]
E/SmartScreen_JNI(  862): processImage end : function time [ 217224 ] [-1] 
E/SmartFaceManager(  862): checkForSmartStay onInfo: 100: 0
E/SmartScreen_JNI(  862): processImage start : prev time [ 218231 ]
D/SmartScreen_JNI(  862): tmpfile : /data/smart_stay_hash.dmc
D/DMCFaceEngine(  862): NEON : 1
D/DMCFaceEngine(  862): caSmartDP_SmartStay orientation [0] count [1]
D/DMCFaceEngine(  862): caSmartDP_SmartStay : FUNCTION START img width 480, height 270 previous angle 0
D/DMCFaceEngine(  862): caSmartDP_SmartStay : loop Start with dir 1, width 270 and heighe 480
E/mm-camera-intf(  303): mm_camera_cmd_thread: cmd_type : 0
E/mm-camera(  285): [LizKK] afd_peak_ctrl_byluma: exp_index 250, exp_tbl_val: 400
D/ShotSingle(  303): CAMERA_MSG_PREVIEW_FRAME E
E/mm-camera(  285): afd_multiple_peaks max_peaks 1
D/DMCFaceEngine(  862): caFace_RunFaceDetection_SmartStayRotation : FaceDetection Start with width 270, heighe 480
D/DMCFaceEngine(  862): fd_find_run : Use A New Sensor ==========> 1 [270][480]
E/mm-camera(  285): afd_detect_flicker actual_peaks 0
E/mm-camera(  285): afd_detect_bands: flicker 0
E/mm-camera(  285): afd_algo_run: AFD success, std_width -1, flicker_freq 50
E/mm-camera(  285): sensor_client_set_params: cmd type: 1
I/EDMNativeHelperService(  862): isCameraEnabled
D/ShotSingle(  303): CAMERA_MSG_PREVIEW_FRAME X
D/SecCameraCoreManager(  303): disableMsgType: 0x10
E/QualcommCamera(  303): Qvoid android::disable_msg_type(camera_device*, int32_t): E
I/QCameraHWI(  303): disableMsgType: E
I/QCameraHWI(  303): disableMsgType: X, msgType =0x10, mMsgEnabled=0xc0d
E/Stay/Rotation Worker(  862): processSmartStay[192ms], ret: -1 needToStay: 0 mFrameCount: 0 mFixed: false
D/Stay/Rotation Worker(  862): handleMessage: 1
D/SecCamera-JNI-Java(  862): handleMessage: 16
D/SecCameraCoreManager(  303): enableMsgType: 0x10
I/QCameraHWI(  303): enableMsgType: E, msgType =0x10
I/QCameraHWI(  303): enableMsgType: X, msgType =0x10, mMsgEnabled=0xc1d
E/SmartFaceService(  862): Orientation: 0
E/SmartFaceService(  862): Calling onPreviewFrame: Thread[Scroll/Pause Worker,5,main]/1535510940
E/SmartFaceService(  862): Calling onPreviewFrame: Thread[Stay/Rotation Worker,5,main]/1535510940
D/DMCFaceEngine(  862): fd_find_run : Use A New Sensor ==========> 1 [270][480]
E/mm-camera-intf(  303): mm_camera_cmd_thread: cmd_type : 0
D/ShotSingle(  303): CAMERA_MSG_PREVIEW_FRAME E
I/EDMNativeHelperService(  862): isCameraEnabled
E/mm-camera(  285): sensor_client_set_params: cmd type: 1
D/ShotSingle(  303): CAMERA_MSG_PREVIEW_FRAME X
D/SecCameraCoreManager(  303): disableMsgType: 0x10
E/QualcommCamera(  303): Qvoid android::disable_msg_type(camera_device*, int32_t): E
I/QCameraHWI(  303): disableMsgType: E
I/QCameraHWI(  303): disableMsgType: X, msgType =0x10, mMsgEnabled=0xc0d
D/SecCamera-JNI-Java(  862): handleMessage: 16
D/SecCameraCoreManager(  303): enableMsgType: 0x10
I/QCameraHWI(  303): enableMsgType: E, msgType =0x10
I/QCameraHWI(  303): enableMsgType: X, msgType =0x10, mMsgEnabled=0xc1d
D/DMCFaceEngine(  862): fd_find_run : Use A New Sensor ==========> 1 [270][480]
E/SmartFaceService(  862): Orientation: 0
E/SmartFaceService(  862): Calling onPreviewFrame: Thread[Scroll/Pause Worker,5,main]/1535510973
E/SmartFaceService(  862): Calling onPreviewFrame: Thread[Stay/Rotation Worker,5,main]/1535510973
D/DMCFaceEngine(  862): caFace_RunFaceDetection_SmartStayRotation : Detected No Face
D/DMCFaceEngine(  862): caSmartDP_SmartStay : SINGLE EYE DETECTION LOOP START
D/DMCFaceEngine(  862): caSmartDP_SmartStay : single eye detection loop start _ dir 1
D/DMCFaceEngine(  862): caIF_RunEyeDetection_MCT_IRS : caIF_RunEyeDetection_MCT_IRS START
D/DMCFaceEngine(  862): caIF_RunEyeDetection_MCT_IRS : Width 180, Height 320
E/mm-camera-intf(  303): mm_camera_cmd_thread: cmd_type : 0
D/ShotSingle(  303): CAMERA_MSG_PREVIEW_FRAME E
I/EDMNativeHelperService(  862): isCameraEnabled
E/mm-camera(  285): sensor_client_set_params: cmd type: 1
D/ShotSingle(  303): CAMERA_MSG_PREVIEW_FRAME X
D/SecCameraCoreManager(  303): disableMsgType: 0x10
E/QualcommCamera(  303): Qvoid android::disable_msg_type(camera_device*, int32_t): E
I/QCameraHWI(  303): disableMsgType: E
I/QCameraHWI(  303): disableMsgType: X, msgType =0x10, mMsgEnabled=0xc0d
D/SecCamera-JNI-Java(  862): handleMessage: 16
D/SecCameraCoreManager(  303): enableMsgType: 0x10
I/QCameraHWI(  303): enableMsgType: E, msgType =0x10
I/QCameraHWI(  303): enableMsgType: X, msgType =0x10, mMsgEnabled=0xc1d
E/SmartFaceService(  862): Orientation: 0
E/SmartFaceService(  862): Calling onPreviewFrame: Thread[Scroll/Pause Worker,5,main]/1535511008
E/SmartFaceService(  862): Calling onPreviewFrame: Thread[Stay/Rotation Worker,5,main]/1535511008
E/mm-camera-intf(  303): mm_camera_cmd_thread: cmd_type : 0
D/ShotSingle(  303): CAMERA_MSG_PREVIEW_FRAME E
I/EDMNativeHelperService(  862): isCameraEnabled
E/mm-camera(  285): sensor_client_set_params: cmd type: 1
D/ShotSingle(  303): CAMERA_MSG_PREVIEW_FRAME X
D/SecCameraCoreManager(  303): disableMsgType: 0x10
E/QualcommCamera(  303): Qvoid android::disable_msg_type(camera_device*, int32_t): E
I/QCameraHWI(  303): disableMsgType: E
I/QCameraHWI(  303): disableMsgType: X, msgType =0x10, mMsgEnabled=0xc0d
D/SecCamera-JNI-Java(  862): handleMessage: 16
D/SecCameraCoreManager(  303): enableMsgType: 0x10
I/QCameraHWI(  303): enableMsgType: E, msgType =0x10
I/QCameraHWI(  303): enableMsgType: X, msgType =0x10, mMsgEnabled=0xc1d
E/SmartFaceService(  862): Orientation: 0
E/SmartFaceService(  862): Calling onPreviewFrame: Thread[Scroll/Pause Worker,5,main]/1535511041
E/SmartFaceService(  862): Calling onPreviewFrame: Thread[Stay/Rotation Worker,5,main]/1535511041
D/DMCFaceEngine(  862): caIF_RunEyeDetection_MCT_IRS : caIF_RunEyeDetection_MCT_IRS END
D/DMCFaceEngine(  862): caSmartDP_SmartStay : caFace_Aux_FindEyes_IRS time 66009
D/DMCFaceEngine(  862): caSmartDP_SmartStay : Single Eye Detection Fail dir 1
D/DMCFaceEngine(  862): caSmartDP_SmartStay : loop End ED dir 1 with nResult -1
D/DMCFaceEngine(  862): caSmartDP_SmartStay : SINGLE EYE DETECTION LOOP END with nResult -1
D/DMCFaceEngine(  862): caSmartDP_SmartStay : DETECT HUMAN FAIL
D/DMCFaceEngine(  862): caSmartDP_SmartStay : face : X[0] Y[0] W[0] H[0]
D/DMCFaceEngine(  862): caSmartDP_SmartStay : eye  : LX[0] LY[0] RX[0] RY[0]
E/SmartScreen_JNI(  862): processImage end : function time [ 192413 ] [-1] 
E/SmartFaceManager(  862): checkForSmartStay onInfo: 100: 0
E/SmartScreen_JNI(  862): processImage start : prev time [ 193085 ]
D/SmartScreen_JNI(  862): tmpfile : /data/smart_stay_hash.dmc
D/DMCFaceEngine(  862): NEON : 1
D/DMCFaceEngine(  862): caSmartDP_SmartStay orientation [0] count [2]
D/DMCFaceEngine(  862): caSmartDP_SmartStay : FUNCTION START img width 480, height 270 previous angle 0
E/Stay/Rotation Worker(  862): processSmartStay[126ms], ret: -1 needToStay: 0 mFrameCount: 1 mFixed: false
D/Stay/Rotation Worker(  862): handleMessage: 1
E/SmartFaceService(  862): unregister:1535511059
E/SmartFaceService(  862): unregister
E/SmartFaceService(  862): unregister client found. pid 862 servicetype: 100 AppName: system
D/DMCFaceEngine(  862): caSmartDP_SmartStay : loop Start with dir 1, width 270 and heighe 480
D/SecCameraCoreManager(  303): disableMsgType: 0x10
E/QualcommCamera(  303): Qvoid android::disable_msg_type(camera_device*, int32_t): E
I/QCameraHWI(  303): disableMsgType: E
I/QCameraHWI(  303): disableMsgType: X, msgType =0x10, mMsgEnabled=0xc0d
D/SecCameraCoreManager(  303): disableMsgType: 0x10
E/QualcommCamera(  303): Qvoid android::disable_msg_type(camera_device*, int32_t): E
I/QCameraHWI(  303): disableMsgType: E
I/QCameraHWI(  303): disableMsgType: X, msgType =0x10, mMsgEnabled=0xc0d
I/CameraClient(  303): stopPreview: Disable picture related messages 
D/SecCameraCoreManager(  303): disableMsgType: 0x3c2
E/QualcommCamera(  303): Qvoid android::disable_msg_type(camera_device*, int32_t): E
I/QCameraHWI(  303): disableMsgType: E
I/QCameraHWI(  303): disableMsgType: X, msgType =0x3c2, mMsgEnabled=0xc0d
D/SecCameraCoreManager(  303): stopPreview
D/SecCameraCoreManager(  303): virtual void android::SecCameraCoreManager::stopPreview():stop IT Policy checking thread
D/DMCFaceEngine(  862): caFace_RunFaceDetection_SmartStayRotation : FaceDetection Start with width 270, heighe 480
D/DMCFaceEngine(  862): fd_find_run : Use A New Sensor ==========> 1 [270][480]
E/SmartFaceService(  862): send LastServiecTypeFromClient to scroll pause worker: 0
E/SmartFaceService(  862): mLightIntensityEnough: true mLux: 0.0
D/Scroll/Pause Worker(  862): updateClientsDone.
D/Stay/Rotation Worker(  862): updateClientsDone. def. do nothing.
E/SmartFaceService(  862): Service Type to Worker: 0
E/SmartFaceService(  862): Last Active clients:1 Current Active clients: 0
E/SmartFaceService(  862): Last Smart Pause clients: 0 Current Smart Pause clients: 0
E/SmartFaceService(  862): No active clients. close camera
E/CameraController(  862): closeCamera S
E/CameraController(  862): sendMessageAndWait, lock.lock before
E/CameraController(  862): sendMessageAndWait, lock.lock after
E/CameraController(  862): Wait for 0
E/CameraController(  862): waitHere, condition var. will be used. related lock release and re-acquired after await done.
E/CameraController(  862): handleMessage(0) before lock{ when=-1ms what=0 target=com.samsung.android.smartface.CameraController$EventHandler }
E/CameraController(  862): handleMessage, lock.lock after
E/CameraController(  862): handleMessage(0) after lock{ when=-1ms what=0 target=com.samsung.android.smartface.CameraController$EventHandler }
E/mm-camera(  285): sensor_client_set_params: cmd type: 1
E/mm-camera-intf(  303): mm_camera_cmd_thread: cmd_type : 0
D/DMCFaceEngine(  862): fd_find_run : Use A New Sensor ==========> 1 [270][480]
E/mm-camera-intf(  303): mm_camera_cmd_thread: cmd_type : 0
D/DMCFaceEngine(  862): fd_find_run : Use A New Sensor ==========> 1 [270][480]
E/mm-camera(  285): sensor_client_set_params: cmd type: 1
D/DMCFaceEngine(  862): caFace_RunFaceDetection_SmartStayRotation : Detected No Face
D/DMCFaceEngine(  862): caSmartDP_SmartStay : SINGLE EYE DETECTION LOOP START
D/DMCFaceEngine(  862): caSmartDP_SmartStay : single eye detection loop start _ dir 1
D/DMCFaceEngine(  862): caIF_RunEyeDetection_MCT_IRS : caIF_RunEyeDetection_MCT_IRS START
D/DMCFaceEngine(  862): caIF_RunEyeDetection_MCT_IRS : Width 180, Height 320
E/mm-camera-intf(  303): mm_camera_cmd_thread: cmd_type : 0
E/mm-camera(  285): sensor_client_set_params: cmd type: 1
D/DMCFaceEngine(  862): caIF_RunEyeDetection_MCT_IRS : caIF_RunEyeDetection_MCT_IRS END
D/DMCFaceEngine(  862): caSmartDP_SmartStay : caFace_Aux_FindEyes_IRS time 40528
D/DMCFaceEngine(  862): caSmartDP_SmartStay : Single Eye Detection Fail dir 1
D/DMCFaceEngine(  862): caSmartDP_SmartStay : loop End ED dir 1 with nResult -1
D/DMCFaceEngine(  862): caSmartDP_SmartStay : SINGLE EYE DETECTION LOOP END with nResult -1
D/ShotSingle(  303): stopPreview
E/QualcommCamera(  303): Qvoid android::disable_msg_type(camera_device*, int32_t): E
I/QCameraHWI(  303): disableMsgType: E
I/QCameraHWI(  303): disableMsgType: X, msgType =0x3c2, mMsgEnabled=0xc0d
V/ShotSingle(  303): stopPreview(1)
E/QualcommCamera(  303): Qvoid android::stop_preview(camera_device*): E
I/QCameraHWI(  303): stopPreview: stopPreview: E
I/QCameraHWI(  303): cancelPictureInternal: E mPreviewState=2
D/QCameraHWI(  303): sendCmd: enqueue cmd 2
E/QCameraHWI(  303): enqueue: queue size = 1
D/QCameraHWI(  303): sendCmd: waiting start! 
D/QCameraHWI(  303): dataProcessRoutine: get cmd 2
D/QCameraHWI(  303): sendCmd: waiting end! 
D/QCameraHWI(  303): sendCmd: enqueue cmd 2
E/QCameraHWI(  303): enqueue: queue size = 1
E/QCameraHWI(  303): isZSLMode, isZSLMode = 0
E/QCameraHWI(  303): cancelPictureInternal : destroy_stream_bundle of snapshot & thumbnail
D/QCameraStream(  303): streamOff: mActive = 0, streamid = 0, image_mode = 2
E/QCameraStream(  303): streamOff: Stream:0 is not active
D/QCameraStream(  303): streamOff: mActive = 0, streamid = 0, image_mode = 3
E/QCameraStream(  303): streamOff: Stream:0 is not active
D/QCameraStream(  303): deinitStream: E, mActive = 0, mInit = 0, streamid = 0, image_mode = 2
D/QCameraStream(  303): deinitStream: E, mActive = 0, mInit = 0, streamid = 0, image_mode = 3
I/QCameraHWI(  303): cancelPictureInternal: X (success)
D/DMCFaceEngine(  862): caSmartDP_SmartStay : DETECT HUMAN FAIL
I/QCameraHWI(  303): stopPreviewInternal: E
E/QCameraHWI(  303): isZSLMode, isZSLMode = 0
D/DMCFaceEngine(  862): caSmartDP_SmartStay : face : X[0] Y[0] W[0] H[0]
D/DMCFaceEngine(  862): caSmartDP_SmartStay : eye  : LX[0] LY[0] RX[0] RY[0]
D/QCameraStream(  303): streamOff: mActive = 1, streamid = 716544, image_mode = 0
D/QCameraHWI(  303): dataNotifyRoutine: get cmd 2
E/SmartScreen_JNI(  862): processImage end : function time [ 165832 ] [-1] 
E/mm-camera(  285): camera_plugin_client_isp_timing_notify_to_plugin: timing event 2
E/Stay/Rotation Worker(  862): processSmartStay[107ms], ret: -1 needToStay: 0 mFrameCount: 2 mFixed: false
E/mm-camera(  285): sensor_client_set_params: cmd type: 1
E/mm-camera(  285): sensor_client_set_params: cmd type: 1
E/mm-camera-intf(  303): 
E/mm-camera-intf(  303): mm_camera_cmd_thread_stop: enqueue cmd_type : 3
E/mm-camera-intf(  303): mm_camera_cmd_thread: cmd_type : 3
E/mm-camera-intf(  303): mm_camera_cmd_thread:191, exited
E/mm-camera(  285): cam_mctl_thread: Woke up Socket fd
E/mm-camera(  285): mctl_divert_socket_recvmsg: Receieved msg_type=1
E/QCameraHWI(  303): putBuf: E
I/QCameraHWI_Preview(  303):  freeBufferNoDisplay : E 
E/QCameraHWI(  303): Release 0x8fbcf8dc
E/mm-camera(  285): cam_mctl_thread: Woke up Socket fd
E/mm-camera(  285): mctl_divert_socket_recvmsg: Receieved msg_type=1
E/mm-camera(  285): cam_mctl_thread: Woke up Socket fd
E/mm-camera(  285): mctl_divert_socket_recvmsg: Receieved msg_type=1
E/mm-camera(  285): cam_mctl_thread: Woke up Socket fd
E/mm-camera(  285): mctl_divert_socket_recvmsg: Receieved msg_type=1
E/mm-camera(  285): cam_mctl_thread: Woke up Socket fd
E/mm-camera(  285): mctl_divert_socket_recvmsg: Receieved msg_type=1
E/mm-camera(  285): cam_mctl_thread: Woke up Socket fd
E/mm-camera(  285): mctl_divert_socket_recvmsg: Receieved msg_type=1
E/mm-camera(  285): cam_mctl_thread: Woke up Socket fd
E/mm-camera(  285): mctl_divert_socket_recvmsg: Receieved msg_type=1
E/mm-camera(  285): cam_mctl_thread: Woke up Socket fd
E/mm-camera(  285): mctl_divert_socket_recvmsg: Receieved msg_type=1
E/mm-camera(  285): cam_mctl_thread: Woke up Socket fd
E/mm-camera(  285): mctl_divert_socket_recvmsg: Receieved msg_type=1
E/mm-camera(  285): cam_mctl_thread: Woke up Socket fd
E/mm-camera(  285): mctl_divert_socket_recvmsg: Receieved msg_type=1
E/mm-camera(  285): cam_mctl_thread: Woke up Socket fd
E/mm-camera(  285): mctl_divert_socket_recvmsg: Receieved msg_type=1
E/mm-camera(  285): cam_mctl_thread: Woke up Socket fd
E/mm-camera(  285): mctl_divert_socket_recvmsg: Receieved msg_type=1
I/QCameraHWI_Preview(  303):  freeBufferNoDisplay : X 
E/QCameraHWI(  303): putBuf: X
D/QCameraStream(  303): streamOff: X, mActive = 0, mInit = 1, streamid = 716544, image_mode = 0
D/QCameraStream(  303): streamOff: mActive = 0, streamid = 0, image_mode = 2
E/QCameraStream(  303): streamOff: Stream:0 is not active
E/QCameraHWI(  303): isZSLMode, isZSLMode = 0
D/QCameraStream(  303): deinitStream: E, mActive = 0, mInit = 0, streamid = 0, image_mode = 2
D/QCameraStream(  303): deinitStream: E, mActive = 0, mInit = 0, streamid = 0, image_mode = 1
D/QCameraStream(  303): deinitStream: E, mActive = 0, mInit = 1, streamid = 716544, image_mode = 0
D/QCameraStream(  303): deinitStream: X, mActive = 0, mInit = 0, streamid = 0, image_mode = 0
I/QCameraHWI(  303): stopPreviewInternal: X
I/QCameraHWI(  303): stopPreview: X, mPreviewState = 0
I/SecCamera-JNI-Java(  862): stopPreview
D/SecCameraCoreManager(  303): disableMsgType: 0x10
E/QualcommCamera(  303): Qvoid android::disable_msg_type(camera_device*, int32_t): E
I/QCameraHWI(  303): disableMsgType: E
I/QCameraHWI(  303): disableMsgType: X, msgType =0x10, mMsgEnabled=0xc0d
D/SecCameraCoreManager(  303): disableMsgType: 0xffffffff
E/QualcommCamera(  303): Qvoid android::disable_msg_type(camera_device*, int32_t): E
I/QCameraHWI(  303): disableMsgType: E
I/QCameraHWI(  303): disableMsgType: X, msgType =0xffffffff, mMsgEnabled=0x0
D/SecCameraCoreManager(  303): stopPreview
D/ShotSingle(  303): stopPreview
E/QualcommCamera(  303): Qvoid android::disable_msg_type(camera_device*, int32_t): E
I/QCameraHWI(  303): disableMsgType: E
I/QCameraHWI(  303): disableMsgType: X, msgType =0x3c2, mMsgEnabled=0x0
V/ShotSingle(  303): stopPreview(1)
E/QualcommCamera(  303): Qvoid android::stop_preview(camera_device*): E
I/QCameraHWI(  303): stopPreview: stopPreview: E
E/SmartFaceService(  862): Clear worker messages
I/QCameraHWI(  303): stopPreview: X, mPreviewState = 0
D/SecCameraCoreManager(  303): cancelPicture
E/QualcommCamera(  303): Qint android::cancel_picture(camera_device*): E
I/QCameraHWI(  303): cancelPicture: E, mPreviewState = 0
I/QCameraHWI(  303): cancelPicture: X (success)
D/SecCameraCoreManager(  303): release
D/SecCameraCoreManager(  303): virtual void android::SecCameraCoreManager::release(): release IT policy checking thread
E/QualcommCamera(  303): Qvoid android::release(camera_device*): E
I/QCameraHWI(  303): release: E
I/QCameraHWI(  303): release: wait for complete encode callback. time is 0ms
I/QCameraHWI(  303): release: X
D/SecCameraCoreManager(  303): SecCameraCoreManager destroyed: pid=303
I/ShotSingle(  303): ShotSingle destroyed: pid=303
I/ShotSingle(  303): Wait for compressed image callback to be done.
I/ShotSingle(  303): Wait done. (0s. 0ms.) with [0, 22]
I/ShotCommon(  303): ShotCommon destroyed: pid=303
D/SecCameraCoreManager(  303): SecCameraCoreManager destroyed: before mHardware.clear()
I/SecCameraCoreManager(  303): Destroying camera 1
E/QualcommCamera(  303): Qint android::close_camera_device(hw_device_t*): device =0x8fb25ee0 E
I/QCameraHWI(  303): ~QCameraHardwareInterface: E
I/QCameraHWI(  303): stopPreview: stopPreview: E
I/QCameraHWI(  303): stopPreview: X, mPreviewState = 0
E/mm-still-omx(  303): mm_jpeg_close: E
E/mm-still-omx(  303): mm_jpeg_close: abort ongoing jobs
E/mm-still-omx(  303): mm_jpeg_close: abort todo jobs
E/mm-still-omx(  303): mm_jpeg_close: abort done jobs in cb threads
E/mm-still-omx(  303): mm_jpeg_close: X
I/mm-still-omx(  303): deinit:E
I/mm-still-omx(  303): jpegStop : E
I/mm-still-omx(  303): jpegStop :X
I/mm-still-omx(  303): releaseOMXBuffers :E
I/mm-still-omx(  303): releaseOMXBuffers :X
I/mm-still-omx(  303): deinit:X
I/mm-still-omx(  303): release:E
I/mm-still-omx(  303): release:X
E/mm-still-omx(  303): mm_jpeg_jobmgr_thread: jpeg encoder input queue 1
D/QCameraHWI(  303): sendCmd: enqueue cmd 6
E/QCameraHWI(  303): enqueue: queue size = 1
D/QCameraHWI(  303): dataNotifyRoutine: get cmd 6
I/QCameraHWI(  303): dataNotifyRoutine: X
D/QCameraHWI(  303): sendCmd: enqueue cmd 6
E/QCameraHWI(  303): enqueue: queue size = 1
D/QCameraHWI(  303): dataProcessRoutine: get cmd 6
I/QCameraHWI(  303): dataProcessRoutine: X
I/QCameraHWI(  303): deInitHistogramBuffers E
I/QCameraHWI(  303): deInitHistogramBuffers Histogram buffers not active. return. 
D/QCameraHWI_Preview(  303): release : BEGIN
E/QCameraHWI_Preview(  303): virtual void android::QCameraStream_preview::release() : Stream not Initalized
D/QCameraHWI_Preview(  303): ~QCameraStream_preview: E
D/QCameraHWI_Preview(  303): ~QCameraStream_preview: X
E/QCameraHWI_Record(  303): virtual void android::QCameraStream_record::release() : Stream not Initalized
D/QCameraHWI_Record(  303): ~QCameraStream_record: BEGIN
D/QCameraHWI_Record(  303): ~QCameraStream_record: END
D/QCameraStream(  303): streamOff: mActive = 0, streamid = 0, image_mode = 2
E/QCameraStream(  303): streamOff: Stream:0 is not active
D/QCameraStream(  303): deinitStream: E, mActive = 0, mInit = 0, streamid = 0, image_mode = 2
D/QCameraStream(  303): streamOff: mActive = 0, streamid = 0, image_mode = 2
E/QCameraStream(  303): streamOff: Stream:0 is not active
D/QCameraStream(  303): deinitStream: E, mActive = 0, mInit = 0, streamid = 0, image_mode = 2
E/mm-camera-intf(  303): 
E/mm-camera-intf(  303): mm_camera_cmd_thread_stop: enqueue cmd_type : 3
E/mm-camera-intf(  303): mm_camera_cmd_thread: cmd_type : 3
E/mm-camera-intf(  303): mm_camera_cmd_thread:191, exited
E/mm-camera-intf(  303): 
E/mm-camera-intf(  303): mm_camera_cmd_thread_stop: enqueue cmd_type : 3
E/mm-camera-intf(  303): mm_camera_cmd_thread: cmd_type : 3
E/mm-camera-intf(  303): mm_camera_cmd_thread:191, exited
E/mm-camera(  285): config_shutdown_pp Camera not in streaming mode. Returning. 
E/mm-camera(  285): sensor_client_set_params: cmd type: 12
E/mm-camera(  285): vfe_ops_deinit: E
E/mm-camera(  285): mctl_stats_deinit_ops, E p_cfg_ctrl->ion_dev_fd: 13
I/QCameraHWI(  303): ~QCameraHardwareInterface: X
D/SecCameraCoreManager(  303): SecCameraCoreManager destroyed: after mHardware.clear()
D/PhoneStatusBar( 2470): updateIcon slot=smart_scroll index=7 viewIndex=0 old=StatusBarIcon(pkg=androiduser=0 id=0x1080782 level=0 visible=true num=0 ) icon=StatusBarIcon(pkg=androiduser=0 id=0x1080782 level=0 visible=false num=0 )
E/SmartFaceManager(  862): checkForSmartStay X: false
E/CameraController(  862): handleMessage signal: 0
E/CameraController(  862): handleMessage(0) before let go!{ when=-412ms what=0 target=com.samsung.android.smartface.CameraController$EventHandler }
E/CameraController(  862): handleMessage(0) after let go!{ when=-412ms what=0 target=com.samsung.android.smartface.CameraController$EventHandler }
E/CameraController(  862): handleMessage, lock.unlock before
E/CameraController(  862): handleMessage(0) after unlock{ when=-413ms what=0 target=com.samsung.android.smartface.CameraController$EventHandler }
E/CameraController(  862): waitHere, 413ms
E/CameraController(  862): Wait for 0 DONE!
E/CameraController(  862): sendMessageAndWait, lock.unlock before
E/CameraController(  862): sendMessageAndWait, lock.unlock after
E/CameraController(  862): closeCamera E
D/StatusBarManagerService(  862): setIconVisibility slot=smart_scroll visible=false
D/SmartFaceIndicator(  862): no icon
W/PowerManagerService(  862): [smart stay] updateUserActivitySummaryLocked : don't have time to smart stay
E/SmartFaceService(  862): mWakeLock.release() in FD
D/PowerManagerService(  862): [smart stay] faceDetect : bFaceDetected : false
D/PowerManagerService(  862): [smart stay] handleSmartStay : mFaceDetected : false
V/MediaPlayer(  303): disconnect
V/MediaPlayerService(  303): disconnect(2795) from pid 862
V/StagefrightPlayer(  303): reset
V/AwesomePlayer(  303): reset_l()
V/AwesomePlayer(  303): notifyListner_l() msg (8-MEDIA_STOPPED), ext1 (0), ext2 (0)
V/AwesomePlayer(  303): cancelPlayerEvents (keepNotifications=0)
V/AwesomePlayer(  303): mAudioTrackVector clear
V/AwesomePlayer(  303): reset_l() stop AudioSource since AudioPlayer not exist
I/OMXCodec(  303): [OMX.google.vorbis.decoder] stop mState=4
I/OMXCodec(  303): [OMX.google.vorbis.decoder] stop() sendCommand(0x21c4, OMX_CommandStateSet, OMX_StateIdle)
I/OMXCodec(  303): [OMX.google.vorbis.decoder] Now Idle. Component sends idle done Event 
I/OMXCodec(  303): [OMX.google.vorbis.decoder] stopOmxComponent_l() mstate = 1
I/OggExtractor(  303): OggSource::stop() mExtractor ref count = 1
I/OggExtractor(  303): OggSource::~OggSource() mExtractor !mStarted ref count = 1
I/OggExtractor(  303): ~OggSource --
I/OggExtractor(  303): ~OggExtractor ++
I/OggExtractor(  303): ~MyVorbisExtractor ++ 
I/OggExtractor(  303): ~MyVorbisExtractor --
I/OggExtractor(  303): ~OggExtractor --
V/AwesomePlayer(  303): reset_l() mAudioPlayer successfully deleted
I/SecVideoCapture(  303): SecVideoCapture destructor
I/SecVideoCapture(  303): reset
V/AwesomePlayer(  303): mSecCapture clear
I/SecMediaClock(  303): SecMediaClock destructor
V/AwesomePlayer(  303): mSecMediaClock clear
V/StagefrightPlayer(  303): ~StagefrightPlayer
V/StagefrightPlayer(  303): reset
V/AwesomePlayer(  303): reset_l()
V/AwesomePlayer(  303): notifyListner_l() msg (8-MEDIA_STOPPED), ext1 (0), ext2 (0)
V/AwesomePlayer(  303): cancelPlayerEvents (keepNotifications=0)
V/AwesomePlayer(  303): mAudioTrackVector clear
V/AwesomePlayer(  303): reset_l() mAudioPlayer successfully deleted
V/AwesomePlayer(  303): mSecCapture clear
V/AwesomePlayer(  303): mSecMediaClock clear
V/AwesomePlayer(  303): destructor
V/AwesomePlayer(  303): reset_l()
V/AwesomePlayer(  303): notifyListner_l() msg (8-MEDIA_STOPPED), ext1 (0), ext2 (0)
V/AwesomePlayer(  303): cancelPlayerEvents (keepNotifications=0)
V/AwesomePlayer(  303): mAudioTrackVector clear
V/AwesomePlayer(  303): reset_l() mAudioPlayer successfully deleted
V/AwesomePlayer(  303): mSecCapture clear
V/AwesomePlayer(  303): mSecMediaClock clear
V/MediaPlayerService(  303): Client(2795) destructor pid = 862
V/AudioSink(  303): close
V/AudioSink(  303): --- close
V/MediaPlayerService(  303): disconnect(2795) from pid 862
V/MediaPlayer(  303): destructor
V/MediaPlayer(  303): disconnect
V/MediaPlayer(  303): disconnect
V/MediaPlayerService(  303): disconnect(2796) from pid 862
V/StagefrightPlayer(  303): reset
V/AwesomePlayer(  303): reset_l()
V/AwesomePlayer(  303): notifyListner_l() msg (8-MEDIA_STOPPED), ext1 (0), ext2 (0)
V/AwesomePlayer(  303): cancelPlayerEvents (keepNotifications=0)
V/AwesomePlayer(  303): mAudioTrackVector clear
V/AwesomePlayer(  303): reset_l() stop AudioSource since AudioPlayer not exist
I/OMXCodec(  303): [OMX.google.vorbis.decoder] stop mState=4
I/OMXCodec(  303): [OMX.google.vorbis.decoder] stop() sendCommand(0x21c5, OMX_CommandStateSet, OMX_StateIdle)
I/OMXCodec(  303): [OMX.google.vorbis.decoder] Now Idle. Component sends idle done Event 
I/OMXCodec(  303): [OMX.google.vorbis.decoder] stopOmxComponent_l() mstate = 1
I/OggExtractor(  303): OggSource::stop() mExtractor ref count = 1
I/OggExtractor(  303): OggSource::~OggSource() mExtractor !mStarted ref count = 1
I/OggExtractor(  303): ~OggSource --
I/OggExtractor(  303): ~OggExtractor ++
I/OggExtractor(  303): ~MyVorbisExtractor ++ 
I/OggExtractor(  303): ~MyVorbisExtractor --
I/OggExtractor(  303): ~OggExtractor --
V/AwesomePlayer(  303): reset_l() mAudioPlayer successfully deleted
I/SecVideoCapture(  303): SecVideoCapture destructor
I/SecVideoCapture(  303): reset
V/AwesomePlayer(  303): mSecCapture clear
I/SecMediaClock(  303): SecMediaClock destructor
V/AwesomePlayer(  303): mSecMediaClock clear
V/StagefrightPlayer(  303): ~StagefrightPlayer
V/StagefrightPlayer(  303): reset
V/AwesomePlayer(  303): reset_l()
V/AwesomePlayer(  303): notifyListner_l() msg (8-MEDIA_STOPPED), ext1 (0), ext2 (0)
V/AwesomePlayer(  303): cancelPlayerEvents (keepNotifications=0)
V/AwesomePlayer(  303): mAudioTrackVector clear
V/AwesomePlayer(  303): reset_l() mAudioPlayer successfully deleted
V/AwesomePlayer(  303): mSecCapture clear
V/AwesomePlayer(  303): mSecMediaClock clear
V/AwesomePlayer(  303): destructor
V/AwesomePlayer(  303): reset_l()
V/AwesomePlayer(  303): notifyListner_l() msg (8-MEDIA_STOPPED), ext1 (0), ext2 (0)
V/AwesomePlayer(  303): cancelPlayerEvents (keepNotifications=0)
V/AwesomePlayer(  303): mAudioTrackVector clear
V/AwesomePlayer(  303): reset_l() mAudioPlayer successfully deleted
V/AwesomePlayer(  303): mSecCapture clear
V/AwesomePlayer(  303): mSecMediaClock clear
V/MediaPlayerService(  303): Client(2796) destructor pid = 862
V/AudioSink(  303): close
V/AudioSink(  303): --- close
V/MediaPlayerService(  303): disconnect(2796) from pid 862
V/MediaPlayer(  303): destructor
V/MediaPlayer(  303): disconnect
V/MediaPlayer(  303): disconnect
V/MediaPlayerService(  303): disconnect(2797) from pid 862
V/StagefrightPlayer(  303): reset
V/AwesomePlayer(  303): reset_l()
V/AwesomePlayer(  303): notifyListner_l() msg (8-MEDIA_STOPPED), ext1 (0), ext2 (0)
V/AwesomePlayer(  303): cancelPlayerEvents (keepNotifications=0)
V/AwesomePlayer(  303): mAudioTrackVector clear
V/AwesomePlayer(  303): reset_l() stop AudioSource since AudioPlayer not exist
I/OMXCodec(  303): [OMX.google.vorbis.decoder] stop mState=4
I/OMXCodec(  303): [OMX.google.vorbis.decoder] stop() sendCommand(0x21c6, OMX_CommandStateSet, OMX_StateIdle)
I/OMXCodec(  303): [OMX.google.vorbis.decoder] Now Idle. Component sends idle done Event 
I/OMXCodec(  303): [OMX.google.vorbis.decoder] stopOmxComponent_l() mstate = 1
I/OggExtractor(  303): OggSource::stop() mExtractor ref count = 1
I/OggExtractor(  303): OggSource::~OggSource() mExtractor !mStarted ref count = 1
I/OggExtractor(  303): ~OggSource --
I/OggExtractor(  303): ~OggExtractor ++
I/OggExtractor(  303): ~MyVorbisExtractor ++ 
I/OggExtractor(  303): ~MyVorbisExtractor --
I/OggExtractor(  303): ~OggExtractor --
V/AwesomePlayer(  303): reset_l() mAudioPlayer successfully deleted
I/SecVideoCapture(  303): SecVideoCapture destructor
I/SecVideoCapture(  303): reset
V/AwesomePlayer(  303): mSecCapture clear
I/SecMediaClock(  303): SecMediaClock destructor
V/AwesomePlayer(  303): mSecMediaClock clear
V/StagefrightPlayer(  303): ~StagefrightPlayer
V/StagefrightPlayer(  303): reset
V/AwesomePlayer(  303): reset_l()
V/AwesomePlayer(  303): notifyListner_l() msg (8-MEDIA_STOPPED), ext1 (0), ext2 (0)
V/AwesomePlayer(  303): cancelPlayerEvents (keepNotifications=0)
V/AwesomePlayer(  303): mAudioTrackVector clear
V/AwesomePlayer(  303): reset_l() mAudioPlayer successfully deleted
V/AwesomePlayer(  303): mSecCapture clear
V/AwesomePlayer(  303): mSecMediaClock clear
V/AwesomePlayer(  303): destructor
V/AwesomePlayer(  303): reset_l()
V/AwesomePlayer(  303): notifyListner_l() msg (8-MEDIA_STOPPED), ext1 (0), ext2 (0)
V/AwesomePlayer(  303): cancelPlayerEvents (keepNotifications=0)
V/AwesomePlayer(  303): mAudioTrackVector clear
V/AwesomePlayer(  303): reset_l() mAudioPlayer successfully deleted
V/AwesomePlayer(  303): mSecCapture clear
V/AwesomePlayer(  303): mSecMediaClock clear
V/MediaPlayerService(  303): Client(2797) destructor pid = 862
V/AudioSink(  303): close
V/AudioSink(  303): --- close
V/MediaPlayerService(  303): disconnect(2797) from pid 862
V/MediaPlayer(  303): destructor
V/MediaPlayer(  303): disconnect
D/StatusBar.NetworkController( 2470): refreshViews connected={ wifi } level=2 combinedSignalIconId=0x7f020518/com.android.systemui:drawable/stat_sys_wifi_signal_2 mobileLabel=AT&T wifiLabel="UO Secure"xxxxXXXXxxxxXXXX emergencyOnly=false combinedLabel="UO Secure"xxxxXXXXxxxxXXXX mAirplaneMode=false mDataActivity=3 mPhoneSignalIconId=0x7f020610/com.android.systemui:drawable/tw_stat_sys_5_level_signal_2 mQSPhoneSignalIconId=0x7f02012a/com.android.systemui:drawable/ic_qs_signal_2 mDataDirectionIconId=0x0/(null) mDataSignalIconId=0x7f020610/com.android.systemui:drawable/tw_stat_sys_5_level_signal_2 mDataTypeIconId=0x7f02032e/com.android.systemui:drawable/stat_sys_data_connected_lte_att mQSDataTypeIconId=0x0/(null) mNoSimIconId=0x0/(null) mWifiIconId=0x7f020518/com.android.systemui:drawable/stat_sys_wifi_signal_2 mQSWifiIconId=0x7f020141/com.android.systemui:drawable/ic_qs_wifi_2 mWifiActivityIconId=0x7f0204ed/com.android.systemui:drawable/stat_sys_signal_in mBluetoothTetherIconId=0x10808cc/android:drawable/stat_sys_tether_bluetooth
D/STATUSBAR-WifiQuickSettingButton( 2470): onWifiSignalChanged enabled=true enabledDesc:"UO Secure"
D/StatusBar.NetworkController( 2470): refreshSignalCluster - setNWBoosterIndicators(false)
D/StatusBar.NetworkController( 2470): applyOpen
D/StatusBar.NetworkController( 2470): refreshSignalCluster - setNWBoosterIndicators(false)
D/StatusBar.NetworkController( 2470): applyOpen
D/StatusBar.NetworkController( 2470): refreshSignalCluster - setNWBoosterIndicators(false)
D/StatusBar.NetworkController( 2470): applyOpen
D/StatusBar.NetworkController( 2470): refreshSignalCluster - setNWBoosterIndicators(false)
D/StatusBar.NetworkController( 2470): applyOpen
D/StatusBar.NetworkController( 2470): refreshViews connected={ wifi } level=2 combinedSignalIconId=0x7f020518/com.android.systemui:drawable/stat_sys_wifi_signal_2 mobileLabel=AT&T wifiLabel="UO Secure"xxxxXXXXxxxxXXXX emergencyOnly=false combinedLabel="UO Secure"xxxxXXXXxxxxXXXX mAirplaneMode=false mDataActivity=3 mPhoneSignalIconId=0x7f020610/com.android.systemui:drawable/tw_stat_sys_5_level_signal_2 mQSPhoneSignalIconId=0x7f02012a/com.android.systemui:drawable/ic_qs_signal_2 mDataDirectionIconId=0x0/(null) mDataSignalIconId=0x7f020610/com.android.systemui:drawable/tw_stat_sys_5_level_signal_2 mDataTypeIconId=0x7f02032e/com.android.systemui:drawable/stat_sys_data_connected_lte_att mQSDataTypeIconId=0x0/(null) mNoSimIconId=0x0/(null) mWifiIconId=0x7f020518/com.android.systemui:drawable/stat_sys_wifi_signal_2 mQSWifiIconId=0x7f020141/com.android.systemui:drawable/ic_qs_wifi_2 mWifiActivityIconId=0x7f0204ed/com.android.systemui:drawable/stat_sys_signal_in mBluetoothTetherIconId=0x10808cc/android:drawable/stat_sys_tether_bluetooth
D/STATUSBAR-WifiQuickSettingButton( 2470): onWifiSignalChanged enabled=true enabledDesc:"UO Secure"
D/PowerManagerService(  862): [s] UserActivityState : 1 -> 2
D/DisplayPowerController(  862): getFinalBrightness : 10 -> 10
D/DisplayPowerController(  862): animation target = 10, rate=2000 (PSM:false, AB limit:(-1 ~ -1) MB Limit:(-1 ~ -1) MAdj:(0, (0, 255)))
D/PowerManagerService(  862): [s] DisplayPowerCallbacks : onStateChanged()
D/lights  (  862): lcd : 66 +
D/lights  (  862): lcd : 66 -
D/lights  (  862): lcd : 33 +
D/DisplayPowerController(  862): getFinalBrightness : 10 -> 10
D/DisplayPowerController(  862): animation target = 10, rate=2000 (PSM:false, AB limit:(-1 ~ -1) MB Limit:(-1 ~ -1) MAdj:(0, (0, 255)))
D/lights  (  862): lcd : 33 -
D/lights  (  862): lcd : 10 +
D/lights  (  862): lcd : 10 -
D/DisplayPowerController(  862): getFinalBrightness : 10 -> 10
D/DisplayPowerController(  862): animation target = 10, rate=2000 (PSM:false, AB limit:(-1 ~ -1) MB Limit:(-1 ~ -1) MAdj:(0, (0, 255)))
D/StatusBar.NetworkController( 2470): refreshViews connected={ wifi } level=2 combinedSignalIconId=0x7f020518/com.android.systemui:drawable/stat_sys_wifi_signal_2 mobileLabel=AT&T wifiLabel="UO Secure"xxxxXXXXxxxxXXXX emergencyOnly=false combinedLabel="UO Secure"xxxxXXXXxxxxXXXX mAirplaneMode=false mDataActivity=3 mPhoneSignalIconId=0x7f020610/com.android.systemui:drawable/tw_stat_sys_5_level_signal_2 mQSPhoneSignalIconId=0x7f02012a/com.android.systemui:drawable/ic_qs_signal_2 mDataDirectionIconId=0x0/(null) mDataSignalIconId=0x7f020610/com.android.systemui:drawable/tw_stat_sys_5_level_signal_2 mDataTypeIconId=0x7f02032e/com.android.systemui:drawable/stat_sys_data_connected_lte_att mQSDataTypeIconId=0x0/(null) mNoSimIconId=0x0/(null) mWifiIconId=0x7f020518/com.android.systemui:drawable/stat_sys_wifi_signal_2 mQSWifiIconId=0x7f020141/com.android.systemui:drawable/ic_qs_wifi_2 mWifiActivityIconId=0x7f0204ed/com.android.systemui:drawable/stat_sys_signal_in mBluetoothTetherIconId=0x10808cc/android:drawable/stat_sys_tether_bluetooth
D/STATUSBAR-WifiQuickSettingButton( 2470): onWifiSignalChanged enabled=true enabledDesc:"UO Secure"
D/StatusBar.NetworkController( 2470): refreshViews connected={ wifi } level=2 combinedSignalIconId=0x7f020518/com.android.systemui:drawable/stat_sys_wifi_signal_2 mobileLabel=AT&T wifiLabel="UO Secure"xxxxXXXXxxxxXXXX emergencyOnly=false combinedLabel="UO Secure"xxxxXXXXxxxxXXXX mAirplaneMode=false mDataActivity=3 mPhoneSignalIconId=0x7f020610/com.android.systemui:drawable/tw_stat_sys_5_level_signal_2 mQSPhoneSignalIconId=0x7f02012a/com.android.systemui:drawable/ic_qs_signal_2 mDataDirectionIconId=0x0/(null) mDataSignalIconId=0x7f020610/com.android.systemui:drawable/tw_stat_sys_5_level_signal_2 mDataTypeIconId=0x7f02032e/com.android.systemui:drawable/stat_sys_data_connected_lte_att mQSDataTypeIconId=0x0/(null) mNoSimIconId=0x0/(null) mWifiIconId=0x7f020518/com.android.systemui:drawable/stat_sys_wifi_signal_2 mQSWifiIconId=0x7f020141/com.android.systemui:drawable/ic_qs_wifi_2 mWifiActivityIconId=0x7f0204ed/com.android.systemui:drawable/stat_sys_signal_in mBluetoothTetherIconId=0x10808cc/android:drawable/stat_sys_tether_bluetooth
D/STATUSBAR-WifiQuickSettingButton( 2470): onWifiSignalChanged enabled=true enabledDesc:"UO Secure"
D/StatusBar.NetworkController( 2470): refreshViews connected={ wifi } level=2 combinedSignalIconId=0x7f020518/com.android.systemui:drawable/stat_sys_wifi_signal_2 mobileLabel=AT&T wifiLabel="UO Secure"xxxxXXXXxxxxXXXX emergencyOnly=false combinedLabel="UO Secure"xxxxXXXXxxxxXXXX mAirplaneMode=false mDataActivity=3 mPhoneSignalIconId=0x7f020610/com.android.systemui:drawable/tw_stat_sys_5_level_signal_2 mQSPhoneSignalIconId=0x7f02012a/com.android.systemui:drawable/ic_qs_signal_2 mDataDirectionIconId=0x0/(null) mDataSignalIconId=0x7f020610/com.android.systemui:drawable/tw_stat_sys_5_level_signal_2 mDataTypeIconId=0x7f02032e/com.android.systemui:drawable/stat_sys_data_connected_lte_att mQSDataTypeIconId=0x0/(null) mNoSimIconId=0x0/(null) mWifiIconId=0x7f020518/com.android.systemui:drawable/stat_sys_wifi_signal_2 mQSWifiIconId=0x7f020141/com.android.systemui:drawable/ic_qs_wifi_2 mWifiActivityIconId=0x7f0204ef/com.android.systemui:drawable/stat_sys_signal_inout mBluetoothTetherIconId=0x10808cc/android:drawable/stat_sys_tether_bluetooth
D/STATUSBAR-WifiQuickSettingButton( 2470): onWifiSignalChanged enabled=true enabledDesc:"UO Secure"
D/StatusBar.NetworkController( 2470): refreshSignalCluster - setNWBoosterIndicators(false)
D/StatusBar.NetworkController( 2470): applyOpen
D/StatusBar.NetworkController( 2470): refreshSignalCluster - setNWBoosterIndicators(false)
D/StatusBar.NetworkController( 2470): applyOpen
D/StatusBar.NetworkController( 2470): refreshSignalCluster - setNWBoosterIndicators(false)
D/StatusBar.NetworkController( 2470): applyOpen
D/StatusBar.NetworkController( 2470): refreshSignalCluster - setNWBoosterIndicators(false)
D/StatusBar.NetworkController( 2470): applyOpen
E/Diag_Lib(11254):  Diag_LSM_Init: Failed to open handle to diag driver, error = 2
D/StatusBar.NetworkController( 2470): refreshViews connected={ wifi } level=2 combinedSignalIconId=0x7f020518/com.android.systemui:drawable/stat_sys_wifi_signal_2 mobileLabel=AT&T wifiLabel="UO Secure"xxxxXXXXxxxxXXXX emergencyOnly=false combinedLabel="UO Secure"xxxxXXXXxxxxXXXX mAirplaneMode=false mDataActivity=3 mPhoneSignalIconId=0x7f020610/com.android.systemui:drawable/tw_stat_sys_5_level_signal_2 mQSPhoneSignalIconId=0x7f02012a/com.android.systemui:drawable/ic_qs_signal_2 mDataDirectionIconId=0x0/(null) mDataSignalIconId=0x7f020610/com.android.systemui:drawable/tw_stat_sys_5_level_signal_2 mDataTypeIconId=0x7f02032e/com.android.systemui:drawable/stat_sys_data_connected_lte_att mQSDataTypeIconId=0x0/(null) mNoSimIconId=0x0/(null) mWifiIconId=0x7f020518/com.android.systemui:drawable/stat_sys_wifi_signal_2 mQSWifiIconId=0x7f020141/com.android.systemui:drawable/ic_qs_wifi_2 mWifiActivityIconId=0x7f0204ef/com.android.systemui:drawable/stat_sys_signal_inout mBluetoothTetherIconId=0x10808cc/android:drawable/stat_sys_tether_bluetooth
D/STATUSBAR-WifiQuickSettingButton( 2470): onWifiSignalChanged enabled=true enabledDesc:"UO Secure"
D/StatusBar.NetworkController( 2470): refreshViews connected={ wifi } level=2 combinedSignalIconId=0x7f020518/com.android.systemui:drawable/stat_sys_wifi_signal_2 mobileLabel=AT&T wifiLabel="UO Secure"xxxxXXXXxxxxXXXX emergencyOnly=false combinedLabel="UO Secure"xxxxXXXXxxxxXXXX mAirplaneMode=false mDataActivity=3 mPhoneSignalIconId=0x7f020610/com.android.systemui:drawable/tw_stat_sys_5_level_signal_2 mQSPhoneSignalIconId=0x7f02012a/com.android.systemui:drawable/ic_qs_signal_2 mDataDirectionIconId=0x0/(null) mDataSignalIconId=0x7f020610/com.android.systemui:drawable/tw_stat_sys_5_level_signal_2 mDataTypeIconId=0x7f02032e/com.android.systemui:drawable/stat_sys_data_connected_lte_att mQSDataTypeIconId=0x0/(null) mNoSimIconId=0x0/(null) mWifiIconId=0x7f020518/com.android.systemui:drawable/stat_sys_wifi_signal_2 mQSWifiIconId=0x7f020141/com.android.systemui:drawable/ic_qs_wifi_2 mWifiActivityIconId=0x7f0204ef/com.android.systemui:drawable/stat_sys_signal_inout mBluetoothTetherIconId=0x10808cc/android:drawable/stat_sys_tether_bluetooth
D/STATUSBAR-WifiQuickSettingButton( 2470): onWifiSignalChanged enabled=true enabledDesc:"UO Secure"
D/StatusBar.NetworkController( 2470): refreshViews connected={ wifi } level=2 combinedSignalIconId=0x7f020518/com.android.systemui:drawable/stat_sys_wifi_signal_2 mobileLabel=AT&T wifiLabel="UO Secure"xxxxXXXXxxxxXXXX emergencyOnly=false combinedLabel="UO Secure"xxxxXXXXxxxxXXXX mAirplaneMode=false mDataActivity=3 mPhoneSignalIconId=0x7f020610/com.android.systemui:drawable/tw_stat_sys_5_level_signal_2 mQSPhoneSignalIconId=0x7f02012a/com.android.systemui:drawable/ic_qs_signal_2 mDataDirectionIconId=0x0/(null) mDataSignalIconId=0x7f020610/com.android.systemui:drawable/tw_stat_sys_5_level_signal_2 mDataTypeIconId=0x7f02032e/com.android.systemui:drawable/stat_sys_data_connected_lte_att mQSDataTypeIconId=0x0/(null) mNoSimIconId=0x0/(null) mWifiIconId=0x7f020518/com.android.systemui:drawable/stat_sys_wifi_signal_2 mQSWifiIconId=0x7f020141/com.android.systemui:drawable/ic_qs_wifi_2 mWifiActivityIconId=0x7f0204ef/com.android.systemui:drawable/stat_sys_signal_inout mBluetoothTetherIconId=0x10808cc/android:drawable/stat_sys_tether_bluetooth
D/STATUSBAR-WifiQuickSettingButton( 2470): onWifiSignalChanged enabled=true enabledDesc:"UO Secure"
D/StatusBar.NetworkController( 2470): onSignalStrengthsChanged signalStrength=SignalStrength: 99 99 -120 -160 -120 -1 -1 28 -90 -16 -32 -1 2147483647 0x1000 gsm|lte level=1
D/StatusBar.NetworkController( 2470): updateTelephonySignalStrength: hasService=true ss=SignalStrength: 99 99 -120 -160 -120 -1 -1 28 -90 -16 -32 -1 2147483647 0x1000 gsm|lte
D/StatusBar.NetworkController( 2470): updateTelephonySignalStrength: iconLevel=1
