D/BatteryService(  862): level:88, scale:100, status:2, health:2, present:true, voltage: 4297, temperature: 309, technology: Li-ion, AC powered:false, USB powered:true, Wireless powered:false, icon:17303687, invalid charger:0
D/BatteryService(  862): online:6, current avg:1000, charge type:1, power sharing:false, high voltage charger:false, capacity:280000, current_now:1000
D/BatteryService(  862): Sending ACTION_BATTERY_CHANGED.
W/ProcessCpuTracker(  862): Skipping unknown process pid 7793
D/PowerManagerService(  862): [PSM] lowPowerModeEnabled: false (mLowPowerModeSetting: false, mAutoLowPowerModeConfigured: false, mBatteryLevel: 88, mLowBatteryTriggerLevel: 0)
I/MotionRecognitionService(  862): Plugged
I/MotionRecognitionService(  862): setPowerConnected  = true
D/STATUSBAR-PhoneStatusBar( 2470):  mBrightnessEnablebySettings = true mBrightnessEnablebyBattery = true mBrightnessEnablebyDisableFlag = true mPmsBrightnessEnablebySettings = true
D/ConnectivityService(  862): returning getNetworkInfo(networkType - 1) :[type: WIFI[] - WIFI, state: CONNECTED/CONNECTED, reason: (unspecified), extra: "UO Secure", roaming: false, failover: false, isAvailable: true, isConnectedToProvisioningNetwork: false]
D/BatteryMeterView( 2470): ACTION_BATTERY_CHANGED : level:88 status:2 health:2
D/BatteryMeterView( 2470): ACTION_BATTERY_CHANGED : level:88 status:2 health:2
D/BatteryMeterView( 2470): ACTION_BATTERY_CHANGED : level:88 status:2 health:2
D/BatteryMeterView( 2470): onDraw batteryColor : -1
D/ConnectivityService(  862): returning getNetworkInfo(networkType - 1) :[type: WIFI[] - WIFI, state: CONNECTED/CONNECTED, reason: (unspecified), extra: "UO Secure", roaming: false, failover: false, isAvailable: true, isConnectedToProvisioningNetwork: false]
D/ConnectivityService(  862): returning getNetworkInfo(networkType - 1) :[type: WIFI[] - WIFI, state: CONNECTED/CONNECTED, reason: (unspecified), extra: "UO Secure", roaming: false, failover: false, isAvailable: true, isConnectedToProvisioningNetwork: false]
D/SSRM:n  (  862): SIOP:: AP = 410, CUR = 1000
D/BatteryService(  862): !@BatteryListener : batteryPropertiesChanged!
D/BatteryService(  862): level:88, scale:100, status:2, health:2, present:true, voltage: 4291, temperature: 309, technology: Li-ion, AC powered:false, USB powered:true, Wireless powered:false, icon:17303687, invalid charger:0
D/BatteryService(  862): online:6, current avg:1000, charge type:1, power sharing:false, high voltage charger:false, capacity:280000, current_now:1000
D/BatteryService(  862): Sending ACTION_BATTERY_CHANGED.
I/MotionRecognitionService(  862): Plugged
I/MotionRecognitionService(  862): setPowerConnected  = true
D/STATUSBAR-PhoneStatusBar( 2470):  mBrightnessEnablebySettings = true mBrightnessEnablebyBattery = true mBrightnessEnablebyDisableFlag = true mPmsBrightnessEnablebySettings = true
D/BatteryMeterView( 2470): ACTION_BATTERY_CHANGED : level:88 status:2 health:2
D/BatteryMeterView( 2470): ACTION_BATTERY_CHANGED : level:88 status:2 health:2
D/BatteryMeterView( 2470): ACTION_BATTERY_CHANGED : level:88 status:2 health:2
D/SSRM:n  (  862): SIOP:: AP = 410, CUR = 1000
D/BatteryService(  862): !@BatteryListener : batteryPropertiesChanged!
D/BatteryService(  862): level:88, scale:100, status:2, health:2, present:true, voltage: 4297, temperature: 309, technology: Li-ion, AC powered:false, USB powered:true, Wireless powered:false, icon:17303687, invalid charger:0
D/BatteryService(  862): online:6, current avg:1000, charge type:1, power sharing:false, high voltage charger:false, capacity:280000, current_now:1000
D/BatteryService(  862): Sending ACTION_BATTERY_CHANGED.
I/MotionRecognitionService(  862): Plugged
I/MotionRecognitionService(  862): setPowerConnected  = true
D/STATUSBAR-PhoneStatusBar( 2470):  mBrightnessEnablebySettings = true mBrightnessEnablebyBattery = true mBrightnessEnablebyDisableFlag = true mPmsBrightnessEnablebySettings = true
D/BatteryMeterView( 2470): ACTION_BATTERY_CHANGED : level:88 status:2 health:2
D/BatteryMeterView( 2470): ACTION_BATTERY_CHANGED : level:88 status:2 health:2
D/BatteryMeterView( 2470): ACTION_BATTERY_CHANGED : level:88 status:2 health:2
E/Watchdog(  862): !@Sync 51141
D/PowerManagerService(  862): [input device light] setInputDeviceLightOn is called : 1
D/PowerManagerService(  862): [input device light] handleInputDeviceLightOn
D/ActivityManager(  862): startService callerProcessName:com.menny.android.anysoftkeyboard, calleePkgName: com.menny.android.anysoftkeyboard
D/ActivityManager(  862): caller:android.app.ApplicationThreadProxy@13075150, r.packageName :com.menny.android.anysoftkeyboard
D/StatusBarManagerService(  862): manageDisableList userId=0 what=0x0 pkg=WindowManager.LayoutParams
D/ConnectivityService(  862): returning getActiveNetworkInfo :[type: WIFI[] - WIFI, state: CONNECTED/CONNECTED, reason: (unspecified), extra: "UO Secure", roaming: false, failover: false, isAvailable: true, isConnectedToProvisioningNetwork: false]
D/ConnectivityService(  862): returning getActiveNetworkInfo :[type: WIFI[] - WIFI, state: CONNECTED/CONNECTED, reason: (unspecified), extra: "UO Secure", roaming: false, failover: false, isAvailable: true, isConnectedToProvisioningNetwork: false]
D/ConnectivityService(  862): returning getActiveNetworkInfo :[type: WIFI[] - WIFI, state: CONNECTED/CONNECTED, reason: (unspecified), extra: "UO Secure", roaming: false, failover: false, isAvailable: true, isConnectedToProvisioningNetwork: false]
W/ContextImpl(  862): Calling a method in the system process without a qualified user: android.app.ContextImpl.sendBroadcast:1699 com.android.server.InputMethodManagerService$6.run:2734 java.lang.Thread.run:818 <bottom of call stack> <bottom of call stack> 
D/SSRM:a  (  862): DeviceInfo:: 000000000000
D/SSRM:a  (  862): SettingsAirViewInfo:: 000000000
W/ContextImpl(28998): Calling a method in the system process without a qualified user: android.app.ContextImpl.sendStickyBroadcast:1866 android.content.ContextWrapper.sendStickyBroadcast:463 com.samsung.android.app.gestureservice.GestureService.updateStatusBar:826 com.samsung.android.app.gestureservice.GestureService.enableService:967 com.samsung.android.app.gestureservice.GestureService.access$1800:40 
D/SSRM:n  (  862): SIOP:: AP = 410, CUR = 1000
D/BatteryService(  862): !@BatteryListener : batteryPropertiesChanged!
D/BatteryService(  862): level:88, scale:100, status:2, health:2, present:true, voltage: 4290, temperature: 309, technology: Li-ion, AC powered:false, USB powered:true, Wireless powered:false, icon:17303687, invalid charger:0
D/BatteryService(  862): online:6, current avg:1000, charge type:1, power sharing:false, high voltage charger:false, capacity:280000, current_now:1000
D/BatteryService(  862): Sending ACTION_BATTERY_CHANGED.
I/MotionRecognitionService(  862): Plugged
I/MotionRecognitionService(  862): setPowerConnected  = true
D/STATUSBAR-PhoneStatusBar( 2470):  mBrightnessEnablebySettings = true mBrightnessEnablebyBattery = true mBrightnessEnablebyDisableFlag = true mPmsBrightnessEnablebySettings = true
D/BatteryMeterView( 2470): ACTION_BATTERY_CHANGED : level:88 status:2 health:2
D/BatteryMeterView( 2470): ACTION_BATTERY_CHANGED : level:88 status:2 health:2
D/BatteryMeterView( 2470): ACTION_BATTERY_CHANGED : level:88 status:2 health:2
D/PowerManagerService(  862): [input device light] setInputDeviceLightOn is called : 1
D/PowerManagerService(  862): [input device light] handleInputDeviceLightOn
W/ResourcesManager(  862): Asset path '/system/framework/secmediarecorder.jar' does not exist or contains no resources.
W/ResourcesManager(  862): Asset path '/system/framework/sechardware.jar' does not exist or contains no resources.
W/ResourcesManager(  862): Asset path '/system/framework/sec_feature.jar' does not exist or contains no resources.
W/ResourcesManager(  862): Asset path '/system/framework/seccamera.jar' does not exist or contains no resources.
W/ResourcesManager(  862): Asset path '/system/framework/secvision.jar' does not exist or contains no resources.
D/CustomFrequencyManagerService(  862): acquireDVFSLockLocked : type : DVFS_MIN_LIMIT  frequency : 1350000  uid : 1000  pid : 862  pkgName : ACTIVITY_RESUME_BOOSTER@7
W/ActivityManager(  862): mDVFSHelper.acquire()
D/StatusBarManagerService(  862): manageDisableList userId=0 what=0x0 pkg=WindowManager.LayoutParams
V/WindowManager(  862): rotationForOrientationLw(orient=0, last=0); user=0 USER_ROTATION_LOCKED sensorRotation=-1 mLidState=-1 mDockMode=0 mHdmiPlugged=false
D/SamsungWindowManager(  862): setRotationLw() : rotation=1
D/CustomFrequencyManagerService(  862): acquireDVFSLockLocked : type : DVFS_MIN_LIMIT  frequency : 1890000  uid : 1000  pid : 862  pkgName : ROTATION_BOOSTER@37
I/ActivityManager(  862): Config changes=480 {0 1.0 310mcc410mnc en_US ldltr sw360dp w640dp h335dp 480dpi nrml long land finger -keyb/v/h -nav/h s.257}
V/ActivityManager(  862): Display changed displayId=0
D/Recents_AlternateRecentsComponent( 2470): reloadHeaderBarLayout is getting called
D/MultiPhoneWindow( 3102): onMultiWindowConfigurationChanged com.android.incallui/com.android.incallui.InCallActivityoldRect=Rect(0, 0 - 1080, 1920)
D/Recents_TaskViewHeader( 2470): onFinishInflate
D/STATUSBAR-QSTileView( 2470): dynamicallyReduceTextSize: 206
D/STATUSBAR-QSTileView( 2470): dynamicallyReduceTextSize: 206
D/STATUSBAR-QSTileView( 2470): dynamicallyReduceTextSize: 206
D/STATUSBAR-QSTileView( 2470): dynamicallyReduceTextSize: 206
D/STATUSBAR-QSTileView( 2470): dynamicallyReduceTextSize: 206
D/STATUSBAR-QSTileView( 2470): dynamicallyReduceTextSize: 206
D/STATUSBAR-QSTileView( 2470): dynamicallyReduceTextSize: 206
D/STATUSBAR-QSTileView( 2470): dynamicallyReduceTextSize: 206
D/STATUSBAR-QSTileView( 2470): dynamicallyReduceTextSize: 206
D/STATUSBAR-QSTileView( 2470): dynamicallyReduceTextSize: 206
D/STATUSBAR-QSTileView( 2470): dynamicallyReduceTextSize: 206
D/STATUSBAR-QSTileView( 2470): dynamicallyReduceTextSize: 206
D/STATUSBAR-QSTileView( 2470): dynamicallyReduceTextSize: 206
D/STATUSBAR-QSTileView( 2470): dynamicallyReduceTextSize: 206
D/STATUSBAR-QSTileView( 2470): dynamicallyReduceTextSize: 206
D/STATUSBAR-QSTileView( 2470): dynamicallyReduceTextSize: 206
D/STATUSBAR-QSTileView( 2470): dynamicallyReduceTextSize: 206
D/STATUSBAR-QSTileView( 2470): dynamicallyReduceTextSize: 206
D/STATUSBAR-QSTileView( 2470): dynamicallyReduceTextSize: 206
D/STATUSBAR-QSTileView( 2470): dynamicallyReduceTextSize: 206
E/SmartFaceService(  862): onReceive: android.intent.action.CONFIGURATION_CHANGED
E/SmartFaceService(  862): mFolderCoverOpened: (true, true) -> true
D/ConnectivityService(  862): returning getNetworkInfo(networkType - 1) :[type: WIFI[] - WIFI, state: CONNECTED/CONNECTED, reason: (unspecified), extra: "UO Secure", roaming: false, failover: false, isAvailable: true, isConnectedToProvisioningNetwork: false]
W/ContextImpl(28998): Calling a method in the system process without a qualified user: android.app.ContextImpl.sendStickyBroadcast:1866 android.content.ContextWrapper.sendStickyBroadcast:463 com.samsung.android.app.gestureservice.GestureService.updateStatusBar:826 com.samsung.android.app.gestureservice.GestureService.access$1300:40 com.samsung.android.app.gestureservice.GestureService$2.onReceive:242 
W/InputMethodInfo(  862): Duplicated subtype definition found: , voice
D/VoIPInterfaceManager(  862): isVoIPIdle()...
D/VoIPInterfaceManager(  862): isVoIPRunningAndDeregi()...
D/VoIPInterfaceManager(  862): Not exist call session
D/VoIPInterfaceManager(  862):     isVoIPIdle() : No session in db 
W/ActivityManager(  862): getTasks: caller 10170 does not hold REAL_GET_TASKS; limiting output
D/SSRM:a  (  862): DeviceInfo:: 000000000000
D/SSRM:a  (  862): SettingsAirViewInfo:: 000000000
D/VoIPInterfaceManager(  862): isVoIPIdle()...
D/VoIPInterfaceManager(  862): isVoIPRunningAndDeregi()...
D/VoIPInterfaceManager(  862): Not exist call session
D/VoIPInterfaceManager(  862):     isVoIPIdle() : No session in db 
W/ActivityManager(  862): getTasks: caller 10170 does not hold REAL_GET_TASKS; limiting output
D/SSRM:a  (  862): DeviceInfo:: 000000000000
D/SSRM:a  (  862): SettingsAirViewInfo:: 000000000
D/VoIPInterfaceManager(  862): isVoIPIdle()...
D/VoIPInterfaceManager(  862): isVoIPRunningAndDeregi()...
D/VoIPInterfaceManager(  862): Not exist call session
D/VoIPInterfaceManager(  862):     isVoIPIdle() : No session in db 
W/ActivityManager(  862): getTasks: caller 10170 does not hold REAL_GET_TASKS; limiting output
D/VoIPInterfaceManager(  862): isVoIPIdle()...
D/VoIPInterfaceManager(  862): isVoIPRunningAndDeregi()...
D/VoIPInterfaceManager(  862): Not exist call session
D/VoIPInterfaceManager(  862):     isVoIPIdle() : No session in db 
W/ActivityManager(  862): getTasks: caller 10170 does not hold REAL_GET_TASKS; limiting output
W/ActivityManager(  862): getTasks: caller 10170 does not hold REAL_GET_TASKS; limiting output
D/PowerManagerService(  862): [api] acquire WakeLock flags=0xa tag=Camera2 uid=10170 pid=6411
D/MountService(  862):  :::: isUsbMassStorageEnabled :: ret = false
D/StatusBarManagerService(  862): manageDisableList userId=0 what=0x0 pkg=WindowManager.LayoutParams
D/PowerManagerService(  862): [api] acquire WakeLock flags=0x2000000a tag=WindowManager uid=1000 pid=862
D/StatusBarManagerService(  862): manageDisableList userId=0 what=0x0 pkg=WindowManager.LayoutParams
W/ContextImpl(  862): Calling a method in the system process without a qualified user: android.app.ContextImpl.sendBroadcast:1699 com.android.internal.policy.impl.PhoneWindowManager.notifyToSSRM:5607 com.android.internal.policy.impl.PhoneWindowManager.access$600:192 com.android.internal.policy.impl.PhoneWindowManager$PolicyHandler.handleMessage:806 android.os.Handler.dispatchMessage:102 
D/SSRM:a  (  862): DeviceInfo:: 000000000000
D/SSRM:a  (  862): SettingsAirViewInfo:: 000000000
D/CustomFrequencyManagerService(  862): releaseDVFSLockLocked : Getting Lock type frm List : DVFS_MIN_LIMIT  frequency : 1350000  uid : 1000  pid : 862  tag : ACTIVITY_RESUME_BOOSTER@7
W/ActivityManager(  862): mDVFSHelper.release()
D/CustomFrequencyManagerService(  862): acquireDVFSLockLocked : type : DVFS_MIN_LIMIT  frequency : 1350000  uid : 1000  pid : 862  pkgName : ACTIVITY_RESUME_BOOSTER@11
I/WindowManager(  862): Screen frozen for +464ms due to Window{13dc542d u0 com.sec.android.app.camera/com.sec.android.app.camera.Camcorder}
V/WindowManager(  862): rotationForOrientationLw(orient=0, last=1); user=0 USER_ROTATION_LOCKED sensorRotation=-1 mLidState=-1 mDockMode=0 mHdmiPlugged=false
W/ContextImpl(  862): Calling a method in the system process without a qualified user: android.app.ContextImpl.sendBroadcast:1699 com.android.server.InputMethodManagerService$6.run:2734 java.lang.Thread.run:818 <bottom of call stack> <bottom of call stack> 
W/ContextImpl(28998): Calling a method in the system process without a qualified user: android.app.ContextImpl.sendStickyBroadcast:1866 android.content.ContextWrapper.sendStickyBroadcast:463 com.samsung.android.app.gestureservice.GestureService.updateStatusBar:826 com.samsung.android.app.gestureservice.GestureService.enableService:967 com.samsung.android.app.gestureservice.GestureService.access$1800:40 
D/ActivityManager(  862): getContentProviderImpl callerProcessName:com.sec.android.app.camera, calleePkgName: com.samsung.android.provider.filterprovider
E/ActivityManager(  862): checkUser: useridlist=null, currentuser=0
E/ActivityManager(  862): checkUser: useridlist=null, currentuser=0
E/ActivityManager(  862): checkUser: useridlist=null, currentuser=0
E/ActivityManager(  862): checkUser: useridlist=null, currentuser=0
I/libpersona( 7981): KNOX_SDCARD checking this for 10118
I/libpersona( 7981): KNOX_SDCARD not a persona
I/ActivityManager(  862): Start proc com.samsung.android.provider.filterprovider for content provider com.samsung.android.provider.filterprovider/.FilterProvider: pid=7981 uid=10118 gids={50118, 9997, 1023} abi=armeabi-v7a
I/ActivityManager(  862): Process com.sec.android.provider.badge (pid 6743)(adj 15) has died(155,177)
D/ActivityManager(  862): cleanUpApplicationRecord -- 6743
I/ActivityManager(  862): Process com.wsomacp (pid 6763)(adj 15) has died(158,177)
D/ActivityManager(  862): cleanUpApplicationRecord -- 6763
D/SSRM:a  (  862): DeviceInfo:: 000000000000
D/SSRM:a  (  862): SettingsAirViewInfo:: 000000000
D/CustomFrequencyManagerService(  862): releaseDVFSLockLocked : Getting Lock type frm List : DVFS_MIN_LIMIT  frequency : 1350000  uid : 1000  pid : 862  tag : ACTIVITY_RESUME_BOOSTER@11
W/ContextImpl(  862): Calling a method in the system process without a qualified user: android.app.ContextImpl.sendBroadcast:1699 com.android.server.InputMethodManagerService$6.run:2734 java.lang.Thread.run:818 <bottom of call stack> <bottom of call stack> 
D/VoIPInterfaceManager(  862): isVoIPIdle()...
D/VoIPInterfaceManager(  862): isVoIPRunningAndDeregi()...
D/VoIPInterfaceManager(  862): Not exist call session
D/VoIPInterfaceManager(  862):     isVoIPIdle() : No session in db 
W/ActivityManager(  862): getTasks: caller 10170 does not hold REAL_GET_TASKS; limiting output
D/WifiP2pService(  862): InactiveState{ what=139287 }
D/WifiP2pService(  862): P2pEnabledState{ what=139287 }
D/WifiP2pService(  862): DefaultState{ what=139287 }
D/CountryDetector(  862): No listener is left
I/ActivityManager(  862): Process com.android.mms (pid 6681)(adj 15) has died(140,174)
D/ActivityManager(  862): cleanUpApplicationRecord -- 6681
V/ActivityThread( 7318): updateVisibility : ActivityRecord{1c76bec7 token=android.os.BinderProxy@230574cd {com.menny.android.anysoftkeyboard/com.radicalninja.logger.VideoActivity}} show : false
D/PowerManagerService(  862): [input device light] setInputDeviceLightOn is called : 1
D/PowerManagerService(  862): [input device light] handleInputDeviceLightOn
D/VoIPInterfaceManager(  862): isVoIPIdle()...
D/VoIPInterfaceManager(  862): isVoIPRunningAndDeregi()...
D/VoIPInterfaceManager(  862): Not exist call session
D/VoIPInterfaceManager(  862):     isVoIPIdle() : No session in db 
W/ActivityManager(  862): getTasks: caller 10170 does not hold REAL_GET_TASKS; limiting output
D/CustomFrequencyManagerService(  862): releaseDVFSLockLocked : Getting Lock type frm List : DVFS_MIN_LIMIT  frequency : 1890000  uid : 1000  pid : 862  tag : ROTATION_BOOSTER@37
D/SSRM:a  (  862): DeviceInfo:: 000000000000
D/SSRM:a  (  862): SettingsAirViewInfo:: 000000000
D/ConnectivityService(  862): returning getNetworkInfo(networkType - 1) :[type: WIFI[] - WIFI, state: CONNECTED/CONNECTED, reason: (unspecified), extra: "UO Secure", roaming: false, failover: false, isAvailable: true, isConnectedToProvisioningNetwork: false]
D/StatusBarManagerService(  862): manageDisableList userId=0 what=0x40000 pkg=com.sec.android.app.camera
D/VibratorService(  862): Turning vibrator off - ImmVibe.
D/StatusBar-DoNotDistrub( 2470): isDisableAlert isDormantModeOn:false isNotificationDisabled:true
D/ActivityManager(  862): startProcessLocked calleePkgName: com.android.mms, hostingType: broadcast
E/ActivityManager(  862): checkUser: useridlist=null, currentuser=0
E/ActivityManager(  862): checkUser: useridlist=null, currentuser=0
E/ActivityManager(  862): checkUser: useridlist=null, currentuser=0
E/ActivityManager(  862): checkUser: useridlist=null, currentuser=0
I/libpersona( 8122): KNOX_SDCARD checking this for 10050
I/libpersona( 8122): KNOX_SDCARD not a persona
I/ActivityManager(  862): Start proc com.android.mms for broadcast com.android.mms/.transaction.MessagingNotification: pid=8122 uid=10050 gids={50050, 9997, 3003, 1028, 1015, 1023, 1003} abi=armeabi-v7a
W/ResourcesManager( 8122): Asset path '/system/framework/minimode.jar' does not exist or contains no resources.
W/ResourcesManager( 8122): Asset path '/system/framework/com.google.android.maps.jar' does not exist or contains no resources.
W/ResourcesManager( 8122): Asset path '/system/framework/multiwindow.jar' does not exist or contains no resources.
W/ResourcesManager( 8122): Asset path '/system/framework/twframework.jar' does not exist or contains no resources.
W/ResourcesManager( 8122): Asset path '/system/framework/secvision.jar' does not exist or contains no resources.
W/ResourcesManager( 8122): Asset path '/system/framework/imsmanager.jar' does not exist or contains no resources.
W/ResourcesManager( 8122): Asset path '/system/framework/com.google.android.media.effects.jar' does not exist or contains no resources.
D/CountryDetector(  862): The first listener is added
E/ActivityThread( 8122): Failed to find provider info for com.samsung.android.coreapps.easysignup.public
E/ActivityThread( 8122): Failed to find provider info for com.samsung.android.coreapps.easysignup.public
E/ActivityThread( 8122): Failed to find provider info for com.samsung.android.coreapps.easysignup
I/ActivityManager(  862): Killing 6863:com.sec.android.app.camera:CropImage/u0a170 (adj 15): BG, 9354K, hotnessAdj=0, XmlFlag=false, oom_adj=15
I/ActivityManager(  862): Killing 6826:com.android.settings/1000 (adj 13): BG, 5716K, hotnessAdj=6397, XmlFlag=false, oom_adj=13
I/ActivityManager(  862): Killing 7560:com.weather.Weather/u0a224 (adj 13): BG, 37556K, hotnessAdj=7409, XmlFlag=false, oom_adj=13
W/ContextImpl(  862): Calling a method in the system process without a qualified user: android.app.ContextImpl.sendBroadcast:1699 com.android.server.am.SmartAdjustManager.SPCMLocked:1137 com.android.server.am.SmartAdjustManager.smartAdjustProcessesLocked:673 com.android.server.am.ActivityManagerService.updateOomAdjLocked:22098 com.android.server.am.BroadcastQueue.processNextBroadcast:725 
I/SAMP_SDHA(  862): F:065M, C:152M, ProcCnt:043K, mgn:083M, nF:24920K, fd:52626K, thd:180M, wm:05M, cch:00M, emp:07, svcB:28, skipBG:00, TOP:camera
D/ActivityManager(  862): getContentProviderImpl callerProcessName:com.android.mms, calleePkgName: com.sec.android.provider.badge
E/ActivityManager(  862): checkUser: useridlist=null, currentuser=0
E/ActivityManager(  862): checkUser: useridlist=null, currentuser=0
E/ActivityManager(  862): checkUser: useridlist=null, currentuser=0
E/ActivityManager(  862): checkUser: useridlist=null, currentuser=0
I/libpersona( 8171): KNOX_SDCARD checking this for 10086
I/libpersona( 8171): KNOX_SDCARD not a persona
I/ActivityManager(  862): Start proc com.sec.android.provider.badge for content provider com.sec.android.provider.badge/.BadgeProvider: pid=8171 uid=10086 gids={50086, 9997} abi=armeabi-v7a
D/ActivityManager(  862): cleanUpApplicationRecord -- 6863
D/ActivityManager(  862): cleanUpApplicationRecord -- 6826
I/ActivityManager(  862): Force stopping com.facebook.orca appid=10219 user=0: SPCM kill lowestscore package!
I/ActivityManager(  862): Killing 4206:com.facebook.orca/u0a219 (adj 8): stop com.facebook.orca cause SPCM kill lowestscore package!
D/ActivityManager(  862): cleanUpApplicationRecord -- 4206
W/ActivityManager(  862): Scheduling restart of crashed service com.facebook.orca/com.facebook.messaging.newphoto.NewPhotoIntentService in 1000ms
W/ActivityManager(  862): Scheduling restart of crashed service com.facebook.orca/com.facebook.mqttlite.MqttService in 1000ms
I/ActivityManager(  862):   Force stopping service ServiceRecord{c96ce10 u0 com.facebook.orca/com.facebook.video.vps.VideoPlayerService}
I/ActivityManager(  862):   Force stopping service ServiceRecord{10b30de5 u0 com.facebook.orca/com.facebook.mqttlite.MqttService}
D/ActivityManager(  862): cleanUpApplicationRecord -- 7560
D/ConnectivityService(  862): ConnectivityService NetworkRequestInfo binderDied(NetworkRequest [ id=3075, legacyType=-1, [ Capabilities: INTERNET&NOT_RESTRICTED&TRUSTED] ], android.os.BinderProxy@3f5ecd09)
D/ConnectivityService(  862): releasing NetworkRequest NetworkRequest [ id=3075, legacyType=-1, [ Capabilities: INTERNET&NOT_RESTRICTED&TRUSTED] ]
D/ConnectivityService(  862): sending notification RELEASED for NetworkRequest [ id=3075, legacyType=-1, [ Capabilities: INTERNET&NOT_RESTRICTED&TRUSTED] ]
E/ConnectivityService(  862): RemoteException caught trying to send a callback msg for NetworkRequest [ id=3075, legacyType=-1, [ Capabilities: INTERNET&NOT_RESTRICTED&TRUSTED] ]
D/ActivityManager(  862): startService callerProcessName:com.android.mms, calleePkgName: com.android.mms
D/ActivityManager(  862): caller:android.app.ApplicationThreadProxy@3bcc3b0e, r.packageName :com.android.mms
D/ConnectivityService(  862): returning getNetworkInfo(networkType - 2) :[type: MOBILE_MMS[] - MOBILE_MMS, state: DISCONNECTED/DISCONNECTED, reason: (unspecified), extra: (none), roaming: false, failover: false, isAvailable: true, isConnectedToProvisioningNetwork: false]
D/ActivityManager(  862): getContentProviderImpl callerProcessName:com.android.mms, calleePkgName: com.wsomacp
E/ActivityManager(  862): checkUser: useridlist=null, currentuser=0
E/ActivityManager(  862): checkUser: useridlist=null, currentuser=0
E/ActivityManager(  862): checkUser: useridlist=null, currentuser=0
E/ActivityManager(  862): checkUser: useridlist=null, currentuser=0
I/libpersona( 8189): KNOX_SDCARD checking this for 10027
I/libpersona( 8189): KNOX_SDCARD not a persona
I/ActivityManager(  862): Start proc com.wsomacp for content provider com.wsomacp/.db.XCPDBSqlProvider: pid=8189 uid=10027 gids={50027, 9997} abi=armeabi-v7a
W/ResourcesManager( 8189): Asset path '/system/framework/multiwindow.jar' does not exist or contains no resources.
W/ProcessCpuTracker(  862): Skipping unknown process pid 8150
W/ProcessCpuTracker(  862): Skipping unknown process pid 8152
W/ProcessCpuTracker(  862): Skipping unknown process pid 8166
W/ProcessCpuTracker(  862): Skipping unknown process pid 8167
W/ProcessCpuTracker(  862): Skipping unknown process pid 8206
D/PowerManagerService(  862): [input device light] setInputDeviceLightOn is called : 1
D/PowerManagerService(  862): [input device light] handleInputDeviceLightOn
D/SSRM:a  (  862): DeviceInfo:: 000000000000
D/SSRM:a  (  862): SettingsAirViewInfo:: 000000000
D/ConnectivityService(  862): returning getNetworkInfo(networkType - 1) :[type: WIFI[] - WIFI, state: CONNECTED/CONNECTED, reason: (unspecified), extra: "UO Secure", roaming: false, failover: false, isAvailable: true, isConnectedToProvisioningNetwork: false]
D/StatusBarManagerService(  862): manageDisableList userId=0 what=0x0 pkg=com.sec.android.app.camera
D/StatusBar-DoNotDistrub( 2470): isDisableAlert isDormantModeOn:false isNotificationDisabled:true
W/ResourcesManager(  862): Asset path '/system/framework/secmediarecorder.jar' does not exist or contains no resources.
W/ResourcesManager(  862): Asset path '/system/framework/sechardware.jar' does not exist or contains no resources.
W/ResourcesManager(  862): Asset path '/system/framework/sec_feature.jar' does not exist or contains no resources.
W/ResourcesManager(  862): Asset path '/system/framework/seccamera.jar' does not exist or contains no resources.
W/ResourcesManager(  862): Asset path '/system/framework/secvision.jar' does not exist or contains no resources.
D/CustomFrequencyManagerService(  862): acquireDVFSLockLocked : type : DVFS_MIN_LIMIT  frequency : 1350000  uid : 1000  pid : 862  pkgName : ACTIVITY_RESUME_BOOSTER@7
W/ActivityManager(  862): mDVFSHelper.acquire()
D/MotionRecognitionService(  862):  ssp status : true
D/PowerManagerService(  862): [api] release WakeLock flags=0xa tag=Camera2 uid=10170 pid=6411 (0x0)
W/ActivityManager(  862): getTasks: caller 10170 does not hold REAL_GET_TASKS; limiting output
W/ActivityManager(  862): getTasks: caller 10170 does not hold REAL_GET_TASKS; limiting output
E/ActivityManager(  862): checkUser: useridlist=null, currentuser=0
E/ActivityManager(  862): checkUser: useridlist=null, currentuser=0
E/ActivityManager(  862): checkUser: useridlist=null, currentuser=0
E/ActivityManager(  862): checkUser: useridlist=null, currentuser=0
I/libpersona( 8216): KNOX_SDCARD checking this for 10170
I/libpersona( 8216): KNOX_SDCARD not a persona
I/ActivityManager(  862): Start proc com.sec.android.app.camera:CropImage for activity com.sec.android.app.camera/.CropImage: pid=8216 uid=10170 gids={50170, 9997, 1028, 1015, 3003, 1023} abi=armeabi-v7a
D/PowerManagerService(  862): [api] [s] userActivity : event: 0 flags: 0 (uid: 1000 pid: 862) eventTime = 1535337908
D/PowerManagerService(  862): [api] release WakeLock flags=0x2000000a tag=WindowManager uid=1000 pid=862 (0x0)
D/PowerManagerService(  862): [api] applyWakeLockFlagsOnReleaseLocked : userActivityNoUpdateLocked is called : SCREEN_BRIGHT_WAKE_LOCK        'WindowManager' ON_AFTER_RELEASE (uid=1000, pid=862, ws=WorkSource{10170}) (elapsedTime=6175)
V/WindowManager(  862): rotationForOrientationLw(orient=-1, last=1); user=0 USER_ROTATION_LOCKED sensorRotation=-1 mLidState=-1 mDockMode=0 mHdmiPlugged=false
D/SamsungWindowManager(  862): setRotationLw() : rotation=0
D/CustomFrequencyManagerService(  862): acquireDVFSLockLocked : type : DVFS_MIN_LIMIT  frequency : 1890000  uid : 1000  pid : 862  pkgName : ROTATION_BOOSTER@37
I/ActivityManager(  862): Config changes=480 {0 1.0 310mcc410mnc en_US ldltr sw360dp w360dp h615dp 480dpi nrml long port finger -keyb/v/h -nav/h s.258}
D/Recents_AlternateRecentsComponent( 2470): reloadHeaderBarLayout is getting called
D/MultiPhoneWindow( 3102): onMultiWindowConfigurationChanged com.android.incallui/com.android.incallui.InCallActivityoldRect=Rect(0, 0 - 1920, 1080)
D/StatusBarManagerService(  862): manageDisableList userId=0 what=0x0 pkg=WindowManager.LayoutParams
D/Recents_TaskViewHeader( 2470): onFinishInflate
E/SmartFaceService(  862): onReceive: android.intent.action.CONFIGURATION_CHANGED
E/SmartFaceService(  862): mFolderCoverOpened: (true, true) -> true
D/STATUSBAR-QSTileView( 2470): dynamicallyReduceTextSize: 206
D/STATUSBAR-QSTileView( 2470): dynamicallyReduceTextSize: 206
D/STATUSBAR-QSTileView( 2470): dynamicallyReduceTextSize: 206
D/STATUSBAR-QSTileView( 2470): dynamicallyReduceTextSize: 206
D/STATUSBAR-QSTileView( 2470): dynamicallyReduceTextSize: 206
D/STATUSBAR-QSTileView( 2470): dynamicallyReduceTextSize: 206
D/STATUSBAR-QSTileView( 2470): dynamicallyReduceTextSize: 206
D/STATUSBAR-QSTileView( 2470): dynamicallyReduceTextSize: 206
D/STATUSBAR-QSTileView( 2470): dynamicallyReduceTextSize: 206
D/STATUSBAR-QSTileView( 2470): dynamicallyReduceTextSize: 206
D/STATUSBAR-QSTileView( 2470): dynamicallyReduceTextSize: 206
D/STATUSBAR-QSTileView( 2470): dynamicallyReduceTextSize: 206
D/STATUSBAR-QSTileView( 2470): dynamicallyReduceTextSize: 206
D/STATUSBAR-QSTileView( 2470): dynamicallyReduceTextSize: 206
D/STATUSBAR-QSTileView( 2470): dynamicallyReduceTextSize: 206
D/STATUSBAR-QSTileView( 2470): dynamicallyReduceTextSize: 206
D/STATUSBAR-QSTileView( 2470): dynamicallyReduceTextSize: 206
D/STATUSBAR-QSTileView( 2470): dynamicallyReduceTextSize: 206
D/STATUSBAR-QSTileView( 2470): dynamicallyReduceTextSize: 206
D/STATUSBAR-QSTileView( 2470): dynamicallyReduceTextSize: 206
W/ContextImpl(28998): Calling a method in the system process without a qualified user: android.app.ContextImpl.sendStickyBroadcast:1866 android.content.ContextWrapper.sendStickyBroadcast:463 com.samsung.android.app.gestureservice.GestureService.updateStatusBar:826 com.samsung.android.app.gestureservice.GestureService.access$1300:40 com.samsung.android.app.gestureservice.GestureService$2.onReceive:242 
W/ResourcesManager( 8216): Asset path '/system/framework/secmediarecorder.jar' does not exist or contains no resources.
W/ResourcesManager( 8216): Asset path '/system/framework/sechardware.jar' does not exist or contains no resources.
W/ResourcesManager( 8216): Asset path '/system/framework/sec_feature.jar' does not exist or contains no resources.
W/ResourcesManager( 8216): Asset path '/system/framework/seccamera.jar' does not exist or contains no resources.
W/ResourcesManager( 8216): Asset path '/system/framework/secvision.jar' does not exist or contains no resources.
W/InputMethodInfo(  862): Duplicated subtype definition found: , voice
V/ActivityManager(  862): Display changed displayId=0
W/ContextImpl(  862): Calling a method in the system process without a qualified user: android.app.ContextImpl.sendBroadcast:1699 com.android.server.InputMethodManagerService$6.run:2734 java.lang.Thread.run:818 <bottom of call stack> <bottom of call stack> 
W/ContextImpl(28998): Calling a method in the system process without a qualified user: android.app.ContextImpl.sendStickyBroadcast:1866 android.content.ContextWrapper.sendStickyBroadcast:463 com.samsung.android.app.gestureservice.GestureService.updateStatusBar:826 com.samsung.android.app.gestureservice.GestureService.enableService:967 com.samsung.android.app.gestureservice.GestureService.access$1800:40 
D/CustomFrequencyManagerService(  862): releaseDVFSLockLocked : Getting Lock type frm List : DVFS_MIN_LIMIT  frequency : 1350000  uid : 1000  pid : 862  tag : ACTIVITY_RESUME_BOOSTER@7
W/ActivityManager(  862): mDVFSHelper.release()
D/CustomFrequencyManagerService(  862): acquireDVFSLockLocked : type : DVFS_MIN_LIMIT  frequency : 1350000  uid : 1000  pid : 862  pkgName : ACTIVITY_RESUME_BOOSTER@11
I/WindowManager(  862): Screen frozen for +895ms due to Window{2f6e6c3 u0 Starting com.sec.android.app.camera}
D/BatteryService(  862): !@BatteryListener : batteryPropertiesChanged!
D/BatteryService(  862): level:88, scale:100, status:2, health:2, present:true, voltage: 4200, temperature: 308, technology: Li-ion, AC powered:false, USB powered:true, Wireless powered:false, icon:17303687, invalid charger:0
D/BatteryService(  862): online:6, current avg:1000, charge type:1, power sharing:false, high voltage charger:false, capacity:280000, current_now:1000
D/BatteryService(  862): Sending ACTION_BATTERY_CHANGED.
I/MotionRecognitionService(  862): Plugged
I/MotionRecognitionService(  862): setPowerConnected  = true
D/STATUSBAR-PhoneStatusBar( 2470):  mBrightnessEnablebySettings = true mBrightnessEnablebyBattery = true mBrightnessEnablebyDisableFlag = true mPmsBrightnessEnablebySettings = true
D/SSRM:a  (  862): DeviceInfo:: 000000000000
D/SSRM:a  (  862): SettingsAirViewInfo:: 000000000
D/SSRM:a  (  862): DeviceInfo:: 000000000000
D/SSRM:a  (  862): SettingsAirViewInfo:: 000000000
D/SSRM:a  (  862): DeviceInfo:: 000000000000
D/SSRM:a  (  862): SettingsAirViewInfo:: 000000000
D/BatteryMeterView( 2470): ACTION_BATTERY_CHANGED : level:88 status:2 health:2
D/BatteryMeterView( 2470): ACTION_BATTERY_CHANGED : level:88 status:2 health:2
D/BatteryMeterView( 2470): ACTION_BATTERY_CHANGED : level:88 status:2 health:2
D/SSRM:n  (  862): SIOP:: AP = 450, CUR = 1000
V/ActivityThread( 6411): updateVisibility : ActivityRecord{2a7a3dd5 token=android.os.BinderProxy@36fa47be {com.sec.android.app.camera/com.sec.android.app.camera.Camcorder}} show : false
D/CustomFrequencyManagerService(  862): releaseDVFSLockLocked : Getting Lock type frm List : DVFS_MIN_LIMIT  frequency : 1350000  uid : 1000  pid : 862  tag : ACTIVITY_RESUME_BOOSTER@11
V/WindowManager(  862): rotationForOrientationLw(orient=-1, last=0); user=0 USER_ROTATION_LOCKED sensorRotation=-1 mLidState=-1 mDockMode=0 mHdmiPlugged=false
D/PowerManagerService(  862): [input device light] setInputDeviceLightOn is called : 1
D/PowerManagerService(  862): [input device light] handleInputDeviceLightOn
D/CustomFrequencyManagerService(  862): acquireDVFSLockLocked : type : DVFS_MIN_LIMIT  frequency : 1350000  uid : 1000  pid : 862  pkgName : ACTIVITY_RESUME_BOOSTER@7
W/ActivityManager(  862): mDVFSHelper.acquire()
V/WindowManager(  862): rotationForOrientationLw(orient=0, last=0); user=0 USER_ROTATION_LOCKED sensorRotation=-1 mLidState=-1 mDockMode=0 mHdmiPlugged=false
D/SamsungWindowManager(  862): setRotationLw() : rotation=1
D/CustomFrequencyManagerService(  862): releaseDVFSLockLocked : Getting Lock type frm List : DVFS_MIN_LIMIT  frequency : 1890000  uid : 1000  pid : 862  tag : ROTATION_BOOSTER@37
D/CustomFrequencyManagerService(  862): acquireDVFSLockLocked : type : DVFS_MIN_LIMIT  frequency : 1890000  uid : 1000  pid : 862  pkgName : ROTATION_BOOSTER@37
I/ActivityManager(  862): Config changes=480 {0 1.0 310mcc410mnc en_US ldltr sw360dp w640dp h335dp 480dpi nrml long land finger -keyb/v/h -nav/h s.259}
V/ActivityManager(  862): Display changed displayId=0
D/MultiPhoneWindow( 3102): onMultiWindowConfigurationChanged com.android.incallui/com.android.incallui.InCallActivityoldRect=Rect(0, 0 - 1080, 1920)
D/Recents_AlternateRecentsComponent( 2470): reloadHeaderBarLayout is getting called
W/ContextImpl(  862): Calling a method in the system process without a qualified user: android.app.ContextImpl.sendBroadcast:1699 com.android.internal.policy.impl.PhoneWindowManager.notifyToSSRM:5607 com.android.internal.policy.impl.PhoneWindowManager.access$600:192 com.android.internal.policy.impl.PhoneWindowManager$PolicyHandler.handleMessage:806 android.os.Handler.dispatchMessage:102 
D/Recents_TaskViewHeader( 2470): onFinishInflate
D/STATUSBAR-QSTileView( 2470): dynamicallyReduceTextSize: 206
D/STATUSBAR-QSTileView( 2470): dynamicallyReduceTextSize: 206
D/STATUSBAR-QSTileView( 2470): dynamicallyReduceTextSize: 206
E/SmartFaceService(  862): onReceive: android.intent.action.CONFIGURATION_CHANGED
E/SmartFaceService(  862): mFolderCoverOpened: (true, true) -> true
D/STATUSBAR-QSTileView( 2470): dynamicallyReduceTextSize: 206
D/STATUSBAR-QSTileView( 2470): dynamicallyReduceTextSize: 206
W/ContextImpl(28998): Calling a method in the system process without a qualified user: android.app.ContextImpl.sendStickyBroadcast:1866 android.content.ContextWrapper.sendStickyBroadcast:463 com.samsung.android.app.gestureservice.GestureService.updateStatusBar:826 com.samsung.android.app.gestureservice.GestureService.access$1300:40 com.samsung.android.app.gestureservice.GestureService$2.onReceive:242 
D/STATUSBAR-QSTileView( 2470): dynamicallyReduceTextSize: 206
D/STATUSBAR-QSTileView( 2470): dynamicallyReduceTextSize: 206
D/STATUSBAR-QSTileView( 2470): dynamicallyReduceTextSize: 206
D/STATUSBAR-QSTileView( 2470): dynamicallyReduceTextSize: 206
D/STATUSBAR-QSTileView( 2470): dynamicallyReduceTextSize: 206
D/STATUSBAR-QSTileView( 2470): dynamicallyReduceTextSize: 206
D/STATUSBAR-QSTileView( 2470): dynamicallyReduceTextSize: 206
D/STATUSBAR-QSTileView( 2470): dynamicallyReduceTextSize: 206
D/STATUSBAR-QSTileView( 2470): dynamicallyReduceTextSize: 206
D/STATUSBAR-QSTileView( 2470): dynamicallyReduceTextSize: 206
D/STATUSBAR-QSTileView( 2470): dynamicallyReduceTextSize: 206
D/STATUSBAR-QSTileView( 2470): dynamicallyReduceTextSize: 206
D/STATUSBAR-QSTileView( 2470): dynamicallyReduceTextSize: 206
D/STATUSBAR-QSTileView( 2470): dynamicallyReduceTextSize: 206
D/STATUSBAR-QSTileView( 2470): dynamicallyReduceTextSize: 206
I/WindowManager(  862): Screen frozen for +127ms due to Window{2f6e6c3 u0 Starting com.sec.android.app.camera}
W/InputMethodInfo(  862): Duplicated subtype definition found: , voice
D/ActivityManager(  862): startService callerProcessName:com.menny.android.anysoftkeyboard, calleePkgName: com.menny.android.anysoftkeyboard
W/ActivityManager(  862): Unable to start service Intent { cmp=com.menny.android.anysoftkeyboard/com.radicalninja.logger.MainActivity } U=0: not found
D/ConnectivityService(  862): returning getNetworkInfo(networkType - 1) :[type: WIFI[] - WIFI, state: CONNECTED/CONNECTED, reason: (unspecified), extra: "UO Secure", roaming: false, failover: false, isAvailable: true, isConnectedToProvisioningNetwork: false]
D/SSRM:a  (  862): DeviceInfo:: 000000000000
D/SSRM:a  (  862): SettingsAirViewInfo:: 000000000
D/StatusBarManagerService(  862): manageDisableList userId=0 what=0x0 pkg=WindowManager.LayoutParams
I/WindowState(  862): WIN DEATH: Window{27738d7a u0 WARNING}
W/InputMethodManagerService(  862): Session failed to close due to remote exception
W/InputMethodManagerService(  862): android.os.DeadObjectException
W/InputMethodManagerService(  862): 	at android.os.BinderProxy.transactNative(Native Method)
W/InputMethodManagerService(  862): 	at android.os.BinderProxy.transact(Binder.java:496)
W/InputMethodManagerService(  862): 	at com.android.internal.view.IInputMethodSession$Stub$Proxy.finishSession(IInputMethodSession.java:327)
W/InputMethodManagerService(  862): 	at com.android.server.InputMethodManagerService.finishSessionLocked(InputMethodManagerService.java:2111)
W/InputMethodManagerService(  862): 	at com.android.server.InputMethodManagerService.clearClientSessionLocked(InputMethodManagerService.java:2102)
W/InputMethodManagerService(  862): 	at com.android.server.InputMethodManagerService.clearCurMethodLocked(InputMethodManagerService.java:2128)
W/InputMethodManagerService(  862): 	at com.android.server.InputMethodManagerService.onServiceDisconnected(InputMethodManagerService.java:2147)
W/InputMethodManagerService(  862): 	at android.app.LoadedApk$ServiceDispatcher.doDeath(LoadedApk.java:1270)
W/InputMethodManagerService(  862): 	at android.app.LoadedApk$ServiceDispatcher$RunConnection.run(LoadedApk.java:1284)
W/InputMethodManagerService(  862): 	at android.os.Handler.handleCallback(Handler.java:739)
W/InputMethodManagerService(  862): 	at android.os.Handler.dispatchMessage(Handler.java:95)
W/InputMethodManagerService(  862): 	at android.os.Looper.loop(Looper.java:145)
W/InputMethodManagerService(  862): 	at com.android.server.SystemServer.run(SystemServer.java:430)
W/InputMethodManagerService(  862): 	at com.android.server.SystemServer.main(SystemServer.java:315)
W/InputMethodManagerService(  862): 	at java.lang.reflect.Method.invoke(Native Method)
W/InputMethodManagerService(  862): 	at java.lang.reflect.Method.invoke(Method.java:372)
W/InputMethodManagerService(  862): 	at com.android.internal.os.ZygoteInit$MethodAndArgsCaller.run(ZygoteInit.java:1399)
W/InputMethodManagerService(  862): 	at com.android.internal.os.ZygoteInit.main(ZygoteInit.java:1194)
W/InputMethodManagerService(  862): Session failed to close due to remote exception
W/InputMethodManagerService(  862): android.os.DeadObjectException
W/InputMethodManagerService(  862): 	at android.os.BinderProxy.transactNative(Native Method)
W/InputMethodManagerService(  862): 	at android.os.BinderProxy.transact(Binder.java:496)
W/InputMethodManagerService(  862): 	at com.android.internal.view.IInputMethodSession$Stub$Proxy.finishSession(IInputMethodSession.java:327)
W/InputMethodManagerService(  862): 	at com.android.server.InputMethodManagerService.finishSessionLocked(InputMethodManagerService.java:2111)
W/InputMethodManagerService(  862): 	at com.android.server.InputMethodManagerService.clearClientSessionLocked(InputMethodManagerService.java:2102)
W/InputMethodManagerService(  862): 	at com.android.server.InputMethodManagerService.clearCurMethodLocked(InputMethodManagerService.java:2128)
W/InputMethodManagerService(  862): 	at com.android.server.InputMethodManagerService.onServiceDisconnected(InputMethodManagerService.java:2147)
W/InputMethodManagerService(  862): 	at android.app.LoadedApk$ServiceDispatcher.doDeath(LoadedApk.java:1270)
W/InputMethodManagerService(  862): 	at android.app.LoadedApk$ServiceDispatcher$RunConnection.run(LoadedApk.java:1284)
W/InputMethodManagerService(  862): 	at android.os.Handler.handleCallback(Handler.java:739)
W/InputMethodManagerService(  862): 	at android.os.Handler.dispatchMessage(Handler.java:95)
W/InputMethodManagerService(  862): 	at android.os.Looper.loop(Looper.java:145)
W/InputMethodManagerService(  862): 	at com.android.server.SystemServer.run(SystemServer.java:430)
W/InputMethodManagerService(  862): 	at com.android.server.SystemServer.main(SystemServer.java:315)
W/InputMethodManagerService(  862): 	at java.lang.reflect.Method.invoke(Native Method)
W/InputMethodManagerService(  862): 	at java.lang.reflect.Method.invoke(Method.java:372)
W/InputMethodManagerService(  862): 	at com.android.internal.os.ZygoteInit$MethodAndArgsCaller.run(ZygoteInit.java:1399)
W/InputMethodManagerService(  862): 	at com.android.internal.os.ZygoteInit.main(ZygoteInit.java:1194)
W/InputMethodManagerService(  862): Session failed to close due to remote exception
W/InputMethodManagerService(  862): android.os.DeadObjectException
W/InputMethodManagerService(  862): 	at android.os.BinderProxy.transactNative(Native Method)
W/InputMethodManagerService(  862): 	at android.os.BinderProxy.transact(Binder.java:496)
W/InputMethodManagerService(  862): 	at com.android.internal.view.IInputMethodSession$Stub$Proxy.finishSession(IInputMethodSession.java:327)
W/InputMethodManagerService(  862): 	at com.android.server.InputMethodManagerService.finishSessionLocked(InputMethodManagerService.java:2111)
W/InputMethodManagerService(  862): 	at com.android.server.InputMethodManagerService.clearClientSessionLocked(InputMethodManagerService.java:2102)
W/InputMethodManagerService(  862): 	at com.android.server.InputMethodManagerService.clearCurMethodLocked(InputMethodManagerService.java:2128)
W/InputMethodManagerService(  862): 	at com.android.server.InputMethodManagerService.onServiceDisconnected(InputMethodManagerService.java:2147)
W/InputMethodManagerService(  862): 	at android.app.LoadedApk$ServiceDispatcher.doDeath(LoadedApk.java:1270)
W/InputMethodManagerService(  862): 	at android.app.LoadedApk$ServiceDispatcher$RunConnection.run(LoadedApk.java:1284)
W/InputMethodManagerService(  862): 	at android.os.Handler.handleCallback(Handler.java:739)
W/InputMethodManagerService(  862): 	at android.os.Handler.dispatchMessage(Handler.java:95)
W/InputMethodManagerService(  862): 	at android.os.Looper.loop(Looper.java:145)
W/InputMethodManagerService(  862): 	at com.android.server.SystemServer.run(SystemServer.java:430)
W/InputMethodManagerService(  862): 	at com.android.server.SystemServer.main(SystemServer.java:315)
W/InputMethodManagerService(  862): 	at java.lang.reflect.Method.invoke(Native Method)
W/InputMethodManagerService(  862): 	at java.lang.reflect.Method.invoke(Method.java:372)
W/InputMethodManagerService(  862): 	at com.android.internal.os.ZygoteInit$MethodAndArgsCaller.run(ZygoteInit.java:1399)
W/InputMethodManagerService(  862): 	at com.android.internal.os.ZygoteInit.main(ZygoteInit.java:1194)
I/ActivityManager(  862): Process com.menny.android.anysoftkeyboard (pid 7318)(adj 0) has died(202,211)
D/ActivityManager(  862): cleanUpApplicationRecord -- 7318
W/ActivityManager(  862): Scheduling restart of crashed service com.menny.android.anysoftkeyboard/com.amazonaws.mobileconnectors.s3.transferutility.TransferService in 1000ms
W/ActivityManager(  862): Scheduling restart of crashed service com.menny.android.anysoftkeyboard/.SoftKeyboard in 1000ms
I/WindowState(  862): WIN DEATH: Window{908188 u0 com.menny.android.anysoftkeyboard/com.radicalninja.logger.VideoActivity}
I/WindowState(  862): WIN DEATH: Window{3c99acd7 u0 com.menny.android.anysoftkeyboard/com.radicalninja.logger.MainActivity}
E/ActivityManager(  862): checkUser: useridlist=null, currentuser=0
E/ActivityManager(  862): checkUser: useridlist=null, currentuser=0
E/ActivityManager(  862): checkUser: useridlist=null, currentuser=0
E/ActivityManager(  862): checkUser: useridlist=null, currentuser=0
I/libpersona( 8268): KNOX_SDCARD checking this for 10054
I/libpersona( 8268): KNOX_SDCARD not a persona
I/ActivityManager(  862): Start proc com.menny.android.anysoftkeyboard for activity com.menny.android.anysoftkeyboard/com.radicalninja.logger.MainActivity: pid=8268 uid=10054 gids={50054, 9997, 1028, 1015, 3003} abi=armeabi-v7a
D/StatusBarManagerService(  862): manageDisableList userId=0 what=0x0 pkg=WindowManager.LayoutParams
V/WindowManager(  862): rotationForOrientationLw(orient=1, last=1); user=0 USER_ROTATION_LOCKED sensorRotation=-1 mLidState=-1 mDockMode=0 mHdmiPlugged=false
D/SamsungWindowManager(  862): setRotationLw() : rotation=0
D/CustomFrequencyManagerService(  862): releaseDVFSLockLocked : Getting Lock type frm List : DVFS_MIN_LIMIT  frequency : 1890000  uid : 1000  pid : 862  tag : ROTATION_BOOSTER@37
D/CustomFrequencyManagerService(  862): acquireDVFSLockLocked : type : DVFS_MIN_LIMIT  frequency : 1890000  uid : 1000  pid : 862  pkgName : ROTATION_BOOSTER@37
V/ActivityManager(  862): Display changed displayId=0
I/ActivityManager(  862): Config changes=480 {0 1.0 310mcc410mnc en_US ldltr sw360dp w360dp h615dp 480dpi nrml long port finger -keyb/v/h -nav/h s.260}
D/Recents_AlternateRecentsComponent( 2470): reloadHeaderBarLayout is getting called
D/MultiPhoneWindow( 3102): onMultiWindowConfigurationChanged com.android.incallui/com.android.incallui.InCallActivityoldRect=Rect(0, 0 - 1920, 1080)
D/Recents_TaskViewHeader( 2470): onFinishInflate
V/WindowManager(  862): rotationForOrientationLw(orient=1, last=0); user=0 USER_ROTATION_LOCKED sensorRotation=-1 mLidState=-1 mDockMode=0 mHdmiPlugged=false
E/SmartFaceService(  862): onReceive: android.intent.action.CONFIGURATION_CHANGED
E/SmartFaceService(  862): mFolderCoverOpened: (true, true) -> true
W/ContextImpl(28998): Calling a method in the system process without a qualified user: android.app.ContextImpl.sendStickyBroadcast:1866 android.content.ContextWrapper.sendStickyBroadcast:463 com.samsung.android.app.gestureservice.GestureService.updateStatusBar:826 com.samsung.android.app.gestureservice.GestureService.access$1300:40 com.samsung.android.app.gestureservice.GestureService$2.onReceive:242 
D/STATUSBAR-QSTileView( 2470): dynamicallyReduceTextSize: 206
D/STATUSBAR-QSTileView( 2470): dynamicallyReduceTextSize: 206
