D/STATUSBAR-QSTileView( 2470): dynamicallyReduceTextSize: 206
D/STATUSBAR-QSTileView( 2470): dynamicallyReduceTextSize: 206
D/STATUSBAR-QSTileView( 2470): dynamicallyReduceTextSize: 206
D/STATUSBAR-QSTileView( 2470): dynamicallyReduceTextSize: 206
D/STATUSBAR-QSTileView( 2470): dynamicallyReduceTextSize: 206
D/STATUSBAR-QSTileView( 2470): dynamicallyReduceTextSize: 206
D/STATUSBAR-QSTileView( 2470): dynamicallyReduceTextSize: 206
D/STATUSBAR-QSTileView( 2470): dynamicallyReduceTextSize: 206
D/STATUSBAR-QSTileView( 2470): dynamicallyReduceTextSize: 206
D/STATUSBAR-QSTileView( 2470): dynamicallyReduceTextSize: 206
D/STATUSBAR-QSTileView( 2470): dynamicallyReduceTextSize: 206
D/STATUSBAR-QSTileView( 2470): dynamicallyReduceTextSize: 206
D/STATUSBAR-QSTileView( 2470): dynamicallyReduceTextSize: 206
D/STATUSBAR-QSTileView( 2470): dynamicallyReduceTextSize: 206
D/STATUSBAR-QSTileView( 2470): dynamicallyReduceTextSize: 206
D/STATUSBAR-QSTileView( 2470): dynamicallyReduceTextSize: 206
D/STATUSBAR-QSTileView( 2470): dynamicallyReduceTextSize: 206
D/STATUSBAR-QSTileView( 2470): dynamicallyReduceTextSize: 206
D/CustomFrequencyManagerService(  862): releaseDVFSLockLocked : Getting Lock type frm List : DVFS_MIN_LIMIT  frequency : 1350000  uid : 1000  pid : 862  tag : ACTIVITY_RESUME_BOOSTER@7
D/CustomFrequencyManagerService(  862): acquireDVFSLockLocked : type : DVFS_MIN_LIMIT  frequency : 1350000  uid : 1000  pid : 862  pkgName : ACTIVITY_RESUME_BOOSTER@7
W/ActivityManager(  862): mDVFSHelper.acquire()
D/CustomFrequencyManagerService(  862): releaseDVFSLockLocked : Getting Lock type frm List : DVFS_MIN_LIMIT  frequency : 1350000  uid : 1000  pid : 862  tag : ACTIVITY_RESUME_BOOSTER@7
D/CustomFrequencyManagerService(  862): acquireDVFSLockLocked : type : DVFS_MIN_LIMIT  frequency : 1350000  uid : 1000  pid : 862  pkgName : ACTIVITY_RESUME_BOOSTER@7
W/ActivityManager(  862): mDVFSHelper.acquire()
E/InputMethodManagerService(  862): Ignoring updateStatusIcon due to an invalid token. uid:1000 token:null
D/LightsService(  862): [api] [SvcLED] turnOff:: id = 4 (uid: 1000 pid: 862) 
D/LightsService(  862): [SvcLED] setSvcLedStateLocked:: SvcLEDState : 0x0 -> 0x0 | SvcLED(id=4) set Off
D/LightsService(  862): [SvcLED] Lux failed to be updated in 700ms. -> handleForcedSvcLEDTasK
D/LightsService(  862): [SvcLED]  setSvcLedLightLocked :: Current SvcLED(id=4) maintains its priority right
D/ActivityManager(  862): startService callerProcessName:com.menny.android.anysoftkeyboard, calleePkgName: com.menny.android.anysoftkeyboard
W/ActivityManager(  862): Unable to start service Intent { cmp=com.menny.android.anysoftkeyboard/com.radicalninja.logger.MainActivity } U=0: not found
D/CustomFrequencyManagerService(  862): releaseDVFSLockLocked : Getting Lock type frm List : DVFS_MIN_LIMIT  frequency : 1350000  uid : 1000  pid : 862  tag : ACTIVITY_RESUME_BOOSTER@7
D/CustomFrequencyManagerService(  862): acquireDVFSLockLocked : type : DVFS_MIN_LIMIT  frequency : 1350000  uid : 1000  pid : 862  pkgName : ACTIVITY_RESUME_BOOSTER@7
W/ActivityManager(  862): mDVFSHelper.acquire()
D/CustomFrequencyManagerService(  862): releaseDVFSLockLocked : Getting Lock type frm List : DVFS_MIN_LIMIT  frequency : 1350000  uid : 1000  pid : 862  tag : ACTIVITY_RESUME_BOOSTER@7
D/CustomFrequencyManagerService(  862): acquireDVFSLockLocked : type : DVFS_MIN_LIMIT  frequency : 1350000  uid : 1000  pid : 862  pkgName : ACTIVITY_RESUME_BOOSTER@7
W/ActivityManager(  862): mDVFSHelper.acquire()
I/WindowManager(  862): Screen frozen for +582ms due to AppWindowToken{21f99500 token=Token{2e5215a6 ActivityRecord{15af9301 u0 com.menny.android.anysoftkeyboard/com.radicalninja.logger.MainActivity t10349}}}
D/StatusBarManagerService(  862): manageDisableList userId=0 what=0x0 pkg=WindowManager.LayoutParams
W/ContextImpl(  862): Calling a method in the system process without a qualified user: android.app.ContextImpl.sendBroadcast:1699 com.android.server.InputMethodManagerService$6.run:2734 java.lang.Thread.run:818 <bottom of call stack> <bottom of call stack> 
D/CustomFrequencyManagerService(  862): releaseDVFSLockLocked : Getting Lock type frm List : DVFS_MIN_LIMIT  frequency : 1350000  uid : 1000  pid : 862  tag : ACTIVITY_RESUME_BOOSTER@7
W/ActivityManager(  862): mDVFSHelper.release()
D/CustomFrequencyManagerService(  862): acquireDVFSLockLocked : type : DVFS_MIN_LIMIT  frequency : 1350000  uid : 1000  pid : 862  pkgName : ACTIVITY_RESUME_BOOSTER@11
V/WindowManager(  862): rotationForOrientationLw(orient=1, last=0); user=0 USER_ROTATION_LOCKED sensorRotation=-1 mLidState=-1 mDockMode=0 mHdmiPlugged=false
D/SSRM:a  (  862): DeviceInfo:: 000000000000
D/SSRM:a  (  862): SettingsAirViewInfo:: 000000000
W/ContextImpl(28998): Calling a method in the system process without a qualified user: android.app.ContextImpl.sendStickyBroadcast:1866 android.content.ContextWrapper.sendStickyBroadcast:463 com.samsung.android.app.gestureservice.GestureService.updateStatusBar:826 com.samsung.android.app.gestureservice.GestureService.enableService:967 com.samsung.android.app.gestureservice.GestureService.access$1800:40 
V/ActivityThread( 8268): updateVisibility : ActivityRecord{211cf6c5 token=android.os.BinderProxy@3cadfe4e {com.menny.android.anysoftkeyboard/com.radicalninja.logger.MainActivity}} show : false
D/CustomFrequencyManagerService(  862): releaseDVFSLockLocked : Getting Lock type frm List : DVFS_MIN_LIMIT  frequency : 1350000  uid : 1000  pid : 862  tag : ACTIVITY_RESUME_BOOSTER@11
D/CustomFrequencyManagerService(  862): releaseDVFSLockLocked : Getting Lock type frm List : DVFS_MIN_LIMIT  frequency : 1890000  uid : 1000  pid : 862  tag : ROTATION_BOOSTER@37
W/ProcessCpuTracker(  862): Skipping unknown process pid 8339
W/ProcessCpuTracker(  862): Skipping unknown process pid 8344
W/ProcessCpuTracker(  862): Skipping unknown process pid 8345
W/NotificationService(  862): Object died trying to hide notification android.app.ITransientNotification$Stub$Proxy@1764c800 in package com.menny.android.anysoftkeyboard
W/ActivityManager(  862): setProcessForeground called on unknown pid: 7318
W/NotificationService(  862): Object died trying to show notification android.app.ITransientNotification$Stub$Proxy@1ad95839 in package com.menny.android.anysoftkeyboard
V/AlarmManager(  862): waitForAlarm result :8
D/CustomFrequencyManagerService(  862): acquireDVFSLockLocked : type : DVFS_MIN_LIMIT  frequency : 1350000  uid : 1000  pid : 862  pkgName : ACTIVITY_RESUME_BOOSTER@7
W/ActivityManager(  862): mDVFSHelper.acquire()
D/ActivityManager(  862): startService callerProcessName:com.menny.android.anysoftkeyboard, calleePkgName: com.menny.android.anysoftkeyboard
W/ActivityManager(  862): Unable to start service Intent { cmp=com.menny.android.anysoftkeyboard/com.radicalninja.logger.MainActivity } U=0: not found
D/StatusBarManagerService(  862): manageDisableList userId=0 what=0x0 pkg=WindowManager.LayoutParams
D/CustomFrequencyManagerService(  862): releaseDVFSLockLocked : Getting Lock type frm List : DVFS_MIN_LIMIT  frequency : 1350000  uid : 1000  pid : 862  tag : ACTIVITY_RESUME_BOOSTER@7
D/CustomFrequencyManagerService(  862): acquireDVFSLockLocked : type : DVFS_MIN_LIMIT  frequency : 1350000  uid : 1000  pid : 862  pkgName : ACTIVITY_RESUME_BOOSTER@7
W/ActivityManager(  862): mDVFSHelper.acquire()
D/StatusBarManagerService(  862): manageDisableList userId=0 what=0x0 pkg=WindowManager.LayoutParams
D/CustomFrequencyManagerService(  862): releaseDVFSLockLocked : Getting Lock type frm List : DVFS_MIN_LIMIT  frequency : 1350000  uid : 1000  pid : 862  tag : ACTIVITY_RESUME_BOOSTER@7
D/CustomFrequencyManagerService(  862): acquireDVFSLockLocked : type : DVFS_MIN_LIMIT  frequency : 1350000  uid : 1000  pid : 862  pkgName : ACTIVITY_RESUME_BOOSTER@7
W/ActivityManager(  862): mDVFSHelper.acquire()
W/ContextImpl(  862): Calling a method in the system process without a qualified user: android.app.ContextImpl.sendBroadcast:1699 com.android.server.InputMethodManagerService$6.run:2734 java.lang.Thread.run:818 <bottom of call stack> <bottom of call stack> 
D/SSRM:a  (  862): DeviceInfo:: 000000000000
D/SSRM:a  (  862): SettingsAirViewInfo:: 000000000
D/CustomFrequencyManagerService(  862): releaseDVFSLockLocked : Getting Lock type frm List : DVFS_MIN_LIMIT  frequency : 1350000  uid : 1000  pid : 862  tag : ACTIVITY_RESUME_BOOSTER@7
W/ActivityManager(  862): mDVFSHelper.release()
D/CustomFrequencyManagerService(  862): acquireDVFSLockLocked : type : DVFS_MIN_LIMIT  frequency : 1350000  uid : 1000  pid : 862  pkgName : ACTIVITY_RESUME_BOOSTER@11
W/ContextImpl(28998): Calling a method in the system process without a qualified user: android.app.ContextImpl.sendStickyBroadcast:1866 android.content.ContextWrapper.sendStickyBroadcast:463 com.samsung.android.app.gestureservice.GestureService.updateStatusBar:826 com.samsung.android.app.gestureservice.GestureService.enableService:967 com.samsung.android.app.gestureservice.GestureService.access$1800:40 
D/PowerManagerService(  862): [input device light] handleInputDeviceLightOff
D/ActivityManager(  862): startService callerProcessName:com.menny.android.anysoftkeyboard, calleePkgName: com.menny.android.anysoftkeyboard
W/ActivityManager(  862): Unable to start service Intent { cmp=com.menny.android.anysoftkeyboard/com.radicalninja.logger.MainActivity } U=0: not found
V/ActivityThread( 8268): updateVisibility : ActivityRecord{230574cd token=android.os.BinderProxy@3800db7a {com.menny.android.anysoftkeyboard/com.radicalninja.logger.MainActivity}} show : false
D/CustomFrequencyManagerService(  862): releaseDVFSLockLocked : Getting Lock type frm List : DVFS_MIN_LIMIT  frequency : 1350000  uid : 1000  pid : 862  tag : ACTIVITY_RESUME_BOOSTER@11
D/SSRM:n  (  862): SIOP:: AP = 440, CUR = 1000
D/BatteryService(  862): !@BatteryListener : batteryPropertiesChanged!
D/BatteryService(  862): level:88, scale:100, status:2, health:2, present:true, voltage: 4278, temperature: 309, technology: Li-ion, AC powered:false, USB powered:true, Wireless powered:false, icon:17303687, invalid charger:0
D/BatteryService(  862): online:6, current avg:1000, charge type:1, power sharing:false, high voltage charger:false, capacity:280000, current_now:1000
D/BatteryService(  862): Sending ACTION_BATTERY_CHANGED.
I/MotionRecognitionService(  862): Plugged
I/MotionRecognitionService(  862): setPowerConnected  = true
D/STATUSBAR-PhoneStatusBar( 2470):  mBrightnessEnablebySettings = true mBrightnessEnablebyBattery = true mBrightnessEnablebyDisableFlag = true mPmsBrightnessEnablebySettings = true
D/BatteryMeterView( 2470): ACTION_BATTERY_CHANGED : level:88 status:2 health:2
D/BatteryMeterView( 2470): ACTION_BATTERY_CHANGED : level:88 status:2 health:2
D/BatteryMeterView( 2470): ACTION_BATTERY_CHANGED : level:88 status:2 health:2
W/ProcessCpuTracker(  862): Skipping unknown process pid 8526
V/AlarmManager(  862): waitForAlarm result :8
E/Watchdog(  862): !@Sync 51142
D/SSRM:n  (  862): SIOP:: AP = 430, CUR = 1000
D/BatteryService(  862): !@BatteryListener : batteryPropertiesChanged!
D/BatteryService(  862): level:88, scale:100, status:2, health:2, present:true, voltage: 4300, temperature: 309, technology: Li-ion, AC powered:false, USB powered:true, Wireless powered:false, icon:17303687, invalid charger:0
D/BatteryService(  862): online:6, current avg:1000, charge type:1, power sharing:false, high voltage charger:false, capacity:280000, current_now:1000
D/BatteryService(  862): Sending ACTION_BATTERY_CHANGED.
I/MotionRecognitionService(  862): Plugged
I/MotionRecognitionService(  862): setPowerConnected  = true
D/STATUSBAR-PhoneStatusBar( 2470):  mBrightnessEnablebySettings = true mBrightnessEnablebyBattery = true mBrightnessEnablebyDisableFlag = true mPmsBrightnessEnablebySettings = true
D/BatteryMeterView( 2470): ACTION_BATTERY_CHANGED : level:88 status:2 health:2
D/BatteryMeterView( 2470): ACTION_BATTERY_CHANGED : level:88 status:2 health:2
D/BatteryMeterView( 2470): ACTION_BATTERY_CHANGED : level:88 status:2 health:2
D/TimaService(  862): TIMA: TimaService scheduler is intialized. 
D/TimaService(  862): TimaServiceHandler.handleMessage what =1
D/TimaService(  862): TIMA: checkEvent, operation: 50000 subject: 10000
D/BatteryService(  862): !@BatteryListener : batteryPropertiesChanged!
D/BatteryService(  862): level:88, scale:100, status:2, health:2, present:true, voltage: 4285, temperature: 309, technology: Li-ion, AC powered:false, USB powered:true, Wireless powered:false, icon:17303687, invalid charger:0
D/BatteryService(  862): online:6, current avg:1000, charge type:1, power sharing:false, high voltage charger:false, capacity:280000, current_now:1000
D/BatteryService(  862): Sending ACTION_BATTERY_CHANGED.
I/MotionRecognitionService(  862): Plugged
I/MotionRecognitionService(  862): setPowerConnected  = true
D/STATUSBAR-PhoneStatusBar( 2470):  mBrightnessEnablebySettings = true mBrightnessEnablebyBattery = true mBrightnessEnablebyDisableFlag = true mPmsBrightnessEnablebySettings = true
D/BatteryMeterView( 2470): ACTION_BATTERY_CHANGED : level:88 status:2 health:2
D/BatteryMeterView( 2470): ACTION_BATTERY_CHANGED : level:88 status:2 health:2
D/BatteryMeterView( 2470): ACTION_BATTERY_CHANGED : level:88 status:2 health:2
D/SSRM:n  (  862): SIOP:: AP = 420, CUR = 1000
D/TimaService(  862): TIMA MEASUREMENT Result: TIMA_STATUS=0;MSG=Kernel Verification Success;
D/TimaService(  862): TIMA MEASUREMENT success status: TIMA_STATUS=0;MSG=Kernel Verification Success;
V/AlarmManager(  862): waitForAlarm result :8
D/ActivityManager(  862): startService callerProcessName:com.google.android.gms, calleePkgName: com.google.android.gms
D/ActivityManager(  862): caller:android.app.ApplicationThreadProxy@3d944660, r.packageName :com.google.android.gms
W/ProcessCpuTracker(  862): Skipping unknown process pid 8895
W/ProcessCpuTracker(  862): Skipping unknown process pid 8900
D/ActivityManager(  862): bindService callerProcessName:com.google.android.gms, calleePkgName: com.google.android.gms, action: null
D/ActivityManager(  862): startService callerProcessName:com.google.android.gms, calleePkgName: com.google.android.gms
D/ActivityManager(  862): caller:android.app.ApplicationThreadProxy@1d540af, r.packageName :com.google.android.gms
D/ConnectivityService(  862): returning getActiveNetworkInfo :[type: WIFI[] - WIFI, state: CONNECTED/CONNECTED, reason: (unspecified), extra: "UO Secure", roaming: false, failover: false, isAvailable: true, isConnectedToProvisioningNetwork: false]
D/ConnectivityService(  862): returning getActiveNetworkInfo :[type: WIFI[] - WIFI, state: CONNECTED/CONNECTED, reason: (unspecified), extra: "UO Secure", roaming: false, failover: false, isAvailable: true, isConnectedToProvisioningNetwork: false]
D/SSRM:n  (  862): SIOP:: AP = 420, CUR = 1000
E/Watchdog(  862): !@Sync 51143
V/AlarmManager(  862): waitForAlarm result :4
D/BatteryService(  862): !@BatteryListener : batteryPropertiesChanged!
D/BatteryService(  862): level:88, scale:100, status:2, health:2, present:true, voltage: 4301, temperature: 309, technology: Li-ion, AC powered:false, USB powered:true, Wireless powered:false, icon:17303687, invalid charger:0
D/BatteryService(  862): online:6, current avg:1000, charge type:1, power sharing:false, high voltage charger:false, capacity:280000, current_now:1000
D/BatteryService(  862): Sending ACTION_BATTERY_CHANGED.
I/MotionRecognitionService(  862): Plugged
I/MotionRecognitionService(  862): setPowerConnected  = true
D/STATUSBAR-PhoneStatusBar( 2470):  mBrightnessEnablebySettings = true mBrightnessEnablebyBattery = true mBrightnessEnablebyDisableFlag = true mPmsBrightnessEnablebySettings = true
W/AlarmManager(  862): Canceled alarm list has 1 of 3 entrie(s)
D/BatteryMeterView( 2470): ACTION_BATTERY_CHANGED : level:88 status:2 health:2
D/BatteryMeterView( 2470): ACTION_BATTERY_CHANGED : level:88 status:2 health:2
D/BatteryMeterView( 2470): ACTION_BATTERY_CHANGED : level:88 status:2 health:2
D/ActivityManager(  862): startService callerProcessName:com.bleacherreport.android.teamstream, calleePkgName: com.bleacherreport.android.teamstream
D/ActivityManager(  862): caller:android.app.ApplicationThreadProxy@36bf38cb, r.packageName :com.bleacherreport.android.teamstream
V/AlarmManager(  862): waitForAlarm result :4
D/ConnectivityService(  862): returning getActiveNetworkInfo :[type: WIFI[] - WIFI, state: CONNECTED/CONNECTED, reason: (unspecified), extra: "UO Secure", roaming: false, failover: false, isAvailable: true, isConnectedToProvisioningNetwork: false]
D/SSRM:n  (  862): SIOP:: AP = 420, CUR = 1000
V/AlarmManager(  862): waitForAlarm result :4
D/BatteryService(  862): !@BatteryListener : batteryPropertiesChanged!
D/BatteryService(  862): level:88, scale:100, status:2, health:2, present:true, voltage: 4305, temperature: 309, technology: Li-ion, AC powered:false, USB powered:true, Wireless powered:false, icon:17303687, invalid charger:0
D/BatteryService(  862): online:6, current avg:1000, charge type:1, power sharing:false, high voltage charger:false, capacity:280000, current_now:1000
D/BatteryService(  862): Sending ACTION_BATTERY_CHANGED.
I/MotionRecognitionService(  862): Plugged
I/MotionRecognitionService(  862): setPowerConnected  = true
D/STATUSBAR-PhoneStatusBar( 2470):  mBrightnessEnablebySettings = true mBrightnessEnablebyBattery = true mBrightnessEnablebyDisableFlag = true mPmsBrightnessEnablebySettings = true
D/BatteryMeterView( 2470): ACTION_BATTERY_CHANGED : level:88 status:2 health:2
D/BatteryMeterView( 2470): ACTION_BATTERY_CHANGED : level:88 status:2 health:2
D/BatteryMeterView( 2470): ACTION_BATTERY_CHANGED : level:88 status:2 health:2
D/SSRM:n  (  862): SIOP:: AP = 420, CUR = 1000
D/BatteryService(  862): !@BatteryListener : batteryPropertiesChanged!
D/BatteryService(  862): level:88, scale:100, status:2, health:2, present:true, voltage: 4306, temperature: 309, technology: Li-ion, AC powered:false, USB powered:true, Wireless powered:false, icon:17303687, invalid charger:0
D/BatteryService(  862): online:6, current avg:1000, charge type:1, power sharing:false, high voltage charger:false, capacity:280000, current_now:1000
D/BatteryService(  862): Sending ACTION_BATTERY_CHANGED.
I/MotionRecognitionService(  862): Plugged
I/MotionRecognitionService(  862): setPowerConnected  = true
D/STATUSBAR-PhoneStatusBar( 2470):  mBrightnessEnablebySettings = true mBrightnessEnablebyBattery = true mBrightnessEnablebyDisableFlag = true mPmsBrightnessEnablebySettings = true
D/BatteryMeterView( 2470): ACTION_BATTERY_CHANGED : level:88 status:2 health:2
D/BatteryMeterView( 2470): ACTION_BATTERY_CHANGED : level:88 status:2 health:2
D/BatteryMeterView( 2470): ACTION_BATTERY_CHANGED : level:88 status:2 health:2
D/SSRM:n  (  862): SIOP:: AP = 420, CUR = 1000
V/AlarmManager(  862): waitForAlarm result :8
E/Watchdog(  862): !@Sync 51144
D/BatteryService(  862): !@BatteryListener : batteryPropertiesChanged!
D/BatteryService(  862): level:88, scale:100, status:2, health:2, present:true, voltage: 4303, temperature: 309, technology: Li-ion, AC powered:false, USB powered:true, Wireless powered:false, icon:17303687, invalid charger:0
D/BatteryService(  862): online:6, current avg:1000, charge type:1, power sharing:false, high voltage charger:false, capacity:280000, current_now:1000
D/BatteryService(  862): Sending ACTION_BATTERY_CHANGED.
I/MotionRecognitionService(  862): Plugged
I/MotionRecognitionService(  862): setPowerConnected  = true
D/STATUSBAR-PhoneStatusBar( 2470):  mBrightnessEnablebySettings = true mBrightnessEnablebyBattery = true mBrightnessEnablebyDisableFlag = true mPmsBrightnessEnablebySettings = true
D/BatteryMeterView( 2470): ACTION_BATTERY_CHANGED : level:88 status:2 health:2
D/BatteryMeterView( 2470): ACTION_BATTERY_CHANGED : level:88 status:2 health:2
D/BatteryMeterView( 2470): ACTION_BATTERY_CHANGED : level:88 status:2 health:2
D/SSRM:n  (  862): SIOP:: AP = 420, CUR = 1000
D/BatteryService(  862): !@BatteryListener : batteryPropertiesChanged!
D/BatteryService(  862): level:88, scale:100, status:2, health:2, present:true, voltage: 4307, temperature: 309, technology: Li-ion, AC powered:false, USB powered:true, Wireless powered:false, icon:17303687, invalid charger:0
D/BatteryService(  862): online:6, current avg:1000, charge type:1, power sharing:false, high voltage charger:false, capacity:280000, current_now:1000
D/BatteryService(  862): Sending ACTION_BATTERY_CHANGED.
I/MotionRecognitionService(  862): Plugged
I/MotionRecognitionService(  862): setPowerConnected  = true
D/STATUSBAR-PhoneStatusBar( 2470):  mBrightnessEnablebySettings = true mBrightnessEnablebyBattery = true mBrightnessEnablebyDisableFlag = true mPmsBrightnessEnablebySettings = true
D/BatteryMeterView( 2470): ACTION_BATTERY_CHANGED : level:88 status:2 health:2
D/BatteryMeterView( 2470): ACTION_BATTERY_CHANGED : level:88 status:2 health:2
D/BatteryMeterView( 2470): ACTION_BATTERY_CHANGED : level:88 status:2 health:2
D/SSRM:n  (  862): SIOP:: AP = 410, CUR = 1000
D/BatteryService(  862): !@BatteryListener : batteryPropertiesChanged!
D/BatteryService(  862): level:89, scale:100, status:2, health:2, present:true, voltage: 4300, temperature: 309, technology: Li-ion, AC powered:false, USB powered:true, Wireless powered:false, icon:17303687, invalid charger:0
D/BatteryService(  862): online:6, current avg:1000, charge type:1, power sharing:false, high voltage charger:false, capacity:280000, current_now:1000
D/BatteryService(  862): Sending ACTION_BATTERY_CHANGED.
I/MotionRecognitionService(  862): Plugged
I/MotionRecognitionService(  862): setPowerConnected  = true
D/PowerManagerService(  862): [PSM] lowPowerModeEnabled: false (mLowPowerModeSetting: false, mAutoLowPowerModeConfigured: false, mBatteryLevel: 89, mLowBatteryTriggerLevel: 0)
D/STATUSBAR-PhoneStatusBar( 2470):  mBrightnessEnablebySettings = true mBrightnessEnablebyBattery = true mBrightnessEnablebyDisableFlag = true mPmsBrightnessEnablebySettings = true
D/BatteryMeterView( 2470): ACTION_BATTERY_CHANGED : level:89 status:2 health:2
D/ConnectivityService(  862): returning getNetworkInfo(networkType - 1) :[type: WIFI[] - WIFI, state: CONNECTED/CONNECTED, reason: (unspecified), extra: "UO Secure", roaming: false, failover: false, isAvailable: true, isConnectedToProvisioningNetwork: false]
D/BatteryMeterView( 2470): ACTION_BATTERY_CHANGED : level:89 status:2 health:2
D/BatteryMeterView( 2470): ACTION_BATTERY_CHANGED : level:89 status:2 health:2
D/BatteryMeterView( 2470): onDraw batteryColor : -1
D/SSRM:n  (  862): SIOP:: AP = 410, CUR = 1000
D/ConnectivityService(  862): returning getNetworkInfo(networkType - 1) :[type: WIFI[] - WIFI, state: CONNECTED/CONNECTED, reason: (unspecified), extra: "UO Secure", roaming: false, failover: false, isAvailable: true, isConnectedToProvisioningNetwork: false]
D/ConnectivityService(  862): returning getNetworkInfo(networkType - 1) :[type: WIFI[] - WIFI, state: CONNECTED/CONNECTED, reason: (unspecified), extra: "UO Secure", roaming: false, failover: false, isAvailable: true, isConnectedToProvisioningNetwork: false]
E/Watchdog(  862): !@Sync 51145
D/BatteryService(  862): !@BatteryListener : batteryPropertiesChanged!
D/BatteryService(  862): level:89, scale:100, status:2, health:2, present:true, voltage: 4298, temperature: 309, technology: Li-ion, AC powered:false, USB powered:true, Wireless powered:false, icon:17303687, invalid charger:0
D/BatteryService(  862): online:6, current avg:1000, charge type:1, power sharing:false, high voltage charger:false, capacity:280000, current_now:1000
D/BatteryService(  862): Sending ACTION_BATTERY_CHANGED.
I/MotionRecognitionService(  862): Plugged
I/MotionRecognitionService(  862): setPowerConnected  = true
D/STATUSBAR-PhoneStatusBar( 2470):  mBrightnessEnablebySettings = true mBrightnessEnablebyBattery = true mBrightnessEnablebyDisableFlag = true mPmsBrightnessEnablebySettings = true
D/BatteryMeterView( 2470): ACTION_BATTERY_CHANGED : level:89 status:2 health:2
D/BatteryMeterView( 2470): ACTION_BATTERY_CHANGED : level:89 status:2 health:2
D/BatteryMeterView( 2470): ACTION_BATTERY_CHANGED : level:89 status:2 health:2
D/SSRM:n  (  862): SIOP:: AP = 410, CUR = 1000
D/BatteryService(  862): !@BatteryListener : batteryPropertiesChanged!
D/BatteryService(  862): level:89, scale:100, status:2, health:2, present:true, voltage: 4310, temperature: 309, technology: Li-ion, AC powered:false, USB powered:true, Wireless powered:false, icon:17303687, invalid charger:0
D/BatteryService(  862): online:6, current avg:1000, charge type:1, power sharing:false, high voltage charger:false, capacity:280000, current_now:1000
D/BatteryService(  862): Sending ACTION_BATTERY_CHANGED.
I/MotionRecognitionService(  862): Plugged
I/MotionRecognitionService(  862): setPowerConnected  = true
D/STATUSBAR-PhoneStatusBar( 2470):  mBrightnessEnablebySettings = true mBrightnessEnablebyBattery = true mBrightnessEnablebyDisableFlag = true mPmsBrightnessEnablebySettings = true
D/BatteryMeterView( 2470): ACTION_BATTERY_CHANGED : level:89 status:2 health:2
D/BatteryMeterView( 2470): ACTION_BATTERY_CHANGED : level:89 status:2 health:2
D/BatteryMeterView( 2470): ACTION_BATTERY_CHANGED : level:89 status:2 health:2
D/SSRM:n  (  862): SIOP:: AP = 410, CUR = 1000
D/BatteryService(  862): !@BatteryListener : batteryPropertiesChanged!
D/BatteryService(  862): level:89, scale:100, status:2, health:2, present:true, voltage: 4313, temperature: 309, technology: Li-ion, AC powered:false, USB powered:true, Wireless powered:false, icon:17303687, invalid charger:0
D/BatteryService(  862): online:6, current avg:1000, charge type:1, power sharing:false, high voltage charger:false, capacity:280000, current_now:1000
D/BatteryService(  862): Sending ACTION_BATTERY_CHANGED.
I/MotionRecognitionService(  862): Plugged
I/MotionRecognitionService(  862): setPowerConnected  = true
D/STATUSBAR-PhoneStatusBar( 2470):  mBrightnessEnablebySettings = true mBrightnessEnablebyBattery = true mBrightnessEnablebyDisableFlag = true mPmsBrightnessEnablebySettings = true
D/BatteryMeterView( 2470): ACTION_BATTERY_CHANGED : level:89 status:2 health:2
D/BatteryMeterView( 2470): ACTION_BATTERY_CHANGED : level:89 status:2 health:2
D/BatteryMeterView( 2470): ACTION_BATTERY_CHANGED : level:89 status:2 health:2
D/SSRM:n  (  862): SIOP:: AP = 410, CUR = 1000
V/AlarmManager(  862): waitForAlarm result :8
E/Watchdog(  862): !@Sync 51146
D/BatteryService(  862): !@BatteryListener : batteryPropertiesChanged!
D/BatteryService(  862): level:89, scale:100, status:2, health:2, present:true, voltage: 4293, temperature: 309, technology: Li-ion, AC powered:false, USB powered:true, Wireless powered:false, icon:17303687, invalid charger:0
D/BatteryService(  862): online:6, current avg:1000, charge type:1, power sharing:false, high voltage charger:false, capacity:280000, current_now:1000
D/BatteryService(  862): Sending ACTION_BATTERY_CHANGED.
I/MotionRecognitionService(  862): Plugged
I/MotionRecognitionService(  862): setPowerConnected  = true
D/STATUSBAR-PhoneStatusBar( 2470):  mBrightnessEnablebySettings = true mBrightnessEnablebyBattery = true mBrightnessEnablebyDisableFlag = true mPmsBrightnessEnablebySettings = true
D/BatteryMeterView( 2470): ACTION_BATTERY_CHANGED : level:89 status:2 health:2
D/BatteryMeterView( 2470): ACTION_BATTERY_CHANGED : level:89 status:2 health:2
D/BatteryMeterView( 2470): ACTION_BATTERY_CHANGED : level:89 status:2 health:2
W/ProcessCpuTracker(  862): Skipping unknown process pid 10637
W/ProcessCpuTracker(  862): Skipping unknown process pid 10639
W/ProcessCpuTracker(  862): Skipping unknown process pid 10640
W/ProcessCpuTracker(  862): Skipping unknown process pid 10641
D/SSRM:n  (  862): SIOP:: AP = 410, CUR = 1000
D/BatteryService(  862): !@BatteryListener : batteryPropertiesChanged!
D/BatteryService(  862): level:89, scale:100, status:2, health:2, present:true, voltage: 4315, temperature: 309, technology: Li-ion, AC powered:false, USB powered:true, Wireless powered:false, icon:17303687, invalid charger:0
D/BatteryService(  862): online:6, current avg:1000, charge type:1, power sharing:false, high voltage charger:false, capacity:280000, current_now:1000
D/BatteryService(  862): Sending ACTION_BATTERY_CHANGED.
I/MotionRecognitionService(  862): Plugged
I/MotionRecognitionService(  862): setPowerConnected  = true
D/STATUSBAR-PhoneStatusBar( 2470):  mBrightnessEnablebySettings = true mBrightnessEnablebyBattery = true mBrightnessEnablebyDisableFlag = true mPmsBrightnessEnablebySettings = true
D/BatteryMeterView( 2470): ACTION_BATTERY_CHANGED : level:89 status:2 health:2
D/BatteryMeterView( 2470): ACTION_BATTERY_CHANGED : level:89 status:2 health:2
D/BatteryMeterView( 2470): ACTION_BATTERY_CHANGED : level:89 status:2 health:2
D/SSRM:n  (  862): SIOP:: AP = 410, CUR = 1000
D/BatteryService(  862): !@BatteryListener : batteryPropertiesChanged!
D/BatteryService(  862): level:89, scale:100, status:2, health:2, present:true, voltage: 4310, temperature: 309, technology: Li-ion, AC powered:false, USB powered:true, Wireless powered:false, icon:17303687, invalid charger:0
D/BatteryService(  862): online:6, current avg:1000, charge type:1, power sharing:false, high voltage charger:false, capacity:280000, current_now:1000
D/BatteryService(  862): Sending ACTION_BATTERY_CHANGED.
I/MotionRecognitionService(  862): Plugged
I/MotionRecognitionService(  862): setPowerConnected  = true
D/STATUSBAR-PhoneStatusBar( 2470):  mBrightnessEnablebySettings = true mBrightnessEnablebyBattery = true mBrightnessEnablebyDisableFlag = true mPmsBrightnessEnablebySettings = true
D/BatteryMeterView( 2470): ACTION_BATTERY_CHANGED : level:89 status:2 health:2
D/BatteryMeterView( 2470): ACTION_BATTERY_CHANGED : level:89 status:2 health:2
D/BatteryMeterView( 2470): ACTION_BATTERY_CHANGED : level:89 status:2 health:2
D/SSRM:n  (  862): SIOP:: AP = 410, CUR = 1000
E/Watchdog(  862): !@Sync 51147
D/BatteryService(  862): !@BatteryListener : batteryPropertiesChanged!
D/SSRM:n  (  862): SIOP:: AP = 410, CUR = 1000
D/PowerManagerService(  862): [smart stay] handleSmartStay
E/SmartFaceService(  862): setValue, key: smart-stay-framecount-reset value: 
E/SmartFaceService(  862): register:1535510022
E/SmartFaceService(  862): register, serviceType(100) pid 862 : system
E/SmartFaceService.Client(  862): New SmartFaceService.Client, service type: 100 pid: 862 appName: system
E/SmartFaceService(  862): mLightIntensityEnough: true mLux: 0.0
D/Stay/Rotation Worker(  862): client added
D/Scroll/Pause Worker(  862): updateClientsDone.
D/Stay/Rotation Worker(  862): updateClientsDone. def. do nothing.
E/SmartFaceService(  862): Service Type to Worker: 100
E/SmartFaceService(  862): Last Active clients:0 Current Active clients: 1
E/SmartFaceService(  862): Last Smart Pause clients: 0 Current Smart Pause clients: 0
E/SmartFaceService(  862): We have active clients. open camera
W/PowerManagerService(  862): [smart stay] updateUserActivitySummaryLocked : don't have time to smart stay
E/SmartFaceService(  862): mWakeLock.acquire() in FD
D/StatusBarManagerService(  862): setIcon slot=smart_scroll index=7 icon=StatusBarIcon(pkg=androiduser=0 id=0x1080782 level=0 visible=true num=0 )
D/StatusBarManagerService(  862): setIconVisibility slot=smart_scroll visible=true
D/SmartFaceIndicator(  862): normal icon
E/CameraController(  862): openCamera S
E/CameraController(  862): sendMessageAndWait, lock.lock before
E/CameraController(  862): sendMessageAndWait, lock.lock after
E/CameraController(  862): handleMessage(1) before lock{ when=-1ms what=1 arg1=4 target=com.samsung.android.smartface.CameraController$EventHandler }
E/CameraController(  862): Wait for 1
E/CameraController(  862): waitHere, condition var. will be used. related lock release and re-acquired after await done.
E/CameraController(  862): handleMessage, lock.lock after
E/CameraController(  862): handleMessage(1) after lock{ when=-3ms what=1 arg1=4 target=com.samsung.android.smartface.CameraController$EventHandler }
E/CameraController(  862): isCameraAllowed: true
E/CameraController(  862): open() as 100
E/CameraController(  862): open() x
E/CameraController(  862): Preview need to be rotated counter clock-wise 90 degree.
E/CameraController(  862): setCamreaParameter with mode: 1 service_type: 100
E/CameraController(  862): Pre-Configured preview size: 480x270
--------- beginning of main
D/QCameraStream(  303): setFormat: X
D/QCameraStream(  303): streamOn: config_stream, rc = 0
E/QCameraHWI(  303): getBuf: len:196608, y_off:129600, cbcr:64800 num buffers: 12 planes:2 streamid:716544
E/QCameraHWI(  303): Interface requesting Preview Buffers
E/QCameraHWI(  303): Debug : getBuf : initPreviewOnlyBuffers
E/QCameraHWI_Preview(  303): initPreviewOnlyBuffers: E
I/QCameraHWI_Preview(  303): getBufferNoDisplay : E 
E/QCameraHWI(  303): isZSLMode, isZSLMode = 0
E/QCameraHWI_Preview(  303): getBufferNoDisplay: main image: rotation = 0, yoff = 0, cbcroff = 0, size = 194400, width = 480, height = 270
E/QCameraHWI(  303): Init Heap =0x8fbcf8dc. pmem_type =4, num_of_buf=12. buf_len=194400, cbcr_off=0
E/QCameraHWI(  303): isZSLMode, isZSLMode = 0
D/QCameraHWI(  303): Use IOMMU
E/QCameraHWI(  303): heap->fd[0] =67, camera_memory=0xb1b102a8
E/QCameraHWI(  303): isZSLMode, isZSLMode = 0
D/QCameraHWI(  303): Use IOMMU
E/QCameraHWI(  303): heap->fd[1] =70, camera_memory=0xa1542708
E/QCameraHWI(  303): isZSLMode, isZSLMode = 0
D/QCameraHWI(  303): Use IOMMU
E/QCameraHWI(  303): heap->fd[2] =73, camera_memory=0xa15426b8
E/QCameraHWI(  303): isZSLMode, isZSLMode = 0
D/QCameraHWI(  303): Use IOMMU
E/QCameraHWI(  303): heap->fd[3] =76, camera_memory=0xa1542668
E/QCameraHWI(  303): isZSLMode, isZSLMode = 0
D/QCameraHWI(  303): Use IOMMU
E/QCameraHWI(  303): heap->fd[4] =79, camera_memory=0xa15425f0
E/QCameraHWI(  303): isZSLMode, isZSLMode = 0
D/QCameraHWI(  303): Use IOMMU
E/QCameraHWI(  303): heap->fd[5] =82, camera_memory=0xa1542578
E/QCameraHWI(  303): isZSLMode, isZSLMode = 0
D/QCameraHWI(  303): Use IOMMU
E/QCameraHWI(  303): heap->fd[6] =85, camera_memory=0xa1542528
E/QCameraHWI(  303): isZSLMode, isZSLMode = 0
D/QCameraHWI(  303): Use IOMMU
E/CameraController(  862): StartPreview()
E/QCameraHWI(  303): heap->fd[7] =88, camera_memory=0xa15424d8
E/QCameraHWI(  303): isZSLMode, isZSLMode = 0
D/QCameraHWI(  303): Use IOMMU
E/QCameraHWI(  303): heap->fd[8] =91, camera_memory=0xa1542438
E/QCameraHWI(  303): isZSLMode, isZSLMode = 0
D/QCameraHWI(  303): Use IOMMU
E/QCameraHWI(  303): heap->fd[9] =94, camera_memory=0xa15423e8
E/QCameraHWI(  303): isZSLMode, isZSLMode = 0
D/QCameraHWI(  303): Use IOMMU
E/QCameraHWI(  303): heap->fd[10] =97, camera_memory=0xa15422a8
E/QCameraHWI(  303): isZSLMode, isZSLMode = 0
D/QCameraHWI(  303): Use IOMMU
E/QCameraHWI(  303): heap->fd[11] =100, camera_memory=0xa1538820
I/QCameraHWI_Preview(  303):  getBufferNoDisplay : X 
E/QCameraHWI_Preview(  303): initPreviewOnlyBuffers: idx = 0, fd = 67, size = 0, cbcr_offset = 129600, y_offset = 0, vaddr = 0xab749000
E/QCameraHWI_Preview(  303): Planes: 0 length: 129600 userptr: 67 offset: 0
E/QCameraHWI_Preview(  303): Planes: 1 length: 64800 userptr: 67 offset: 129600
E/QCameraHWI_Preview(  303): initPreviewOnlyBuffers: idx = 1, fd = 70, size = 0, cbcr_offset = 129600, y_offset = 0, vaddr = 0xab719000
E/QCameraHWI_Preview(  303): Planes: 0 length: 129600 userptr: 70 offset: 0
E/QCameraHWI_Preview(  303): Planes: 1 length: 64800 userptr: 70 offset: 129600
E/QCameraHWI_Preview(  303): initPreviewOnlyBuffers: idx = 2, fd = 73, size = 0, cbcr_offset = 129600, y_offset = 0, vaddr = 0xa9163000
E/QCameraHWI_Preview(  303): Planes: 0 length: 129600 userptr: 73 offset: 0
E/QCameraHWI_Preview(  303): Planes: 1 length: 64800 userptr: 73 offset: 129600
E/QCameraHWI_Preview(  303): initPreviewOnlyBuffers: idx = 3, fd = 76, size = 0, cbcr_offset = 129600, y_offset = 0, vaddr = 0xa9133000
E/QCameraHWI_Preview(  303): Planes: 0 length: 129600 userptr: 76 offset: 0
E/QCameraHWI_Preview(  303): Planes: 1 length: 64800 userptr: 76 offset: 129600
E/QCameraHWI_Preview(  303): initPreviewOnlyBuffers: idx = 4, fd = 79, size = 0, cbcr_offset = 129600, y_offset = 0, vaddr = 0xa9103000
E/QCameraHWI_Preview(  303): Planes: 0 length: 129600 userptr: 79 offset: 0
E/QCameraHWI_Preview(  303): Planes: 1 length: 64800 userptr: 79 offset: 129600
E/QCameraHWI_Preview(  303): initPreviewOnlyBuffers: idx = 5, fd = 82, size = 0, cbcr_offset = 129600, y_offset = 0, vaddr = 0xa90d3000
E/QCameraHWI_Preview(  303): Planes: 0 length: 129600 userptr: 82 offset: 0
E/QCameraHWI_Preview(  303): Planes: 1 length: 64800 userptr: 82 offset: 129600
E/QCameraHWI_Preview(  303): initPreviewOnlyBuffers: idx = 6, fd = 85, size = 0, cbcr_offset = 129600, y_offset = 0, vaddr = 0xa90a3000
E/QCameraHWI_Preview(  303): Planes: 0 length: 129600 userptr: 85 offset: 0
E/QCameraHWI_Preview(  303): Planes: 1 length: 64800 userptr: 85 offset: 129600
E/QCameraHWI_Preview(  303): initPreviewOnlyBuffers: idx = 7, fd = 88, size = 0, cbcr_offset = 129600, y_offset = 0, vaddr = 0xa9073000
E/QCameraHWI_Preview(  303): Planes: 0 length: 129600 userptr: 88 offset: 0
E/QCameraHWI_Preview(  303): Planes: 1 length: 64800 userptr: 88 offset: 129600
E/QCameraHWI_Preview(  303): initPreviewOnlyBuffers: idx = 8, fd = 91, size = 0, cbcr_offset = 129600, y_offset = 0, vaddr = 0xa9043000
E/QCameraHWI_Preview(  303): Planes: 0 length: 129600 userptr: 91 offset: 0
E/QCameraHWI_Preview(  303): Planes: 1 length: 64800 userptr: 91 offset: 129600
E/QCameraHWI_Preview(  303): initPreviewOnlyBuffers: idx = 9, fd = 94, size = 0, cbcr_offset = 129600, y_offset = 0, vaddr = 0xa9013000
E/QCameraHWI_Preview(  303): Planes: 0 length: 129600 userptr: 94 offset: 0
E/QCameraHWI_Preview(  303): Planes: 1 length: 64800 userptr: 94 offset: 129600
E/QCameraHWI_Preview(  303): initPreviewOnlyBuffers: idx = 10, fd = 97, size = 0, cbcr_offset = 129600, y_offset = 0, vaddr = 0xa8fe3000
E/QCameraHWI_Preview(  303): Planes: 0 length: 129600 userptr: 97 offset: 0
E/QCameraHWI_Preview(  303): Planes: 1 length: 64800 userptr: 97 offset: 129600
E/QCameraHWI_Preview(  303): initPreviewOnlyBuffers: idx = 11, fd = 100, size = 0, cbcr_offset = 129600, y_offset = 0, vaddr = 0xa8fb3000
E/QCameraHWI_Preview(  303): Planes: 0 length: 129600 userptr: 100 offset: 0
E/QCameraHWI_Preview(  303): Planes: 1 length: 64800 userptr: 100 offset: 129600
E/QCameraHWI_Preview(  303): initPreviewOnlyBuffers: X
E/mm-camera(  285): cam_mctl_thread: Woke up Socket fd
E/mm-camera(  285): mctl_divert_socket_recvmsg: Receieved msg_type=0
E/mm-camera(  285): cam_mctl_thread: Woke up Socket fd
E/mm-camera(  285): mctl_divert_socket_recvmsg: Receieved msg_type=0
E/mm-camera(  285): cam_mctl_thread: Woke up Socket fd
E/mm-camera(  285): mctl_divert_socket_recvmsg: Receieved msg_type=0
E/mm-camera(  285): cam_mctl_thread: Woke up Socket fd
E/mm-camera(  285): mctl_divert_socket_recvmsg: Receieved msg_type=0
E/mm-camera(  285): cam_mctl_thread: Woke up Socket fd
E/mm-camera(  285): mctl_divert_socket_recvmsg: Receieved msg_type=0
E/mm-camera(  285): cam_mctl_thread: Woke up Socket fd
E/mm-camera(  285): mctl_divert_socket_recvmsg: Receieved msg_type=0
E/mm-camera(  285): cam_mctl_thread: Woke up Socket fd
E/mm-camera(  285): mctl_divert_socket_recvmsg: Receieved msg_type=0
E/mm-camera(  285): cam_mctl_thread: Woke up Socket fd
E/mm-camera(  285): mctl_divert_socket_recvmsg: Receieved msg_type=0
E/mm-camera(  285): cam_mctl_thread: Woke up Socket fd
E/mm-camera(  285): mctl_divert_socket_recvmsg: Receieved msg_type=0
E/mm-camera(  285): cam_mctl_thread: Woke up Socket fd
E/mm-camera(  285): mctl_divert_socket_recvmsg: Receieved msg_type=0
E/mm-camera(  285): cam_mctl_thread: Woke up Socket fd
E/mm-camera(  285): mctl_divert_socket_recvmsg: Receieved msg_type=0
E/mm-camera(  285): cam_mctl_thread: Woke up Socket fd
E/mm-camera(  285): mctl_divert_socket_recvmsg: Receieved msg_type=0
E/mm--camera_config_v2(  285): config_MSM_V4L2_STREAM_ON, - Inside Stream ON
E/mm-camera(  285): camera_plugin_client_isp_timing_notify_to_plugin: timing event 1
E/mm--camera_config_v2(  285): config_MSM_V4L2_STREAM_ON op_mode = VIDEO User set bundle 0, Stream on 1 for 1
E/mm-camera(  285): ispif_client_set_params, i: 0, InterfaceType: 0
E/mm-camera(  285): ispif_client_set_params: X stream_info ispif_set 1 ispif_client 1
E/mm--camera_config_v2(  285): config_v2_CAMERA_SET_CHANNEL_STREAM rc = 0, status = 1
E/mm--camera_config_v2(  285): config_decide_vfe_outputs: Ports Used 1, Op mode 64
E/mm--camera_config_v2(  285): config_decide_vfe_outputs Current mode 0 Full size streaming : Disabled
E/mm--camera_config_v2(  285): config_decide_vfe_outputs: Primary: 480x270, extra_pad: 0x0, Fmt: 1, Type: 1, Path: 1
E/mm--camera_config_v2(  285): config_decide_vfe_outputs: Secondary: 480x270, extra_pad: 0x0, Fmt: 0, Type: 0, Path: 0
E/mm--camera_config_v2(  285): config_MSM_V4L2_STREAM_ON pstreamon_bundle_mask 0
E/mm-camera(  285): camera_plugin_client_isp_timing_notify_to_plugin: timing event 3
E/mm--camera_config_v2(  285): config_update_inst_handles Updated the inst handles as 81810081, 0, 81810081, 81810081, 0 
E/mm-camera(  285): sensor_client_set_params: cmd type: 12
E/mm-camera(  285): sensor_client_set_params: cmd type: 0
E/mm--camera_config_v2(  285): config_v2_CAMERA_START_common: sensor_set.data.chromatix_type: 10
E/mm-camera(  285): sensor_client_set_params: cmd type: 3
E/mm-camera(  285): sensor_load_chromatix: libchromatix_s5k6b2yx_smartstay.so: 34
E/mm-camera(  285): camif_client_set_params: camif has associated with obj mask 0x1
E/mm-camera(  285): vfe_process: op_mode : 4
E/mm-camera(  285): vfe_config_mode: VideoCFg config 17ffffff
E/mm-camera(  285): vfe_operation_config: format 2
E/mm-camera(  285): vfe_operation_config:vfe_op_mode=4
E/mm-camera(  285): vfe_set_bestshot: Bestshot mode not changed
E/mm-camera(  285): axi_vfe_config: wm0: ub_offset 0 ub_size 239
E/mm-camera(  285): axi_vfe_config: wm1: ub_offset 240 ub_size 119
E/mm-camera(  285): axi_vfe_config: wm2: ub_offset 360 ub_size 319
E/mm-camera(  285): axi_vfe_config: wm3: ub_offset 680 ub_size 119
E/mm-camera(  285): axi_vfe_config: wm4: ub_offset 800 ub_size 159
E/mm-camera(  285): axi_vfe_config: wm5: ub_offset 0 ub_size 0
E/mm-camera(  285): axi_vfe_config: wm6: ub_offset 0 ub_size 0
E/mm-camera(  285): sensor_client_set_params: cmd type: 1
E/mm-camera(  285): sensor_client_set_params: cmd type: 11
E/mm-camera(  285): camera_plugin_client_isp_timing_notify_to_plugin: timing event 5
D/QCameraStream(  303): streamOn: X, mActive = 1, mInit = 1, streamid = 716544, image_mode = 0 rc = 0
I/QCameraHWI(  303): startPreview2: X (success)
I/QCameraHWI(  303): startPreview: X (success)
E/mm-camera-intf(  303): mm_camera_cmd_thread: cmd_type : 1
E/QCameraHWI(  303): processCtrlEvent: MM_CAMERA_CTRL_EVT_HDR_DONE is 5
E/mm-camera-intf(  303): mm_camera_cmd_thread: cmd_type : 0
D/QCameraStream(  303): start MM_CAMERA_PREVIEW Callback
E/QCameraHWI_Preview(  303): [JAY] frame_skip_count = 6
E/mm-camera(  285): sensor_client_set_params: cmd type: 1
E/QualcommCamera(  303): Qint android::start_preview(camera_device*): X
I/QCameraHWI(  303): processCtrlEvent: MM_CAMERA_CTRL_EVT_ZOOM_DONE
I/QCameraHWI(  303): zoomEvent: state:2 E
I/QCameraHWI(  303): handleZoomEventForPreview: E
I/QCameraHWI(  303): handleZoomEventForPreview: X
E/QCameraHWI(  303): isZSLMode, isZSLMode = 0
I/QCameraHWI(  303): zoomEvent: X
I/QCameraHWI(  303):  App_cb Notify 0x0, datacb=0x0
E/SmartFaceManager(  862): Listener does not implements SmartFaceInfoListener2
E/CameraController(  862): StartPreview() X
E/CameraController(  862): handleMessage signal: 1
E/CameraController(  862): handleMessage(1) before let go!{ when=-443ms what=1 arg1=4 target=com.samsung.android.smartface.CameraController$EventHandler }
E/CameraController(  862): handleMessage(1) after let go!{ when=-443ms what=1 arg1=4 target=com.samsung.android.smartface.CameraController$EventHandler }
E/CameraController(  862): handleMessage, lock.unlock before
E/CameraController(  862): handleMessage(1) after unlock{ when=-444ms what=1 arg1=4 target=com.samsung.android.smartface.CameraController$EventHandler }
E/CameraController(  862): waitHere, 442ms
E/CameraController(  862): Wait for 1 DONE!
E/CameraController(  862): sendMessageAndWait, lock.unlock before
E/CameraController(  862): sendMessageAndWait, lock.unlock after
E/CameraController(  862): openCamera E
E/mm-camera-intf(  303): mm_camera_cmd_thread: cmd_type : 0
E/QCameraHWI_Preview(  303): [JAY] frame_skip_count = 5
E/mm-camera(  285): sensor_client_set_params: cmd type: 1
D/StatusBar.NetworkController( 2470): refreshViews connected={ wifi } level=2 combinedSignalIconId=0x7f020518/com.android.systemui:drawable/stat_sys_wifi_signal_2 mobileLabel=AT&T wifiLabel="UO Secure"xxxxXXXXxxxxXXXX emergencyOnly=false combinedLabel="UO Secure"xxxxXXXXxxxxXXXX mAirplaneMode=false mDataActivity=3 mPhoneSignalIconId=0x7f020610/com.android.systemui:drawable/tw_stat_sys_5_level_signal_2 mQSPhoneSignalIconId=0x7f02012a/com.android.systemui:drawable/ic_qs_signal_2 mDataDirectionIconId=0x0/(null) mDataSignalIconId=0x7f020610/com.android.systemui:drawable/tw_stat_sys_5_level_signal_2 mDataTypeIconId=0x7f02032e/com.android.systemui:drawable/stat_sys_data_connected_lte_att mQSDataTypeIconId=0x0/(null) mNoSimIconId=0x0/(null) mWifiIconId=0x7f020518/com.android.systemui:drawable/stat_sys_wifi_signal_2 mQSWifiIconId=0x7f020141/com.android.systemui:drawable/ic_qs_wifi_2 mWifiActivityIconId=0x7f0204ed/com.android.systemui:drawable/stat_sys_signal_in mBluetoothTetherIconId=0x10808cc/android:drawable/stat_sys_tether_bluetooth
D/STATUSBAR-WifiQuickSettingButton( 2470): onWifiSignalChanged enabled=true enabledDesc:"UO Secure"
E/mm-camera-intf(  303): mm_camera_cmd_thread: cmd_type : 0
E/QCameraHWI_Preview(  303): [JAY] frame_skip_count = 4
E/mm-camera(  285): sensor_client_set_params: cmd type: 1
E/mm-camera-intf(  303): mm_camera_cmd_thread: cmd_type : 0
E/QCameraHWI_Preview(  303): [JAY] frame_skip_count = 3
E/mm-camera(  285): sensor_client_set_params: cmd type: 1
E/mm-camera-intf(  303): mm_camera_cmd_thread: cmd_type : 0
E/QCameraHWI_Preview(  303): [JAY] frame_skip_count = 2
E/mm-camera(  285): sensor_client_set_params: cmd type: 1
E/mm-camera-intf(  303): mm_camera_cmd_thread: cmd_type : 0
E/QCameraHWI_Preview(  303): [JAY] frame_skip_count = 1
E/mm-camera(  285): sensor_client_set_params: cmd type: 1
E/mm-camera-intf(  303): mm_camera_cmd_thread: cmd_type : 0
D/ShotSingle(  303): CAMERA_MSG_PREVIEW_FRAME E
E/mm-camera(  285): sensor_client_set_params: cmd type: 1
I/EDMNativeHelperService(  862): isCameraEnabled
D/ShotSingle(  303): CAMERA_MSG_PREVIEW_FRAME X
D/SecCameraCoreManager(  303): disableMsgType: 0x10
E/QualcommCamera(  303): Qvoid android::disable_msg_type(camera_device*, int32_t): E
I/QCameraHWI(  303): disableMsgType: E
I/QCameraHWI(  303): disableMsgType: X, msgType =0x10, mMsgEnabled=0xc0d
D/SecCamera-JNI-Java(  862): handleMessage: 16
E/SmartFaceService(  862): Orientation: 0
E/SmartFaceService(  862): Calling onPreviewFrame: Thread[Scroll/Pause Worker,5,main]/1535510716
E/SmartFaceService(  862): Calling onPreviewFrame: Thread[Stay/Rotation Worker,5,main]/1535510716
E/mm-camera(  285): sensor_client_set_params: cmd type: 1
D/Stay/Rotation Worker(  862): handleMessage: 1
E/mm-camera-intf(  303): mm_camera_cmd_thread: cmd_type : 0
D/SecCameraCoreManager(  303): enableMsgType: 0x10
I/QCameraHWI(  303): enableMsgType: E, msgType =0x10
I/QCameraHWI(  303): enableMsgType: X, msgType =0x10, mMsgEnabled=0xc1d
E/SmartScreen_JNI(  862): processImage start : prev time [ 164786195 ]
D/SmartScreen_JNI(  862): tmpfile : /data/smart_stay_hash.dmc
D/DMCFaceEngine(  862): NEON : 1
D/DMCFaceEngine(  862): caSmartDP_SmartStay orientation [0] count [0]
D/DMCFaceEngine(  862): caSmartDP_SmartStay : FUNCTION START img width 480, height 270 previous angle 0
D/DMCFaceEngine(  862): caSmartDP_SmartStay : loop Start with dir 1, width 270 and heighe 480
D/DMCFaceEngine(  862): caFace_RunFaceDetection_SmartStayRotation : FaceDetection Start with width 270, heighe 480
D/DMCFaceEngine(  862): fd_find_run : Use A New Sensor ==========> 1 [270][480]
E/mm-camera-intf(  303): mm_camera_cmd_thread: cmd_type : 0
D/ShotSingle(  303): CAMERA_MSG_PREVIEW_FRAME E
E/mm-camera(  285): sensor_client_set_params: cmd type: 1
I/EDMNativeHelperService(  862): isCameraEnabled
D/ShotSingle(  303): CAMERA_MSG_PREVIEW_FRAME X
D/SecCameraCoreManager(  303): disableMsgType: 0x10
E/QualcommCamera(  303): Qvoid android::disable_msg_type(camera_device*, int32_t): E
I/QCameraHWI(  303): disableMsgType: E
I/QCameraHWI(  303): disableMsgType: X, msgType =0x10, mMsgEnabled=0xc0d
D/SecCamera-JNI-Java(  862): handleMessage: 16
E/SmartFaceService(  862): Orientation: 0
D/SecCameraCoreManager(  303): enableMsgType: 0x10
I/QCameraHWI(  303): enableMsgType: E, msgType =0x10
I/QCameraHWI(  303): enableMsgType: X, msgType =0x10, mMsgEnabled=0xc1d
E/SmartFaceService(  862): Calling onPreviewFrame: Thread[Scroll/Pause Worker,5,main]/1535510785
E/SmartFaceService(  862): Calling onPreviewFrame: Thread[Stay/Rotation Worker,5,main]/1535510785
D/DMCFaceEngine(  862): fd_find_run : Use A New Sensor ==========> 1 [270][480]
E/mm-camera-intf(  303): mm_camera_cmd_thread: cmd_type : 0
D/ShotSingle(  303): CAMERA_MSG_PREVIEW_FRAME E
