V/AudioPolicyManager_legacy(  303): isOffloadSupported: stream_type != MUSIC, returning false
V/AwesomePlayer(  303): nchannels 2;LPA will be skipped if nchannels is > 2 or nchannels == 0
D/AwesomePlayer(  303): Tunnel Mime Type: audio/vorbis, object alive = 0, mTunnelAliveAP = 0
I/AwesomePlayer(  303): AwesomePlayer::initAudioDecoder Sample Rate= 44100 
I/AudioPolicyManager_legacy(  303): getAudioPolicyConfig: audioParam;outDevice
V/AudioPolicyManager_legacy(  303): getNewOutputDevice() selected device 0
V/AudioPolicyManager_legacy(  303): ### curdevice : 2
D/AwesomePlayer(  303): maxPossible tunnels = 1
D/AwesomePlayer(  303): Normal Audio Playback
D/AwesomePlayer(  303): Use tunnel player only for AUDIO_STREAM_MUSIC
I/OMXCodec(  303): Attempting to allocate OMX node 'OMX.google.vorbis.decoder'
I/OMXCodec(  303): Successfully allocated OMX node 'OMX.google.vorbis.decoder'
I/AwesomePlayer(  303): Could not offload audio decode, try pcm offload
V/AudioPolicyManager_legacy(  303): isOffloadSupported: SR=44100, CM=0x1, Format=0x1, StreamType=7, BitRate=4294967295, duration=598911 us, has_video=0
V/AudioPolicyManager_legacy(  303): isOffloadSupported: stream_type != MUSIC, returning false
I/OMXCodec(  303): [OMX.google.vorbis.decoder] OMXCodec::start mState=1
I/OMXCodec(  303): [OMX.google.vorbis.decoder] allocating 4 buffers of size 8192 on input port
I/OMXCodec(  303): [OMX.google.vorbis.decoder] allocating 4 buffers of size 32768 on output port
I/OMXCodec(  303): [OMX.google.vorbis.decoder] Now Idle. Component sends idle done Event 
V/AwesomePlayer(  303): finishAsyncPrepare_l
V/AwesomePlayer(  303): notifyListner_l() msg (200-MEDIA_INFO), ext1 (973), ext2 (0)
V/MediaPlayerService(  303): [2796] notify (0xaf0fc540, 200, 973, 0)
V/MediaPlayer(  303): message received msg=200, ext1=973, ext2=0
W/MediaPlayer(  303): info/warning (973, 0)
V/AwesomePlayer(  303): notifyListner_l() msg (5-MEDIA_SET_VIDEO_SIZE), ext1 (0), ext2 (0)
V/MediaPlayerService(  303): [2796] notify (0xaf0fc540, 5, 0, 0)
V/MediaPlayer(  303): message received msg=5, ext1=0, ext2=0
V/MediaPlayer(  303): New video size 0 x 0
V/AwesomePlayer(  303): notifyListner_l() msg (1-MEDIA_PREPARED), ext1 (0), ext2 (0)
V/MediaPlayerService(  303): [2796] notify (0xaf0fc540, 1, 0, 0)
V/MediaPlayer(  303): message received msg=1, ext1=0, ext2=0
V/MediaPlayer(  303): prepared
V/MediaPlayer(  303): signal application thread
V/MediaPlayer(  303): prepare complete - status=0
V/MediaPlayer(  303): constructor
V/MediaPlayerService(  303): Create new client(2797) from pid 862, uid 1000, 
V/MediaPlayerService(  303): player type = 3
V/AwesomePlayer(  303): setDefault
V/AwesomePlayer(  303): constructor
V/AwesomePlayer(  303): setDefault
V/AwesomePlayer(  303): reset_l()
V/AwesomePlayer(  303): notifyListner_l() msg (8-MEDIA_STOPPED), ext1 (0), ext2 (0)
V/AwesomePlayer(  303): cancelPlayerEvents (keepNotifications=0)
V/AwesomePlayer(  303): mAudioTrackVector clear
V/AwesomePlayer(  303): reset_l() mAudioPlayer successfully deleted
V/AwesomePlayer(  303): mSecCapture clear
V/AwesomePlayer(  303): mSecMediaClock clear
V/StagefrightPlayer(  303): StagefrightPlayer
V/AwesomePlayer(  303): setListener
V/StagefrightPlayer(  303): initCheck
V/AwesomePlayer(  303): AwesomePlayer running on behalf of uid 1000
V/AudioSink(  303): AudioOutput(4073)
V/AwesomePlayer(  303): setAudioSink
V/AwesomePlayer(  303): reset_l()
V/AwesomePlayer(  303): notifyListner_l() msg (8-MEDIA_STOPPED), ext1 (0), ext2 (0)
V/MediaPlayerService(  303): [2797] notify (0xad961fc0, 8, 0, 0)
V/MediaPlayer(  303): message received msg=8, ext1=0, ext2=0
V/MediaPlayer(  303): notify(8, 0, 0) callback on disconnected mediaplayer
V/AwesomePlayer(  303): cancelPlayerEvents (keepNotifications=0)
V/AwesomePlayer(  303): mAudioTrackVector clear
V/AwesomePlayer(  303): reset_l() mAudioPlayer successfully deleted
V/AwesomePlayer(  303): mSecCapture clear
V/AwesomePlayer(  303): mSecMediaClock clear
I/AwesomePlayer(  303): setDataSource_l(<no-scheme URI suppressed>)
D/AwesomePlayer(  303): printFileName /system/media/audio/ui/Cam_Stop.ogg
V/MediaPlayerService(  303): [2797] setParameter(1604)
V/StagefrightPlayer(  303): setParameter(key=1604)
V/AwesomePlayer(  303): setParameter key (1604)
V/AwesomePlayer(  303): Current Contet PID : 862
V/MediaPlayerService(  303): [2797] getParameter(1700)
V/MediaPlayer(  303): MediaPlayer::setAudioStreamType
V/MediaPlayer(  303): prepare
V/MediaPlayerService(  303): [2797] setAudioStreamType(7)
V/MediaPlayerService(  303): [2797] prepareAsync
V/AwesomePlayer(  303): prepareAsync
V/AwesomePlayer(  303): onPrepareAsyncEvent
I/SecMediaClock(  303): SecMediaClock constructor
I/SecMediaClock(  303): reset
I/SecVideoCapture(  303): SecVideoCapture constructor
I/SecVideoCapture(  303): reset
V/AwesomePlayer(  303): finishSetDataSource_l
V/AwesomePlayer(  303): track of type 'audio/vorbis' does not publish bitrate
V/AwesomePlayer(  303): mBitrate = -1 bits/sec
I/OggExtractor(  303): OggSource::OggSource() mExtractor ref count = 4
V/AwesomePlayer(  303): current audio track index (0) is added to vector
V/AwesomePlayer(  303): setDataSource_l: Audio(1), Video(0)
I/AwesomePlayer(  303): this is widevine, checkRightsStatus will be skip - AwesomePlayer::setDataSource_l
V/AwesomePlayer(  303): initAudioDecoder
V/AwesomePlayer(  303): checkOffloadExceptions is true
V/AudioPolicyManager_legacy(  303): isOffloadSupported: SR=44100, CM=0x3, Format=0x7000000, StreamType=7, BitRate=4294967295, duration=599251 us, has_video=0
V/AudioPolicyManager_legacy(  303): isOffloadSupported: stream_type != MUSIC, returning false
V/AwesomePlayer(  303): nchannels 2;LPA will be skipped if nchannels is > 2 or nchannels == 0
D/AwesomePlayer(  303): Tunnel Mime Type: audio/vorbis, object alive = 0, mTunnelAliveAP = 0
I/AwesomePlayer(  303): AwesomePlayer::initAudioDecoder Sample Rate= 44100 
I/AudioPolicyManager_legacy(  303): getAudioPolicyConfig: audioParam;outDevice
V/AudioPolicyManager_legacy(  303): getNewOutputDevice() selected device 0
V/AudioPolicyManager_legacy(  303): ### curdevice : 2
D/AwesomePlayer(  303): maxPossible tunnels = 1
D/AwesomePlayer(  303): Normal Audio Playback
D/AwesomePlayer(  303): Use tunnel player only for AUDIO_STREAM_MUSIC
I/OMXCodec(  303): Attempting to allocate OMX node 'OMX.google.vorbis.decoder'
I/OMXCodec(  303): Successfully allocated OMX node 'OMX.google.vorbis.decoder'
I/AwesomePlayer(  303): Could not offload audio decode, try pcm offload
V/AudioPolicyManager_legacy(  303): isOffloadSupported: SR=44100, CM=0x1, Format=0x1, StreamType=7, BitRate=4294967295, duration=599251 us, has_video=0
V/AudioPolicyManager_legacy(  303): isOffloadSupported: stream_type != MUSIC, returning false
I/OMXCodec(  303): [OMX.google.vorbis.decoder] OMXCodec::start mState=1
I/OMXCodec(  303): [OMX.google.vorbis.decoder] allocating 4 buffers of size 8192 on input port
I/OMXCodec(  303): [OMX.google.vorbis.decoder] allocating 4 buffers of size 32768 on output port
I/OMXCodec(  303): [OMX.google.vorbis.decoder] Now Idle. Component sends idle done Event 
V/AwesomePlayer(  303): finishAsyncPrepare_l
V/AwesomePlayer(  303): notifyListner_l() msg (200-MEDIA_INFO), ext1 (973), ext2 (0)
V/MediaPlayerService(  303): [2797] notify (0xad961fc0, 200, 973, 0)
V/MediaPlayer(  303): message received msg=200, ext1=973, ext2=0
W/MediaPlayer(  303): info/warning (973, 0)
V/AwesomePlayer(  303): notifyListner_l() msg (5-MEDIA_SET_VIDEO_SIZE), ext1 (0), ext2 (0)
V/MediaPlayerService(  303): [2797] notify (0xad961fc0, 5, 0, 0)
V/MediaPlayer(  303): message received msg=5, ext1=0, ext2=0
V/MediaPlayer(  303): New video size 0 x 0
V/AwesomePlayer(  303): notifyListner_l() msg (1-MEDIA_PREPARED), ext1 (0), ext2 (0)
V/MediaPlayerService(  303): [2797] notify (0xad961fc0, 1, 0, 0)
V/MediaPlayer(  303): message received msg=1, ext1=0, ext2=0
V/MediaPlayer(  303): prepared
V/MediaPlayer(  303): signal application thread
V/MediaPlayer(  303): prepare complete - status=0
D/SecCameraCoreManager(  303): SecCameraCoreManager created: pid=303, cameraId=3
E/SecCameraCoreManager(  303): !@ cam: CaMeRa(3)
D/SecCameraCoreManager(  303): initialize
E/SecCameraCoreManager(  303): initialize1
I/SecCameraCoreManager(  303): Opening camera 1
E/QualcommCamera(  303): Qint android::get_camera_info(int, camera_info*): E
E/QualcommCamera(  303): int android::camera_device_open(const hw_module_t*, const char*, hw_device_t**): start : 1
I/QCameraHWI(  303): QCameraHardwareInterface: E
I/QCameraHWI(  303): QCameraHardwareInterface: User Binary
E/mm-camera-intf(  303): mm_camera_native_control : mode(46), value1(0), value2(0), value3(1)
I/QCameraHWI(  303): Init mPreviewState = 0
E/mm-camera(  285): mctl_store_curr_target Current target is 0 
E/mm-camera(  285): camera_plugin_client_open: plugin client open exit, rc = 0
E/mm-camera-intf(  303): mm_camera_open:  opened, break out while loop
E/mm-camera-intf(  303): mm_camera_poll_thread_launch: poll_type = 0, read fd = 61, write fd = 62 timeout = 7000, obj_address = 0x9d507000, poll_cb = 0x9d5082b8
E/mm-camera(  285): mctl_stats_init_ops, E, p_cfg_ctrl->ion_dev_fd: 13
E/mm-camera(  285): sensor_load_chromatix: libchromatix_s5k6b2yx_preview.so: 32
E/mm-camera(  285): camera_plugin_client_private_ioctl_to_plugin: received private ioctl
E/mm-camera(  285): camera_plugin_grant_pix_interface Support simultaneous camera 1 Sensor type 0 BAYER 0
E/mm-camera(  285): camera_plugin_grant_pix_interface Support simultaneous camera 1 Sensor type 0
E/mm-camera(  285): axi_client_init axi client 1
E/mm-camera(  285):  
E/mm-camera(  285): vfe_ops_init: E
E/mm-camera(  285): vfe_legacy_stats_buffer_init: AEC_STATS_BUFNUM
E/mm-camera(  285): vfe_legacy_stats_buffer_init: AEC_STATS_BUFNUM
E/mm-camera(  285): axi_set_params: wm0: ub_offset 0 ub_size 239
E/mm-camera(  285): axi_set_params: wm1: ub_offset 240 ub_size 119
E/mm-camera(  285): axi_set_params: wm2: ub_offset 360 ub_size 319
E/mm-camera(  285): axi_set_params: wm3: ub_offset 680 ub_size 119
E/mm-camera(  285): axi_set_params: wm4: ub_offset 800 ub_size 159
E/mm-camera(  285): axi_set_params: wm5: ub_offset 0 ub_size 0
E/mm-camera(  285): axi_set_params: wm6: ub_offset 0 ub_size 0
E/mm-camera(  285): mctl_init_stats_proc_info: snap_max_line_cnt =26784
W/linker  (  285): libmmcamera_faceproc.so has text relocations. This is wasting memory and prevents security hardening. Please fix.
E/mm-camera(  285): config_proc_CAMERA_GET_CAPABILITIES: prop->max_pict_width 1920  prop->max_pict_height 1080
D/QCameraHWI(  303): QCameraHardwareInterface, mIsYUVSensor - 0, ret - 0
E/mm-camera-intf(  303): mm_camera_poll_thread_launch: poll_type = 1, read fd = 63, write fd = 64 timeout = 7000, obj_address = 0x9d507000, poll_cb = 0x9d507140
I/QCameraHWI(  303): setMyMode: E
I/QCameraHWI(  303): setMyMode: Set mode to 5 (passed mode: 0)
I/QCameraHWI(  303): setMyMode: X
D/QCameraHWI_Parm(  303): initDefaultParameters: E
E/mm-camera(  285): config_proc_native_ctrl_cmd: CAMERA_SET_PARM_DIMENSION called
E/mm-camera(  285): config_validate_dimension: full_size_width 1920 qtr_size_width 1920 RDI 0: W X H: 1920 X 1080, RDI 1: W X H: 1920 X 540
E/mm-camera(  285): config_validate_dimension: RDI2: W X H: 0 X 0
D/QCameraHWI_Parm(  303): Zoom supported : 0
D/QCameraHWI_Parm(  303): supported video sizes : 1920x1080,1440x1080,1280x720,960x720,800x450,720x480,640x480,320x240,176x144
D/QCameraHWI_Parm(  303): supported preview sizes : 1920x1080,1440x1080,1280x720,1056x864,960x720,720x480,640x480,320x240,176x144
D/QCameraHWI_Parm(  303): supported fps range : (4000,30000)
D/QCameraHWI_Parm(  303): supported preview format = yuv420sp,yuv420sp-adreno,yuv420p,nv12
D/QCameraHWI_Parm(  303): supported picture sizes = 1920x1080,1440x1080,1280x720,960x720,720x480,640x480,320x240
I/QCameraHWI_Parm(  303): getZSLQueueDepth: prop = 2
I/QCameraHWI_Parm(  303): getZSLQueueDepth: prop = 2
I/QCameraHWI_Parm(  303): setParameters: E
D/QCameraHWI_Parm(  303): setNoDisplayMode: Param mNoDisplayMode = 0
E/QCameraHWI_Parm(  303): setIntelligentMode: nishu intelligent_mode=0 : E
E/mm-camera(  285): sensor_client_set_params: cmd type: 15
E/mm-camera(  285): s5k6b2yx_set_streaming_mode: regular mode settings done.
E/QCameraHWI_Parm(  303): setIntelligentMode: vision mode set to 0
D/QCameraHWI_Parm(  303): setDualRecordingHint: dualrecording-hint : -1
I/QCameraHWI_Parm(  303): setDualRecordingHint: FRONT DUAL CAMERA MODE
D/QCameraHWI_Parm(  303): setRecordingHint: RecordingHint 0
E/mm-camera(  285): config_proc_CAMERA_SET_RECORDING_HINT rc = 1, status = 1, Current usecase : Camera 
I/QCameraHWI_Parm(  303): setDISMode DIS is Disabled value = 0
E/mm-camera(  285): config_proc_CAMERA_SET_DIS_ENABLE: DIS Enabled? : No 
I/QCameraHWI_Parm(  303): setFullLiveshot Full size liveshot Disabled value = 0
D/QCameraHWI_Parm(  303): setCamMode: cameraid: 1, cam_mode: 0, old_cam_mode: 0
I/QCameraHWI_Parm(  303): setCamMode: ### FRONT CAMERA MODE ON
E/mm-camera(  285): sensor_client_set_params: cmd type: 15
E/mm-camera(  285): s5k6b2yx_set_streaming_mode: regular mode settings done.
D/QCameraHWI_Parm(  303): setDualMode: cameraid: 1, dual_mode: 0
I/QCameraHWI_Parm(  303): setCameraMode: ZSL is enabled  0
E/QCameraHWI_Parm(  303): setPowerMode: Enable Normal Power Mode
I/QCameraHWI_Parm(  303): setPowerMode Low power mode Disabled value = 0
E/mm-camera(  285): config_proc_CAMERA_SET_LOW_POWER_MODE Low power mode enabled? : No 
E/QCameraHWI_Parm(  303): setPreviewSize: requested preview size 1440 x 1080 (cameraid 1)
E/QCameraHWI_Parm(  303): front preview size requested: 1920x1080, 0
E/QCameraHWI_Parm(  303): front preview size requested: 1440x1080, 1
D/QCameraHWI_Parm(  303): setPreviewSize: front preview dimensions: 1440x1080
I/QCameraHWI_Parm(  303): setVideoSize: requested record size 1920x1080
D/QCameraHWI_Parm(  303): setVideoSize: preview dimensions: 1440x1080
D/QCameraHWI_Parm(  303): setVideoSize: video dimensions: 1920x1080
E/QCameraHWI_Parm(  303): setPictureSize: requested picture size 1920 x 1080
D/QCameraHWI_Parm(  303): [PARM_DBG] Requested FOV 69.000000
E/QCameraHWI_Parm(  303): setJpegThumbnailSize: requested jpeg thumbnail size : 176x144
D/QCameraHWI_Parm(  303): setEffect: Setting effect none
E/mm-camera-intf(  303): mm_camera_get_parm: bestshot_reconfigure: 0
E/QCameraHWI_Parm(  303): setZoom: This sensor not supported
E/QCameraHWI(  303): isZSLMode, isZSLMode = 0
D/QCameraHWI_Parm(  303): setSharpness: setting sharpness 10
D/QCameraHWI_Parm(  303): setSaturation: Setting saturation 5
D/QCameraHWI_Parm(  303): setSceneMode: Scene Mode string : auto
E/mm-camera-intf(  303): mm_camera_get_parm: bestshot_reconfigure: 0
D/QCameraHWI_Parm(  303): setContrast: Contrast : auto
E/QCameraHWI_Parm(  303): Calling Contrast set on Lower layer
E/QCameraHWI_Parm(  303): Lower layer returned 1
E/mm-camera-intf(  303): mm_camera_get_parm: bestshot_reconfigure: 0
D/QCameraHWI_Parm(  303): setPreviewFormat: preview format value: yuv420sp
I/QCameraHWI_Parm(  303): Setting preview format to 1, i = 0, num = 4, hal_format = 17
D/QCameraHWI_Parm(  303): setWaveletDenoise: Wavelet Denoise Value : denoise-on (1)
D/QCameraHWI_Parm(  303): Wavelet prop 0
D/QCameraHWI_Parm(  303): Denoise enable=1, plates=0
D/QCameraHWI_Parm(  303): setAntibanding : Antibanding Value : off / off
D/QCameraHWI_Parm(  303): setAntibanding : Antibanding Value : 0
D/QCameraHWI_Parm(  303): setRDIMode: RDI Mode = 0
I/QCameraHWI_Parm(  303): setShotMode: setShotMode: 0
D/QCameraHWI_Parm(  303): setAEBracket, mHdrMode == HDR_BRACKETING_OFF
D/QCameraHWI_Parm(  303): setAEBracket, mHdrMode == HDR_BRACKETING_OFF
E/QCameraHWI_Parm(  303): FPS: i=0 : minFps = 4000, maxFps = 30000 
D/QCameraHWI_Parm(  303): setPreviewFpsRange FPS_MODE = frame-rate-auto
E/mm-camera(  285): sensor_client_set_params: cmd type: 2
E/mm-camera(  285): sensor_client_set_params: cmd type: 2
I/QCameraHWI_Parm(  303): getNumOfSnapshots: prop enable/disable = 0
I/QCameraHWI_Parm(  303): number of snapshots = 1
D/QCameraHWI_Parm(  303): setPreviewFrameRate: requested preview frame rate  is 30
D/QCameraHWI_Parm(  303): setAutoExposure: Set metering : 1
D/QCameraHWI_Parm(  303): setExposureCompensation: EV value : 6
D/QCameraHWI_Parm(  303): setWhiteBalance: Setting white balance : auto
D/QCameraHWI_Parm(  303): setBrightness: brightness value : 1 
E/mm-camera(  285): config_proc_CAMERA_SET_PARM_BRIGHTNESS E
D/QCameraHWI_Parm(  303): setISOValue: ISO Value : auto
E/QCameraHWI_Parm(  303): setAntiShake: setAntiShake: 0
E/mm-camera-intf(  303): mm_camera_native_control : mode(11), value1(0), value2(0), value3(1)
D/QCameraHWI_Parm(  303): setVdis: requested video-stabilization : false
D/QCameraHWI_Parm(  303): setVdis: requested sw-vdis : off
D/QCameraHWI_Parm(  303): setVdis: ### mVdisOn : 0
D/QCameraHWI_Parm(  303): setVdis: ### mPrevVdisMode : 0
I/QCameraHWI_Parm(  303): setOcrVdis: setOcrVdis : false
I/QCameraHWI_Parm(  303): setOcrVdis: OCR VDIS OFF
D/QCameraHWI_Parm(  303): setCityId : null value
E/QCameraHWI_Parm(  303): setFocusAreas: sensor is not support focus mode
D/QCameraHWI_Parm(  303): setFocusMode: Focus mode fixed
E/QCameraHWI_Parm(  303): setFocusMode:Could not look up str value
E/QCameraHWI_Parm(  303): setParameter is fail : 2075
E/QCameraHWI_Parm(  303): setFlash: LED FLASH not supported
I/QCameraHWI_Parm(  303): setZSLBurstLookBack: look_back =0
I/QCameraHWI_Parm(  303): setZSLBurstInterval: Interval =1
E/QCameraHWI_Parm(  303): setStreamFlipHint: ### mRotation: 0, flip value : 0
E/mm-camera(  285): config_proc_CAMERA_SET_FLIP_HINT rc = 1, status = 1, 
I/QCameraHWI_Parm(  303): setFdAeMode: FD AE Mode Off
E/QCameraHWI_Parm(  303): setParameters: FAIL
I/QCameraHWI_Parm(  303): setParameters: X
E/QCameraHWI_Parm(  303): Failed to set default parameters?!
D/QCameraHWI_Parm(  303): initDefaultParameters: X
E/QCameraHWI(  303): createPreview : BEGIN
E/QCameraHWI(  303): Mymode Preview = 5
E/QCameraHWI_Preview(  303): QCameraStream_preview: E
E/QCameraHWI_Preview(  303): QCameraStream_preview: X
E/QCameraHWI(  303): createPreview : END
E/QCameraHWI(  303): Mymode Record = 5
E/QCameraHWI(  303): createSnapshot : BEGIN
E/QCameraHWI(  303): Mymode Snap = 5
E/QCameraHWI(  303): createSnapshot : before creating an instance of SnapshotMain, num buffers = 1
E/QCameraHWI_Still(  303): createInstance : E
E/QCameraHWI_Still(  303): QCameraStream_SnapshotMain: E
E/QCameraHWI_Still(  303): QCameraStream_SnapshotMain : X
E/QCameraHWI(  303): Mymode Snap = 5
E/QCameraHWI(  303): createSnapshot : END
E/mm-still-omx(  303): mm_jpeg_init : Launch jobmgr thread
I/mm-still-omx(  303): OMX_GetHandle: E
I/mm-still-omx(  303): getLibName: cnt =0 componentName=OMX.qcom.image.jpeg.encoder, libName=libimage-jpeg-enc-omx-comp.so
I/mm-still-omx(  303): getLibName: libName=libimage-jpeg-enc-omx-comp.so
I/mm-still-omx(  303): OMX_GetHandle: dlopen for libimage-jpeg-enc-omx-comp.so is successful.
I/mm-still-omx(  303): here address is 0xb3f22855 
I/mm-still-omx(  303): OMX_GetHandle: dlopen for libimage-jpeg-enc-omx-comp.so is successful.
I/mm-still-omx(  303): OMX_Init:
I/mm-still-omx(  303): initInport,1087
I/mm-still-omx(  303): initInport,1096
I/QCameraHWI(  303): dataNotifyRoutine: E
I/QCameraHWI(  303): dataProcessRoutine: E
I/QCameraHWI(  303): QCameraHardwareInterface: X
E/QCameraHWI(  303): isCameraReady mCameraState 1
E/QualcommCamera(  303): int android::camera_device_open(const hw_module_t*, const char*, hw_device_t**): succeeded to open
E/QualcommCamera(  303): int android::camera_device_open(const hw_module_t*, const char*, hw_device_t**):  end rc 0
E/SecCameraCoreManager(  303): initialize2
I/ShotCommon(  303): ShotCommon created: pid=303
E/QualcommCamera(  303): Qchar* android::get_parameters(camera_device*): E
I/QualcommCamera(  303): get_parameters: ae-bracket-hdr=Off;ae-bracket-hdr-values=Off,HDR,AE-Bracket;anti-shake=0;antibanding=off;antibanding-values=off,50hz,60hz,auto;auto-exposure-lock=false;auto-exposure-lock-supported=true;auto-whitebalance-lock=false;auto-whitebalance-lock-supported=true;cam_mode=0;camera-mode=0;camera-mode-values=0,1;capture-burst-captures-values=2;capture-burst-exposures=;capture-burst-exposures-values=-12,-11,-10,-9,-8,-7,-6,-5,-4,-3,-2,-1,0,1,2,3,4,5,6,7,8,9,10,11,12;capture-burst-interval=1;capture-burst-interval-max=10;capture-burst-interval-min=1;capture-burst-interval-supported=true;capture-burst-retroactive=0;capture-burst-retroactive-max=2;contextualtag-cityid=0;contrast=5;denoise=denoise-on;denoise-values=denoise-off,denoise-on;display_mode=landscape;dual_mode=0;dualrecording-hint=-1;effect=none;effect-values=none,mono,negative,solarize,sepia,posterize,aqua,emboss,sketch,neon,vintage-warm,vintage-cold,washed;exposure-compensation=0;exposure-compensation-step=0.5;face-detection=off;face-detection-valu
E/QualcommCamera(  303): Qvoid android::put_parameters(camera_device*, char*): E
I/ShotCommon(  303): Preview width(1440), height(1080)
I/ShotCommon(  303): Preview color format [yuv420sp]
I/ShotCommon(  303): Picture width(1920), height(1080)
I/ShotCommon(  303): Picture color format [jpeg]
E/QualcommCamera(  303): Qint android::send_command(camera_device*, int32_t, int32_t, int32_t): E
D/QCameraHWI(  303): sendCommand: E (cmd: 1611, arg1: 0, arg2: 0)
D/QCameraHWI(  303): sendCommand: X
I/QCameraHWI(  303): enableMsgType: E, msgType =0xc0d
I/QCameraHWI(  303): enableMsgType: X, msgType =0xc0d, mMsgEnabled=0xc0d
I/ShotSingle(  303): ShotSingle created: pid=303
V/ShotSingle(  303): sendCommand(1)
E/QualcommCamera(  303): Qint android::send_command(camera_device*, int32_t, int32_t, int32_t): E
D/QCameraHWI(  303): sendCommand: E (cmd: 1515, arg1: 1, arg2: 0)
D/QCameraHWI(  303): sendCommand: X
I/QCameraHWI(  303): enableMsgType: E, msgType =0xc0d
I/QCameraHWI(  303): enableMsgType: X, msgType =0xc0d, mMsgEnabled=0xc0d
D/SecCameraCoreManager(  303): setCallbacks
V/ShotSingle(  303): setCallbacks(1)
E/QualcommCamera(  303): Qvoid android::set_CallBacks(camera_device*, camera_notify_callback, camera_data_callback, camera_data_timestamp_callback, camera_request_memory, void*): E
E/QCameraHWI(  303): setCallbacks: E
I/QCameraHWI(  303): setCallbacks: X
D/SecCameraCoreManager(  303): enableMsgType: 0xc0d
I/QCameraHWI(  303): enableMsgType: E, msgType =0xc0d
I/QCameraHWI(  303): enableMsgType: X, msgType =0xc0d, mMsgEnabled=0xc0d
E/QualcommCamera(  303): Qint android::get_camera_info(int, camera_info*): E
D/SecCameraCoreManager(  303): getParameters
E/QualcommCamera(  303): Qchar* android::get_parameters(camera_device*): E
I/QualcommCamera(  303): get_parameters: ae-bracket-hdr=Off;ae-bracket-hdr-values=Off,HDR,AE-Bracket;anti-shake=0;antibanding=off;antibanding-values=off,50hz,60hz,auto;auto-exposure-lock=false;auto-exposure-lock-supported=true;auto-whitebalance-lock=false;auto-whitebalance-lock-supported=true;cam_mode=0;camera-mode=0;camera-mode-values=0,1;capture-burst-captures-values=2;capture-burst-exposures=;capture-burst-exposures-values=-12,-11,-10,-9,-8,-7,-6,-5,-4,-3,-2,-1,0,1,2,3,4,5,6,7,8,9,10,11,12;capture-burst-interval=1;capture-burst-interval-max=10;capture-burst-interval-min=1;capture-burst-interval-supported=true;capture-burst-retroactive=0;capture-burst-retroactive-max=2;contextualtag-cityid=0;contrast=5;denoise=denoise-on;denoise-values=denoise-off,denoise-on;display_mode=landscape;dual_mode=0;dualrecording-hint=-1;effect=none;effect-values=none,mono,negative,solarize,sepia,posterize,aqua,emboss,sketch,neon,vintage-warm,vintage-cold,washed;exposure-compensation=0;exposure-compensation-step=0.5;face-detection=off;face-detection-valu
E/QualcommCamera(  303): Qvoid android::put_parameters(camera_device*, char*): E
E/CameraController(  862): open() x
E/CameraController(  862): Preview need to be rotated counter clock-wise 90 degree.
E/CameraController(  862): setCamreaParameter with mode: 1 service_type: 100
V/ShotSingle(  303): setParameters(1)
E/QualcommCamera(  303): Qint android::set_parameters(camera_device*, const char*): E
I/QualcommCamera(  303): set_parameters: ae-bracket-hdr=Off;ae-bracket-hdr-values=Off,HDR,AE-Bracket;anti-shake=0;antibanding=off;antibanding-values=off,50hz,60hz,auto;auto-exposure-lock=false;auto-exposure-lock-supported=true;auto-whitebalance-lock=false;auto-whitebalance-lock-supported=true;cam_mode=0;camera-mode=0;camera-mode-values=0,1;capture-burst-captures-values=2;capture-burst-exposures=;capture-burst-exposures-values=-12,-11,-10,-9,-8,-7,-6,-5,-4,-3,-2,-1,0,1,2,3,4,5,6,7,8,9,10,11,12;capture-burst-interval=1;capture-burst-interval-max=10;capture-burst-interval-min=1;capture-burst-interval-supported=true;capture-burst-retroactive=0;capture-burst-retroactive-max=2;contextualtag-cityid=0;contrast=5;denoise=denoise-on;denoise-values=denoise-off,denoise-on;display_mode=landscape;dual_mode=0;dualrecording-hint=-1;effect=none;effect-values=none,mono,negative,solarize,sepia,posterize,aqua,emboss,sketch,neon,vintage-warm,vintage-cold,washed;exposure-compensation=0;exposure-compensation-step=0.5;face-detection=off;face-detection-valu
I/QCameraHWI_Parm(  303): setParameters: E
D/QCameraHWI_Parm(  303): setNoDisplayMode: Param mNoDisplayMode = 0
E/QCameraHWI_Parm(  303): setIntelligentMode: nishu intelligent_mode=1 : E
E/mm-camera(  285): sensor_client_set_params: cmd type: 15
E/mm-camera(  285): s5k6b2yx_set_streaming_mode: mode 2 settings done.
E/QCameraHWI_Parm(  303): setIntelligentMode: vision mode set to 1
D/QCameraHWI_Parm(  303): same dualrecording-hint value: -1
I/QCameraHWI_Parm(  303): setCameraMode: ZSL is enabled  0
E/QCameraHWI_Parm(  303): setPowerMode: Enable Normal Power Mode
I/QCameraHWI_Parm(  303): setPowerMode Low power mode Disabled value = 0
E/mm-camera(  285): config_proc_CAMERA_SET_LOW_POWER_MODE Low power mode enabled? : No 
E/QCameraHWI_Parm(  303): setPreviewSize: requested preview size 480 x 270 (cameraid 1)
D/QCameraHWI_Parm(  303): setPreviewSize: preview dimensions: 480x270
I/QCameraHWI_Parm(  303): setVideoSize: requested record size 1920x1080
E/QCameraHWI_Parm(  303): setPictureSize: requested picture size 1920 x 1080
E/QCameraHWI_Parm(  303): setJpegThumbnailSize: requested jpeg thumbnail size : 176x144
E/QCameraHWI_Parm(  303): setZoom: This sensor not supported
E/QCameraHWI(  303): isZSLMode, isZSLMode = 0
D/QCameraHWI_Parm(  303): setSharpness: setting sharpness 10
D/QCameraHWI_Parm(  303): setSaturation: Setting saturation 5
D/QCameraHWI_Parm(  303): setContrast: Contrast : auto
E/QCameraHWI_Parm(  303): Calling Contrast set on Lower layer
E/QCameraHWI_Parm(  303): Lower layer returned 1
E/mm-camera-intf(  303): mm_camera_get_parm: bestshot_reconfigure: 0
D/QCameraHWI_Parm(  303): setAntibanding : Antibanding Value : off / off
D/QCameraHWI_Parm(  303): setAntibanding: antibanding mode same as previous mode : off
D/QCameraHWI_Parm(  303): setRDIMode: RDI Mode = 0
D/QCameraHWI_Parm(  303): setAEBracket, mHdrMode == HDR_BRACKETING_OFF
D/QCameraHWI_Parm(  303): setAEBracket, mHdrMode == HDR_BRACKETING_OFF
E/QCameraHWI_Parm(  303): setPreviewFpsRange: error: FPS range (15, 30) not supported
I/QCameraHWI_Parm(  303): getNumOfSnapshots: prop enable/disable = 0
I/QCameraHWI_Parm(  303): number of snapshots = 1
D/QCameraHWI_Parm(  303): setPreviewFrameRate: requested preview frame rate  is 30
D/QCameraHWI_Parm(  303): setVdis: requested video-stabilization : false
D/QCameraHWI_Parm(  303): setVdis: requested sw-vdis : off
D/QCameraHWI_Parm(  303): setVdis: camera mode. return setVdis.
I/QCameraHWI_Parm(  303): setOcrVdis: setOcrVdis : false
I/QCameraHWI_Parm(  303): setOcrVdis: OCR VDIS OFF
D/QCameraHWI_Parm(  303): setCityId : null value
E/QCameraHWI_Parm(  303): setFocusAreas: sensor is not support focus mode
E/QCameraHWI_Parm(  303): setFlash: LED FLASH not supported
I/QCameraHWI_Parm(  303): setZSLBurstLookBack: look_back =0
I/QCameraHWI_Parm(  303): setZSLBurstInterval: Interval =1
E/QCameraHWI_Parm(  303): setStreamFlipHint: ### mRotation: 0, flip value : 0
E/CameraController(  862): Pre-Configured preview size: 480x270
E/mm-camera(  285): config_proc_CAMERA_SET_FLIP_HINT rc = 1, status = 1, 
I/QCameraHWI_Parm(  303): setFdAeMode: FD AE Mode Off
E/QCameraHWI_Parm(  303): setParameters: SUCCESS
I/QCameraHWI_Parm(  303): setParameters: X
D/SecCameraCoreManager(  303): enableMsgType: 0x10
I/QCameraHWI(  303): enableMsgType: E, msgType =0x10
I/QCameraHWI(  303): enableMsgType: X, msgType =0x10, mMsgEnabled=0xc1d
D/SecCameraCoreManager(  303): previewEnabled
E/QualcommCamera(  303): Qint android::preview_enabled(camera_device*): E
E/QCameraHWI(  303): previewEnabled: mPreviewState = 0
I/QCameraHWI(  303): previewEnabled: (0)
D/SecCameraCoreManager(  303): setPreviewWindow
I/QCameraHWI(  303):  setPreviewWindow: E mPreviewState = 0, mStreamDisplay = 0x8fbd3000
E/QCameraHWI(  303): setPreviewWindow:Received Setting NULL preview window
E/QCameraHWI(  303): setPreviewWindow: mPreviewWindow = 0x0x0, mStreamDisplay = 0x0x8fbd3000
E/QCameraHWI_Preview(  303):  setPreviewWindow: E 
W/QCameraHWI_Preview(  303):  Setting NULL preview window 
I/QCameraHWI(  303):  setPreviewWindow : X, mPreviewState = 0
D/SecCameraCoreManager(  303): startPreview
I/EDMNativeHelperService(  862): isCameraEnabled
D/SecCameraCoreManager(  303): virtual android::status_t android::SecCameraCoreManager::startPreview():start IT Policy checking thread
D/ShotSingle(  303): startPreview
E/QualcommCamera(  303): Qchar* android::get_parameters(camera_device*): E
I/EDMNativeHelperService(  862): isCameraEnabled
I/QualcommCamera(  303): get_parameters: ae-bracket-hdr=Off;ae-bracket-hdr-values=Off,HDR,AE-Bracket;anti-shake=0;antibanding=off;antibanding-values=off,50hz,60hz,auto;auto-exposure-lock=false;auto-exposure-lock-supported=true;auto-whitebalance-lock=false;auto-whitebalance-lock-supported=true;cam_mode=0;camera-mode=0;camera-mode-values=0,1;capture-burst-captures-values=2;capture-burst-exposures=;capture-burst-exposures-values=-12,-11,-10,-9,-8,-7,-6,-5,-4,-3,-2,-1,0,1,2,3,4,5,6,7,8,9,10,11,12;capture-burst-interval=1;capture-burst-interval-max=10;capture-burst-interval-min=1;capture-burst-interval-supported=true;capture-burst-retroactive=0;capture-burst-retroactive-max=2;contextualtag-cityid=0;contrast=5;denoise=denoise-on;denoise-values=denoise-off,denoise-on;display_mode=landscape;dual_mode=0;dualrecording-hint=-1;effect=none;effect-values=none,mono,negative,solarize,sepia,posterize,aqua,emboss,sketch,neon,vintage-warm,vintage-cold,washed;exposure-compensation=0;exposure-compensation-step=0.5;face-detection=off;face-detection-valu
E/QualcommCamera(  303): Qvoid android::put_parameters(camera_device*, char*): E
V/ShotSingle(  303): startPreview(1)
E/QualcommCamera(  303): Qint android::start_preview(camera_device*): E
I/QCameraHWI(  303): startPreview: E : mPreviewState = 0
E/QCameraHWI(  303): startPreview:  HAL::startPreview begin
E/QCameraHWI(  303): startPreview:  start preview now
I/QCameraHWI(  303): startPreview2: E
D/QCameraHWI_Parm(  303): setDimension: mRdiWidth 0 mRdiHeight 0
E/QCameraHWI(  303): isZSLMode, isZSLMode = 0
E/mm-camera(  285): config_proc_native_ctrl_cmd: CAMERA_SET_PARM_DIMENSION called
E/mm-camera(  285): config_validate_dimension: full_size_width 1920 qtr_size_width 1920 RDI 0: W X H: 1920 X 1080, RDI 1: W X H: 1920 X 540
E/mm-camera(  285): config_validate_dimension: RDI2: W X H: 0 X 0
E/QCameraStream(  303): setMode: E, mActive = 0, streamid = 0, image_mode = 0
E/QCameraStream(  303): setMode: E, mActive = 0, streamid = 0, image_mode = 2
E/QCameraStream(  303): setMode: E, mActive = 0, streamid = 0, image_mode = 1
E/QCameraHWI(  303): startPreview2: myMode = 5
E/QCameraHWI(  303): startPreview2: setPreviewWindow
E/QCameraHWI_Preview(  303):  setPreviewWindow: E 
W/QCameraHWI_Preview(  303):  Setting NULL preview window 
E/QCameraHWI(  303): isZSLMode, isZSLMode = 0
E/QCameraHWI(  303): <DEBUGMODE>In NZSL mode
E/QCameraHWI(  303): Setting OP MODE to MM_CAMERA_OP_MODE_VIDEO
E/QCameraHWI(  303): OP Mode Set
I/QCameraHWI_Preview(  303):  initStream : E 
E/QCameraHWI(  303): isZSLMode, isZSLMode = 0
D/QCameraStream(  303): initStream: E, mActive = 0, mInit = 0, streamid = 0, image_mode = 0
E/QCameraStream(  303): setFormat: E, mActive = 0, streamid = 716544, image_mode = 0
D/QCameraStream(  303): setFormat, Format - 1
D/QCameraStream(  303): setFormat: mNumBuffers 12
E/mm--camera_config_v2(  285): config_v2_v4l2_request: MSM_V4L2_VID_CAP_TYPE called.
E/mm--camera_config_v2(  285): config_update_stream_info: inst_idx : 1
E/mm--camera_config_v2(  285): config_update_stream_info Storing stream parameters for video inst 1 as : width = 480, height 270, format = 1 inst_handle = 81810081 cid = 0
D/QCameraStream(  303): setFormat: X
E/QCameraStream(  303): initStream: X, mActive = 0, streamid = 716544, image_mode = 0
I/QCameraHWI_Preview(  303):  initStream : X 
E/QCameraHWI(  303): startPreview2 : called initStream from Preview and ret = 0
D/QCameraStream(  303): streamOn: mActive = 0, streamid = 716544, image_mode = 0
E/QCameraStream(  303): setFormat: E, mActive = 0, streamid = 716544, image_mode = 0
D/QCameraStream(  303): setFormat, Format - 1
D/QCameraStream(  303): setFormat: mNumBuffers 12
E/mm--camera_config_v2(  285): config_v2_v4l2_request: MSM_V4L2_VID_CAP_TYPE called.
E/mm--camera_config_v2(  285): config_update_stream_info: inst_idx : 1
E/mm--camera_config_v2(  285): config_update_stream_info Storing stream parameters for video inst 1 as : width = 480, height 270, format = 1 inst_handle = 81810081 cid = 0
D/QCameraStream(  303): setFormat: X
D/QCameraStream(  303): streamOn: config_stream, rc = 0
E/QCameraHWI(  303): getBuf: len:196608, y_off:129600, cbcr:64800 num buffers: 12 planes:2 streamid:716544
E/QCameraHWI(  303): Interface requesting Preview Buffers
E/QCameraHWI(  303): Debug : getBuf : initPreviewOnlyBuffers
E/QCameraHWI_Preview(  303): initPreviewOnlyBuffers: E
I/QCameraHWI_Preview(  303): getBufferNoDisplay : E 
E/QCameraHWI(  303): isZSLMode, isZSLMode = 0
E/QCameraHWI_Preview(  303): getBufferNoDisplay: main image: rotation = 0, yoff = 0, cbcroff = 0, size = 194400, width = 480, height = 270
E/QCameraHWI(  303): Init Heap =0x8fbcf8dc. pmem_type =4, num_of_buf=12. buf_len=194400, cbcr_off=0
E/QCameraHWI(  303): isZSLMode, isZSLMode = 0
D/QCameraHWI(  303): Use IOMMU
E/QCameraHWI(  303): heap->fd[0] =67, camera_memory=0xb1b102a8
E/QCameraHWI(  303): isZSLMode, isZSLMode = 0
D/QCameraHWI(  303): Use IOMMU
E/QCameraHWI(  303): heap->fd[1] =70, camera_memory=0xa1542708
E/QCameraHWI(  303): isZSLMode, isZSLMode = 0
D/QCameraHWI(  303): Use IOMMU
E/QCameraHWI(  303): heap->fd[2] =73, camera_memory=0xa15426b8
E/QCameraHWI(  303): isZSLMode, isZSLMode = 0
D/QCameraHWI(  303): Use IOMMU
E/QCameraHWI(  303): heap->fd[3] =76, camera_memory=0xa1542668
E/QCameraHWI(  303): isZSLMode, isZSLMode = 0
D/QCameraHWI(  303): Use IOMMU
E/QCameraHWI(  303): heap->fd[4] =79, camera_memory=0xa15425f0
E/QCameraHWI(  303): isZSLMode, isZSLMode = 0
D/QCameraHWI(  303): Use IOMMU
E/QCameraHWI(  303): heap->fd[5] =82, camera_memory=0xa1542578
E/QCameraHWI(  303): isZSLMode, isZSLMode = 0
D/QCameraHWI(  303): Use IOMMU
E/QCameraHWI(  303): heap->fd[6] =85, camera_memory=0xa1542528
E/QCameraHWI(  303): isZSLMode, isZSLMode = 0
D/QCameraHWI(  303): Use IOMMU
E/CameraController(  862): StartPreview()
E/QCameraHWI(  303): heap->fd[7] =88, camera_memory=0xa15424d8
E/QCameraHWI(  303): isZSLMode, isZSLMode = 0
D/QCameraHWI(  303): Use IOMMU
E/QCameraHWI(  303): heap->fd[8] =91, camera_memory=0xa1542438
E/QCameraHWI(  303): isZSLMode, isZSLMode = 0
D/QCameraHWI(  303): Use IOMMU
E/QCameraHWI(  303): heap->fd[9] =94, camera_memory=0xa15423e8
E/QCameraHWI(  303): isZSLMode, isZSLMode = 0
D/QCameraHWI(  303): Use IOMMU
E/QCameraHWI(  303): heap->fd[10] =97, camera_memory=0xa15422a8
E/QCameraHWI(  303): isZSLMode, isZSLMode = 0
D/QCameraHWI(  303): Use IOMMU
E/QCameraHWI(  303): heap->fd[11] =100, camera_memory=0xa1538820
I/QCameraHWI_Preview(  303):  getBufferNoDisplay : X 
E/QCameraHWI_Preview(  303): initPreviewOnlyBuffers: idx = 0, fd = 67, size = 0, cbcr_offset = 129600, y_offset = 0, vaddr = 0xab749000
E/QCameraHWI_Preview(  303): Planes: 0 length: 129600 userptr: 67 offset: 0
E/QCameraHWI_Preview(  303): Planes: 1 length: 64800 userptr: 67 offset: 129600
E/QCameraHWI_Preview(  303): initPreviewOnlyBuffers: idx = 1, fd = 70, size = 0, cbcr_offset = 129600, y_offset = 0, vaddr = 0xab719000
E/QCameraHWI_Preview(  303): Planes: 0 length: 129600 userptr: 70 offset: 0
E/QCameraHWI_Preview(  303): Planes: 1 length: 64800 userptr: 70 offset: 129600
E/QCameraHWI_Preview(  303): initPreviewOnlyBuffers: idx = 2, fd = 73, size = 0, cbcr_offset = 129600, y_offset = 0, vaddr = 0xa9163000
E/QCameraHWI_Preview(  303): Planes: 0 length: 129600 userptr: 73 offset: 0
E/QCameraHWI_Preview(  303): Planes: 1 length: 64800 userptr: 73 offset: 129600
E/QCameraHWI_Preview(  303): initPreviewOnlyBuffers: idx = 3, fd = 76, size = 0, cbcr_offset = 129600, y_offset = 0, vaddr = 0xa9133000
E/QCameraHWI_Preview(  303): Planes: 0 length: 129600 userptr: 76 offset: 0
E/QCameraHWI_Preview(  303): Planes: 1 length: 64800 userptr: 76 offset: 129600
E/QCameraHWI_Preview(  303): initPreviewOnlyBuffers: idx = 4, fd = 79, size = 0, cbcr_offset = 129600, y_offset = 0, vaddr = 0xa9103000
E/QCameraHWI_Preview(  303): Planes: 0 length: 129600 userptr: 79 offset: 0
E/QCameraHWI_Preview(  303): Planes: 1 length: 64800 userptr: 79 offset: 129600
E/QCameraHWI_Preview(  303): initPreviewOnlyBuffers: idx = 5, fd = 82, size = 0, cbcr_offset = 129600, y_offset = 0, vaddr = 0xa90d3000
E/QCameraHWI_Preview(  303): Planes: 0 length: 129600 userptr: 82 offset: 0
E/QCameraHWI_Preview(  303): Planes: 1 length: 64800 userptr: 82 offset: 129600
E/QCameraHWI_Preview(  303): initPreviewOnlyBuffers: idx = 6, fd = 85, size = 0, cbcr_offset = 129600, y_offset = 0, vaddr = 0xa90a3000
E/QCameraHWI_Preview(  303): Planes: 0 length: 129600 userptr: 85 offset: 0
E/QCameraHWI_Preview(  303): Planes: 1 length: 64800 userptr: 85 offset: 129600
E/QCameraHWI_Preview(  303): initPreviewOnlyBuffers: idx = 7, fd = 88, size = 0, cbcr_offset = 129600, y_offset = 0, vaddr = 0xa9073000
E/QCameraHWI_Preview(  303): Planes: 0 length: 129600 userptr: 88 offset: 0
E/QCameraHWI_Preview(  303): Planes: 1 length: 64800 userptr: 88 offset: 129600
E/QCameraHWI_Preview(  303): initPreviewOnlyBuffers: idx = 8, fd = 91, size = 0, cbcr_offset = 129600, y_offset = 0, vaddr = 0xa9043000
E/QCameraHWI_Preview(  303): Planes: 0 length: 129600 userptr: 91 offset: 0
E/QCameraHWI_Preview(  303): Planes: 1 length: 64800 userptr: 91 offset: 129600
E/QCameraHWI_Preview(  303): initPreviewOnlyBuffers: idx = 9, fd = 94, size = 0, cbcr_offset = 129600, y_offset = 0, vaddr = 0xa9013000
E/QCameraHWI_Preview(  303): Planes: 0 length: 129600 userptr: 94 offset: 0
E/QCameraHWI_Preview(  303): Planes: 1 length: 64800 userptr: 94 offset: 129600
E/QCameraHWI_Preview(  303): initPreviewOnlyBuffers: idx = 10, fd = 97, size = 0, cbcr_offset = 129600, y_offset = 0, vaddr = 0xa8fe3000
E/QCameraHWI_Preview(  303): Planes: 0 length: 129600 userptr: 97 offset: 0
E/QCameraHWI_Preview(  303): Planes: 1 length: 64800 userptr: 97 offset: 129600
E/QCameraHWI_Preview(  303): initPreviewOnlyBuffers: idx = 11, fd = 100, size = 0, cbcr_offset = 129600, y_offset = 0, vaddr = 0xa8fb3000
E/QCameraHWI_Preview(  303): Planes: 0 length: 129600 userptr: 100 offset: 0
E/QCameraHWI_Preview(  303): Planes: 1 length: 64800 userptr: 100 offset: 129600
E/QCameraHWI_Preview(  303): initPreviewOnlyBuffers: X
E/mm-camera(  285): cam_mctl_thread: Woke up Socket fd
E/mm-camera(  285): mctl_divert_socket_recvmsg: Receieved msg_type=0
E/mm-camera(  285): cam_mctl_thread: Woke up Socket fd
E/mm-camera(  285): mctl_divert_socket_recvmsg: Receieved msg_type=0
E/mm-camera(  285): cam_mctl_thread: Woke up Socket fd
E/mm-camera(  285): mctl_divert_socket_recvmsg: Receieved msg_type=0
E/mm-camera(  285): cam_mctl_thread: Woke up Socket fd
E/mm-camera(  285): mctl_divert_socket_recvmsg: Receieved msg_type=0
E/mm-camera(  285): cam_mctl_thread: Woke up Socket fd
E/mm-camera(  285): mctl_divert_socket_recvmsg: Receieved msg_type=0
E/mm-camera(  285): cam_mctl_thread: Woke up Socket fd
E/mm-camera(  285): mctl_divert_socket_recvmsg: Receieved msg_type=0
E/mm-camera(  285): cam_mctl_thread: Woke up Socket fd
E/mm-camera(  285): mctl_divert_socket_recvmsg: Receieved msg_type=0
E/mm-camera(  285): cam_mctl_thread: Woke up Socket fd
E/mm-camera(  285): mctl_divert_socket_recvmsg: Receieved msg_type=0
E/mm-camera(  285): cam_mctl_thread: Woke up Socket fd
E/mm-camera(  285): mctl_divert_socket_recvmsg: Receieved msg_type=0
E/mm-camera(  285): cam_mctl_thread: Woke up Socket fd
E/mm-camera(  285): mctl_divert_socket_recvmsg: Receieved msg_type=0
E/mm-camera(  285): cam_mctl_thread: Woke up Socket fd
E/mm-camera(  285): mctl_divert_socket_recvmsg: Receieved msg_type=0
E/mm-camera(  285): cam_mctl_thread: Woke up Socket fd
E/mm-camera(  285): mctl_divert_socket_recvmsg: Receieved msg_type=0
E/mm--camera_config_v2(  285): config_MSM_V4L2_STREAM_ON, - Inside Stream ON
E/mm-camera(  285): camera_plugin_client_isp_timing_notify_to_plugin: timing event 1
E/mm--camera_config_v2(  285): config_MSM_V4L2_STREAM_ON op_mode = VIDEO User set bundle 0, Stream on 1 for 1
E/mm-camera(  285): ispif_client_set_params, i: 0, InterfaceType: 0
E/mm-camera(  285): ispif_client_set_params: X stream_info ispif_set 1 ispif_client 1
E/mm--camera_config_v2(  285): config_v2_CAMERA_SET_CHANNEL_STREAM rc = 0, status = 1
E/mm--camera_config_v2(  285): config_decide_vfe_outputs: Ports Used 1, Op mode 64
E/mm--camera_config_v2(  285): config_decide_vfe_outputs Current mode 0 Full size streaming : Disabled
E/mm--camera_config_v2(  285): config_decide_vfe_outputs: Primary: 480x270, extra_pad: 0x0, Fmt: 1, Type: 1, Path: 1
E/mm--camera_config_v2(  285): config_decide_vfe_outputs: Secondary: 480x270, extra_pad: 0x0, Fmt: 0, Type: 0, Path: 0
E/mm--camera_config_v2(  285): config_MSM_V4L2_STREAM_ON pstreamon_bundle_mask 0
E/mm-camera(  285): camera_plugin_client_isp_timing_notify_to_plugin: timing event 3
E/mm--camera_config_v2(  285): config_update_inst_handles Updated the inst handles as 81810081, 0, 81810081, 81810081, 0 
E/mm-camera(  285): sensor_client_set_params: cmd type: 12
E/mm-camera(  285): sensor_client_set_params: cmd type: 0
E/mm--camera_config_v2(  285): config_v2_CAMERA_START_common: sensor_set.data.chromatix_type: 10
E/mm-camera(  285): sensor_client_set_params: cmd type: 3
E/mm-camera(  285): sensor_load_chromatix: libchromatix_s5k6b2yx_smartstay.so: 34
E/mm-camera(  285): camif_client_set_params: camif has associated with obj mask 0x1
E/mm-camera(  285): vfe_process: op_mode : 4
E/mm-camera(  285): vfe_config_mode: VideoCFg config 17ffffff
E/mm-camera(  285): vfe_operation_config: format 2
E/mm-camera(  285): vfe_operation_config:vfe_op_mode=4
E/mm-camera(  285): vfe_set_bestshot: Bestshot mode not changed
E/mm-camera(  285): axi_vfe_config: wm0: ub_offset 0 ub_size 239
E/mm-camera(  285): axi_vfe_config: wm1: ub_offset 240 ub_size 119
E/mm-camera(  285): axi_vfe_config: wm2: ub_offset 360 ub_size 319
E/mm-camera(  285): axi_vfe_config: wm3: ub_offset 680 ub_size 119
E/mm-camera(  285): axi_vfe_config: wm4: ub_offset 800 ub_size 159
E/mm-camera(  285): axi_vfe_config: wm5: ub_offset 0 ub_size 0
E/mm-camera(  285): axi_vfe_config: wm6: ub_offset 0 ub_size 0
E/mm-camera(  285): sensor_client_set_params: cmd type: 1
E/mm-camera(  285): sensor_client_set_params: cmd type: 11
E/mm-camera(  285): camera_plugin_client_isp_timing_notify_to_plugin: timing event 5
D/QCameraStream(  303): streamOn: X, mActive = 1, mInit = 1, streamid = 716544, image_mode = 0 rc = 0
I/QCameraHWI(  303): startPreview2: X (success)
I/QCameraHWI(  303): startPreview: X (success)
E/mm-camera-intf(  303): mm_camera_cmd_thread: cmd_type : 1
E/QCameraHWI(  303): processCtrlEvent: MM_CAMERA_CTRL_EVT_HDR_DONE is 5
E/mm-camera-intf(  303): mm_camera_cmd_thread: cmd_type : 0
D/QCameraStream(  303): start MM_CAMERA_PREVIEW Callback
E/QCameraHWI_Preview(  303): [JAY] frame_skip_count = 6
E/mm-camera(  285): sensor_client_set_params: cmd type: 1
E/QualcommCamera(  303): Qint android::start_preview(camera_device*): X
I/QCameraHWI(  303): processCtrlEvent: MM_CAMERA_CTRL_EVT_ZOOM_DONE
I/QCameraHWI(  303): zoomEvent: state:2 E
I/QCameraHWI(  303): handleZoomEventForPreview: E
I/QCameraHWI(  303): handleZoomEventForPreview: X
E/QCameraHWI(  303): isZSLMode, isZSLMode = 0
I/QCameraHWI(  303): zoomEvent: X
I/QCameraHWI(  303):  App_cb Notify 0x0, datacb=0x0
E/SmartFaceManager(  862): Listener does not implements SmartFaceInfoListener2
E/CameraController(  862): StartPreview() X
E/CameraController(  862): handleMessage signal: 1
E/CameraController(  862): handleMessage(1) before let go!{ when=-443ms what=1 arg1=4 target=com.samsung.android.smartface.CameraController$EventHandler }
E/CameraController(  862): handleMessage(1) after let go!{ when=-443ms what=1 arg1=4 target=com.samsung.android.smartface.CameraController$EventHandler }
E/CameraController(  862): handleMessage, lock.unlock before
E/CameraControll